src/api/admin/processing-jobs-api.ts(7,51): error TS2307: Cannot find module '../../infrastructure/apiClient' or its corresponding type declarations.
src/api/ai-ops-api.ts(6,27): error TS2307: Cannot find module '../infrastructure/apiClient' or its corresponding type declarations.
src/api/analytics-api.ts(6,27): error TS2307: Cannot find module '../infrastructure/apiClient' or its corresponding type declarations.
src/api/analytics-dashboard-api.ts(6,27): error TS2307: Cannot find module '../infrastructure/apiClient' or its corresponding type declarations.
src/api/api-keys-api.ts(6,51): error TS2307: Cannot find module '../infrastructure/apiClient' or its corresponding type declarations.
src/api/api-keys-api.ts(14,8): error TS2307: Cannot find module '../../types' or its corresponding type declarations.
src/api/audit-logs-api.ts(6,27): error TS2307: Cannot find module '../infrastructure/apiClient' or its corresponding type declarations.
src/api/auth-api.ts(6,51): error TS2307: Cannot find module '../infrastructure/apiClient' or its corresponding type declarations.
src/api/auth-api.ts(14,8): error TS2307: Cannot find module '../../types' or its corresponding type declarations.
src/api/backups-api.ts(6,27): error TS2307: Cannot find module '../infrastructure/apiClient' or its corresponding type declarations.
src/api/billing-analytics-api.ts(6,27): error TS2307: Cannot find module '../infrastructure/apiClient' or its corresponding type declarations.
src/api/billing-api.ts(31,51): error TS2307: Cannot find module '../infrastructure/apiClient' or its corresponding type declarations.
src/api/billing-api.ts(47,8): error TS2307: Cannot find module '../../types' or its corresponding type declarations.
src/api/billing/expenses-api.ts(7,51): error TS2307: Cannot find module '../../infrastructure/apiClient' or its corresponding type declarations.
src/api/billing/expenses-api.ts(8,34): error TS2307: Cannot find module '../../../types' or its corresponding type declarations.
src/api/billing/invoices-api.ts(7,51): error TS2307: Cannot find module '../../infrastructure/apiClient' or its corresponding type declarations.
src/api/billing/invoices-api.ts(8,30): error TS2307: Cannot find module '../../../types' or its corresponding type declarations.
src/api/billing/time-entries-api.ts(7,51): error TS2307: Cannot find module '../../infrastructure/apiClient' or its corresponding type declarations.
src/api/billing/time-entries-api.ts(8,32): error TS2307: Cannot find module '../../../types' or its corresponding type declarations.
src/api/bluebook-api.ts(6,27): error TS2307: Cannot find module '../infrastructure/apiClient' or its corresponding type declarations.
src/api/bluebook-api.ts(13,8): error TS2307: Cannot find module '../../types/bluebook' or its corresponding type declarations.
src/api/calendar-api.ts(30,27): error TS2307: Cannot find module '../infrastructure/apiClient' or its corresponding type declarations.
src/api/calendar-api.ts(31,40): error TS2307: Cannot find module '../../types' or its corresponding type declarations.
src/api/calendar-api.ts(327,42): error TS2345: Argument of type 'unknown' is not assignable to parameter of type 'string | Record<string, string> | URLSearchParams | string[][] | undefined'.
src/api/case-analytics-api.ts(6,27): error TS2307: Cannot find module '../infrastructure/apiClient' or its corresponding type declarations.
src/api/case-phases-api.ts(6,27): error TS2307: Cannot find module '../infrastructure/apiClient' or its corresponding type declarations.
src/api/case-teams-api.ts(6,27): error TS2307: Cannot find module '../infrastructure/apiClient' or its corresponding type declarations.
src/api/cases-api.ts(28,51): error TS2307: Cannot find module '../infrastructure/apiClient' or its corresponding type declarations.
src/api/cases-api.ts(29,27): error TS2307: Cannot find module '../../types' or its corresponding type declarations.
src/api/cases-api.ts(376,38): error TS7006: Parameter 'c' implicitly has an 'any' type.
src/api/cases-api.ts(395,42): error TS7006: Parameter 'c' implicitly has an 'any' type.
src/api/citations-api.ts(6,27): error TS2307: Cannot find module '../infrastructure/apiClient' or its corresponding type declarations.
src/api/clauses-api.ts(6,27): error TS2307: Cannot find module '../infrastructure/apiClient' or its corresponding type declarations.
src/api/clients-api.ts(31,27): error TS2307: Cannot find module '../infrastructure/apiClient' or its corresponding type declarations.
src/api/communications-api.ts(6,27): error TS2307: Cannot find module '../infrastructure/apiClient' or its corresponding type declarations.
src/api/compliance-api.ts(30,27): error TS2307: Cannot find module '../infrastructure/apiClient' or its corresponding type declarations.
src/api/compliance-reporting-api.ts(6,27): error TS2307: Cannot find module '../infrastructure/apiClient' or its corresponding type declarations.
src/api/conflict-checks-api.ts(6,27): error TS2307: Cannot find module '../infrastructure/apiClient' or its corresponding type declarations.
src/api/correspondence-api.ts(29,27): error TS2307: Cannot find module '../infrastructure/apiClient' or its corresponding type declarations.
src/api/custodian-interviews-api.ts(6,27): error TS2307: Cannot find module '../infrastructure/apiClient' or its corresponding type declarations.
src/api/custodians-api.ts(6,51): error TS2307: Cannot find module '../infrastructure/apiClient' or its corresponding type declarations.
src/api/custodians-api.ts(14,8): error TS2307: Cannot find module '../../types' or its corresponding type declarations.
src/api/dashboard-api.ts(6,27): error TS2307: Cannot find module '../infrastructure/apiClient' or its corresponding type declarations.
src/api/data-platform/ai-ops-api.ts(9,51): error TS2307: Cannot find module '../../infrastructure/apiClient' or its corresponding type declarations.
src/api/data-platform/backups-api.ts(9,51): error TS2307: Cannot find module '../../infrastructure/apiClient' or its corresponding type declarations.
src/api/data-platform/monitoring-api.ts(9,51): error TS2307: Cannot find module '../../infrastructure/apiClient' or its corresponding type declarations.
src/api/data-platform/pipelines-api.ts(9,51): error TS2307: Cannot find module '../../infrastructure/apiClient' or its corresponding type declarations.
src/api/data-platform/query-workbench-api.ts(9,27): error TS2307: Cannot find module '../../infrastructure/apiClient' or its corresponding type declarations.
src/api/data-platform/schema-management-api.ts(9,27): error TS2307: Cannot find module '../../infrastructure/apiClient' or its corresponding type declarations.
src/api/data-platform/sync-api.ts(9,51): error TS2307: Cannot find module '../../infrastructure/apiClient' or its corresponding type declarations.
src/api/data-platform/versioning-api.ts(9,51): error TS2307: Cannot find module '../../infrastructure/apiClient' or its corresponding type declarations.
src/api/data-sources-api.ts(6,27): error TS2307: Cannot find module '../infrastructure/apiClient' or its corresponding type declarations.
src/api/data/case.ts(17,5): error TS2322: Type '"Appeal"' is not assignable to type 'MatterType'.
src/api/data/case.ts(84,5): error TS2820: Type '"Litigation"' is not assignable to type 'MatterType'. Did you mean 'MatterType.LITIGATION'?
src/api/data/case.ts(110,5): error TS2820: Type '"Litigation"' is not assignable to type 'MatterType'. Did you mean 'MatterType.LITIGATION'?
src/api/data/case.ts(136,5): error TS2322: Type '"M&A"' is not assignable to type 'MatterType'.
src/api/data/clause.ts(10,9): error TS2739: Type '{ version: number; content: string; createdAt: string; }' is missing the following properties from type 'ClauseVersion': author, updatedAt
src/api/data/clause.ts(11,9): error TS2739: Type '{ version: number; content: string; createdAt: string; }' is missing the following properties from type 'ClauseVersion': author, updatedAt
src/api/data/clause.ts(19,9): error TS2739: Type '{ version: number; content: string; createdAt: string; }' is missing the following properties from type 'ClauseVersion': author, updatedAt
src/api/data/clause.ts(27,9): error TS2739: Type '{ version: number; content: string; createdAt: string; }' is missing the following properties from type 'ClauseVersion': author, updatedAt
src/api/data/clause.ts(28,9): error TS2739: Type '{ version: number; content: string; createdAt: string; }' is missing the following properties from type 'ClauseVersion': author, updatedAt
src/api/data/client.ts(5,5): error TS2740: Type '{ id: EntityId; name: string; industry: string; status: ClientStatus.ACTIVE; totalBilled: number; matters: CaseId[]; }' is missing the following properties from type 'Client': clientNumber, paymentTerms, creditLimit, currentBalance, and 6 more.
src/api/data/client.ts(6,5): error TS2740: Type '{ id: EntityId; name: string; industry: string; status: ClientStatus.ACTIVE; totalBilled: number; matters: CaseId[]; }' is missing the following properties from type 'Client': clientNumber, paymentTerms, creditLimit, currentBalance, and 6 more.
src/api/data/docketEntry.ts(6,3): error TS2739: Type '{ id: DocketId; sequenceNumber: number; pacerSequenceNumber: number; caseId: CaseId; date: string; type: "Filing"; title: string; description: string; filedBy: string; isSealed: false; documentId: DocumentId; structuredData: { ...; }; }' is missing the following properties from type 'DocketEntry': dateFiled, entryDate
src/api/data/docketEntry.ts(26,3): error TS2739: Type '{ id: DocketId; sequenceNumber: number; pacerSequenceNumber: number; caseId: CaseId; date: string; type: "Order"; title: string; description: string; filedBy: string; isSealed: false; documentId: DocumentId; }' is missing the following properties from type 'DocketEntry': dateFiled, entryDate
src/api/data/docketEntry.ts(39,3): error TS2739: Type '{ id: DocketId; sequenceNumber: number; pacerSequenceNumber: number; caseId: CaseId; date: string; type: "Filing"; title: string; description: string; filedBy: string; isSealed: false; documentId: DocumentId; }' is missing the following properties from type 'DocketEntry': dateFiled, entryDate
src/api/data/docketEntry.ts(54,3): error TS2739: Type '{ id: DocketId; sequenceNumber: number; pacerSequenceNumber: number; caseId: CaseId; date: string; type: "Notice"; title: string; description: string; filedBy: string; isSealed: false; }' is missing the following properties from type 'DocketEntry': dateFiled, entryDate
src/api/data/docketEntry.ts(66,3): error TS2739: Type '{ id: DocketId; sequenceNumber: number; pacerSequenceNumber: number; caseId: CaseId; date: string; type: "Filing"; title: string; description: string; filedBy: string; isSealed: false; documentId: DocumentId; }' is missing the following properties from type 'DocketEntry': dateFiled, entryDate
src/api/data/docketEntry.ts(79,3): error TS2739: Type '{ id: DocketId; sequenceNumber: number; pacerSequenceNumber: number; caseId: CaseId; date: string; type: "Filing"; title: string; description: string; filedBy: string; isSealed: false; }' is missing the following properties from type 'DocketEntry': dateFiled, entryDate
src/api/data/docketEntry.ts(91,3): error TS2739: Type '{ id: DocketId; sequenceNumber: number; pacerSequenceNumber: number; caseId: CaseId; date: string; type: "Filing"; title: string; description: string; filedBy: string; isSealed: false; }' is missing the following properties from type 'DocketEntry': dateFiled, entryDate
src/api/data/docketEntry.ts(103,3): error TS2739: Type '{ id: DocketId; sequenceNumber: number; pacerSequenceNumber: number; caseId: CaseId; date: string; type: "Order"; title: string; description: string; filedBy: string; isSealed: false; documentId: DocumentId; }' is missing the following properties from type 'DocketEntry': dateFiled, entryDate
src/api/data/federalHierarchy.ts(1,36): error TS2307: Cannot find module './models/jurisdiction' or its corresponding type declarations.
src/api/data/federalHierarchy.ts(81,47): error TS7006: Parameter 'j' implicitly has an 'any' type.
src/api/data/federalHierarchy.ts(88,91): error TS7006: Parameter 'acc' implicitly has an 'any' type.
src/api/data/federalHierarchy.ts(88,96): error TS7006: Parameter 'court' implicitly has an 'any' type.
src/api/data/federalHierarchy.ts(97,42): error TS7006: Parameter 'l' implicitly has an 'any' type.
src/api/data/index.ts(13,15): error TS2307: Cannot find module './models/advisor' or its corresponding type declarations.
src/api/data/index.ts(14,15): error TS2307: Cannot find module './models/analyticsStats' or its corresponding type declarations.
src/api/data/index.ts(15,15): error TS2307: Cannot find module './models/auditLogEntry' or its corresponding type declarations.
src/api/data/index.ts(16,15): error TS2307: Cannot find module './models/billingStats' or its corresponding type declarations.
src/api/data/index.ts(17,15): error TS2307: Cannot find module './models/case' or its corresponding type declarations.
src/api/data/index.ts(18,15): error TS2307: Cannot find module './models/clause' or its corresponding type declarations.
src/api/data/index.ts(19,15): error TS2307: Cannot find module './models/cle' or its corresponding type declarations.
src/api/data/index.ts(20,15): error TS2307: Cannot find module './models/client' or its corresponding type declarations.
src/api/data/index.ts(21,15): error TS2307: Cannot find module './models/conferralSession' or its corresponding type declarations.
src/api/data/index.ts(22,15): error TS2307: Cannot find module './models/conflictCheck' or its corresponding type declarations.
src/api/data/index.ts(23,15): error TS2307: Cannot find module './models/conversation' or its corresponding type declarations.
src/api/data/index.ts(24,15): error TS2307: Cannot find module './models/crm' or its corresponding type declarations.
src/api/data/index.ts(25,15): error TS2307: Cannot find module './models/dashboardData' or its corresponding type declarations.
src/api/data/index.ts(26,15): error TS2307: Cannot find module './models/dataDictionary' or its corresponding type declarations.
src/api/data/index.ts(27,15): error TS2307: Cannot find module './models/discoveryCharts' or its corresponding type declarations.
src/api/data/index.ts(28,15): error TS2307: Cannot find module './models/discoveryDoc' or its corresponding type declarations.
src/api/data/index.ts(29,15): error TS2307: Cannot find module './models/discoveryExtended' or its corresponding type declarations.
src/api/data/index.ts(30,15): error TS2307: Cannot find module './models/discoveryRequest' or its corresponding type declarations.
src/api/data/index.ts(31,15): error TS2307: Cannot find module './models/docketEntry' or its corresponding type declarations.
src/api/data/index.ts(32,15): error TS2307: Cannot find module './models/document' or its corresponding type declarations.
src/api/data/index.ts(33,15): error TS2307: Cannot find module './models/ethicalWall' or its corresponding type declarations.
src/api/data/index.ts(34,15): error TS2307: Cannot find module './models/evidenceItem' or its corresponding type declarations.
src/api/data/index.ts(35,15): error TS2307: Cannot find module './models/exhibit' or its corresponding type declarations.
src/api/data/index.ts(36,15): error TS2307: Cannot find module './models/facility' or its corresponding type declarations.
src/api/data/index.ts(37,15): error TS2307: Cannot find module './models/firmExpense' or its corresponding type declarations.
src/api/data/index.ts(38,15): error TS2307: Cannot find module './models/firmProcess' or its corresponding type declarations.
src/api/data/index.ts(39,15): error TS2307: Cannot find module './models/group' or its corresponding type declarations.
src/api/data/index.ts(40,15): error TS2307: Cannot find module './models/invoice' or its corresponding type declarations.
src/api/data/index.ts(41,15): error TS2307: Cannot find module './models/jointPlan' or its corresponding type declarations.
src/api/data/index.ts(42,15): error TS2307: Cannot find module './models/judgeProfile' or its corresponding type declarations.
src/api/data/index.ts(43,15): error TS2307: Cannot find module './models/jurisdiction' or its corresponding type declarations.
src/api/data/index.ts(44,15): error TS2307: Cannot find module './models/legalHold' or its corresponding type declarations.
src/api/data/index.ts(45,15): error TS2307: Cannot find module './models/legalRule' or its corresponding type declarations.
src/api/data/index.ts(46,15): error TS2307: Cannot find module './models/maintenanceTicket' or its corresponding type declarations.
src/api/data/index.ts(47,15): error TS2307: Cannot find module './models/marketingMetric' or its corresponding type declarations.
src/api/data/index.ts(48,15): error TS2307: Cannot find module './models/motion' or its corresponding type declarations.
src/api/data/index.ts(49,15): error TS2307: Cannot find module './models/opposingCounselProfile' or its corresponding type declarations.
src/api/data/index.ts(50,15): error TS2307: Cannot find module './models/opposition' or its corresponding type declarations.
src/api/data/index.ts(51,15): error TS2307: Cannot find module './models/organization' or its corresponding type declarations.
src/api/data/index.ts(52,15): error TS2307: Cannot find module './models/playbook' or its corresponding type declarations.
src/api/data/index.ts(53,15): error TS2307: Cannot find module './models/pleadingTemplate' or its corresponding type declarations.
src/api/data/index.ts(54,15): error TS2307: Cannot find module './models/privilegeLogEntry' or its corresponding type declarations.
src/api/data/index.ts(55,15): error TS2307: Cannot find module './models/reporters' or its corresponding type declarations.
src/api/data/index.ts(56,15): error TS2307: Cannot find module './models/rfp' or its corresponding type declarations.
src/api/data/index.ts(57,15): error TS2307: Cannot find module './models/security' or its corresponding type declarations.
src/api/data/index.ts(58,15): error TS2307: Cannot find module './models/staffMember' or its corresponding type declarations.
src/api/data/index.ts(59,15): error TS2307: Cannot find module './models/stipulationRequest' or its corresponding type declarations.
src/api/data/index.ts(60,15): error TS2307: Cannot find module './models/strategy' or its corresponding type declarations.
src/api/data/index.ts(61,15): error TS2307: Cannot find module './models/timeEntry' or its corresponding type declarations.
src/api/data/index.ts(62,15): error TS2307: Cannot find module './models/user' or its corresponding type declarations.
src/api/data/index.ts(63,15): error TS2307: Cannot find module './models/vendorContract' or its corresponding type declarations.
src/api/data/index.ts(64,15): error TS2307: Cannot find module './models/vendorDirectory' or its corresponding type declarations.
src/api/data/index.ts(65,15): error TS2307: Cannot find module './models/workflowStage' or its corresponding type declarations.
src/api/data/index.ts(66,15): error TS2307: Cannot find module './models/workflowTask' or its corresponding type declarations.
src/api/data/index.ts(67,15): error TS2307: Cannot find module './models/workflowTemplates' or its corresponding type declarations.
src/api/data/invoice.ts(5,5): error TS2741: Property 'currency' is missing in type '{ id: UUID; invoiceNumber: string; caseId: any; clientId: string; clientName: string; matterDescription: string; invoiceDate: string; dueDate: string; billingModel: "Hourly"; status: string; ... 7 more ...; expenseCharges: number; }' but required in type 'Invoice'.
src/api/data/invoice.ts(25,5): error TS2741: Property 'currency' is missing in type '{ id: UUID; invoiceNumber: string; caseId: any; clientId: string; clientName: string; matterDescription: string; invoiceDate: string; dueDate: string; billingModel: "Fixed Fee"; status: string; ... 7 more ...; expenseCharges: number; }' but required in type 'Invoice'.
src/api/data/invoice.ts(45,5): error TS2741: Property 'currency' is missing in type '{ id: UUID; invoiceNumber: string; caseId: any; clientId: string; clientName: string; matterDescription: string; invoiceDate: string; dueDate: string; billingModel: "Hourly"; status: string; ... 7 more ...; expenseCharges: number; }' but required in type 'Invoice'.
src/api/data/mockApiSpec.ts(2,28): error TS2307: Cannot find module '../config/network/api.config' or its corresponding type declarations.
src/api/data/mockApiSpec.ts(3,32): error TS2307: Cannot find module '../types' or its corresponding type declarations.
src/api/data/mockHierarchy.ts(1,27): error TS2307: Cannot find module './models/organization' or its corresponding type declarations.
src/api/data/mockHierarchy.ts(2,29): error TS2307: Cannot find module './models/group' or its corresponding type declarations.
src/api/data/mockHierarchy.ts(3,33): error TS2307: Cannot find module './models/user' or its corresponding type declarations.
src/api/data/mockKnowledge.ts(1,60): error TS2307: Cannot find module '../types' or its corresponding type declarations.
src/api/data/mockMotions.ts(1,30): error TS2307: Cannot find module './models/motion' or its corresponding type declarations.
src/api/data/organization.ts(11,3): error TS2741: Property 'organizationType' is missing in type '{ id: OrgId; name: string; type: "LawFirm"; domain: string; status: OrganizationStatusEnum.ACTIVE; }' but required in type 'Organization'.
src/api/data/organization.ts(12,3): error TS2741: Property 'organizationType' is missing in type '{ id: OrgId; name: string; type: "Corporate"; domain: string; status: OrganizationStatusEnum.ACTIVE; }' but required in type 'Organization'.
src/api/data/organization.ts(13,3): error TS2741: Property 'organizationType' is missing in type '{ id: OrgId; name: string; type: "Vendor"; domain: string; status: OrganizationStatusEnum.ACTIVE; }' but required in type 'Organization'.
src/api/depositions-api.ts(6,27): error TS2307: Cannot find module '../infrastructure/apiClient' or its corresponding type declarations.
src/api/discovery-analytics-api.ts(6,27): error TS2307: Cannot find module '../infrastructure/apiClient' or its corresponding type declarations.
src/api/discovery-api.ts(29,27): error TS2307: Cannot find module '../infrastructure/apiClient' or its corresponding type declarations.
src/api/discovery-requests-api.ts(6,27): error TS2307: Cannot find module '../infrastructure/apiClient' or its corresponding type declarations.
src/api/docket-api.ts(30,51): error TS2307: Cannot find module '../infrastructure/apiClient' or its corresponding type declarations.
src/api/docket-api.ts(38,8): error TS2307: Cannot find module '../../types' or its corresponding type declarations.
src/api/document-versions-api.ts(6,27): error TS2307: Cannot find module '../infrastructure/apiClient' or its corresponding type declarations.
src/api/documents-api.ts(30,51): error TS2307: Cannot find module '../infrastructure/apiClient' or its corresponding type declarations.
src/api/documents-api.ts(38,8): error TS2307: Cannot find module '../../types' or its corresponding type declarations.
src/api/domains/legal-entities.api.ts(6,27): error TS2307: Cannot find module '../../infrastructure/apiClient' or its corresponding type declarations.
src/api/esi-sources-api.ts(6,27): error TS2307: Cannot find module '../infrastructure/apiClient' or its corresponding type declarations.
src/api/ethical-walls-api.ts(6,27): error TS2307: Cannot find module '../infrastructure/apiClient' or its corresponding type declarations.
src/api/evidence-api.ts(6,51): error TS2307: Cannot find module '../infrastructure/apiClient' or its corresponding type declarations.
src/api/evidence-api.ts(14,8): error TS2307: Cannot find module '../../types' or its corresponding type declarations.
src/api/examinations-api.ts(6,51): error TS2307: Cannot find module '../infrastructure/apiClient' or its corresponding type declarations.
src/api/examinations-api.ts(14,8): error TS2307: Cannot find module '../../types' or its corresponding type declarations.
src/api/examinations-api.ts(15,34): error TS2307: Cannot find module '../../types/discovery' or its corresponding type declarations.
src/api/exhibits-api.ts(6,27): error TS2307: Cannot find module '../infrastructure/apiClient' or its corresponding type declarations.
src/api/external-api-api.ts(6,27): error TS2307: Cannot find module '../infrastructure/apiClient' or its corresponding type declarations.
src/api/fee-agreements-api.ts(6,51): error TS2307: Cannot find module '../infrastructure/apiClient' or its corresponding type declarations.
src/api/fee-agreements-api.ts(14,8): error TS2307: Cannot find module '../../types' or its corresponding type declarations.
src/api/fee-agreements-api.ts(15,35): error TS2307: Cannot find module '../../types/financial' or its corresponding type declarations.
src/api/health-api.ts(6,27): error TS2307: Cannot find module '../infrastructure/apiClient' or its corresponding type declarations.
src/api/hr-api.ts(6,27): error TS2307: Cannot find module '../infrastructure/apiClient' or its corresponding type declarations.
src/api/index.ts(33,8): error TS2307: Cannot find module '../integration/apiConfig' or its corresponding type declarations.
src/api/integrations-api.ts(6,27): error TS2307: Cannot find module '../infrastructure/apiClient' or its corresponding type declarations.
src/api/integrations/pacer-api.ts(7,27): error TS2307: Cannot find module '../../infrastructure/apiClient' or its corresponding type declarations.
src/api/judge-stats-api.ts(6,27): error TS2307: Cannot find module '../infrastructure/apiClient' or its corresponding type declarations.
src/api/jurisdiction-api.ts(6,27): error TS2307: Cannot find module '../infrastructure/apiClient' or its corresponding type declarations.
src/api/knowledge-api.ts(6,27): error TS2307: Cannot find module '../infrastructure/apiClient' or its corresponding type declarations.
src/api/legal-holds-api.ts(6,27): error TS2307: Cannot find module '../infrastructure/apiClient' or its corresponding type declarations.
src/api/matters-api.ts(6,27): error TS2307: Cannot find module '../infrastructure/apiClient' or its corresponding type declarations.
src/api/matters-api.ts(7,34): error TS2307: Cannot find module '../../types' or its corresponding type declarations.
src/api/messaging-api.ts(6,27): error TS2307: Cannot find module '../infrastructure/apiClient' or its corresponding type declarations.
src/api/metrics-api.ts(6,27): error TS2307: Cannot find module '../infrastructure/apiClient' or its corresponding type declarations.
src/api/monitoring-api.ts(6,27): error TS2307: Cannot find module '../infrastructure/apiClient' or its corresponding type declarations.
src/api/motions-api.ts(6,27): error TS2307: Cannot find module '../infrastructure/apiClient' or its corresponding type declarations.
src/api/motions-api.ts(63,21): error TS2339: Property 'filedBy' does not exist on type 'Partial<Motion>'.
src/api/notifications-api.ts(30,51): error TS2307: Cannot find module '../infrastructure/apiClient' or its corresponding type declarations.
src/api/ocr-api.ts(6,27): error TS2307: Cannot find module '../infrastructure/apiClient' or its corresponding type declarations.
src/api/organizations-api.ts(6,27): error TS2307: Cannot find module '../infrastructure/apiClient' or its corresponding type declarations.
src/api/outcome-predictions-api.ts(6,27): error TS2307: Cannot find module '../infrastructure/apiClient' or its corresponding type declarations.
src/api/parties-api.ts(10,27): error TS2307: Cannot find module '../infrastructure/apiClient' or its corresponding type declarations.
src/api/parties-api.ts(11,28): error TS2307: Cannot find module '../../types' or its corresponding type declarations.
src/api/permissions-api.ts(6,27): error TS2307: Cannot find module '../infrastructure/apiClient' or its corresponding type declarations.
src/api/pipelines-api.ts(6,27): error TS2307: Cannot find module '../infrastructure/apiClient' or its corresponding type declarations.
src/api/pleadings-api.ts(29,27): error TS2307: Cannot find module '../infrastructure/apiClient' or its corresponding type declarations.
src/api/privilege-log-api.ts(6,27): error TS2307: Cannot find module '../infrastructure/apiClient' or its corresponding type declarations.
src/api/productions-api.ts(6,27): error TS2307: Cannot find module '../infrastructure/apiClient' or its corresponding type declarations.
src/api/projects-api.ts(6,27): error TS2307: Cannot find module '../infrastructure/apiClient' or its corresponding type declarations.
src/api/query-workbench-api.ts(6,27): error TS2307: Cannot find module '../infrastructure/apiClient' or its corresponding type declarations.
src/api/rate-tables-api.ts(6,51): error TS2307: Cannot find module '../infrastructure/apiClient' or its corresponding type declarations.
src/api/rate-tables-api.ts(14,8): error TS2307: Cannot find module '../../types' or its corresponding type declarations.
src/api/rate-tables-api.ts(15,32): error TS2307: Cannot find module '../../types/financial' or its corresponding type declarations.
src/api/reports-api.ts(6,27): error TS2307: Cannot find module '../infrastructure/apiClient' or its corresponding type declarations.
src/api/risks-api.ts(9,27): error TS2307: Cannot find module '../infrastructure/apiClient' or its corresponding type declarations.
src/api/risks-api.ts(10,72): error TS2307: Cannot find module '../../types' or its corresponding type declarations.
src/api/rls-policies-api.ts(6,27): error TS2307: Cannot find module '../infrastructure/apiClient' or its corresponding type declarations.
src/api/schema-management-api.ts(6,27): error TS2307: Cannot find module '../infrastructure/apiClient' or its corresponding type declarations.
src/api/search/search-api.ts(7,51): error TS2307: Cannot find module '../../infrastructure/apiClient' or its corresponding type declarations.
src/api/service-jobs-api.ts(6,27): error TS2307: Cannot find module '../infrastructure/apiClient' or its corresponding type declarations.
src/api/sync-api.ts(6,27): error TS2307: Cannot find module '../infrastructure/apiClient' or its corresponding type declarations.
src/api/tasks-api.ts(30,27): error TS2307: Cannot find module '../infrastructure/apiClient' or its corresponding type declarations.
src/api/tasks-api.ts(43,8): error TS2307: Cannot find module '../../types' or its corresponding type declarations.
src/api/token-blacklist-admin-api.ts(6,27): error TS2307: Cannot find module '../infrastructure/apiClient' or its corresponding type declarations.
src/api/trial-api.ts(29,27): error TS2307: Cannot find module '../infrastructure/apiClient' or its corresponding type declarations.
src/api/trust-accounts-api.ts(12,27): error TS2307: Cannot find module '../infrastructure/apiClient' or its corresponding type declarations.
src/api/trust-accounts-api.ts(24,8): error TS2307: Cannot find module '../../types/trust-accounts' or its corresponding type declarations.
src/api/users-api.ts(31,51): error TS2307: Cannot find module '../infrastructure/apiClient' or its corresponding type declarations.
src/api/users-api.ts(32,37): error TS2307: Cannot find module '../../types' or its corresponding type declarations.
src/api/versioning-api.ts(6,27): error TS2307: Cannot find module '../infrastructure/apiClient' or its corresponding type declarations.
src/api/war-room-api.ts(7,27): error TS2307: Cannot find module '../infrastructure/apiClient' or its corresponding type declarations.
src/api/war-room-api.ts(8,64): error TS2307: Cannot find module '../../types' or its corresponding type declarations.
src/api/war-room-api.ts(42,40): error TS2345: Argument of type 'unknown' is not assignable to parameter of type 'string | Record<string, string> | URLSearchParams | string[][] | undefined'.
src/api/war-room-api.ts(62,40): error TS2345: Argument of type 'unknown' is not assignable to parameter of type 'string | Record<string, string> | URLSearchParams | string[][] | undefined'.
src/api/webhooks-api.ts(6,51): error TS2307: Cannot find module '../infrastructure/apiClient' or its corresponding type declarations.
src/api/webhooks-api.ts(14,8): error TS2307: Cannot find module '../../types' or its corresponding type declarations.
src/api/webhooks-api.ts(15,36): error TS2307: Cannot find module '../../types/system' or its corresponding type declarations.
src/api/witnesses-api.ts(6,27): error TS2307: Cannot find module '../infrastructure/apiClient' or its corresponding type declarations.
src/api/workflow-advanced-api.ts(8,27): error TS2307: Cannot find module '../infrastructure/apiClient' or its corresponding type declarations.
src/api/workflow-advanced-api.ts(30,8): error TS2307: Cannot find module '../../types' or its corresponding type declarations.
src/api/workflow-api.ts(32,27): error TS2307: Cannot find module '../infrastructure/apiClient' or its corresponding type declarations.
src/api/workflow-api.ts(54,8): error TS2307: Cannot find module '../../types' or its corresponding type declarations.
src/App.tsx(2,25): error TS2307: Cannot find module '@/components/ui/organisms/Sidebar' or its corresponding type declarations.
src/App.tsx(3,26): error TS2307: Cannot find module '@/components/ui/templates/AppShell' or its corresponding type declarations.
src/App.tsx(4,27): error TS2307: Cannot find module '@/components/ui/organisms/AppHeader' or its corresponding type declarations.
src/App.tsx(10,33): error TS2307: Cannot find module '@/components/ui/organisms/HolographicDock' or its corresponding type declarations.
src/App.tsx(11,31): error TS2307: Cannot find module '@/components/ui/organisms/ErrorBoundary' or its corresponding type declarations.
src/App.tsx(12,28): error TS2307: Cannot find module '@/components/ui/molecules/LazyLoader' or its corresponding type declarations.
src/App.tsx(15,31): error TS2307: Cannot find module '@/components/ui/organisms/GlobalHotkeys' or its corresponding type declarations.
src/components/atoms/Box/Box.stories.tsx(64,7): error TS2686: 'React' refers to a UMD global, but the current file is a module. Consider adding an import instead.
src/components/atoms/Box/Box.stories.tsx(65,10): error TS2686: 'React' refers to a UMD global, but the current file is a module. Consider adding an import instead.
src/components/atoms/Box/Box.stories.tsx(66,10): error TS2686: 'React' refers to a UMD global, but the current file is a module. Consider adding an import instead.
src/components/atoms/Box/Box.stories.tsx(67,10): error TS2686: 'React' refers to a UMD global, but the current file is a module. Consider adding an import instead.
src/components/atoms/Box/Box.stories.tsx(79,7): error TS2686: 'React' refers to a UMD global, but the current file is a module. Consider adding an import instead.
src/components/atoms/Box/Box.stories.tsx(80,10): error TS2686: 'React' refers to a UMD global, but the current file is a module. Consider adding an import instead.
src/components/atoms/Box/Box.stories.tsx(81,10): error TS2686: 'React' refers to a UMD global, but the current file is a module. Consider adding an import instead.
src/components/atoms/Box/Box.stories.tsx(82,10): error TS2686: 'React' refers to a UMD global, but the current file is a module. Consider adding an import instead.
src/components/atoms/ProgressIndicator/ProgressIndicator.tsx(246,23): error TS2304: Cannot find name 'label'.
src/components/index.ts(6,1): error TS2308: Module './molecules' has already exported a member named 'TabItem'. Consider explicitly re-exporting to resolve the ambiguity.
src/components/molecules/ConfirmDialog/ConfirmDialog.tsx(20,26): error TS2307: Cannot find module '../../context/ThemeContext' or its corresponding type declarations.
src/components/molecules/ConfirmDialog/ConfirmDialog.tsx(23,23): error TS2307: Cannot find module './Modal' or its corresponding type declarations.
src/components/molecules/ConfirmDialog/ConfirmDialog.tsx(24,24): error TS2307: Cannot find module './Button' or its corresponding type declarations.
src/components/molecules/ConfirmDialog/ConfirmDialog.tsx(27,20): error TS2307: Cannot find module '@/utils/cn' or its corresponding type declarations.
src/components/molecules/ContextMenu/ContextMenu.tsx(20,26): error TS2307: Cannot find module '../../context/ThemeContext' or its corresponding type declarations.
src/components/molecules/ContextMenu/ContextMenu.tsx(21,33): error TS2307: Cannot find module '@/hooks/useClickOutside' or its corresponding type declarations.
src/components/molecules/ContextMenu/ContextMenu.tsx(24,20): error TS2307: Cannot find module '@/utils/cn' or its corresponding type declarations.
src/components/molecules/DataSourceSelector/DataSourceSelector.tsx(9,31): error TS2307: Cannot find module '../../context/DataSourceContext.tsx' or its corresponding type declarations.
src/components/molecules/DataSourceSelector/DataSourceSelector.tsx(10,34): error TS2307: Cannot find module '@/hooks/useBackendHealth' or its corresponding type declarations.
src/components/molecules/DataSourceSelector/DataSourceSelector.tsx(11,37): error TS2307: Cannot find module '../../context/DataSourceContext.tsx' or its corresponding type declarations.
src/components/molecules/DescriptionList/DescriptionList.tsx(19,26): error TS2307: Cannot find module '../../context/ThemeContext' or its corresponding type declarations.
src/components/molecules/DescriptionList/DescriptionList.tsx(22,20): error TS2307: Cannot find module '@/utils/cn' or its corresponding type declarations.
src/components/molecules/Drawer/Drawer.tsx(20,26): error TS2307: Cannot find module '../../context/ThemeContext' or its corresponding type declarations.
src/components/molecules/Drawer/Drawer.tsx(23,20): error TS2307: Cannot find module '@/utils/cn' or its corresponding type declarations.
src/components/molecules/DynamicBreadcrumbs/DynamicBreadcrumbs.tsx(9,26): error TS2307: Cannot find module '../../context/ThemeContext' or its corresponding type declarations.
src/components/molecules/DynamicBreadcrumbs/DynamicBreadcrumbs.tsx(10,33): error TS2307: Cannot find module '@/hooks/useClickOutside' or its corresponding type declarations.
src/components/molecules/DynamicBreadcrumbs/DynamicBreadcrumbs.tsx(11,20): error TS2307: Cannot find module '@/utils/cn' or its corresponding type declarations.
src/components/molecules/EmptyListState/EmptyListState.tsx(8,26): error TS2307: Cannot find module '../../../context/ThemeContext' or its corresponding type declarations.
src/components/molecules/EmptyState/EmptyState.tsx(20,26): error TS2307: Cannot find module '../../context/ThemeContext' or its corresponding type declarations.
src/components/molecules/EmptyState/EmptyState.tsx(23,20): error TS2307: Cannot find module '@/utils/cn' or its corresponding type declarations.
src/components/molecules/EmptyState/EmptyState.tsx(26,21): error TS2307: Cannot find module './primitives/Box' or its corresponding type declarations.
src/components/molecules/EmptyState/EmptyState.tsx(27,22): error TS2307: Cannot find module './primitives/Text' or its corresponding type declarations.
src/components/molecules/ErrorState/ErrorState.tsx(10,20): error TS2307: Cannot find module '@/utils/cn' or its corresponding type declarations.
src/components/molecules/ErrorState/ErrorState.tsx(11,24): error TS2307: Cannot find module './Button' or its corresponding type declarations.
src/components/molecules/FileAttachment/FileAttachment.tsx(20,26): error TS2307: Cannot find module '../../context/ThemeContext' or its corresponding type declarations.
src/components/molecules/FileAttachment/FileAttachment.tsx(23,26): error TS2307: Cannot find module './Primitives' or its corresponding type declarations.
src/components/molecules/FileAttachment/FileAttachment.tsx(26,20): error TS2307: Cannot find module '@/utils/cn' or its corresponding type declarations.
src/components/molecules/FileUploadZone/FileUploadZone.tsx(20,33): error TS2307: Cannot find module '@/services/features/documents/documentService' or its corresponding type declarations.
src/components/molecules/FileUploadZone/FileUploadZone.tsx(23,26): error TS2307: Cannot find module '../../context/ThemeContext' or its corresponding type declarations.
src/components/molecules/FileUploadZone/FileUploadZone.tsx(26,24): error TS2307: Cannot find module './Button' or its corresponding type declarations.
src/components/molecules/FileUploadZone/FileUploadZone.tsx(29,20): error TS2307: Cannot find module '@/utils/cn' or its corresponding type declarations.
src/components/molecules/InfoGrid/InfoGrid.tsx(8,26): error TS2307: Cannot find module '../../../context/ThemeContext' or its corresponding type declarations.
src/components/molecules/LazyLoader/LazyLoader.tsx(19,26): error TS2307: Cannot find module '../../context/ThemeContext' or its corresponding type declarations.
src/components/molecules/LazyLoader/LazyLoader.tsx(22,20): error TS2307: Cannot find module '@/utils/cn' or its corresponding type declarations.
src/components/molecules/LoadingState/LoadingState.tsx(10,20): error TS2307: Cannot find module '@/utils/cn' or its corresponding type declarations.
src/components/molecules/MetricCard/MetricCard.tsx(9,26): error TS2307: Cannot find module '../../../context/ThemeContext' or its corresponding type declarations.
src/components/molecules/Modal/Modal.tsx(21,26): error TS2307: Cannot find module '../../context/ThemeContext' or its corresponding type declarations.
src/components/molecules/Modal/Modal.tsx(22,31): error TS2307: Cannot find module '@/hooks/useScrollLock' or its corresponding type declarations.
src/components/molecules/Modal/Modal.tsx(25,20): error TS2307: Cannot find module '@/utils/cn' or its corresponding type declarations.
src/components/molecules/ModalFooter/ModalFooter.tsx(8,26): error TS2307: Cannot find module '../../../context/ThemeContext' or its corresponding type declarations.
src/components/molecules/Pagination/Pagination.tsx(20,26): error TS2307: Cannot find module '../../context/ThemeContext' or its corresponding type declarations.
src/components/molecules/Pagination/Pagination.tsx(23,20): error TS2307: Cannot find module '@/utils/cn' or its corresponding type declarations.
src/components/molecules/PeriodSelector/PeriodSelector.tsx(19,26): error TS2307: Cannot find module '../../context/ThemeContext' or its corresponding type declarations.
src/components/molecules/PeriodSelector/PeriodSelector.tsx(22,20): error TS2307: Cannot find module '@/utils/cn' or its corresponding type declarations.
src/components/molecules/RuleSelector/RuleSelector.tsx(20,29): error TS2307: Cannot find module '@/services/features/rules/ruleService' or its corresponding type declarations.
src/components/molecules/RuleSelector/RuleSelector.tsx(21,26): error TS2307: Cannot find module '@/hooks/useQueryHooks' or its corresponding type declarations.
src/components/molecules/RuleSelector/RuleSelector.tsx(24,26): error TS2307: Cannot find module '../../context/ThemeContext' or its corresponding type declarations.
src/components/molecules/RuleSelector/RuleSelector.tsx(25,29): error TS2307: Cannot find module '@/hooks/useDebounce' or its corresponding type declarations.
src/components/molecules/RuleSelector/RuleSelector.tsx(28,20): error TS2307: Cannot find module '@/utils/cn' or its corresponding type declarations.
src/components/molecules/RuleSelector/RuleSelector.tsx(29,36): error TS2307: Cannot find module '../../config/master.config' or its corresponding type declarations.
src/components/molecules/RuleSelector/RuleSelector.tsx(32,27): error TS2307: Cannot find module '../../types' or its corresponding type declarations.
src/components/molecules/RuleSelector/RuleSelector.tsx(108,39): error TS7006: Parameter 'r' implicitly has an 'any' type.
src/components/molecules/RuleSelector/RuleSelector.tsx(108,81): error TS7006: Parameter 'rule' implicitly has an 'any' type.
src/components/molecules/SearchInputBar/SearchInputBar.tsx(9,26): error TS2307: Cannot find module '../../../context/ThemeContext' or its corresponding type declarations.
src/components/molecules/SmartTextArea/SmartTextArea.tsx(16,26): error TS2307: Cannot find module '../../context/ThemeContext' or its corresponding type declarations.
src/components/molecules/SmartTextArea/SmartTextArea.tsx(17,20): error TS2307: Cannot find module '@/utils/cn' or its corresponding type declarations.
src/components/molecules/Stats/Stats.tsx(19,26): error TS2307: Cannot find module '../../context/ThemeContext' or its corresponding type declarations.
src/components/molecules/Stats/Stats.tsx(22,20): error TS2307: Cannot find module '@/utils/cn' or its corresponding type declarations.
src/components/molecules/Stepper/Stepper.tsx(20,26): error TS2307: Cannot find module '../../context/ThemeContext' or its corresponding type declarations.
src/components/molecules/Stepper/Stepper.tsx(23,20): error TS2307: Cannot find module '@/utils/cn' or its corresponding type declarations.
src/components/molecules/Tabs/Tabs.tsx(19,26): error TS2307: Cannot find module '../../context/ThemeContext' or its corresponding type declarations.
src/components/molecules/Tabs/Tabs.tsx(22,20): error TS2307: Cannot find module '@/utils/cn' or its corresponding type declarations.
src/components/molecules/TabStrip/TabStrip.tsx(8,26): error TS2307: Cannot find module '../../../context/ThemeContext' or its corresponding type declarations.
src/components/molecules/TabsV2/TabsV2.tsx(20,26): error TS2307: Cannot find module '../../context/ThemeContext' or its corresponding type declarations.
src/components/molecules/TabsV2/TabsV2.tsx(21,20): error TS2307: Cannot find module '@/utils/cn' or its corresponding type declarations.
src/components/molecules/TagInput/TagInput.tsx(20,26): error TS2307: Cannot find module '../../context/ThemeContext' or its corresponding type declarations.
src/components/molecules/TagInput/TagInput.tsx(23,20): error TS2307: Cannot find module '@/utils/cn' or its corresponding type declarations.
src/components/molecules/TagList/TagList.tsx(8,26): error TS2307: Cannot find module '../../../context/ThemeContext' or its corresponding type declarations.
src/components/molecules/TimelineItem/TimelineItem.tsx(19,26): error TS2307: Cannot find module '../../context/ThemeContext' or its corresponding type declarations.
src/components/molecules/TimelineItem/TimelineItem.tsx(22,26): error TS2307: Cannot find module './Primitives' or its corresponding type declarations.
src/components/molecules/TimelineItem/TimelineItem.tsx(25,20): error TS2307: Cannot find module '@/utils/cn' or its corresponding type declarations.
src/components/molecules/UserSelect/UserSelect.tsx(20,26): error TS2307: Cannot find module '../../context/ThemeContext' or its corresponding type declarations.
src/components/molecules/UserSelect/UserSelect.tsx(23,28): error TS2307: Cannot find module './UserAvatar' or its corresponding type declarations.
src/components/molecules/UserSelect/UserSelect.tsx(26,20): error TS2307: Cannot find module '@/utils/cn' or its corresponding type declarations.
src/components/organisms/_legacy/EnhancedSearch.old.tsx(18,26): error TS2307: Cannot find module '../../context/ThemeContext' or its corresponding type declarations.
src/components/organisms/_legacy/EnhancedSearch.old.tsx(19,33): error TS2307: Cannot find module '@/hooks/useClickOutside' or its corresponding type declarations.
src/components/organisms/_legacy/EnhancedSearch.old.tsx(20,20): error TS2307: Cannot find module '@/utils/cn' or its corresponding type declarations.
src/components/organisms/_legacy/EnhancedSearch.old.tsx(21,30): error TS2307: Cannot find module '../../utils/sanitize' or its corresponding type declarations.
src/components/organisms/_legacy/EnhancedSearch.old.tsx(22,36): error TS2307: Cannot find module '../../config/master.config' or its corresponding type declarations.
src/components/organisms/_legacy/Primitives.tsx(19,48): error TS2307: Cannot find module './primitives/StatusDot' or its corresponding type declarations.
src/components/organisms/_legacy/Primitives.tsx(20,46): error TS2307: Cannot find module './primitives/Currency' or its corresponding type declarations.
src/components/organisms/_legacy/Primitives.tsx(21,46): error TS2307: Cannot find module './primitives/DateText' or its corresponding type declarations.
src/components/organisms/_legacy/Primitives.tsx(22,46): error TS2307: Cannot find module './primitives/FileIcon' or its corresponding type declarations.
src/components/organisms/_legacy/Primitives.tsx(23,58): error TS2307: Cannot find module './primitives/LoadingSpinner' or its corresponding type declarations.
src/components/organisms/_legacy/Primitives.tsx(24,44): error TS2307: Cannot find module './primitives/TagList' or its corresponding type declarations.
src/components/organisms/_legacy/Primitives.tsx(25,56): error TS2307: Cannot find module './primitives/SectionHeader' or its corresponding type declarations.
src/components/organisms/_legacy/Primitives.tsx(26,56): error TS2307: Cannot find module './primitives/TruncatedText' or its corresponding type declarations.
src/components/organisms/_legacy/Primitives.tsx(27,50): error TS2307: Cannot find module './primitives/MetricCard' or its corresponding type declarations.
src/components/organisms/_legacy/Primitives.tsx(28,36): error TS2307: Cannot find module './primitives/Box' or its corresponding type declarations.
src/components/organisms/_legacy/Primitives.tsx(29,38): error TS2307: Cannot find module './primitives/Text' or its corresponding type declarations.
src/components/organisms/_legacy/Primitives.tsx(30,40): error TS2307: Cannot find module './primitives/Stack' or its corresponding type declarations.
src/components/organisms/_legacy/RefactoredCommon.tsx(20,26): error TS2307: Cannot find module '../../context/ThemeContext' or its corresponding type declarations.
src/components/organisms/_legacy/RefactoredCommon.tsx(21,20): error TS2307: Cannot find module '@/utils/cn' or its corresponding type declarations.
src/components/organisms/_legacy/RefactoredCommon.tsx(24,29): error TS2307: Cannot find module './StatusBadge' or its corresponding type declarations.
src/components/organisms/_legacy/RefactoredCommon.tsx(36,8): error TS2307: Cannot find module './layout' or its corresponding type declarations.
src/components/organisms/_legacy/RefactoredCommon.tsx(48,8): error TS2307: Cannot find module './layout' or its corresponding type declarations.
src/components/organisms/AppHeader/AppHeader.tsx(25,33): error TS2307: Cannot find module '../common/ConnectivityHUD' or its corresponding type declarations.
src/components/organisms/AppHeader/AppHeader.tsx(26,34): error TS2307: Cannot find module './NeuralCommandBar' or its corresponding type declarations.
src/components/organisms/AppHeader/AppHeader.tsx(27,28): error TS2307: Cannot find module '../common/UserAvatar' or its corresponding type declarations.
src/components/organisms/AppHeader/AppHeader.tsx(28,34): error TS2307: Cannot find module '../common/ConnectionStatus' or its corresponding type declarations.
src/components/organisms/AppHeader/AppHeader.tsx(31,36): error TS2307: Cannot find module '@/services/search/searchService' or its corresponding type declarations.
src/components/organisms/AppHeader/AppHeader.tsx(32,30): error TS2307: Cannot find module '@/services/features/research/geminiService' or its corresponding type declarations.
src/components/organisms/AppHeader/AppHeader.tsx(35,26): error TS2307: Cannot find module '../../context/ThemeContext' or its corresponding type declarations.
src/components/organisms/AppHeader/AppHeader.tsx(40,20): error TS2307: Cannot find module '@/utils/cn' or its corresponding type declarations.
src/components/organisms/AppHeader/AppHeader.tsx(43,34): error TS2307: Cannot find module '../../types' or its corresponding type declarations.
src/components/organisms/BackendHealthMonitor/BackendHealthMonitor.tsx(7,26): error TS2307: Cannot find module '../../context/ThemeContext' or its corresponding type declarations.
src/components/organisms/BackendHealthMonitor/BackendHealthMonitor.tsx(8,20): error TS2307: Cannot find module '@/utils/cn' or its corresponding type declarations.
src/components/organisms/BackendHealthMonitor/BackendHealthMonitor.tsx(9,72): error TS2307: Cannot find module '@/services/infrastructure/apiClient' or its corresponding type declarations.
src/components/organisms/BackendHealthMonitor/BackendHealthMonitor.tsx(175,38): error TS18046: 'serviceHealth' is of type 'unknown'.
src/components/organisms/BackendHealthMonitor/BackendHealthMonitor.tsx(180,40): error TS18046: 'serviceHealth' is of type 'unknown'.
src/components/organisms/BackendHealthMonitor/BackendHealthMonitor.tsx(183,127): error TS18046: 'serviceHealth' is of type 'unknown'.
src/components/organisms/BackendHealthMonitor/BackendHealthMonitor.tsx(184,26): error TS18046: 'serviceHealth' is of type 'unknown'.
src/components/organisms/BackendHealthMonitor/BackendHealthMonitor.tsx(189,24): error TS18046: 'serviceHealth' is of type 'unknown'.
src/components/organisms/BackendHealthMonitor/BackendHealthMonitor.tsx(196,30): error TS18046: 'serviceHealth' is of type 'unknown'.
src/components/organisms/BackendHealthMonitor/BackendHealthMonitor.tsx(206,37): error TS18046: 'serviceHealth' is of type 'unknown'.
src/components/organisms/BackendHealthMonitor/BackendHealthMonitor.tsx(211,22): error TS18046: 'serviceHealth' is of type 'unknown'.
src/components/organisms/BackendHealthMonitor/BackendHealthMonitor.tsx(213,26): error TS18046: 'serviceHealth' is of type 'unknown'.
src/components/organisms/BackendStatusIndicator/BackendStatusIndicator.tsx(9,34): error TS2307: Cannot find module '@/hooks/useBackendHealth' or its corresponding type declarations.
src/components/organisms/BackendStatusIndicator/BackendStatusIndicator.tsx(10,31): error TS2307: Cannot find module '../../context/DataSourceContext.tsx' or its corresponding type declarations.
src/components/organisms/CalendarEvent/CalendarEvent.tsx(19,26): error TS2307: Cannot find module '../../context/ThemeContext' or its corresponding type declarations.
src/components/organisms/CalendarEvent/CalendarEvent.tsx(22,20): error TS2307: Cannot find module '@/utils/cn' or its corresponding type declarations.
src/components/organisms/CalendarGrid/CalendarGrid.tsx(19,26): error TS2307: Cannot find module '../../context/ThemeContext' or its corresponding type declarations.
src/components/organisms/CalendarGrid/CalendarGrid.tsx(22,20): error TS2307: Cannot find module '@/utils/cn' or its corresponding type declarations.
src/components/organisms/CalendarToolbar/CalendarToolbar.tsx(20,26): error TS2307: Cannot find module '../../context/ThemeContext' or its corresponding type declarations.
src/components/organisms/CalendarToolbar/CalendarToolbar.tsx(23,24): error TS2307: Cannot find module './Button' or its corresponding type declarations.
src/components/organisms/CalendarToolbar/CalendarToolbar.tsx(26,20): error TS2307: Cannot find module '@/utils/cn' or its corresponding type declarations.
src/components/organisms/ChartHelpers/ChartHelpers.stories.tsx(2,10): error TS2305: Module '"./ChartHelpers"' has no exported member 'ChartHelpers'.
src/components/organisms/ChartHelpers/ChartHelpers.tsx(19,26): error TS2307: Cannot find module '../../context/ThemeContext' or its corresponding type declarations.
src/components/organisms/ConnectionStatus/ConnectionStatus.tsx(3,27): error TS2307: Cannot find module '@/services/infrastructure/apiClient' or its corresponding type declarations.
src/components/organisms/ConnectionStatus/ConnectionStatus.tsx(4,31): error TS2307: Cannot find module '../../context/DataSourceContext.tsx' or its corresponding type declarations.
src/components/organisms/ConnectionStatus/ConnectionStatus.tsx(5,38): error TS2307: Cannot find module './BackendHealthMonitor' or its corresponding type declarations.
src/components/organisms/ConnectionStatus/ConnectionStatus.tsx(6,42): error TS2307: Cannot find module './ServiceCoverageIndicator' or its corresponding type declarations.
src/components/organisms/ConnectivityHUD/ConnectivityHUD.tsx(20,25): error TS2307: Cannot find module '@/hooks/useSync' or its corresponding type declarations.
src/components/organisms/ConnectivityHUD/ConnectivityHUD.tsx(21,26): error TS2307: Cannot find module '../../context/ThemeContext' or its corresponding type declarations.
src/components/organisms/ConnectivityHUD/ConnectivityHUD.tsx(22,29): error TS2307: Cannot find module '@/hooks/useInterval' or its corresponding type declarations.
src/components/organisms/ConnectivityHUD/ConnectivityHUD.tsx(25,20): error TS2307: Cannot find module '@/utils/cn' or its corresponding type declarations.
src/components/organisms/DiffViewer/DiffViewer.tsx(19,26): error TS2307: Cannot find module '../../context/ThemeContext' or its corresponding type declarations.
src/components/organisms/DiffViewer/DiffViewer.tsx(22,20): error TS2307: Cannot find module '@/utils/cn' or its corresponding type declarations.
src/components/organisms/DocketSkeleton/DocketSkeleton.stories.tsx(2,10): error TS2305: Module '"./DocketSkeleton"' has no exported member 'DocketSkeleton'.
src/components/organisms/DocketSkeleton/DocketSkeleton.tsx(8,20): error TS2307: Cannot find module '@/utils/cn' or its corresponding type declarations.
src/components/organisms/DocketSkeleton/DocketSkeleton.tsx(9,26): error TS2307: Cannot find module '../../context/ThemeContext' or its corresponding type declarations.
src/components/organisms/EditorToolbar/EditorToolbar.tsx(20,26): error TS2307: Cannot find module '../../context/ThemeContext' or its corresponding type declarations.
src/components/organisms/EditorToolbar/EditorToolbar.tsx(23,20): error TS2307: Cannot find module '@/utils/cn' or its corresponding type declarations.
src/components/organisms/ErrorBoundary/ErrorBoundary.tsx(20,30): error TS2307: Cannot find module '../../utils/errorHandler' or its corresponding type declarations.
src/components/organisms/ExportMenu/ExportMenu.tsx(20,26): error TS2307: Cannot find module '../../context/ThemeContext' or its corresponding type declarations.
src/components/organisms/ExportMenu/ExportMenu.tsx(21,33): error TS2307: Cannot find module '@/hooks/useClickOutside' or its corresponding type declarations.
src/components/organisms/ExportMenu/ExportMenu.tsx(24,24): error TS2307: Cannot find module './Button' or its corresponding type declarations.
src/components/organisms/ExportMenu/ExportMenu.tsx(27,20): error TS2307: Cannot find module '@/utils/cn' or its corresponding type declarations.
src/components/organisms/FilterPanel/FilterPanel.tsx(20,26): error TS2307: Cannot find module '../../context/ThemeContext' or its corresponding type declarations.
src/components/organisms/FilterPanel/FilterPanel.tsx(23,20): error TS2307: Cannot find module '@/utils/cn' or its corresponding type declarations.
src/components/organisms/GlobalHotkeys/GlobalHotkeys.tsx(19,27): error TS2307: Cannot find module '@/hooks/useNotify' or its corresponding type declarations.
src/components/organisms/HolographicDock/HolographicDock.tsx(20,26): error TS2307: Cannot find module '../../context/ThemeContext' or its corresponding type declarations.
src/components/organisms/HolographicDock/HolographicDock.tsx(21,27): error TS2307: Cannot find module '../../context/WindowContext' or its corresponding type declarations.
src/components/organisms/HolographicDock/HolographicDock.tsx(24,20): error TS2307: Cannot find module '@/utils/cn' or its corresponding type declarations.
src/components/organisms/HolographicDock/HolographicDock.tsx(34,43): error TS7006: Parameter 'w' implicitly has an 'any' type.
src/components/organisms/HolographicDock/HolographicDock.tsx(40,30): error TS7006: Parameter 'win' implicitly has an 'any' type.
src/components/organisms/InfiniteScrollTrigger/InfiniteScrollTrigger.tsx(20,26): error TS2307: Cannot find module '../../context/ThemeContext' or its corresponding type declarations.
src/components/organisms/InfiniteScrollTrigger/InfiniteScrollTrigger.tsx(21,41): error TS2307: Cannot find module '@/hooks/useIntersectionObserver' or its corresponding type declarations.
src/components/organisms/InfiniteScrollTrigger/InfiniteScrollTrigger.tsx(24,20): error TS2307: Cannot find module '@/utils/cn' or its corresponding type declarations.
src/components/organisms/Kanban/Kanban.stories.tsx(2,10): error TS2305: Module '"./Kanban"' has no exported member 'Kanban'.
src/components/organisms/Kanban/Kanban.tsx(19,26): error TS2307: Cannot find module '../../context/ThemeContext' or its corresponding type declarations.
src/components/organisms/Kanban/Kanban.tsx(22,20): error TS2307: Cannot find module '@/utils/cn' or its corresponding type declarations.
src/components/organisms/MobileBottomNav/MobileBottomNav.tsx(24,26): error TS2307: Cannot find module '../../context/ThemeContext' or its corresponding type declarations.
src/components/organisms/MobileBottomNav/MobileBottomNav.tsx(27,20): error TS2307: Cannot find module '@/utils/cn' or its corresponding type declarations.
src/components/organisms/MobileBottomNav/MobileBottomNav.tsx(28,34): error TS2307: Cannot find module '../../config/nav.config' or its corresponding type declarations.
src/components/organisms/MobileBottomNav/MobileBottomNav.tsx(31,25): error TS2307: Cannot find module '../../types' or its corresponding type declarations.
src/components/organisms/NeuralCommandBar/NeuralCommandBar.tsx(20,51): error TS2307: Cannot find module '@/services/search/searchService' or its corresponding type declarations.
src/components/organisms/NeuralCommandBar/NeuralCommandBar.tsx(21,45): error TS2307: Cannot find module '@/services/features/research/geminiService' or its corresponding type declarations.
src/components/organisms/NeuralCommandBar/NeuralCommandBar.tsx(22,36): error TS2307: Cannot find module '@/services/infrastructure/holographicRouting' or its corresponding type declarations.
src/components/organisms/NeuralCommandBar/NeuralCommandBar.tsx(25,26): error TS2307: Cannot find module '../../context/ThemeContext' or its corresponding type declarations.
src/components/organisms/NeuralCommandBar/NeuralCommandBar.tsx(26,29): error TS2307: Cannot find module '@/hooks/useDebounce' or its corresponding type declarations.
src/components/organisms/NeuralCommandBar/NeuralCommandBar.tsx(27,35): error TS2307: Cannot find module '@/hooks/useListNavigation' or its corresponding type declarations.
src/components/organisms/NeuralCommandBar/NeuralCommandBar.tsx(28,33): error TS2307: Cannot find module '@/hooks/useClickOutside' or its corresponding type declarations.
src/components/organisms/NeuralCommandBar/NeuralCommandBar.tsx(31,33): error TS2307: Cannot find module '../common/HighlightedText' or its corresponding type declarations.
src/components/organisms/NeuralCommandBar/NeuralCommandBar.tsx(34,20): error TS2307: Cannot find module '@/utils/cn' or its corresponding type declarations.
src/components/organisms/NeuralCommandBar/NeuralCommandBar.tsx(35,61): error TS2307: Cannot find module '../../config/master.config' or its corresponding type declarations.
src/components/organisms/NotificationCenter/NotificationCenter.tsx(17,29): error TS2307: Cannot find module '@/services/data/dataService' or its corresponding type declarations.
src/components/organisms/NotificationCenter/NotificationCenter.tsx(20,52): error TS2307: Cannot find module '@/hooks/useQueryHooks' or its corresponding type declarations.
src/components/organisms/NotificationCenter/NotificationCenter.tsx(21,26): error TS2307: Cannot find module '../../context/ThemeContext' or its corresponding type declarations.
src/components/organisms/NotificationCenter/NotificationCenter.tsx(22,26): error TS2307: Cannot find module '../../context/ToastContext' or its corresponding type declarations.
src/components/organisms/NotificationCenter/NotificationCenter.tsx(25,24): error TS2307: Cannot find module '../common/Button' or its corresponding type declarations.
src/components/organisms/NotificationCenter/NotificationCenter.tsx(26,23): error TS2307: Cannot find module '../common/Badge' or its corresponding type declarations.
src/components/organisms/NotificationCenter/NotificationCenter.tsx(27,28): error TS2307: Cannot find module '../common/PageHeader' or its corresponding type declarations.
src/components/organisms/NotificationCenter/NotificationCenter.tsx(28,23): error TS2307: Cannot find module '../common/Modal' or its corresponding type declarations.
src/components/organisms/NotificationCenter/NotificationCenter.tsx(31,20): error TS2307: Cannot find module '@/utils/cn' or its corresponding type declarations.
src/components/organisms/NotificationCenter/NotificationCenter.tsx(104,54): error TS7006: Parameter 'n' implicitly has an 'any' type.
src/components/organisms/NotificationCenter/NotificationCenter.tsx(110,44): error TS7006: Parameter 'n' implicitly has an 'any' type.
src/components/organisms/NotificationCenter/NotificationCenter.tsx(188,39): error TS7006: Parameter 'notification' implicitly has an 'any' type.
src/components/organisms/NotificationPanel/NotificationPanel.tsx(9,31): error TS2307: Cannot find module '@/hooks/useModalState' or its corresponding type declarations.
src/components/organisms/NotificationPanel/NotificationPanel.tsx(10,26): error TS2307: Cannot find module '../../context/ThemeContext' or its corresponding type declarations.
src/components/organisms/NotificationPanel/NotificationPanel.tsx(11,20): error TS2307: Cannot find module '@/utils/cn' or its corresponding type declarations.
src/components/organisms/NotificationPanel/NotificationPanel.tsx(12,54): error TS2307: Cannot find module '../../types' or its corresponding type declarations.
src/components/organisms/NotificationPanel/NotificationPanel.tsx(13,37): error TS2307: Cannot find module '@/services/domain/NotificationDomain' or its corresponding type declarations.
src/components/organisms/PageHeader/PageHeader.tsx(19,26): error TS2307: Cannot find module '../../context/ThemeContext' or its corresponding type declarations.
src/components/organisms/PageHeader/PageHeader.tsx(22,20): error TS2307: Cannot find module '@/utils/cn' or its corresponding type declarations.
src/components/organisms/PDFViewer/PDFViewer.tsx(21,26): error TS2307: Cannot find module '../../context/ThemeContext' or its corresponding type declarations.
src/components/organisms/PDFViewer/PDFViewer.tsx(24,20): error TS2307: Cannot find module '@/utils/cn' or its corresponding type declarations.
src/components/organisms/PDFViewer/PDFViewer.tsx(107,32): error TS2339: Property 'destroy' does not exist on type '{}'.
src/components/organisms/PDFViewer/PDFViewer.tsx(135,36): error TS2339: Property 'destroy' does not exist on type '{}'.
src/components/organisms/PDFViewer/PDFViewer.tsx(147,39): error TS2339: Property 'cancel' does not exist on type '{}'.
src/components/organisms/PDFViewer/PDFViewer.tsx(189,37): error TS2694: Namespace '"F:/temp/lexiflow-premium/node_modules/pdfjs-dist/types/src/pdf"' has no exported member 'RenderParameters'.
src/components/organisms/RiskMeter/RiskMeter.tsx(19,26): error TS2307: Cannot find module '../../context/ThemeContext' or its corresponding type declarations.
src/components/organisms/RiskMeter/RiskMeter.tsx(22,20): error TS2307: Cannot find module '@/utils/cn' or its corresponding type declarations.
src/components/organisms/search/EnhancedSearch.tsx(4,26): error TS2307: Cannot find module '../../../context/ThemeContext' or its corresponding type declarations.
src/components/organisms/SearchToolbar/SearchToolbar.tsx(20,31): error TS2307: Cannot find module '@/services/search/searchService' or its corresponding type declarations.
src/components/organisms/SearchToolbar/SearchToolbar.tsx(23,26): error TS2307: Cannot find module '../../context/ThemeContext' or its corresponding type declarations.
src/components/organisms/SearchToolbar/SearchToolbar.tsx(24,33): error TS2307: Cannot find module '@/hooks/useClickOutside' or its corresponding type declarations.
src/components/organisms/SearchToolbar/SearchToolbar.tsx(27,20): error TS2307: Cannot find module '@/utils/cn' or its corresponding type declarations.
src/components/organisms/SearchToolbar/SearchToolbar.tsx(100,31): error TS7006: Parameter 'term' implicitly has an 'any' type.
src/components/organisms/SearchToolbar/SearchToolbar.tsx(100,37): error TS7006: Parameter 'i' implicitly has an 'any' type.
src/components/organisms/ServiceCoverageIndicator/ServiceCoverageIndicator.tsx(3,31): error TS2307: Cannot find module '../../context/DataSourceContext.tsx' or its corresponding type declarations.
src/components/organisms/Sidebar/SidebarFooter.tsx(24,28): error TS2307: Cannot find module '@/components/common/UserAvatar' or its corresponding type declarations.
src/components/organisms/Sidebar/SidebarFooter.tsx(25,40): error TS2307: Cannot find module '@/components/common/BackendStatusIndicator' or its corresponding type declarations.
src/components/organisms/Sidebar/SidebarNav.tsx(93,31): error TS2345: Argument of type 'unknown' is not assignable to parameter of type 'QueryKey'.
src/components/organisms/Sidebar/SidebarNav.tsx(116,44): error TS2339: Property 'children' does not exist on type 'ModuleDefinition'.
src/components/organisms/Sidebar/SidebarNav.tsx(116,59): error TS7006: Parameter 'child' implicitly has an 'any' type.
src/components/organisms/Sidebar/SidebarNav.tsx(130,24): error TS2604: JSX element type 'Icon' does not have any construct or call signatures.
src/components/organisms/Sidebar/SidebarNav.tsx(130,24): error TS2786: 'Icon' cannot be used as a JSX component.
  Its type '{}' is not a valid JSX element type.
src/components/organisms/Sidebar/SidebarNav.tsx(136,27): error TS2339: Property 'children' does not exist on type 'ModuleDefinition'.
src/components/organisms/Sidebar/SidebarNav.tsx(136,44): error TS2339: Property 'children' does not exist on type 'ModuleDefinition'.
src/components/organisms/Sidebar/SidebarNav.tsx(138,31): error TS2339: Property 'children' does not exist on type 'ModuleDefinition'.
src/components/organisms/Sidebar/SidebarNav.tsx(138,44): error TS7006: Parameter 'child' implicitly has an 'any' type.
src/components/organisms/SignaturePad/SignaturePad.tsx(20,26): error TS2307: Cannot find module '../../context/ThemeContext' or its corresponding type declarations.
src/components/organisms/SignaturePad/SignaturePad.tsx(23,20): error TS2307: Cannot find module '@/utils/cn' or its corresponding type declarations.
src/components/organisms/SplitView/SplitView.tsx(19,26): error TS2307: Cannot find module '../../context/ThemeContext' or its corresponding type declarations.
src/components/organisms/SplitView/SplitView.tsx(22,20): error TS2307: Cannot find module '@/utils/cn' or its corresponding type declarations.
src/components/organisms/SwipeableItem/SwipeableItem.tsx(20,26): error TS2307: Cannot find module '../../context/ThemeContext' or its corresponding type declarations.
src/components/organisms/SwipeableItem/SwipeableItem.tsx(23,20): error TS2307: Cannot find module '@/utils/cn' or its corresponding type declarations.
src/components/organisms/Table/Table.stories.tsx(2,10): error TS2305: Module '"./Table"' has no exported member 'Table'.
src/components/organisms/Table/Table.tsx(19,26): error TS2307: Cannot find module '../../context/ThemeContext' or its corresponding type declarations.
src/components/organisms/Table/Table.tsx(22,20): error TS2307: Cannot find module '@/utils/cn' or its corresponding type declarations.
src/components/organisms/TabNavigation/TabNavigation.tsx(20,26): error TS2307: Cannot find module '../../context/ThemeContext' or its corresponding type declarations.
src/components/organisms/TabNavigation/TabNavigation.tsx(23,20): error TS2307: Cannot find module '@/utils/cn' or its corresponding type declarations.
src/components/organisms/TaskCreationModal/TaskCreationModal.tsx(20,29): error TS2307: Cannot find module '@/services/data/dataService' or its corresponding type declarations.
src/components/organisms/TaskCreationModal/TaskCreationModal.tsx(21,29): error TS2307: Cannot find module '@/hooks/useQueryHooks' or its corresponding type declarations.
src/components/organisms/TaskCreationModal/TaskCreationModal.tsx(22,27): error TS2307: Cannot find module '../../utils/queryKeys' or its corresponding type declarations.
src/components/organisms/TaskCreationModal/TaskCreationModal.tsx(23,26): error TS2307: Cannot find module '@/hooks/useQueryHooks' or its corresponding type declarations.
src/components/organisms/TaskCreationModal/TaskCreationModal.tsx(26,27): error TS2307: Cannot find module '@/hooks/useNotify' or its corresponding type declarations.
src/components/organisms/TaskCreationModal/TaskCreationModal.tsx(29,23): error TS2307: Cannot find module './Modal' or its corresponding type declarations.
src/components/organisms/TaskCreationModal/TaskCreationModal.tsx(30,33): error TS2307: Cannot find module './Inputs' or its corresponding type declarations.
src/components/organisms/TaskCreationModal/TaskCreationModal.tsx(31,24): error TS2307: Cannot find module './Button' or its corresponding type declarations.
src/components/organisms/TaskCreationModal/TaskCreationModal.tsx(32,30): error TS2307: Cannot find module './RuleSelector' or its corresponding type declarations.
src/components/organisms/TaskCreationModal/TaskCreationModal.tsx(33,28): error TS2307: Cannot find module './UserSelect' or its corresponding type declarations.
src/components/organisms/TaskCreationModal/TaskCreationModal.tsx(36,103): error TS2307: Cannot find module '../../types' or its corresponding type declarations.
src/components/organisms/TaskCreationModal/TaskCreationModal.tsx(127,30): error TS7006: Parameter 'val' implicitly has an 'any' type.
src/components/organisms/TaskCreationModal/TaskCreationModal.tsx(183,30): error TS7006: Parameter 'rules' implicitly has an 'any' type.
src/components/organisms/TimeEntryModal/TimeEntryModal.tsx(20,31): error TS2307: Cannot find module '@/services/features/research/geminiService' or its corresponding type declarations.
src/components/organisms/TimeEntryModal/TimeEntryModal.tsx(23,26): error TS2307: Cannot find module '../../context/ThemeContext' or its corresponding type declarations.
src/components/organisms/TimeEntryModal/TimeEntryModal.tsx(26,23): error TS2307: Cannot find module './Modal' or its corresponding type declarations.
src/components/organisms/TimeEntryModal/TimeEntryModal.tsx(27,24): error TS2307: Cannot find module './Button' or its corresponding type declarations.
src/components/organisms/TimeEntryModal/TimeEntryModal.tsx(28,33): error TS2307: Cannot find module './Inputs' or its corresponding type declarations.
src/components/organisms/TimeEntryModal/TimeEntryModal.tsx(31,20): error TS2307: Cannot find module '@/utils/cn' or its corresponding type declarations.
src/components/organisms/TimeEntryModal/TimeEntryModal.tsx(32,32): error TS2307: Cannot find module '../../utils/dateUtils' or its corresponding type declarations.
src/components/organisms/TimeEntryModal/TimeEntryModal.tsx(35,42): error TS2307: Cannot find module '../../types' or its corresponding type declarations.
src/components/organisms/VirtualGrid/VirtualGrid.tsx(19,26): error TS2307: Cannot find module '../../context/ThemeContext' or its corresponding type declarations.
src/components/organisms/VirtualGrid/VirtualGrid.tsx(22,20): error TS2307: Cannot find module '@/utils/cn' or its corresponding type declarations.
src/components/organisms/VirtualList/VirtualList.tsx(19,26): error TS2307: Cannot find module '../../context/ThemeContext' or its corresponding type declarations.
src/components/organisms/VirtualList/VirtualList.tsx(22,20): error TS2307: Cannot find module '@/utils/cn' or its corresponding type declarations.
src/components/stories/administration/ApiKeyManagement.stories.tsx(2,34): error TS2307: Cannot find module '../../../../frontend/components/admin/api-keys/ApiKeyManagement' or its corresponding type declarations.
src/components/stories/administration/ApiKeyManagement.stories.tsx(3,31): error TS2307: Cannot find module '../../../../frontend/context/ThemeContext' or its corresponding type declarations.
src/components/stories/administration/ApiKeyManagement.stories.tsx(4,31): error TS2307: Cannot find module '../../../../frontend/context/ToastContext' or its corresponding type declarations.
src/components/stories/administration/DatabaseManagement.stories.tsx(2,36): error TS2307: Cannot find module '../../../../frontend/components/admin/data/DatabaseManagement' or its corresponding type declarations.
src/components/stories/administration/DatabaseManagement.stories.tsx(3,31): error TS2307: Cannot find module '../../../../frontend/context/ThemeContext' or its corresponding type declarations.
src/components/stories/administration/DatabaseManagement.stories.tsx(4,31): error TS2307: Cannot find module '../../../../frontend/context/ToastContext' or its corresponding type declarations.
src/components/stories/administration/MarketingDashboard.stories.tsx(2,36): error TS2307: Cannot find module '../../../../frontend/components/knowledge/practice/MarketingDashboard' or its corresponding type declarations.
src/components/stories/administration/MarketingDashboard.stories.tsx(3,31): error TS2307: Cannot find module '../../../../frontend/context/ThemeContext' or its corresponding type declarations.
src/components/stories/administration/MarketingDashboard.stories.tsx(4,31): error TS2307: Cannot find module '../../../../frontend/context/ToastContext' or its corresponding type declarations.
src/components/stories/administration/QualityDashboard.stories.tsx(2,34): error TS2307: Cannot find module '../../../../frontend/components/admin/data/quality/QualityDashboard' or its corresponding type declarations.
src/components/stories/administration/QualityDashboard.stories.tsx(3,31): error TS2307: Cannot find module '../../../../frontend/context/ThemeContext' or its corresponding type declarations.
src/components/stories/administration/QualityDashboard.stories.tsx(4,31): error TS2307: Cannot find module '../../../../frontend/context/ToastContext' or its corresponding type declarations.
src/components/stories/administration/QualityDashboard.stories.tsx(6,56): error TS2307: Cannot find module '../../../../frontend/types' or its corresponding type declarations.
src/components/stories/administration/QueryConsole.stories.tsx(2,30): error TS2307: Cannot find module '../../../../frontend/components/admin/data/QueryConsole' or its corresponding type declarations.
src/components/stories/administration/QueryConsole.stories.tsx(3,31): error TS2307: Cannot find module '../../../../frontend/context/ThemeContext' or its corresponding type declarations.
src/components/stories/administration/QueryConsole.stories.tsx(4,31): error TS2307: Cannot find module '../../../../frontend/context/ToastContext' or its corresponding type declarations.
src/components/stories/administration/StandardizationConsole.stories.tsx(2,40): error TS2307: Cannot find module '../../components/admin/data/quality/StandardizationConsole' or its corresponding type declarations.
src/components/stories/administration/StandardizationConsole.stories.tsx(3,31): error TS2307: Cannot find module '../../context/ThemeContext' or its corresponding type declarations.
src/components/stories/administration/StandardizationConsole.stories.tsx(4,31): error TS2307: Cannot find module '../../context/ToastContext' or its corresponding type declarations.
src/components/stories/administration/UserManagement.stories.tsx(2,32): error TS2307: Cannot find module '../../components/admin/users/UserManagement' or its corresponding type declarations.
src/components/stories/administration/UserManagement.stories.tsx(3,31): error TS2307: Cannot find module '../../context/ThemeContext' or its corresponding type declarations.
src/components/stories/administration/UserManagement.stories.tsx(4,31): error TS2307: Cannot find module '../../context/ToastContext' or its corresponding type declarations.
src/components/stories/administration/WebhookManagement.stories.tsx(2,35): error TS2307: Cannot find module '../../components/admin/webhooks/WebhookManagement' or its corresponding type declarations.
src/components/stories/administration/WebhookManagement.stories.tsx(3,31): error TS2307: Cannot find module '../../context/ThemeContext' or its corresponding type declarations.
src/components/stories/administration/WebhookManagement.stories.tsx(4,31): error TS2307: Cannot find module '../../context/ToastContext' or its corresponding type declarations.
src/components/stories/common/Accordion.stories.tsx(2,42): error TS2307: Cannot find module '../../components/common/Accordion' or its corresponding type declarations.
src/components/stories/common/Accordion.stories.tsx(3,31): error TS2307: Cannot find module '../../context/ThemeContext' or its corresponding type declarations.
src/components/stories/common/Accordion.stories.tsx(38,12): error TS7006: Parameter 'args' implicitly has an 'any' type.
src/components/stories/common/Accordion.stories.tsx(54,12): error TS7006: Parameter 'args' implicitly has an 'any' type.
src/components/stories/common/Badge.stories.tsx(2,23): error TS2307: Cannot find module '../../components/common/Badge' or its corresponding type declarations.
src/components/stories/common/Badge.stories.tsx(3,31): error TS2307: Cannot find module '../../context/ThemeContext' or its corresponding type declarations.
src/components/stories/common/Breadcrumbs.stories.tsx(2,29): error TS2307: Cannot find module '../../components/common/Breadcrumbs' or its corresponding type declarations.
src/components/stories/common/Breadcrumbs.stories.tsx(3,31): error TS2307: Cannot find module '../../context/ThemeContext' or its corresponding type declarations.
src/components/stories/common/Button.stories.tsx(2,24): error TS2307: Cannot find module '../../components/common/Button' or its corresponding type declarations.
src/components/stories/common/Button.stories.tsx(3,31): error TS2307: Cannot find module '../../context/ThemeContext' or its corresponding type declarations.
src/components/stories/common/Card.stories.tsx(2,22): error TS2307: Cannot find module '../../components/common/Card' or its corresponding type declarations.
src/components/stories/common/Card.stories.tsx(3,31): error TS2307: Cannot find module '../../context/ThemeContext' or its corresponding type declarations.
src/components/stories/common/Card.stories.tsx(4,24): error TS2307: Cannot find module '../../components/common/Button' or its corresponding type declarations.
src/components/stories/common/ConfirmDialog.stories.tsx(2,31): error TS2307: Cannot find module '../../components/common/ConfirmDialog' or its corresponding type declarations.
src/components/stories/common/ConfirmDialog.stories.tsx(3,31): error TS2307: Cannot find module '../../context/ThemeContext' or its corresponding type declarations.
src/components/stories/common/ConfirmDialog.stories.tsx(4,24): error TS2307: Cannot find module '../../components/common/Button' or its corresponding type declarations.
src/components/stories/common/ContextMenu.stories.tsx(2,29): error TS2307: Cannot find module '../../components/common/ContextMenu' or its corresponding type declarations.
src/components/stories/common/ContextMenu.stories.tsx(3,31): error TS2307: Cannot find module '../../context/ThemeContext' or its corresponding type declarations.
src/components/stories/common/CopyButton.stories.tsx(2,28): error TS2307: Cannot find module '../../components/common/CopyButton' or its corresponding type declarations.
src/components/stories/common/CopyButton.stories.tsx(3,31): error TS2307: Cannot find module '../../context/ThemeContext' or its corresponding type declarations.
src/components/stories/common/Drawer.stories.tsx(2,24): error TS2307: Cannot find module '../../components/common/Drawer' or its corresponding type declarations.
src/components/stories/common/Drawer.stories.tsx(3,31): error TS2307: Cannot find module '../../context/ThemeContext' or its corresponding type declarations.
src/components/stories/common/Drawer.stories.tsx(4,24): error TS2307: Cannot find module '../../components/common/Button' or its corresponding type declarations.
src/components/stories/common/EmptyState.stories.tsx(2,28): error TS2307: Cannot find module '../../components/common/EmptyState' or its corresponding type declarations.
src/components/stories/common/EmptyState.stories.tsx(3,31): error TS2307: Cannot find module '../../context/ThemeContext' or its corresponding type declarations.
src/components/stories/common/EmptyState.stories.tsx(5,24): error TS2307: Cannot find module '../../components/common/Button' or its corresponding type declarations.
src/components/stories/common/ErrorState.stories.tsx(2,28): error TS2307: Cannot find module '../../components/common/ErrorState' or its corresponding type declarations.
src/components/stories/common/ErrorState.stories.tsx(3,31): error TS2307: Cannot find module '../../context/ThemeContext' or its corresponding type declarations.
src/components/stories/common/ErrorState.stories.tsx(4,24): error TS2307: Cannot find module '../../components/common/Button' or its corresponding type declarations.
src/components/stories/common/FileUploadZone.stories.tsx(2,32): error TS2307: Cannot find module '../../components/common/FileUploadZone' or its corresponding type declarations.
src/components/stories/common/FileUploadZone.stories.tsx(3,31): error TS2307: Cannot find module '../../context/ThemeContext' or its corresponding type declarations.
src/components/stories/common/FileUploadZone.stories.tsx(57,16): error TS7006: Parameter 'files' implicitly has an 'any' type.
src/components/stories/common/FileUploadZone.stories.tsx(63,16): error TS7006: Parameter 'files' implicitly has an 'any' type.
src/components/stories/common/FileUploadZone.stories.tsx(71,16): error TS7006: Parameter 'files' implicitly has an 'any' type.
src/components/stories/common/IconButton.stories.tsx(2,28): error TS2307: Cannot find module '../../components/common/IconButton' or its corresponding type declarations.
src/components/stories/common/IconButton.stories.tsx(3,31): error TS2307: Cannot find module '../../context/ThemeContext' or its corresponding type declarations.
src/components/stories/common/LoadingState.stories.tsx(2,30): error TS2307: Cannot find module '../../components/common/LoadingState' or its corresponding type declarations.
src/components/stories/common/LoadingState.stories.tsx(3,31): error TS2307: Cannot find module '../../context/ThemeContext' or its corresponding type declarations.
src/components/stories/common/Modal.stories.tsx(2,23): error TS2307: Cannot find module '../../components/common/Modal' or its corresponding type declarations.
src/components/stories/common/Modal.stories.tsx(3,31): error TS2307: Cannot find module '../../context/ThemeContext' or its corresponding type declarations.
src/components/stories/common/Modal.stories.tsx(4,24): error TS2307: Cannot find module '../../components/common/Button' or its corresponding type declarations.
src/components/stories/common/Pagination.stories.tsx(2,28): error TS2307: Cannot find module '../../components/common/Pagination' or its corresponding type declarations.
src/components/stories/common/Pagination.stories.tsx(3,31): error TS2307: Cannot find module '../../context/ThemeContext' or its corresponding type declarations.
src/components/stories/common/ProgressBar.stories.tsx(2,29): error TS2307: Cannot find module '../../components/common/ProgressBar' or its corresponding type declarations.
src/components/stories/common/ProgressBar.stories.tsx(3,31): error TS2307: Cannot find module '../../context/ThemeContext' or its corresponding type declarations.
src/components/stories/common/ProgressIndicator.stories.tsx(2,35): error TS2307: Cannot find module '../../components/common/ProgressIndicator' or its corresponding type declarations.
src/components/stories/common/ProgressIndicator.stories.tsx(3,31): error TS2307: Cannot find module '../../context/ThemeContext' or its corresponding type declarations.
src/components/stories/common/RiskMeter.stories.tsx(2,27): error TS2307: Cannot find module '../../components/common/RiskMeter' or its corresponding type declarations.
src/components/stories/common/RiskMeter.stories.tsx(3,31): error TS2307: Cannot find module '../../context/ThemeContext' or its corresponding type declarations.
src/components/stories/common/SearchToolbar.stories.tsx(2,31): error TS2307: Cannot find module '../../components/common/SearchToolbar' or its corresponding type declarations.
src/components/stories/common/SearchToolbar.stories.tsx(3,31): error TS2307: Cannot find module '../../context/ThemeContext' or its corresponding type declarations.
src/components/stories/common/Stats.stories.tsx(2,23): error TS2307: Cannot find module '../../components/common/Stats' or its corresponding type declarations.
src/components/stories/common/Stats.stories.tsx(3,31): error TS2307: Cannot find module '../../context/ThemeContext' or its corresponding type declarations.
src/components/stories/common/StatusBadge.stories.tsx(2,29): error TS2307: Cannot find module '../../components/common/StatusBadge' or its corresponding type declarations.
src/components/stories/common/StatusBadge.stories.tsx(3,31): error TS2307: Cannot find module '../../context/ThemeContext' or its corresponding type declarations.
src/components/stories/common/Stepper.stories.tsx(2,25): error TS2307: Cannot find module '../../components/common/Stepper' or its corresponding type declarations.
src/components/stories/common/Stepper.stories.tsx(3,31): error TS2307: Cannot find module '../../context/ThemeContext' or its corresponding type declarations.
src/components/stories/common/Stepper.stories.tsx(5,24): error TS2307: Cannot find module '../../components/common/Button' or its corresponding type declarations.
src/components/stories/common/Table.stories.tsx(2,23): error TS2307: Cannot find module '../../components/common/Table' or its corresponding type declarations.
src/components/stories/common/Table.stories.tsx(3,31): error TS2307: Cannot find module '../../context/ThemeContext' or its corresponding type declarations.
src/components/stories/common/TagInput.stories.tsx(2,26): error TS2307: Cannot find module '../../components/common/TagInput' or its corresponding type declarations.
src/components/stories/common/TagInput.stories.tsx(3,31): error TS2307: Cannot find module '../../context/ThemeContext' or its corresponding type declarations.
src/components/stories/common/UserAvatar.stories.tsx(2,28): error TS2307: Cannot find module '../../components/common/UserAvatar' or its corresponding type declarations.
src/components/stories/common/UserAvatar.stories.tsx(3,31): error TS2307: Cannot find module '../../context/ThemeContext' or its corresponding type declarations.
src/components/stories/dashboards/AnalyticsDashboard.stories.tsx(2,36): error TS2307: Cannot find module '../../components/admin/analytics/AnalyticsDashboard' or its corresponding type declarations.
src/components/stories/dashboards/AnalyticsDashboard.stories.tsx(3,31): error TS2307: Cannot find module '../../context/ThemeContext' or its corresponding type declarations.
src/components/stories/dashboards/AnalyticsDashboard.stories.tsx(4,31): error TS2307: Cannot find module '../../context/ToastContext' or its corresponding type declarations.
src/components/stories/dashboards/CommandCenter.stories.tsx(2,31): error TS2307: Cannot find module '../../components/litigation/war-room/CommandCenter' or its corresponding type declarations.
src/components/stories/dashboards/CommandCenter.stories.tsx(3,31): error TS2307: Cannot find module '../../context/ThemeContext' or its corresponding type declarations.
src/components/stories/dashboards/CommandCenter.stories.tsx(4,31): error TS2307: Cannot find module '../../context/ToastContext' or its corresponding type declarations.
src/components/stories/dashboards/Dashboard.stories.tsx(11,27): error TS2307: Cannot find module '../../components/dashboard/Dashboard' or its corresponding type declarations.
src/components/stories/dashboards/Dashboard.stories.tsx(12,31): error TS2307: Cannot find module '../../context/ThemeContext' or its corresponding type declarations.
src/components/stories/dashboards/Dashboard.stories.tsx(13,31): error TS2307: Cannot find module '../../context/ToastContext' or its corresponding type declarations.
src/components/stories/dashboards/Dashboard.stories.tsx(14,35): error TS2307: Cannot find module '../../types' or its corresponding type declarations.
src/components/stories/dashboards/Dashboard.stories.tsx(120,18): error TS7031: Binding element 'canvasElement' implicitly has an 'any' type.
src/components/stories/dashboards/Dashboard.stories.tsx(151,18): error TS7031: Binding element 'canvasElement' implicitly has an 'any' type.
src/components/stories/dashboards/Dashboard.stories.tsx(238,18): error TS7031: Binding element 'canvasElement' implicitly has an 'any' type.
src/components/stories/dashboards/FilingCenter.stories.tsx(3,30): error TS2307: Cannot find module '../../components/litigation/pleadings/modules/FilingCenter' or its corresponding type declarations.
src/components/stories/dashboards/FilingCenter.stories.tsx(4,31): error TS2307: Cannot find module '../../context/ThemeContext' or its corresponding type declarations.
src/components/stories/dashboards/FilingCenter.stories.tsx(82,6): error TS7006: Parameter 'Story' implicitly has an 'any' type.
src/components/stories/dashboards/FilingCenter.stories.tsx(100,6): error TS7006: Parameter 'Story' implicitly has an 'any' type.
src/components/stories/dashboards/FilingCenter.stories.tsx(118,6): error TS7006: Parameter 'Story' implicitly has an 'any' type.
src/components/stories/dashboards/FilingCenter.stories.tsx(141,6): error TS7006: Parameter 'Story' implicitly has an 'any' type.
src/components/stories/dashboards/FilingCenter.stories.tsx(164,6): error TS7006: Parameter 'Story' implicitly has an 'any' type.
src/components/stories/dashboards/NotificationCenter.stories.tsx(2,36): error TS2307: Cannot find module '../../components/notifications/NotificationCenter' or its corresponding type declarations.
src/components/stories/dashboards/NotificationCenter.stories.tsx(3,31): error TS2307: Cannot find module '../../context/ThemeContext' or its corresponding type declarations.
src/components/stories/dashboards/NotificationCenter.stories.tsx(4,31): error TS2307: Cannot find module '../../context/ToastContext' or its corresponding type declarations.
src/components/stories/features/discovery/DiscoveryPlanBuilder.stories.tsx(2,38): error TS2307: Cannot find module '../../../../frontend/components/matters/detail/collaboration/DiscoveryPlanBuilder' or its corresponding type declarations.
src/components/stories/features/discovery/DiscoveryPlanBuilder.stories.tsx(3,31): error TS2307: Cannot find module '../../../../frontend/context/ThemeContext' or its corresponding type declarations.
src/components/stories/features/discovery/DiscoveryPlanBuilder.stories.tsx(4,31): error TS2307: Cannot find module '../../../../frontend/context/ToastContext' or its corresponding type declarations.
src/components/stories/features/discovery/DiscoveryPlatform.stories.tsx(10,35): error TS2307: Cannot find module '../../../../frontend/components/litigation/discovery/DiscoveryPlatform' or its corresponding type declarations.
src/components/stories/features/discovery/DiscoveryPlatform.stories.tsx(11,31): error TS2307: Cannot find module '../../../../frontend/context/ThemeContext' or its corresponding type declarations.
src/components/stories/features/discovery/DiscoveryPlatform.stories.tsx(12,31): error TS2307: Cannot find module '../../../../frontend/context/ToastContext' or its corresponding type declarations.
src/components/stories/features/discovery/EvidenceDashboard.stories.tsx(2,35): error TS2307: Cannot find module '../../../../frontend/components/litigation/evidence/EvidenceDashboard' or its corresponding type declarations.
src/components/stories/features/discovery/EvidenceDashboard.stories.tsx(3,31): error TS2307: Cannot find module '../../../../frontend/context/ThemeContext' or its corresponding type declarations.
src/components/stories/features/discovery/EvidenceDashboard.stories.tsx(4,31): error TS2307: Cannot find module '../../../../frontend/context/ToastContext' or its corresponding type declarations.
src/components/stories/features/discovery/EvidenceDashboard.stories.tsx(56,18): error TS7006: Parameter 'view' implicitly has an 'any' type.
src/components/stories/features/discovery/EvidenceDashboard.stories.tsx(67,18): error TS7006: Parameter 'view' implicitly has an 'any' type.
src/components/stories/features/discovery/EvidenceDashboard.stories.tsx(83,18): error TS7006: Parameter 'view' implicitly has an 'any' type.
src/components/stories/features/docket/DocketAnalytics.stories.tsx(2,33): error TS2307: Cannot find module '../../../../frontend/components/matters/docket/DocketAnalytics' or its corresponding type declarations.
src/components/stories/features/docket/DocketAnalytics.stories.tsx(3,31): error TS2307: Cannot find module '../../../../frontend/context/ThemeContext' or its corresponding type declarations.
src/components/stories/features/docket/DocketAnalytics.stories.tsx(56,6): error TS7006: Parameter 'Story' implicitly has an 'any' type.
src/components/stories/features/docket/DocketAnalytics.stories.tsx(71,6): error TS7006: Parameter 'Story' implicitly has an 'any' type.
src/components/stories/features/docket/DocketAnalytics.stories.tsx(91,6): error TS7006: Parameter 'Story' implicitly has an 'any' type.
src/components/stories/features/docket/DocketAnalytics.stories.tsx(111,6): error TS7006: Parameter 'Story' implicitly has an 'any' type.
src/components/stories/features/docket/DocketAnalytics.stories.tsx(126,6): error TS7006: Parameter 'Story' implicitly has an 'any' type.
src/components/stories/features/docket/DocketCalendar.stories.tsx(2,32): error TS2307: Cannot find module '../../../../frontend/components/matters/docket/DocketCalendar' or its corresponding type declarations.
src/components/stories/features/docket/DocketCalendar.stories.tsx(3,31): error TS2307: Cannot find module '../../../../frontend/context/ThemeContext' or its corresponding type declarations.
src/components/stories/features/docket/DocketCalendar.stories.tsx(57,6): error TS7006: Parameter 'Story' implicitly has an 'any' type.
src/components/stories/features/docket/DocketCalendar.stories.tsx(72,6): error TS7006: Parameter 'Story' implicitly has an 'any' type.
src/components/stories/features/docket/DocketCalendar.stories.tsx(92,6): error TS7006: Parameter 'Story' implicitly has an 'any' type.
src/components/stories/features/docket/DocketCalendar.stories.tsx(112,6): error TS7006: Parameter 'Story' implicitly has an 'any' type.
src/components/stories/features/docket/DocketEntryBuilder.stories.tsx(3,36): error TS2307: Cannot find module '../../../../frontend/components/matters/docket/DocketEntryBuilder' or its corresponding type declarations.
src/components/stories/features/docket/DocketEntryBuilder.stories.tsx(4,46): error TS2307: Cannot find module '../../../../frontend/types' or its corresponding type declarations.
src/components/stories/features/docket/DocketEntryBuilder.stories.tsx(5,31): error TS2307: Cannot find module '../../../../frontend/context/ThemeContext' or its corresponding type declarations.
src/components/stories/features/docket/DocketEntryBuilder.stories.tsx(6,31): error TS2307: Cannot find module '../../../../frontend/context/ToastContext' or its corresponding type declarations.
src/components/stories/features/docket/DocketEntryBuilder.stories.tsx(266,18): error TS7031: Binding element 'canvasElement' implicitly has an 'any' type.
src/components/stories/features/docket/DocketEntryBuilder.stories.tsx(266,33): error TS7031: Binding element 'args' implicitly has an 'any' type.
src/components/stories/features/docket/DocketEntryBuilder.stories.tsx(320,18): error TS7031: Binding element 'canvasElement' implicitly has an 'any' type.
src/components/stories/features/docket/DocketEntryBuilder.stories.tsx(320,33): error TS7031: Binding element 'args' implicitly has an 'any' type.
src/components/stories/features/docket/DocketEntryModal.stories.tsx(3,34): error TS2307: Cannot find module '../../../../frontend/components/matters/docket/DocketEntryModal' or its corresponding type declarations.
src/components/stories/features/docket/DocketEntryModal.stories.tsx(4,46): error TS2307: Cannot find module '../../../../frontend/types' or its corresponding type declarations.
src/components/stories/features/docket/DocketEntryModal.stories.tsx(5,31): error TS2307: Cannot find module '../../../../frontend/context/ThemeContext' or its corresponding type declarations.
src/components/stories/features/docket/DocketFilterPanel.stories.tsx(3,35): error TS2307: Cannot find module '../../../../frontend/components/matters/docket/DocketFilterPanel' or its corresponding type declarations.
src/components/stories/features/docket/DocketFilterPanel.stories.tsx(4,34): error TS2307: Cannot find module '../../../../frontend/types' or its corresponding type declarations.
src/components/stories/features/docket/DocketFilterPanel.stories.tsx(5,31): error TS2307: Cannot find module '../../../../frontend/context/ThemeContext' or its corresponding type declarations.
src/components/stories/features/docket/DocketImportModal.stories.tsx(3,35): error TS2307: Cannot find module '../../../../frontend/components/matters/docket/DocketImportModal' or its corresponding type declarations.
src/components/stories/features/docket/DocketImportModal.stories.tsx(4,31): error TS2307: Cannot find module '../../../../frontend/context/ThemeContext' or its corresponding type declarations.
src/components/stories/features/docket/DocketManager.stories.tsx(2,31): error TS2307: Cannot find module '../../../../frontend/components/matters/docket/DocketManager' or its corresponding type declarations.
src/components/stories/features/docket/DocketManager.stories.tsx(3,31): error TS2307: Cannot find module '../../../../frontend/context/ThemeContext' or its corresponding type declarations.
src/components/stories/features/docket/DocketManager.stories.tsx(5,32): error TS2307: Cannot find module '../../../../frontend/context/WindowContext' or its corresponding type declarations.
src/components/stories/features/docket/DocketManager.stories.tsx(153,6): error TS7006: Parameter 'Story' implicitly has an 'any' type.
src/components/stories/features/docket/DocketManager.stories.tsx(173,6): error TS7006: Parameter 'Story' implicitly has an 'any' type.
src/components/stories/features/docket/DocketRow.stories.tsx(3,27): error TS2307: Cannot find module '../../../../frontend/components/matters/docket/DocketRow' or its corresponding type declarations.
src/components/stories/features/docket/DocketRow.stories.tsx(4,46): error TS2307: Cannot find module '../../../../frontend/types' or its corresponding type declarations.
src/components/stories/features/docket/DocketRow.stories.tsx(5,31): error TS2307: Cannot find module '../../../../frontend/context/ThemeContext' or its corresponding type declarations.
src/components/stories/features/docket/DocketSettings.stories.tsx(2,32): error TS2307: Cannot find module '../../../../frontend/components/matters/docket/DocketSettings' or its corresponding type declarations.
src/components/stories/features/docket/DocketSettings.stories.tsx(3,31): error TS2307: Cannot find module '../../../../frontend/context/ThemeContext' or its corresponding type declarations.
src/components/stories/features/docket/DocketSettings.stories.tsx(55,6): error TS7006: Parameter 'Story' implicitly has an 'any' type.
src/components/stories/features/docket/DocketSettings.stories.tsx(70,6): error TS7006: Parameter 'Story' implicitly has an 'any' type.
src/components/stories/features/docket/DocketSettings.stories.tsx(90,6): error TS7006: Parameter 'Story' implicitly has an 'any' type.
src/components/stories/features/docket/DocketSettings.stories.tsx(110,6): error TS7006: Parameter 'Story' implicitly has an 'any' type.
src/components/stories/features/docket/DocketSheet.stories.tsx(3,29): error TS2307: Cannot find module '../../../../frontend/components/matters/docket/DocketSheet' or its corresponding type declarations.
src/components/stories/features/docket/DocketSheet.stories.tsx(4,31): error TS2307: Cannot find module '../../../../frontend/context/ThemeContext' or its corresponding type declarations.
src/components/stories/features/docket/DocketSheet.stories.tsx(5,32): error TS2307: Cannot find module '../../../../frontend/context/WindowContext' or its corresponding type declarations.
src/components/stories/features/docket/DocketSheet.stories.tsx(93,6): error TS7006: Parameter 'Story' implicitly has an 'any' type.
src/components/stories/features/docket/DocketSheet.stories.tsx(113,6): error TS7006: Parameter 'Story' implicitly has an 'any' type.
src/components/stories/features/docket/DocketStats.stories.tsx(3,29): error TS2307: Cannot find module '../../../../frontend/components/matters/docket/DocketStats' or its corresponding type declarations.
src/components/stories/features/docket/DocketStats.stories.tsx(4,24): error TS2307: Cannot find module '../../../../frontend/components/common/Button' or its corresponding type declarations.
src/components/stories/features/docket/DocketStats.stories.tsx(5,31): error TS2307: Cannot find module '../../../../frontend/context/ThemeContext' or its corresponding type declarations.
src/components/stories/features/docket/DocketStats.stories.tsx(106,6): error TS7006: Parameter 'Story' implicitly has an 'any' type.
src/components/stories/features/docket/DocketStats.stories.tsx(121,6): error TS7006: Parameter 'Story' implicitly has an 'any' type.
src/components/stories/features/docket/DocketStats.stories.tsx(144,6): error TS7006: Parameter 'Story' implicitly has an 'any' type.
src/components/stories/features/docket/DocketStats.stories.tsx(173,6): error TS7006: Parameter 'Story' implicitly has an 'any' type.
src/components/stories/features/docket/DocketStats.stories.tsx(196,6): error TS7006: Parameter 'Story' implicitly has an 'any' type.
src/components/stories/features/docket/DocketStats.stories.tsx(217,6): error TS7006: Parameter 'Story' implicitly has an 'any' type.
src/components/stories/features/docket/DocketStats.stories.tsx(246,6): error TS7006: Parameter 'Story' implicitly has an 'any' type.
src/components/stories/features/docket/DocketTable.stories.tsx(3,29): error TS2307: Cannot find module '../../../../frontend/components/matters/docket/DocketTable' or its corresponding type declarations.
src/components/stories/features/docket/DocketTable.stories.tsx(4,76): error TS2307: Cannot find module '../../../../frontend/types' or its corresponding type declarations.
src/components/stories/features/docket/DocketTable.stories.tsx(5,31): error TS2307: Cannot find module '../../../../frontend/context/ThemeContext' or its corresponding type declarations.
src/components/stories/features/docket/DocketToolbar.stories.tsx(3,31): error TS2307: Cannot find module '../../../../frontend/components/matters/docket/DocketToolbar' or its corresponding type declarations.
src/components/stories/features/docket/DocketToolbar.stories.tsx(4,31): error TS2307: Cannot find module '../../../../frontend/context/ThemeContext' or its corresponding type declarations.
src/components/stories/features/documents/DocumentExplorer.stories.tsx(9,34): error TS2307: Cannot find module '../../../../frontend/components/operations/documents/DocumentExplorer' or its corresponding type declarations.
src/components/stories/features/documents/DocumentExplorer.stories.tsx(10,31): error TS2307: Cannot find module '../../../../frontend/context/ThemeContext' or its corresponding type declarations.
src/components/stories/features/documents/DocumentExplorer.stories.tsx(11,31): error TS2307: Cannot find module '../../../../frontend/context/ToastContext' or its corresponding type declarations.
src/components/stories/features/documents/DocumentExplorer.stories.tsx(12,32): error TS2307: Cannot find module '../../../../frontend/context/WindowContext' or its corresponding type declarations.
src/components/stories/features/documents/DocumentFilters.stories.tsx(10,33): error TS2307: Cannot find module '../../../../frontend/components/operations/documents/DocumentFilters' or its corresponding type declarations.
src/components/stories/features/documents/DocumentFilters.stories.tsx(11,31): error TS2307: Cannot find module '../../../../frontend/context/ThemeContext' or its corresponding type declarations.
src/components/stories/features/documents/DocumentFilters.stories.tsx(105,6): error TS7006: Parameter 'Story' implicitly has an 'any' type.
src/components/stories/features/documents/DocumentGridCard.stories.tsx(10,34): error TS2307: Cannot find module '../../../../frontend/components/operations/documents/DocumentGridCard' or its corresponding type declarations.
src/components/stories/features/documents/DocumentGridCard.stories.tsx(11,31): error TS2307: Cannot find module '../../../../frontend/context/ThemeContext' or its corresponding type declarations.
src/components/stories/features/documents/DocumentGridCard.stories.tsx(12,31): error TS2307: Cannot find module '../../../../frontend/types' or its corresponding type declarations.
src/components/stories/features/documents/DocumentManager.stories.tsx(10,29): error TS2307: Cannot find module '../../../../frontend/components/operations/documents/DocumentManager' or its corresponding type declarations.
src/components/stories/features/documents/DocumentManager.stories.tsx(11,31): error TS2307: Cannot find module '../../../../frontend/context/ThemeContext' or its corresponding type declarations.
src/components/stories/features/documents/DocumentManager.stories.tsx(12,31): error TS2307: Cannot find module '../../../../frontend/context/ToastContext' or its corresponding type declarations.
src/components/stories/features/documents/DocumentManager.stories.tsx(13,32): error TS2307: Cannot find module '../../../../frontend/context/WindowContext' or its corresponding type declarations.
src/components/stories/features/documents/DocumentManager.stories.tsx(14,31): error TS2307: Cannot find module '../../../../frontend/types' or its corresponding type declarations.
src/components/stories/features/documents/DocumentRow.stories.tsx(10,29): error TS2307: Cannot find module '../../../../frontend/components/operations/documents/table/DocumentRow' or its corresponding type declarations.
src/components/stories/features/documents/DocumentRow.stories.tsx(11,31): error TS2307: Cannot find module '../../../../frontend/context/ThemeContext' or its corresponding type declarations.
src/components/stories/features/documents/DocumentRow.stories.tsx(12,26): error TS2307: Cannot find module '../../../../frontend/context/ThemeContext' or its corresponding type declarations.
src/components/stories/features/documents/DocumentRow.stories.tsx(13,59): error TS2307: Cannot find module '../../../../frontend/types' or its corresponding type declarations.
src/components/stories/features/documents/DocumentTable.stories.tsx(10,31): error TS2307: Cannot find module '../../../../frontend/components/operations/documents/table/DocumentTable' or its corresponding type declarations.
src/components/stories/features/documents/DocumentTable.stories.tsx(11,31): error TS2307: Cannot find module '../../../../frontend/context/ThemeContext' or its corresponding type declarations.
src/components/stories/features/documents/DocumentTable.stories.tsx(12,59): error TS2307: Cannot find module '../../../../frontend/types' or its corresponding type declarations.
src/components/stories/features/documents/DocumentToolbar.stories.tsx(10,33): error TS2307: Cannot find module '../../../../frontend/components/operations/documents/DocumentToolbar' or its corresponding type declarations.
src/components/stories/features/documents/DocumentToolbar.stories.tsx(11,31): error TS2307: Cannot find module '../../../../frontend/context/ThemeContext' or its corresponding type declarations.
src/components/stories/features/documents/DocumentToolbar.stories.tsx(12,32): error TS2307: Cannot find module '../../../../frontend/context/WindowContext' or its corresponding type declarations.
src/components/stories/features/documents/DocumentVersions.stories.tsx(10,34): error TS2307: Cannot find module '../../../../frontend/components/operations/documents/DocumentVersions' or its corresponding type declarations.
src/components/stories/features/documents/DocumentVersions.stories.tsx(11,31): error TS2307: Cannot find module '../../../../frontend/context/ThemeContext' or its corresponding type declarations.
src/components/stories/features/documents/DocumentVersions.stories.tsx(12,51): error TS2307: Cannot find module '../../../../frontend/types' or its corresponding type declarations.
src/components/stories/features/litigation/Discovery.stories.tsx(2,79): error TS2307: Cannot find module '../../../../frontend/types' or its corresponding type declarations.
src/components/stories/features/litigation/Discovery.stories.tsx(3,35): error TS2307: Cannot find module '../../../../frontend/components/litigation/discovery/DiscoveryPlatform' or its corresponding type declarations.
src/components/stories/features/litigation/Discovery.stories.tsx(4,35): error TS2307: Cannot find module '../../../../frontend/components/litigation/discovery/DiscoveryRequests' or its corresponding type declarations.
src/components/stories/features/litigation/Discovery.stories.tsx(5,38): error TS2307: Cannot find module '../../../../frontend/components/litigation/discovery/DiscoveryProductions' or its corresponding type declarations.
src/components/stories/features/litigation/Discovery.stories.tsx(6,30): error TS2307: Cannot find module '../../../../frontend/components/litigation/discovery/DiscoveryESI' or its corresponding type declarations.
src/components/stories/features/litigation/Discovery.stories.tsx(7,38): error TS2307: Cannot find module '../../../../frontend/components/litigation/discovery/DiscoveryDepositions' or its corresponding type declarations.
src/components/stories/features/litigation/Discovery.stories.tsx(8,37): error TS2307: Cannot find module '../../../../frontend/components/litigation/discovery/DiscoveryInterviews' or its corresponding type declarations.
src/components/stories/features/litigation/Discovery.stories.tsx(9,39): error TS2307: Cannot find module '../../../../frontend/components/litigation/discovery/DiscoveryStipulations' or its corresponding type declarations.
src/components/stories/features/litigation/Discovery.stories.tsx(10,28): error TS2307: Cannot find module '../../../../frontend/components/litigation/discovery/LegalHolds' or its corresponding type declarations.
src/components/stories/features/litigation/Discovery.stories.tsx(11,30): error TS2307: Cannot find module '../../../../frontend/components/litigation/discovery/PrivilegeLog' or its corresponding type declarations.
src/components/stories/features/litigation/Discovery.stories.tsx(12,28): error TS2307: Cannot find module '../../../../frontend/components/litigation/discovery/Custodians' or its corresponding type declarations.
src/components/stories/features/litigation/Discovery.stories.tsx(13,34): error TS2307: Cannot find module '../../../../frontend/components/litigation/discovery/VendorManagement' or its corresponding type declarations.
src/components/stories/features/litigation/Discovery.stories.tsx(14,41): error TS2307: Cannot find module '../../../../frontend/components/litigation/discovery/InitialDisclosureWizard' or its corresponding type declarations.
src/components/stories/features/litigation/Discovery.stories.tsx(15,39): error TS2307: Cannot find module '../../../../frontend/components/litigation/discovery/MotionToCompelBuilder' or its corresponding type declarations.
src/components/stories/features/litigation/Discovery.stories.tsx(16,36): error TS2307: Cannot find module '../../../../frontend/components/litigation/discovery/MotionForSanctions' or its corresponding type declarations.
src/components/stories/features/litigation/Discovery.stories.tsx(17,37): error TS2307: Cannot find module '../../../../frontend/components/litigation/discovery/RequestForAdmission' or its corresponding type declarations.
src/components/stories/features/litigation/Discovery.stories.tsx(18,37): error TS2307: Cannot find module '../../../../frontend/components/litigation/discovery/PerpetuateTestimony' or its corresponding type declarations.
src/components/stories/features/litigation/Discovery.stories.tsx(19,35): error TS2307: Cannot find module '../../../../frontend/components/litigation/discovery/TranscriptManager' or its corresponding type declarations.
src/components/stories/features/litigation/Discovery.stories.tsx(20,31): error TS2307: Cannot find module '../../../../frontend/context/ThemeContext' or its corresponding type declarations.
src/components/stories/features/litigation/Discovery.stories.tsx(21,31): error TS2307: Cannot find module '../../../../frontend/context/ToastContext' or its corresponding type declarations.
src/components/stories/features/litigation/Discovery.stories.tsx(62,3): error TS1117: An object literal cannot have multiple properties with the same name.
src/components/stories/features/litigation/Evidence.stories.tsx(2,90): error TS2307: Cannot find module '../../../../frontend/types' or its corresponding type declarations.
src/components/stories/features/litigation/Evidence.stories.tsx(3,35): error TS2307: Cannot find module '../../../../frontend/components/litigation/evidence/EvidenceDashboard' or its corresponding type declarations.
src/components/stories/features/litigation/Evidence.stories.tsx(4,31): error TS2307: Cannot find module '../../../../frontend/components/litigation/evidence/EvidenceVault' or its corresponding type declarations.
src/components/stories/features/litigation/Evidence.stories.tsx(5,35): error TS2307: Cannot find module '../../../../frontend/components/litigation/evidence/EvidenceInventory' or its corresponding type declarations.
src/components/stories/features/litigation/Evidence.stories.tsx(6,32): error TS2307: Cannot find module '../../../../frontend/components/litigation/evidence/EvidenceIntake' or its corresponding type declarations.
src/components/stories/features/litigation/Evidence.stories.tsx(7,40): error TS2307: Cannot find module '../../../../frontend/components/litigation/evidence/EvidenceChainOfCustody' or its corresponding type declarations.
src/components/stories/features/litigation/Evidence.stories.tsx(8,39): error TS2307: Cannot find module '../../../../frontend/components/litigation/evidence/EvidenceAdmissibility' or its corresponding type declarations.
src/components/stories/features/litigation/Evidence.stories.tsx(9,35): error TS2307: Cannot find module '../../../../frontend/components/litigation/evidence/EvidenceForensics' or its corresponding type declarations.
src/components/stories/features/litigation/Evidence.stories.tsx(10,32): error TS2307: Cannot find module '../../../../frontend/components/litigation/evidence/EvidenceDetail' or its corresponding type declarations.
src/components/stories/features/litigation/Evidence.stories.tsx(11,31): error TS2307: Cannot find module '../../../../frontend/context/ThemeContext' or its corresponding type declarations.
src/components/stories/features/litigation/Evidence.stories.tsx(12,31): error TS2307: Cannot find module '../../../../frontend/context/ToastContext' or its corresponding type declarations.
src/components/stories/features/litigation/Evidence.stories.tsx(53,3): error TS1117: An object literal cannot have multiple properties with the same name.
src/components/stories/features/litigation/Evidence.stories.tsx(83,26): error TS7006: Parameter 'view' implicitly has an 'any' type.
src/components/stories/features/litigation/Evidence.stories.tsx(108,30): error TS7006: Parameter 'id' implicitly has an 'any' type.
src/components/stories/features/litigation/Exhibits.stories.tsx(2,83): error TS2307: Cannot find module '../../../../frontend/types' or its corresponding type declarations.
src/components/stories/features/litigation/Exhibits.stories.tsx(3,32): error TS2307: Cannot find module '../../../../frontend/components/litigation/exhibits/ExhibitManager' or its corresponding type declarations.
src/components/stories/features/litigation/Exhibits.stories.tsx(4,30): error TS2307: Cannot find module '../../../../frontend/components/litigation/exhibits/ExhibitTable' or its corresponding type declarations.
src/components/stories/features/litigation/Exhibits.stories.tsx(5,33): error TS2307: Cannot find module '../../../../frontend/components/litigation/exhibits/StickerDesigner' or its corresponding type declarations.
src/components/stories/features/litigation/Exhibits.stories.tsx(6,31): error TS2307: Cannot find module '../../../../frontend/context/ThemeContext' or its corresponding type declarations.
src/components/stories/features/litigation/Exhibits.stories.tsx(7,31): error TS2307: Cannot find module '../../../../frontend/context/ToastContext' or its corresponding type declarations.
src/components/stories/features/litigation/Exhibits.stories.tsx(47,3): error TS1117: An object literal cannot have multiple properties with the same name.
src/components/stories/features/litigation/LitigationBuilder.stories.tsx(2,35): error TS2307: Cannot find module '../../../../frontend/components/litigation/strategy/LitigationBuilder' or its corresponding type declarations.
src/components/stories/features/litigation/LitigationBuilder.stories.tsx(3,31): error TS2307: Cannot find module '../../../../frontend/context/ThemeContext' or its corresponding type declarations.
src/components/stories/features/litigation/LitigationBuilder.stories.tsx(4,31): error TS2307: Cannot find module '../../../../frontend/context/ToastContext' or its corresponding type declarations.
src/components/stories/features/litigation/Pleadings.stories.tsx(2,77): error TS2307: Cannot find module '../../../../frontend/types' or its corresponding type declarations.
src/components/stories/features/litigation/Pleadings.stories.tsx(3,33): error TS2307: Cannot find module '../../../../frontend/components/litigation/pleadings/PleadingBuilder' or its corresponding type declarations.
src/components/stories/features/litigation/Pleadings.stories.tsx(4,35): error TS2307: Cannot find module '../../../../frontend/components/litigation/pleadings/PleadingDashboard' or its corresponding type declarations.
src/components/stories/features/litigation/Pleadings.stories.tsx(5,30): error TS2307: Cannot find module '../../../../frontend/components/litigation/pleadings/PleadingDesigner' or its corresponding type declarations.
src/components/stories/features/litigation/Pleadings.stories.tsx(6,35): error TS2307: Cannot find module '../../../../frontend/components/litigation/pleadings/PleadingTemplates' or its corresponding type declarations.
src/components/stories/features/litigation/Pleadings.stories.tsx(7,32): error TS2307: Cannot find module '../../../../frontend/components/litigation/pleadings/PleadingDrafts' or its corresponding type declarations.
src/components/stories/features/litigation/Pleadings.stories.tsx(8,37): error TS2307: Cannot find module '../../../../frontend/components/litigation/pleadings/PleadingFilingQueue' or its corresponding type declarations.
src/components/stories/features/litigation/Pleadings.stories.tsx(9,35): error TS2307: Cannot find module '../../../../frontend/components/litigation/pleadings/PleadingAnalytics' or its corresponding type declarations.
src/components/stories/features/litigation/Pleadings.stories.tsx(10,31): error TS2307: Cannot find module '../../../../frontend/context/ThemeContext' or its corresponding type declarations.
src/components/stories/features/litigation/Pleadings.stories.tsx(11,31): error TS2307: Cannot find module '../../../../frontend/context/ToastContext' or its corresponding type declarations.
src/components/stories/features/litigation/Pleadings.stories.tsx(53,3): error TS1117: An object literal cannot have multiple properties with the same name.
src/components/stories/features/litigation/Strategy.stories.tsx(2,29): error TS2307: Cannot find module '../../../../frontend/types' or its corresponding type declarations.
src/components/stories/features/litigation/Strategy.stories.tsx(3,32): error TS2307: Cannot find module '../../../../frontend/components/litigation/strategy/StrategyCanvas' or its corresponding type declarations.
src/components/stories/features/litigation/Strategy.stories.tsx(4,35): error TS2307: Cannot find module '../../../../frontend/components/litigation/strategy/LitigationBuilder' or its corresponding type declarations.
src/components/stories/features/litigation/Strategy.stories.tsx(5,37): error TS2307: Cannot find module '../../../../frontend/components/litigation/strategy/LitigationGanttView' or its corresponding type declarations.
src/components/stories/features/litigation/Strategy.stories.tsx(6,34): error TS2307: Cannot find module '../../../../frontend/components/litigation/strategy/OutcomeSimulator' or its corresponding type declarations.
src/components/stories/features/litigation/Strategy.stories.tsx(7,33): error TS2307: Cannot find module '../../../../frontend/components/litigation/strategy/PlaybookLibrary' or its corresponding type declarations.
src/components/stories/features/litigation/Strategy.stories.tsx(8,32): error TS2307: Cannot find module '../../../../frontend/components/litigation/strategy/PlaybookDetail' or its corresponding type declarations.
src/components/stories/features/litigation/Strategy.stories.tsx(9,31): error TS2307: Cannot find module '../../../../frontend/context/ThemeContext' or its corresponding type declarations.
src/components/stories/features/litigation/Strategy.stories.tsx(10,31): error TS2307: Cannot find module '../../../../frontend/context/ToastContext' or its corresponding type declarations.
src/components/stories/features/litigation/Strategy.stories.tsx(12,65): error TS2307: Cannot find module '../../../../frontend/components/matters/workflow/builder/types' or its corresponding type declarations.
src/components/stories/features/litigation/WarRoom.stories.tsx(2,83): error TS2307: Cannot find module '../../../../frontend/types' or its corresponding type declarations.
src/components/stories/features/litigation/WarRoom.stories.tsx(3,25): error TS2307: Cannot find module '../../../../frontend/components/litigation/war-room/WarRoom' or its corresponding type declarations.
src/components/stories/features/litigation/WarRoom.stories.tsx(4,31): error TS2307: Cannot find module '../../../../frontend/components/litigation/war-room/CommandCenter' or its corresponding type declarations.
src/components/stories/features/litigation/WarRoom.stories.tsx(5,30): error TS2307: Cannot find module '../../../../frontend/components/litigation/war-room/EvidenceWall' or its corresponding type declarations.
src/components/stories/features/litigation/WarRoom.stories.tsx(6,31): error TS2307: Cannot find module '../../../../frontend/components/litigation/war-room/AdvisoryBoard' or its corresponding type declarations.
src/components/stories/features/litigation/WarRoom.stories.tsx(7,35): error TS2307: Cannot find module '../../../../frontend/components/litigation/war-room/OppositionManager' or its corresponding type declarations.
src/components/stories/features/litigation/WarRoom.stories.tsx(8,29): error TS2307: Cannot find module '../../../../frontend/components/litigation/war-room/WitnessPrep' or its corresponding type declarations.
src/components/stories/features/litigation/WarRoom.stories.tsx(9,29): error TS2307: Cannot find module '../../../../frontend/components/litigation/war-room/TrialBinder' or its corresponding type declarations.
src/components/stories/features/litigation/WarRoom.stories.tsx(10,31): error TS2307: Cannot find module '../../../../frontend/context/ThemeContext' or its corresponding type declarations.
src/components/stories/features/litigation/WarRoom.stories.tsx(11,31): error TS2307: Cannot find module '../../../../frontend/context/ToastContext' or its corresponding type declarations.
src/components/stories/features/litigation/WarRoom.stories.tsx(53,3): error TS1117: An object literal cannot have multiple properties with the same name.
src/components/stories/features/matters/CaseManagementHub.stories.tsx(2,35): error TS2307: Cannot find module '../../../../frontend/components/matters/create/CaseManagementHub' or its corresponding type declarations.
src/components/stories/features/matters/CaseManagementHub.stories.tsx(3,31): error TS2307: Cannot find module '../../../../frontend/context/ThemeContext' or its corresponding type declarations.
src/components/stories/features/matters/CaseManagementHub.stories.tsx(4,31): error TS2307: Cannot find module '../../../../frontend/context/ToastContext' or its corresponding type declarations.
src/components/stories/features/matters/MatterAnalyticsDashboard.stories.tsx(2,42): error TS2307: Cannot find module '../../../../frontend/components/matters/analytics/MatterAnalyticsDashboard' or its corresponding type declarations.
src/components/stories/features/matters/MatterAnalyticsDashboard.stories.tsx(3,31): error TS2307: Cannot find module '../../../../frontend/context/ThemeContext' or its corresponding type declarations.
src/components/stories/features/matters/MatterAnalyticsDashboard.stories.tsx(4,31): error TS2307: Cannot find module '../../../../frontend/context/ToastContext' or its corresponding type declarations.
src/components/stories/features/matters/MatterFinancialsCenter.stories.tsx(2,40): error TS2307: Cannot find module '../../../../frontend/components/matters/financials/MatterFinancialsCenter' or its corresponding type declarations.
src/components/stories/features/matters/MatterFinancialsCenter.stories.tsx(3,31): error TS2307: Cannot find module '../../../../frontend/context/ThemeContext' or its corresponding type declarations.
src/components/stories/features/matters/MatterFinancialsCenter.stories.tsx(4,31): error TS2307: Cannot find module '../../../../frontend/context/ToastContext' or its corresponding type declarations.
src/components/stories/features/matters/MatterInsightsDashboard.stories.tsx(2,41): error TS2307: Cannot find module '../../../../frontend/components/matters/insights/MatterInsightsDashboard' or its corresponding type declarations.
src/components/stories/features/matters/MatterInsightsDashboard.stories.tsx(3,31): error TS2307: Cannot find module '../../../../frontend/context/ThemeContext' or its corresponding type declarations.
src/components/stories/features/matters/MatterInsightsDashboard.stories.tsx(4,31): error TS2307: Cannot find module '../../../../frontend/context/ToastContext' or its corresponding type declarations.
src/components/stories/features/matters/MatterManagement.stories.tsx(10,34): error TS2307: Cannot find module '../../../../frontend/components/matters/list/MatterManagement' or its corresponding type declarations.
src/components/stories/features/matters/MatterManagement.stories.tsx(11,31): error TS2307: Cannot find module '../../../../frontend/context/ThemeContext' or its corresponding type declarations.
src/components/stories/features/matters/MatterManagement.stories.tsx(12,31): error TS2307: Cannot find module '../../../../frontend/context/ToastContext' or its corresponding type declarations.
src/components/stories/features/matters/MatterOperationsCenter.stories.tsx(2,40): error TS2307: Cannot find module '../../../../frontend/components/matters/operations/MatterOperationsCenter' or its corresponding type declarations.
src/components/stories/features/matters/MatterOperationsCenter.stories.tsx(3,31): error TS2307: Cannot find module '../../../../frontend/context/ThemeContext' or its corresponding type declarations.
src/components/stories/features/matters/MatterOperationsCenter.stories.tsx(4,31): error TS2307: Cannot find module '../../../../frontend/context/ToastContext' or its corresponding type declarations.
src/components/stories/features/matters/MatterOverviewDashboard.stories.tsx(2,41): error TS2307: Cannot find module '../../../../frontend/components/matters/overview/MatterOverviewDashboard' or its corresponding type declarations.
src/components/stories/features/matters/MatterOverviewDashboard.stories.tsx(3,31): error TS2307: Cannot find module '../../../../frontend/context/ThemeContext' or its corresponding type declarations.
src/components/stories/features/matters/MatterOverviewDashboard.stories.tsx(4,31): error TS2307: Cannot find module '../../../../frontend/context/ToastContext' or its corresponding type declarations.
src/components/stories/features/pleadings/MotionToCompelBuilder.stories.tsx(2,39): error TS2307: Cannot find module '../../../../frontend/components/litigation/discovery/MotionToCompelBuilder' or its corresponding type declarations.
src/components/stories/features/pleadings/MotionToCompelBuilder.stories.tsx(3,31): error TS2307: Cannot find module '../../../../frontend/context/ThemeContext' or its corresponding type declarations.
src/components/stories/features/pleadings/MotionToCompelBuilder.stories.tsx(4,31): error TS2307: Cannot find module '../../../../frontend/context/ToastContext' or its corresponding type declarations.
src/components/stories/features/pleadings/MotionToCompelBuilder.stories.tsx(6,24): error TS2307: Cannot find module '../../../../frontend/types' or its corresponding type declarations.
src/components/stories/features/pleadings/PleadingBuilder.stories.tsx(2,33): error TS2307: Cannot find module '../../../../frontend/components/litigation/pleadings/PleadingBuilder' or its corresponding type declarations.
src/components/stories/features/pleadings/PleadingBuilder.stories.tsx(3,31): error TS2307: Cannot find module '../../../../frontend/context/ThemeContext' or its corresponding type declarations.
src/components/stories/features/pleadings/PleadingBuilder.stories.tsx(4,31): error TS2307: Cannot find module '../../../../frontend/context/ToastContext' or its corresponding type declarations.
src/components/stories/features/pleadings/PleadingDashboard.stories.tsx(2,35): error TS2307: Cannot find module '../../../../frontend/components/litigation/pleadings/PleadingDashboard' or its corresponding type declarations.
src/components/stories/features/pleadings/PleadingDashboard.stories.tsx(3,31): error TS2307: Cannot find module '../../../../frontend/context/ThemeContext' or its corresponding type declarations.
src/components/stories/features/pleadings/PleadingDashboard.stories.tsx(4,31): error TS2307: Cannot find module '../../../../frontend/context/ToastContext' or its corresponding type declarations.
src/components/stories/features/pleadings/PleadingDashboard.stories.tsx(56,16): error TS7006: Parameter 'newDoc' implicitly has an 'any' type.
src/components/stories/features/pleadings/PleadingDashboard.stories.tsx(59,14): error TS7006: Parameter 'id' implicitly has an 'any' type.
src/components/stories/features/pleadings/PleadingDashboard.stories.tsx(70,16): error TS7006: Parameter 'newDoc' implicitly has an 'any' type.
src/components/stories/features/pleadings/PleadingDashboard.stories.tsx(73,14): error TS7006: Parameter 'id' implicitly has an 'any' type.
src/components/stories/features/pleadings/PleadingDashboard.stories.tsx(89,16): error TS7006: Parameter 'newDoc' implicitly has an 'any' type.
src/components/stories/features/pleadings/PleadingDashboard.stories.tsx(92,14): error TS7006: Parameter 'id' implicitly has an 'any' type.
src/components/stories/foundations/layout/TabbedPageLayout.ExhibitPro.stories.tsx(1,37): error TS2307: Cannot find module 'storybook/react-vite' or its corresponding type declarations.
src/components/stories/foundations/layout/TabbedPageLayout.ExhibitPro.stories.tsx(2,49): error TS2307: Cannot find module '../../../../frontend/components/layout/TabbedPageLayout' or its corresponding type declarations.
src/components/stories/foundations/layout/TabbedPageLayout.ExhibitPro.stories.tsx(3,31): error TS2307: Cannot find module '../../../../frontend/context/ThemeContext' or its corresponding type declarations.
src/components/stories/foundations/layout/TabbedPageLayout.ExhibitPro.stories.tsx(19,24): error TS2307: Cannot find module '../../../../frontend/components/common/Button' or its corresponding type declarations.
src/components/stories/foundations/layout/TabbedPageLayout.ExhibitPro.stories.tsx(20,20): error TS2307: Cannot find module '../../../../frontend/utils/cn' or its corresponding type declarations.
src/components/stories/foundations/layout/TabbedPageLayout.MatterManagement.stories.tsx(2,49): error TS2307: Cannot find module '../../../components/layout/TabbedPageLayout' or its corresponding type declarations.
src/components/stories/foundations/layout/TabbedPageLayout.MatterManagement.stories.tsx(3,24): error TS2307: Cannot find module '../../../components/common/Button' or its corresponding type declarations.
src/components/stories/foundations/layout/TabbedPageLayout.MatterManagement.stories.tsx(4,31): error TS2307: Cannot find module '../../../context/ThemeContext' or its corresponding type declarations.
src/components/stories/foundations/layout/TabbedPageLayout.MatterManagement.stories.tsx(5,31): error TS2307: Cannot find module '../../../context/ToastContext' or its corresponding type declarations.
src/components/stories/foundations/layout/TabbedPageLayout.MatterManagement.stories.tsx(10,41): error TS2307: Cannot find module '../../../components/matters/overview/MatterOverviewDashboard' or its corresponding type declarations.
src/components/stories/foundations/layout/TabbedPageLayout.MatterManagement.stories.tsx(11,40): error TS2307: Cannot find module '../../../components/matters/operations/MatterOperationsCenter' or its corresponding type declarations.
src/components/stories/foundations/layout/TabbedPageLayout.MatterManagement.stories.tsx(12,32): error TS2307: Cannot find module '../../../components/matters/calendar/MatterCalendar' or its corresponding type declarations.
src/components/stories/foundations/layout/TabbedPageLayout.MatterManagement.stories.tsx(13,40): error TS2307: Cannot find module '../../../components/matters/financials/MatterFinancialsCenter' or its corresponding type declarations.
src/components/stories/foundations/layout/TabbedPageLayout.MatterManagement.stories.tsx(14,42): error TS2307: Cannot find module '../../../components/matters/analytics/MatterAnalyticsDashboard' or its corresponding type declarations.
src/components/stories/foundations/layout/TabbedPageLayout.MatterManagement.stories.tsx(15,41): error TS2307: Cannot find module '../../../components/matters/insights/MatterInsightsDashboard' or its corresponding type declarations.
src/components/stories/foundations/layout/TabbedPageLayout.MatterManagement.stories.tsx(16,37): error TS2307: Cannot find module '../../../components/matters/intake/NewMatterIntakeForm' or its corresponding type declarations.
src/components/stories/foundations/layout/TabbedPageLayout.UserProfile.stories.tsx(2,49): error TS2307: Cannot find module '../../../../frontend/components/layout/TabbedPageLayout' or its corresponding type declarations.
src/components/stories/foundations/layout/TabbedPageLayout.UserProfile.stories.tsx(3,31): error TS2307: Cannot find module '../../../../frontend/context/ThemeContext' or its corresponding type declarations.
src/components/stories/foundations/navigation/TabNavigation.Basic.stories.tsx(2,31): error TS2307: Cannot find module '../../../../frontend/components/common/TabNavigation' or its corresponding type declarations.
src/components/stories/foundations/navigation/TabNavigation.Basic.stories.tsx(3,31): error TS2307: Cannot find module '../../../../frontend/context/ThemeContext' or its corresponding type declarations.
src/components/stories/foundations/navigation/Tabs.Segmented.stories.tsx(2,22): error TS2307: Cannot find module '../../../../frontend/components/common/Tabs' or its corresponding type declarations.
src/components/stories/foundations/navigation/Tabs.Segmented.stories.tsx(3,31): error TS2307: Cannot find module '../../../../frontend/context/ThemeContext' or its corresponding type declarations.
src/components/stories/foundations/navigation/Tabs.Underline.stories.tsx(2,22): error TS2307: Cannot find module '../../../../frontend/components/common/Tabs' or its corresponding type declarations.
src/components/stories/foundations/navigation/Tabs.Underline.stories.tsx(3,31): error TS2307: Cannot find module '../../../../frontend/context/ThemeContext' or its corresponding type declarations.
src/components/stories/foundations/navigation/TabsV2.stories.tsx(2,39): error TS2307: Cannot find module '../../../components/common/TabsV2' or its corresponding type declarations.
src/components/stories/foundations/navigation/TabsV2.stories.tsx(3,31): error TS2307: Cannot find module '../../../context/ThemeContext' or its corresponding type declarations.
src/components/stories/foundations/navigation/TabsV2.stories.tsx(104,12): error TS7006: Parameter 'args' implicitly has an 'any' type.
src/components/stories/index.ts(12,35): error TS2307: Cannot find module './DocketRow.stories' or its corresponding type declarations.
src/components/stories/index.ts(13,37): error TS2307: Cannot find module './DocketTable.stories' or its corresponding type declarations.
src/components/stories/index.ts(14,42): error TS2307: Cannot find module './DocketEntryModal.stories' or its corresponding type declarations.
src/components/stories/index.ts(15,44): error TS2307: Cannot find module './DocketEntryBuilder.stories' or its corresponding type declarations.
src/components/stories/index.ts(16,43): error TS2307: Cannot find module './DocketImportModal.stories' or its corresponding type declarations.
src/components/stories/index.ts(17,43): error TS2307: Cannot find module './DocketFilterPanel.stories' or its corresponding type declarations.
src/components/stories/index.ts(18,39): error TS2307: Cannot find module './DocketToolbar.stories' or its corresponding type declarations.
src/components/stories/index.ts(19,37): error TS2307: Cannot find module './DocketStats.stories' or its corresponding type declarations.
src/components/stories/index.ts(20,40): error TS2307: Cannot find module './DocketCalendar.stories' or its corresponding type declarations.
src/components/stories/index.ts(21,41): error TS2307: Cannot find module './DocketAnalytics.stories' or its corresponding type declarations.
src/components/stories/index.ts(22,40): error TS2307: Cannot find module './DocketSettings.stories' or its corresponding type declarations.
src/components/stories/index.ts(23,37): error TS2307: Cannot find module './DocketSheet.stories' or its corresponding type declarations.
src/components/stories/index.ts(24,39): error TS2307: Cannot find module './DocketManager.stories' or its corresponding type declarations.
src/components/stories/index.ts(27,38): error TS2307: Cannot find module './FilingCenter.stories' or its corresponding type declarations.
src/components/stories/knowledge/KnowledgeCenter.stories.tsx(2,33): error TS2307: Cannot find module '../../components/knowledge/practice/KnowledgeCenter' or its corresponding type declarations.
src/components/stories/knowledge/KnowledgeCenter.stories.tsx(3,31): error TS2307: Cannot find module '../../context/ThemeContext' or its corresponding type declarations.
src/components/stories/knowledge/KnowledgeCenter.stories.tsx(4,31): error TS2307: Cannot find module '../../context/ToastContext' or its corresponding type declarations.
src/components/stories/operations/billing/BillingDashboard.stories.tsx(11,30): error TS2307: Cannot find module '../../../components/operations/billing/BillingDashboard' or its corresponding type declarations.
src/components/stories/operations/billing/BillingDashboard.stories.tsx(12,31): error TS2307: Cannot find module '../../../context/ThemeContext' or its corresponding type declarations.
src/components/stories/operations/billing/BillingDashboard.stories.tsx(13,31): error TS2307: Cannot find module '../../../context/ToastContext' or its corresponding type declarations.
src/components/stories/operations/billing/FeeAgreementManagement.stories.tsx(2,40): error TS2307: Cannot find module '../../../components/operations/billing/fee-agreements/FeeAgreementManagement' or its corresponding type declarations.
src/components/stories/operations/billing/FeeAgreementManagement.stories.tsx(3,31): error TS2307: Cannot find module '../../../context/ThemeContext' or its corresponding type declarations.
src/components/stories/operations/billing/FeeAgreementManagement.stories.tsx(4,31): error TS2307: Cannot find module '../../../context/ToastContext' or its corresponding type declarations.
src/components/stories/operations/billing/FinancialCenter.stories.tsx(2,33): error TS2307: Cannot find module '../../../components/knowledge/practice/FinancialCenter' or its corresponding type declarations.
src/components/stories/operations/billing/FinancialCenter.stories.tsx(3,31): error TS2307: Cannot find module '../../../context/ThemeContext' or its corresponding type declarations.
src/components/stories/operations/billing/FinancialCenter.stories.tsx(4,31): error TS2307: Cannot find module '../../../context/ToastContext' or its corresponding type declarations.
src/components/stories/operations/billing/RateTableManagement.stories.tsx(2,37): error TS2307: Cannot find module '../../../components/operations/billing/rate-tables/RateTableManagement' or its corresponding type declarations.
src/components/stories/operations/billing/RateTableManagement.stories.tsx(3,31): error TS2307: Cannot find module '../../../context/ThemeContext' or its corresponding type declarations.
src/components/stories/operations/billing/RateTableManagement.stories.tsx(4,31): error TS2307: Cannot find module '../../../context/ToastContext' or its corresponding type declarations.
src/components/stories/operations/billing/TrustAccountDashboard.stories.tsx(2,39): error TS2307: Cannot find module '../../../components/operations/billing/trust/TrustAccountDashboard' or its corresponding type declarations.
src/components/stories/operations/billing/TrustAccountDashboard.stories.tsx(3,31): error TS2307: Cannot find module '../../../context/ThemeContext' or its corresponding type declarations.
src/components/stories/operations/billing/TrustAccountDashboard.stories.tsx(4,31): error TS2307: Cannot find module '../../../context/ToastContext' or its corresponding type declarations.
src/components/stories/operations/compliance/ComplianceDashboard.stories.tsx(2,37): error TS2307: Cannot find module '../../../components/operations/compliance/ComplianceDashboard' or its corresponding type declarations.
src/components/stories/operations/compliance/ComplianceDashboard.stories.tsx(3,31): error TS2307: Cannot find module '../../../context/ThemeContext' or its corresponding type declarations.
src/components/stories/operations/compliance/ComplianceDashboard.stories.tsx(4,31): error TS2307: Cannot find module '../../../context/ToastContext' or its corresponding type declarations.
src/components/stories/operations/compliance/GovernanceConsole.stories.tsx(2,35): error TS2307: Cannot find module '../../../components/admin/data/GovernanceConsole' or its corresponding type declarations.
src/components/stories/operations/compliance/GovernanceConsole.stories.tsx(3,31): error TS2307: Cannot find module '../../../context/ThemeContext' or its corresponding type declarations.
src/components/stories/operations/compliance/GovernanceConsole.stories.tsx(4,31): error TS2307: Cannot find module '../../../context/ToastContext' or its corresponding type declarations.
src/components/stories/operations/compliance/GovernanceDashboard.stories.tsx(2,37): error TS2307: Cannot find module '../../../components/admin/data/governance/GovernanceDashboard' or its corresponding type declarations.
src/components/stories/operations/compliance/GovernanceDashboard.stories.tsx(3,31): error TS2307: Cannot find module '../../../context/ThemeContext' or its corresponding type declarations.
src/components/stories/operations/compliance/GovernanceDashboard.stories.tsx(4,31): error TS2307: Cannot find module '../../../context/ToastContext' or its corresponding type declarations.
src/components/stories/operations/compliance/RuleBuilder.stories.tsx(2,29): error TS2307: Cannot find module '../../../components/admin/data/quality/RuleBuilder' or its corresponding type declarations.
src/components/stories/operations/compliance/RuleBuilder.stories.tsx(3,31): error TS2307: Cannot find module '../../../context/ThemeContext' or its corresponding type declarations.
src/components/stories/operations/compliance/RuleBuilder.stories.tsx(4,31): error TS2307: Cannot find module '../../../context/ToastContext' or its corresponding type declarations.
src/components/stories/operations/compliance/RuleBuilder.stories.tsx(30,14): error TS7006: Parameter 'rule' implicitly has an 'any' type.
src/components/stories/operations/compliance/RuleBuilder.stories.tsx(37,14): error TS7006: Parameter 'rule' implicitly has an 'any' type.
src/components/stories/operations/compliance/RuleBuilder.stories.tsx(45,14): error TS7006: Parameter 'rule' implicitly has an 'any' type.
src/components/stories/operations/compliance/RulesDashboard.stories.tsx(2,32): error TS2307: Cannot find module '../../../components/knowledge/rules/RulesDashboard' or its corresponding type declarations.
src/components/stories/operations/compliance/RulesDashboard.stories.tsx(3,31): error TS2307: Cannot find module '../../../context/ThemeContext' or its corresponding type declarations.
src/components/stories/operations/compliance/RulesDashboard.stories.tsx(4,31): error TS2307: Cannot find module '../../../context/ToastContext' or its corresponding type declarations.
src/components/stories/operations/compliance/RulesPlatform.stories.tsx(2,31): error TS2307: Cannot find module '../../../components/knowledge/rules/RulesPlatform' or its corresponding type declarations.
src/components/stories/operations/compliance/RulesPlatform.stories.tsx(3,31): error TS2307: Cannot find module '../../../context/ThemeContext' or its corresponding type declarations.
src/components/stories/operations/compliance/RulesPlatform.stories.tsx(4,31): error TS2307: Cannot find module '../../../context/ToastContext' or its corresponding type declarations.
src/components/stories/operations/crm/CRMDashboard.stories.tsx(2,30): error TS2307: Cannot find module '../../../components/operations/crm/CRMDashboard' or its corresponding type declarations.
src/components/stories/operations/crm/CRMDashboard.stories.tsx(3,31): error TS2307: Cannot find module '../../../context/ThemeContext' or its corresponding type declarations.
src/components/stories/operations/crm/CRMDashboard.stories.tsx(4,31): error TS2307: Cannot find module '../../../context/ToastContext' or its corresponding type declarations.
src/components/stories/operations/crm/VendorManagement.stories.tsx(2,34): error TS2307: Cannot find module '../../../components/litigation/discovery/VendorManagement' or its corresponding type declarations.
src/components/stories/operations/crm/VendorManagement.stories.tsx(3,31): error TS2307: Cannot find module '../../../context/ThemeContext' or its corresponding type declarations.
src/components/stories/operations/crm/VendorManagement.stories.tsx(4,31): error TS2307: Cannot find module '../../../context/ToastContext' or its corresponding type declarations.
src/components/stories/operations/workflow/WorkflowAnalyticsDashboard.stories.tsx(2,44): error TS2307: Cannot find module '../../../components/matters/workflow/WorkflowAnalyticsDashboard' or its corresponding type declarations.
src/components/stories/operations/workflow/WorkflowAnalyticsDashboard.stories.tsx(3,31): error TS2307: Cannot find module '../../../context/ThemeContext' or its corresponding type declarations.
src/components/stories/operations/workflow/WorkflowAnalyticsDashboard.stories.tsx(4,31): error TS2307: Cannot find module '../../../context/ToastContext' or its corresponding type declarations.
src/components/stories/operations/workflow/WorkflowTemplateBuilder.stories.tsx(2,41): error TS2307: Cannot find module '../../../components/matters/workflow/WorkflowTemplateBuilder' or its corresponding type declarations.
src/components/stories/operations/workflow/WorkflowTemplateBuilder.stories.tsx(3,31): error TS2307: Cannot find module '../../../context/ThemeContext' or its corresponding type declarations.
src/components/stories/operations/workflow/WorkflowTemplateBuilder.stories.tsx(4,31): error TS2307: Cannot find module '../../../context/ToastContext' or its corresponding type declarations.
src/components/templates/AppShell/AppShell.tsx(24,26): error TS2307: Cannot find module '../../context/ThemeContext' or its corresponding type declarations.
src/components/templates/AppShell/AppShell.tsx(29,20): error TS2307: Cannot find module '@/utils/cn' or its corresponding type declarations.
src/components/templates/ManagerLayout/ManagerLayout.tsx(19,26): error TS2307: Cannot find module '../../context/ThemeContext' or its corresponding type declarations.
src/components/templates/ManagerLayout/ManagerLayout.tsx(22,28): error TS2307: Cannot find module './PageHeader' or its corresponding type declarations.
src/components/templates/ManagerLayout/ManagerLayout.tsx(25,20): error TS2307: Cannot find module '@/utils/cn' or its corresponding type declarations.
src/components/templates/TabbedPageLayout/TabbedPageLayout.tsx(2,28): error TS2307: Cannot find module '../common/PageHeader' or its corresponding type declarations.
src/components/templates/TabbedPageLayout/TabbedPageLayout.tsx(3,26): error TS2307: Cannot find module '../../context/ThemeContext' or its corresponding type declarations.
src/components/templates/TabbedPageLayout/TabbedPageLayout.tsx(4,20): error TS2307: Cannot find module '@/utils/cn' or its corresponding type declarations.
src/config/modules.tsx(22,48): error TS2307: Cannot find module '../components/dashboard/Dashboard' or its corresponding type declarations.
src/config/modules.tsx(23,47): error TS2307: Cannot find module '../components/matters/list/CaseList' or its corresponding type declarations.
src/config/modules.tsx(24,51): error TS2307: Cannot find module '../components/matters/list/MatterModule' or its corresponding type declarations.
src/config/modules.tsx(25,52): error TS2307: Cannot find module '../components/matters/create/NewMatter' or its corresponding type declarations.
src/config/modules.tsx(26,52): error TS2307: Cannot find module '../components/matters/docket/DocketManager' or its corresponding type declarations.
src/config/modules.tsx(29,62): error TS2307: Cannot find module '../components/matters/overview/MatterOverviewDashboard' or its corresponding type declarations.
src/config/modules.tsx(30,53): error TS2307: Cannot find module '../components/matters/calendar/MatterCalendar' or its corresponding type declarations.
src/config/modules.tsx(31,63): error TS2307: Cannot find module '../components/matters/analytics/MatterAnalyticsDashboard' or its corresponding type declarations.
src/config/modules.tsx(32,58): error TS2307: Cannot find module '../components/matters/intake/NewMatterIntakeForm' or its corresponding type declarations.
src/config/modules.tsx(33,61): error TS2307: Cannot find module '../components/matters/operations/MatterOperationsCenter' or its corresponding type declarations.
src/config/modules.tsx(34,62): error TS2307: Cannot find module '../components/matters/insights/MatterInsightsDashboard' or its corresponding type declarations.
src/config/modules.tsx(35,61): error TS2307: Cannot find module '../components/matters/financials/MatterFinancialsCenter' or its corresponding type declarations.
src/config/modules.tsx(37,60): error TS2307: Cannot find module '../components/operations/correspondence/CorrespondenceManager' or its corresponding type declarations.
src/config/modules.tsx(38,53): error TS2307: Cannot find module '../components/matters/workflow/MasterWorkflow' or its corresponding type declarations.
src/config/modules.tsx(39,54): error TS2307: Cannot find module '../components/operations/documents/DocumentManager' or its corresponding type declarations.
src/config/modules.tsx(40,46): error TS2307: Cannot find module '../components/litigation/war-room/WarRoom' or its corresponding type declarations.
src/config/modules.tsx(41,53): error TS2307: Cannot find module '../components/litigation/exhibits/ExhibitManager' or its corresponding type declarations.
src/config/modules.tsx(42,56): error TS2307: Cannot find module '../components/litigation/discovery/DiscoveryPlatform' or its corresponding type declarations.
src/config/modules.tsx(43,52): error TS2307: Cannot find module '../components/litigation/evidence/EvidenceVault' or its corresponding type declarations.
src/config/modules.tsx(44,51): error TS2307: Cannot find module '../components/knowledge/research/ResearchTool' or its corresponding type declarations.
src/config/modules.tsx(45,53): error TS2307: Cannot find module '../components/knowledge/practice/FirmOperations' or its corresponding type declarations.
src/config/modules.tsx(46,55): error TS2307: Cannot find module '../components/operations/billing/BillingDashboard' or its corresponding type declarations.
src/config/modules.tsx(47,48): error TS2307: Cannot find module '../components/operations/crm/ClientCRM' or its corresponding type declarations.
src/config/modules.tsx(48,58): error TS2307: Cannot find module '../components/operations/compliance/ComplianceDashboard' or its corresponding type declarations.
src/config/modules.tsx(49,49): error TS2307: Cannot find module '../components/admin/AdminPanel' or its corresponding type declarations.
src/config/modules.tsx(50,54): error TS2307: Cannot find module '../components/operations/messenger/SecureMessenger' or its corresponding type declarations.
src/config/modules.tsx(51,53): error TS2307: Cannot find module '../components/matters/entities/EntityDirector' or its corresponding type declarations.
src/config/modules.tsx(52,59): error TS2307: Cannot find module '../components/admin/data/AdminDatabaseControl' or its corresponding type declarations.
src/config/modules.tsx(53,57): error TS2307: Cannot find module '../components/admin/analytics/AnalyticsDashboard' or its corresponding type declarations.
src/config/modules.tsx(54,58): error TS2307: Cannot find module '../components/knowledge/jurisdiction/JurisdictionManager' or its corresponding type declarations.
src/config/modules.tsx(55,51): error TS2307: Cannot find module '../components/matters/calendar/CalendarView' or its corresponding type declarations.
src/config/modules.tsx(56,52): error TS2307: Cannot find module '../components/knowledge/rules/RulesPlatform' or its corresponding type declarations.
src/config/modules.tsx(57,57): error TS2307: Cannot find module '../components/profile/UserProfileManager' or its corresponding type declarations.
src/config/modules.tsx(58,54): error TS2307: Cannot find module '../components/litigation/pleadings/PleadingBuilder' or its corresponding type declarations.
src/config/modules.tsx(59,52): error TS2307: Cannot find module '../components/knowledge/base/KnowledgeBase' or its corresponding type declarations.
src/config/modules.tsx(60,56): error TS2307: Cannot find module '../components/litigation/strategy/LitigationBuilder' or its corresponding type declarations.
src/config/modules.tsx(61,52): error TS2307: Cannot find module '../components/knowledge/clauses/ClauseLibrary' or its corresponding type declarations.
src/config/modules.tsx(62,54): error TS2307: Cannot find module '../components/knowledge/citation/CitationManager' or its corresponding type declarations.
src/config/modules.tsx(64,63): error TS2344: Type 'unknown' does not satisfy the constraint 'ComponentType<any>'.
src/config/modules.tsx(68,3): error TS1117: An object literal cannot have multiple properties with the same name.
src/config/modules.tsx(69,3): error TS1117: An object literal cannot have multiple properties with the same name.
src/config/tabs.config.ts(17,31): error TS2307: Cannot find module '../components/layout/TabbedPageLayout' or its corresponding type declarations.
src/config/tabs.config.ts(18,30): error TS2307: Cannot find module '../components/admin/data/AdminDatabaseControl' or its corresponding type declarations.
src/features/admin/components/AdminAuditLog.tsx(2,31): error TS2307: Cannot find module '../../types' or its corresponding type declarations.
src/features/admin/components/AdminAuditLog.tsx(4,24): error TS2307: Cannot find module '../common/Button' or its corresponding type declarations.
src/features/admin/components/AdminAuditLog.tsx(5,23): error TS2307: Cannot find module '../common/Badge' or its corresponding type declarations.
src/features/admin/components/AdminAuditLog.tsx(6,64): error TS2307: Cannot find module '@/services/infrastructure/chainService' or its corresponding type declarations.
src/features/admin/components/AdminAuditLog.tsx(8,20): error TS2307: Cannot find module '@/utils/cn' or its corresponding type declarations.
src/features/admin/components/AdminAuditLog.tsx(9,26): error TS2307: Cannot find module '../../context/ThemeContext' or its corresponding type declarations.
src/features/admin/components/AdminAuditLog.tsx(10,26): error TS2307: Cannot find module '../../context/ToastContext' or its corresponding type declarations.
src/features/admin/components/AdminAuditLog.tsx(11,29): error TS2307: Cannot find module '../common/VirtualList' or its corresponding type declarations.
src/features/admin/components/AdminAuditLog.tsx(12,27): error TS2307: Cannot find module '../../context/WindowContext' or its corresponding type declarations.
src/features/admin/components/AdminAuditLog.tsx(13,26): error TS2307: Cannot find module '@/hooks/useQueryHooks' or its corresponding type declarations.
src/features/admin/components/AdminAuditLog.tsx(14,29): error TS2307: Cannot find module '@/services/data/dataService' or its corresponding type declarations.
src/features/admin/components/AdminAuditLog.tsx(17,47): error TS2307: Cannot find module '../../config/master.config' or its corresponding type declarations.
src/features/admin/components/AdminAuditLog.tsx(37,55): error TS7006: Parameter 'log' implicitly has an 'any' type.
src/features/admin/components/AdminAuditLog.tsx(83,55): error TS7006: Parameter 'log' implicitly has an 'any' type.
src/features/admin/components/AdminPanel.tsx(19,35): error TS2307: Cannot find module '@/hooks/useSessionStorage' or its corresponding type declarations.
src/features/admin/components/AdminPanel.tsx(22,34): error TS2307: Cannot find module '../layout/TabbedPageLayout' or its corresponding type declarations.
src/features/admin/components/AdminPanel.tsx(23,28): error TS2307: Cannot find module '../common/LazyLoader' or its corresponding type declarations.
src/features/admin/components/AdminPanel.tsx(27,20): error TS2307: Cannot find module '@/utils/cn' or its corresponding type declarations.
src/features/admin/components/AdminPanel.tsx(28,34): error TS2307: Cannot find module '../../config/tabs.config' or its corresponding type declarations.
src/features/admin/components/AdminSecurity.tsx(25,22): error TS2307: Cannot find module '../common/Card' or its corresponding type declarations.
src/features/admin/components/AdminSecurity.tsx(26,24): error TS2307: Cannot find module '../common/Button' or its corresponding type declarations.
src/features/admin/components/AdminSecurity.tsx(29,29): error TS2307: Cannot find module '@/services/data/dataService' or its corresponding type declarations.
src/features/admin/components/AdminSecurity.tsx(32,26): error TS2307: Cannot find module '../../context/ThemeContext' or its corresponding type declarations.
src/features/admin/components/AdminSecurity.tsx(33,26): error TS2307: Cannot find module '@/hooks/useQueryHooks' or its corresponding type declarations.
src/features/admin/components/AdminSecurity.tsx(36,20): error TS2307: Cannot find module '@/utils/cn' or its corresponding type declarations.
src/features/admin/components/AdminSecurity.tsx(37,29): error TS2307: Cannot find module '../../utils/bloomFilter' or its corresponding type declarations.
src/features/admin/components/AdminSecurity.tsx(84,36): error TS7006: Parameter 'ctrl' implicitly has an 'any' type.
src/features/admin/components/analytics/AnalyticsDashboard.tsx(20,24): error TS2307: Cannot find module '../../common/Button' or its corresponding type declarations.
src/features/admin/components/analytics/AnalyticsDashboard.tsx(21,28): error TS2307: Cannot find module '../../common/LazyLoader' or its corresponding type declarations.
src/features/admin/components/analytics/AnalyticsDashboard.tsx(22,34): error TS2307: Cannot find module '../../layout/TabbedPageLayout' or its corresponding type declarations.
src/features/admin/components/analytics/AnalyticsDashboard.tsx(26,26): error TS2307: Cannot find module '../../../context/ThemeContext' or its corresponding type declarations.
src/features/admin/components/analytics/AnalyticsDashboard.tsx(27,35): error TS2307: Cannot find module '@/hooks/useSessionStorage' or its corresponding type declarations.
src/features/admin/components/analytics/AnalyticsDashboard.tsx(30,21): error TS2307: Cannot find module '@/services/api' or its corresponding type declarations.
src/features/admin/components/analytics/AnalyticsDashboard.tsx(33,20): error TS2307: Cannot find module '@/utils/cn' or its corresponding type declarations.
src/features/admin/components/analytics/AnalyticsDashboard.tsx(34,38): error TS2307: Cannot find module '../../../config/tabs.config' or its corresponding type declarations.
src/features/admin/components/analytics/AnalyticsDashboardContent.tsx(20,28): error TS2307: Cannot find module '../../common/LazyLoader' or its corresponding type declarations.
src/features/admin/components/analytics/BusinessIntelligence.tsx(20,26): error TS2307: Cannot find module '@/hooks/useQueryHooks' or its corresponding type declarations.
src/features/admin/components/analytics/BusinessIntelligence.tsx(21,21): error TS2307: Cannot find module '@/services/api' or its corresponding type declarations.
src/features/admin/components/analytics/BusinessIntelligence.tsx(22,26): error TS2307: Cannot find module '../../../context/ThemeContext' or its corresponding type declarations.
src/features/admin/components/analytics/BusinessIntelligence.tsx(23,20): error TS2307: Cannot find module '@/utils/cn' or its corresponding type declarations.
src/features/admin/components/analytics/BusinessIntelligence.tsx(24,28): error TS2307: Cannot find module '../../common/primitives/MetricCard' or its corresponding type declarations.
src/features/admin/components/analytics/BusinessIntelligence.tsx(25,28): error TS2307: Cannot find module '../../common/EmptyState' or its corresponding type declarations.
src/features/admin/components/analytics/CasePrediction.tsx(22,22): error TS2307: Cannot find module '../../common/Card' or its corresponding type declarations.
src/features/admin/components/analytics/CasePrediction.tsx(25,26): error TS2307: Cannot find module '../../../context/ThemeContext' or its corresponding type declarations.
src/features/admin/components/analytics/CasePrediction.tsx(26,31): error TS2307: Cannot find module '../../common/ChartHelpers' or its corresponding type declarations.
src/features/admin/components/analytics/CasePrediction.tsx(29,20): error TS2307: Cannot find module '@/utils/cn' or its corresponding type declarations.
src/features/admin/components/analytics/CasePrediction.tsx(32,44): error TS2307: Cannot find module '../../../types' or its corresponding type declarations.
src/features/admin/components/analytics/CounselAnalytics.tsx(21,22): error TS2307: Cannot find module '../../common/Card' or its corresponding type declarations.
src/features/admin/components/analytics/CounselAnalytics.tsx(24,26): error TS2307: Cannot find module '../../../context/ThemeContext' or its corresponding type declarations.
src/features/admin/components/analytics/CounselAnalytics.tsx(27,20): error TS2307: Cannot find module '@/utils/cn' or its corresponding type declarations.
src/features/admin/components/analytics/CounselAnalytics.tsx(30,45): error TS2307: Cannot find module '../../../types' or its corresponding type declarations.
src/features/admin/components/analytics/JudgeAnalytics.tsx(22,22): error TS2307: Cannot find module '../../common/Card' or its corresponding type declarations.
src/features/admin/components/analytics/JudgeAnalytics.tsx(25,26): error TS2307: Cannot find module '../../../context/ThemeContext' or its corresponding type declarations.
src/features/admin/components/analytics/JudgeAnalytics.tsx(26,31): error TS2307: Cannot find module '../../common/ChartHelpers' or its corresponding type declarations.
src/features/admin/components/analytics/JudgeAnalytics.tsx(29,20): error TS2307: Cannot find module '@/utils/cn' or its corresponding type declarations.
src/features/admin/components/analytics/JudgeAnalytics.tsx(32,52): error TS2307: Cannot find module '../../../types' or its corresponding type declarations.
src/features/admin/components/analytics/JudgeAnalytics.tsx(92,38): error TS7006: Parameter 't' implicitly has an 'any' type.
src/features/admin/components/analytics/JudgeAnalytics.tsx(92,41): error TS7006: Parameter 'i' implicitly has an 'any' type.
src/features/admin/components/analytics/PredictiveModels.tsx(20,26): error TS2307: Cannot find module '@/hooks/useQueryHooks' or its corresponding type declarations.
src/features/admin/components/analytics/PredictiveModels.tsx(21,21): error TS2307: Cannot find module '@/services/api' or its corresponding type declarations.
src/features/admin/components/analytics/PredictiveModels.tsx(22,26): error TS2307: Cannot find module '../../../context/ThemeContext' or its corresponding type declarations.
src/features/admin/components/analytics/PredictiveModels.tsx(23,20): error TS2307: Cannot find module '@/utils/cn' or its corresponding type declarations.
src/features/admin/components/analytics/PredictiveModels.tsx(24,28): error TS2307: Cannot find module '../../common/EmptyState' or its corresponding type declarations.
src/features/admin/components/analytics/PredictiveModels.tsx(25,40): error TS2307: Cannot find module '@/services/api/outcome-predictions-api' or its corresponding type declarations.
src/features/admin/components/analytics/SettlementCalculator.tsx(23,22): error TS2307: Cannot find module '../../common/Card' or its corresponding type declarations.
src/features/admin/components/analytics/SettlementCalculator.tsx(24,23): error TS2307: Cannot find module '../../common/Inputs' or its corresponding type declarations.
src/features/admin/components/analytics/SettlementCalculator.tsx(25,24): error TS2307: Cannot find module '../../common/Button' or its corresponding type declarations.
src/features/admin/components/analytics/SettlementCalculator.tsx(28,44): error TS2307: Cannot find module '../../../context/ThemeContext' or its corresponding type declarations.
src/features/admin/components/analytics/SettlementCalculator.tsx(29,31): error TS2307: Cannot find module '../../common/ChartHelpers' or its corresponding type declarations.
src/features/admin/components/analytics/SettlementCalculator.tsx(30,41): error TS2307: Cannot find module '@/hooks/useSettlementSimulation' or its corresponding type declarations.
src/features/admin/components/analytics/SettlementCalculator.tsx(33,20): error TS2307: Cannot find module '@/utils/cn' or its corresponding type declarations.
src/features/admin/components/api-keys/ApiKeyManagement.tsx(3,26): error TS2307: Cannot find module '../../../context/ThemeContext' or its corresponding type declarations.
src/features/admin/components/api-keys/ApiKeyManagement.tsx(4,20): error TS2307: Cannot find module '@/utils/cn' or its corresponding type declarations.
src/features/admin/components/api-keys/ApiKeyManagement.tsx(5,24): error TS2307: Cannot find module '../../common/Button' or its corresponding type declarations.
src/features/admin/components/api-keys/ApiKeyManagement.tsx(6,23): error TS2307: Cannot find module '../../common/Badge' or its corresponding type declarations.
src/features/admin/components/api-keys/ApiKeyManagement.tsx(7,23): error TS2307: Cannot find module '../../common/Modal' or its corresponding type declarations.
src/features/admin/components/api-keys/ApiKeyManagement.tsx(8,33): error TS2307: Cannot find module '../../common/Inputs' or its corresponding type declarations.
src/features/admin/components/api-keys/ApiKeyManagement.tsx(9,88): error TS2307: Cannot find module '../../common/Table' or its corresponding type declarations.
src/features/admin/components/api-keys/ApiKeyManagement.tsx(10,27): error TS2307: Cannot find module '@/hooks/useNotify' or its corresponding type declarations.
src/features/admin/components/api-keys/ApiKeyManagement.tsx(11,31): error TS2307: Cannot find module '../../../hooks' or its corresponding type declarations.
src/features/admin/components/api-keys/ApiKeyManagement.tsx(12,32): error TS2307: Cannot find module '@/utils/dateUtils' or its corresponding type declarations.
src/features/admin/components/api-keys/ApiKeyManagement.tsx(13,52): error TS2307: Cannot find module '@/hooks/useQueryHooks' or its corresponding type declarations.
src/features/admin/components/api-keys/ApiKeyManagement.tsx(14,29): error TS2307: Cannot find module '@/services/data/dataService' or its corresponding type declarations.
src/features/admin/components/api-keys/ApiKeyManagement.tsx(15,27): error TS2307: Cannot find module '@/utils/queryKeys' or its corresponding type declarations.
src/features/admin/components/api-keys/ApiKeyManagement.tsx(184,24): error TS7006: Parameter 'apiKey' implicitly has an 'any' type.
src/features/admin/components/audit/AuditLogControls.tsx(4,24): error TS2307: Cannot find module '../../common/Button' or its corresponding type declarations.
src/features/admin/components/audit/AuditLogControls.tsx(5,26): error TS2307: Cannot find module '../../../context/ThemeContext' or its corresponding type declarations.
src/features/admin/components/audit/AuditLogControls.tsx(6,20): error TS2307: Cannot find module '@/utils/cn' or its corresponding type declarations.
src/features/admin/components/audit/AuditLogControls.tsx(7,33): error TS2307: Cannot find module '@/services/infrastructure/chainService' or its corresponding type declarations.
src/features/admin/components/data/AdminDatabaseControl.tsx(4,26): error TS2307: Cannot find module '../../../context/ThemeContext' or its corresponding type declarations.
src/features/admin/components/data/AdminDatabaseControl.tsx(5,20): error TS2307: Cannot find module '@/utils/cn' or its corresponding type declarations.
src/features/admin/components/data/AdminDatabaseControl.tsx(7,27): error TS2307: Cannot find module '../../../context/WindowContext' or its corresponding type declarations.
src/features/admin/components/data/AdminDataRegistry.tsx(4,26): error TS2307: Cannot find module '../../../context/ThemeContext' or its corresponding type declarations.
src/features/admin/components/data/AdminDataRegistry.tsx(5,20): error TS2307: Cannot find module '@/utils/cn' or its corresponding type declarations.
src/features/admin/components/data/AdminDataRegistry.tsx(6,29): error TS2307: Cannot find module '../../common/VirtualList' or its corresponding type declarations.
src/features/admin/components/data/AdminDataRegistry.tsx(7,26): error TS2307: Cannot find module '@/hooks/useQueryHooks' or its corresponding type declarations.
src/features/admin/components/data/AdminDataRegistry.tsx(8,29): error TS2307: Cannot find module '@/services/data/dataService' or its corresponding type declarations.
src/features/admin/components/data/ApiGateway.tsx(6,26): error TS2307: Cannot find module '../../../context/ThemeContext' or its corresponding type declarations.
src/features/admin/components/data/ApiGateway.tsx(7,29): error TS2307: Cannot find module '@/services/data/dataService' or its corresponding type declarations.
src/features/admin/components/data/ApiGateway.tsx(8,26): error TS2307: Cannot find module '@/hooks/useQueryHooks' or its corresponding type declarations.
src/features/admin/components/data/ApiGateway.tsx(9,43): error TS2307: Cannot find module '../../../types' or its corresponding type declarations.
src/features/admin/components/data/ApiGateway.tsx(10,20): error TS2307: Cannot find module '@/utils/cn' or its corresponding type declarations.
src/features/admin/components/data/ApiGateway.tsx(11,36): error TS2307: Cannot find module '@/utils/sanitize' or its corresponding type declarations.
src/features/admin/components/data/ApiGateway.tsx(12,23): error TS2307: Cannot find module '../../common/Badge' or its corresponding type declarations.
src/features/admin/components/data/ApiGateway.tsx(59,45): error TS7006: Parameter 'p' implicitly has an 'any' type.
src/features/admin/components/data/ApiGateway.tsx(59,48): error TS7006: Parameter 'i' implicitly has an 'any' type.
src/features/admin/components/data/ApiGateway.tsx(99,34): error TS7006: Parameter 'service' implicitly has an 'any' type.
src/features/admin/components/data/ApiGateway.tsx(128,54): error TS7006: Parameter 'method' implicitly has an 'any' type.
src/features/admin/components/data/backup/BackupMetrics.tsx(4,28): error TS2307: Cannot find module '../../../common/RefactoredCommon' or its corresponding type declarations.
src/features/admin/components/data/backup/BackupModals.tsx(3,23): error TS2307: Cannot find module '../../../common/Modal' or its corresponding type declarations.
src/features/admin/components/data/backup/BackupModals.tsx(4,24): error TS2307: Cannot find module '../../../common/Button' or its corresponding type declarations.
src/features/admin/components/data/backup/BackupModals.tsx(6,26): error TS2307: Cannot find module '../../../../context/ThemeContext' or its corresponding type declarations.
src/features/admin/components/data/backup/BackupModals.tsx(7,20): error TS2307: Cannot find module '@/utils/cn' or its corresponding type declarations.
src/features/admin/components/data/backup/BackupModals.tsx(8,32): error TS2307: Cannot find module '@/services/api/data-platform/backups-api' or its corresponding type declarations.
src/features/admin/components/data/backup/SnapshotList.tsx(3,88): error TS2307: Cannot find module '../../../common/Table' or its corresponding type declarations.
src/features/admin/components/data/backup/SnapshotList.tsx(4,24): error TS2307: Cannot find module '../../../common/Button' or its corresponding type declarations.
src/features/admin/components/data/backup/SnapshotList.tsx(5,29): error TS2307: Cannot find module '../../../common/RefactoredCommon' or its corresponding type declarations.
src/features/admin/components/data/backup/SnapshotList.tsx(7,26): error TS2307: Cannot find module '../../../../context/ThemeContext' or its corresponding type declarations.
src/features/admin/components/data/backup/SnapshotList.tsx(8,20): error TS2307: Cannot find module '@/utils/cn' or its corresponding type declarations.
src/features/admin/components/data/backup/SnapshotList.tsx(9,32): error TS2307: Cannot find module '@/services/api/data-platform/backups-api' or its corresponding type declarations.
src/features/admin/components/data/BackupVault.tsx(4,26): error TS2307: Cannot find module '../../../context/ThemeContext' or its corresponding type declarations.
src/features/admin/components/data/BackupVault.tsx(5,20): error TS2307: Cannot find module '@/utils/cn' or its corresponding type declarations.
src/features/admin/components/data/BackupVault.tsx(6,24): error TS2307: Cannot find module '../../common/Button' or its corresponding type declarations.
src/features/admin/components/data/BackupVault.tsx(7,52): error TS2307: Cannot find module '@/hooks/useQueryHooks' or its corresponding type declarations.
src/features/admin/components/data/BackupVault.tsx(8,32): error TS2307: Cannot find module '@/services/api/data-platform/backups-api' or its corresponding type declarations.
src/features/admin/components/data/BackupVault.tsx(9,27): error TS2307: Cannot find module '@/hooks/useNotify' or its corresponding type declarations.
src/features/admin/components/data/BackupVault.tsx(13,33): error TS2307: Cannot find module '@/services/api/data-platform-api' or its corresponding type declarations.
src/features/admin/components/data/BackupVault.tsx(39,23): error TS7006: Parameter 'snap' implicitly has an 'any' type.
src/features/admin/components/data/catalog/AccessRequestManager.tsx(3,88): error TS2307: Cannot find module '../../../common/Table' or its corresponding type declarations.
src/features/admin/components/data/catalog/AccessRequestManager.tsx(4,23): error TS2307: Cannot find module '../../../common/Badge' or its corresponding type declarations.
src/features/admin/components/data/catalog/AccessRequestManager.tsx(5,24): error TS2307: Cannot find module '../../../common/Button' or its corresponding type declarations.
src/features/admin/components/data/catalog/AccessRequestManager.tsx(7,26): error TS2307: Cannot find module '../../../../context/ThemeContext' or its corresponding type declarations.
src/features/admin/components/data/catalog/AccessRequestManager.tsx(8,20): error TS2307: Cannot find module '@/utils/cn' or its corresponding type declarations.
src/features/admin/components/data/catalog/DataDictionary.tsx(3,36): error TS2307: Cannot find module '../../../../types' or its corresponding type declarations.
src/features/admin/components/data/catalog/DataDictionary.tsx(4,29): error TS2307: Cannot find module '@/services/data/dataService' or its corresponding type declarations.
src/features/admin/components/data/catalog/DataDictionary.tsx(5,26): error TS2307: Cannot find module '@/hooks/useQueryHooks' or its corresponding type declarations.
src/features/admin/components/data/catalog/DataDictionary.tsx(6,30): error TS2307: Cannot find module '@/hooks/useSelectionState' or its corresponding type declarations.
src/features/admin/components/data/catalog/DataDictionary.tsx(7,28): error TS2307: Cannot find module '../../../common/ErrorState' or its corresponding type declarations.
src/features/admin/components/data/catalog/DataDictionary.tsx(8,29): error TS2307: Cannot find module '../../../common/VirtualList' or its corresponding type declarations.
src/features/admin/components/data/catalog/DataDictionary.tsx(9,31): error TS2307: Cannot find module '../../../common/SearchToolbar' or its corresponding type declarations.
src/features/admin/components/data/catalog/DataDictionary.tsx(10,23): error TS2307: Cannot find module '../../../common/Badge' or its corresponding type declarations.
src/features/admin/components/data/catalog/DataDictionary.tsx(11,24): error TS2307: Cannot find module '../../../common/Button' or its corresponding type declarations.
src/features/admin/components/data/catalog/DataDictionary.tsx(12,29): error TS2307: Cannot find module '../../../common/FilterPanel' or its corresponding type declarations.
src/features/admin/components/data/catalog/DataDictionary.tsx(13,77): error TS2307: Cannot find module '../../../common/Table' or its corresponding type declarations.
src/features/admin/components/data/catalog/DataDictionary.tsx(14,26): error TS2307: Cannot find module '../../../../context/ThemeContext' or its corresponding type declarations.
src/features/admin/components/data/catalog/DataDictionary.tsx(15,20): error TS2307: Cannot find module '@/utils/cn' or its corresponding type declarations.
src/features/admin/components/data/catalog/DataDictionary.tsx(32,29): error TS7006: Parameter 'item' implicitly has an 'any' type.
src/features/admin/components/data/catalog/DictionaryItemDetail.tsx(3,36): error TS2307: Cannot find module '../../../../types' or its corresponding type declarations.
src/features/admin/components/data/catalog/DictionaryItemDetail.tsx(4,29): error TS2307: Cannot find module '@/services/data/dataService' or its corresponding type declarations.
src/features/admin/components/data/catalog/DictionaryItemDetail.tsx(5,29): error TS2307: Cannot find module '@/hooks/useQueryHooks' or its corresponding type declarations.
src/features/admin/components/data/catalog/DictionaryItemDetail.tsx(6,24): error TS2307: Cannot find module '../../../common/Button' or its corresponding type declarations.
src/features/admin/components/data/catalog/DictionaryItemDetail.tsx(7,22): error TS2307: Cannot find module '../../../common/Card' or its corresponding type declarations.
src/features/admin/components/data/catalog/DictionaryItemDetail.tsx(8,33): error TS2307: Cannot find module '../../../common/Inputs' or its corresponding type declarations.
src/features/admin/components/data/catalog/DictionaryItemDetail.tsx(9,23): error TS2307: Cannot find module '../../../common/Badge' or its corresponding type declarations.
src/features/admin/components/data/catalog/DictionaryItemDetail.tsx(11,26): error TS2307: Cannot find module '../../../../context/ThemeContext' or its corresponding type declarations.
src/features/admin/components/data/catalog/DictionaryItemDetail.tsx(12,20): error TS2307: Cannot find module '@/utils/cn' or its corresponding type declarations.
src/features/admin/components/data/catalog/DictionaryItemDetail.tsx(13,27): error TS2307: Cannot find module '@/hooks/useNotify' or its corresponding type declarations.
src/features/admin/components/data/catalog/DictionaryItemDetail.tsx(14,31): error TS2307: Cannot find module '@/services/features/research/geminiService' or its corresponding type declarations.
src/features/admin/components/data/catalog/DictionaryItemDetail.tsx(49,25): error TS7006: Parameter 'prev' implicitly has an 'any' type.
src/features/admin/components/data/CloudDatabaseView.tsx(11,44): error TS2307: Cannot find module '../../../context/ThemeContext' or its corresponding type declarations.
src/features/admin/components/data/CloudDatabaseView.tsx(12,20): error TS2307: Cannot find module '@/utils/cn' or its corresponding type declarations.
src/features/admin/components/data/CloudDatabaseView.tsx(169,29): error TS7006: Parameter 'conn' implicitly has an 'any' type.
src/features/admin/components/data/Configuration.tsx(3,26): error TS2307: Cannot find module '../../../context/ThemeContext' or its corresponding type declarations.
src/features/admin/components/data/Configuration.tsx(4,20): error TS2307: Cannot find module '@/utils/cn' or its corresponding type declarations.
src/features/admin/components/data/Configuration.tsx(5,22): error TS2307: Cannot find module '../../common/Card' or its corresponding type declarations.
src/features/admin/components/data/Configuration.tsx(6,24): error TS2307: Cannot find module '../../common/Button' or its corresponding type declarations.
src/features/admin/components/data/Configuration.tsx(7,23): error TS2307: Cannot find module '../../common/Inputs' or its corresponding type declarations.
src/features/admin/components/data/Configuration.tsx(8,22): error TS2307: Cannot find module '../../common/Tabs' or its corresponding type declarations.
src/features/admin/components/data/Configuration.tsx(9,26): error TS2307: Cannot find module '@/hooks/useQueryHooks' or its corresponding type declarations.
src/features/admin/components/data/ConnectionCard.tsx(14,26): error TS2307: Cannot find module '../../../context/ThemeContext' or its corresponding type declarations.
src/features/admin/components/data/ConnectionCard.tsx(15,20): error TS2307: Cannot find module '@/utils/cn' or its corresponding type declarations.
src/features/admin/components/data/CostFinOps.tsx(7,26): error TS2307: Cannot find module '../../../context/ThemeContext' or its corresponding type declarations.
src/features/admin/components/data/CostFinOps.tsx(8,29): error TS2307: Cannot find module '@/services/data/dataService' or its corresponding type declarations.
src/features/admin/components/data/CostFinOps.tsx(9,26): error TS2307: Cannot find module '@/hooks/useQueryHooks' or its corresponding type declarations.
src/features/admin/components/data/CostFinOps.tsx(10,42): error TS2307: Cannot find module '../../../types' or its corresponding type declarations.
src/features/admin/components/data/CostFinOps.tsx(11,20): error TS2307: Cannot find module '@/utils/cn' or its corresponding type declarations.
src/features/admin/components/data/CostFinOps.tsx(12,22): error TS2307: Cannot find module '../../common/Card' or its corresponding type declarations.
src/features/admin/components/data/CostFinOps.tsx(13,31): error TS2307: Cannot find module '../../common/ChartHelpers' or its corresponding type declarations.
src/features/admin/components/data/CostFinOps.tsx(14,28): error TS2307: Cannot find module '../../common/RefactoredCommon' or its corresponding type declarations.
src/features/admin/components/data/data-sources/CloudDatabaseContent.tsx(4,26): error TS2307: Cannot find module '../../../../context/ThemeContext' or its corresponding type declarations.
src/features/admin/components/data/data-sources/CloudDatabaseContent.tsx(5,20): error TS2307: Cannot find module '@/utils/cn' or its corresponding type declarations.
src/features/admin/components/data/data-sources/CloudDatabaseContent.tsx(6,52): error TS2307: Cannot find module '@/hooks/useQueryHooks' or its corresponding type declarations.
src/features/admin/components/data/data-sources/CloudDatabaseContent.tsx(7,27): error TS2307: Cannot find module '@/hooks/useNotify' or its corresponding type declarations.
src/features/admin/components/data/data-sources/CloudDatabaseContent.tsx(8,29): error TS2307: Cannot find module '@/services/data/dataService' or its corresponding type declarations.
src/features/admin/components/data/data-sources/CloudDatabaseContent.tsx(62,10): error TS7006: Parameter 'old' implicitly has an 'any' type.
src/features/admin/components/data/data-sources/CloudDatabaseContent.tsx(62,32): error TS7006: Parameter 'c' implicitly has an 'any' type.
src/features/admin/components/data/data-sources/CloudDatabaseContent.tsx(69,12): error TS7006: Parameter 'old' implicitly has an 'any' type.
src/features/admin/components/data/data-sources/CloudDatabaseContent.tsx(69,34): error TS7006: Parameter 'c' implicitly has an 'any' type.
src/features/admin/components/data/data-sources/CloudDatabaseContent.tsx(82,10): error TS7006: Parameter 'old' implicitly has an 'any' type.
src/features/admin/components/data/data-sources/CloudDatabaseContent.tsx(82,35): error TS7006: Parameter 'c' implicitly has an 'any' type.
src/features/admin/components/data/data-sources/CloudDatabaseContent.tsx(158,29): error TS7006: Parameter 'conn' implicitly has an 'any' type.
src/features/admin/components/data/data-sources/ConnectionCard.tsx(4,26): error TS2307: Cannot find module '../../../../context/ThemeContext' or its corresponding type declarations.
src/features/admin/components/data/data-sources/ConnectionCard.tsx(5,20): error TS2307: Cannot find module '@/utils/cn' or its corresponding type declarations.
src/features/admin/components/data/data-sources/ConnectionForm.tsx(4,26): error TS2307: Cannot find module '../../../../context/ThemeContext' or its corresponding type declarations.
src/features/admin/components/data/data-sources/ConnectionForm.tsx(5,20): error TS2307: Cannot find module '@/utils/cn' or its corresponding type declarations.
src/features/admin/components/data/data-sources/DataSourceSelector.tsx(3,26): error TS2307: Cannot find module '../../../../context/ThemeContext' or its corresponding type declarations.
src/features/admin/components/data/data-sources/DataSourceSelector.tsx(4,20): error TS2307: Cannot find module '@/utils/cn' or its corresponding type declarations.
src/features/admin/components/data/data-sources/DataSourceSelector.tsx(5,31): error TS2307: Cannot find module '../../../../context/DataSourceContext' or its corresponding type declarations.
src/features/admin/components/data/data-sources/IndexedDBDataTable.tsx(2,26): error TS2307: Cannot find module '../../../../context/ThemeContext' or its corresponding type declarations.
src/features/admin/components/data/data-sources/IndexedDBDataTable.tsx(3,20): error TS2307: Cannot find module '@/utils/cn' or its corresponding type declarations.
src/features/admin/components/data/data-sources/IndexedDBStoreList.tsx(3,26): error TS2307: Cannot find module '../../../../context/ThemeContext' or its corresponding type declarations.
src/features/admin/components/data/data-sources/IndexedDBStoreList.tsx(4,20): error TS2307: Cannot find module '@/utils/cn' or its corresponding type declarations.
src/features/admin/components/data/data-sources/IndexedDBView.tsx(3,26): error TS2307: Cannot find module '../../../../context/ThemeContext' or its corresponding type declarations.
src/features/admin/components/data/data-sources/IndexedDBView.tsx(4,20): error TS2307: Cannot find module '@/utils/cn' or its corresponding type declarations.
src/features/admin/components/data/data-sources/IndexedDBView.tsx(5,26): error TS2307: Cannot find module '@/hooks/useQueryHooks' or its corresponding type declarations.
src/features/admin/components/data/data-sources/IndexedDBView.tsx(6,29): error TS2307: Cannot find module '@/services/data/dataService' or its corresponding type declarations.
src/features/admin/components/data/data-sources/IndexedDBView.tsx(12,20): error TS2307: Cannot find module '@/services/data/db' or its corresponding type declarations.
src/features/admin/components/data/data-sources/LocalStorageView.tsx(3,26): error TS2307: Cannot find module '../../../../context/ThemeContext' or its corresponding type declarations.
src/features/admin/components/data/data-sources/LocalStorageView.tsx(4,20): error TS2307: Cannot find module '@/utils/cn' or its corresponding type declarations.
src/features/admin/components/data/data-sources/ServiceCoverageIndicator.tsx(4,26): error TS2307: Cannot find module '../../../../context/ThemeContext' or its corresponding type declarations.
src/features/admin/components/data/data-sources/ServiceCoverageIndicator.tsx(5,20): error TS2307: Cannot find module '@/utils/cn' or its corresponding type declarations.
src/features/admin/components/data/data-sources/ServiceCoverageIndicator.tsx(6,31): error TS2307: Cannot find module '../../../../context/DataSourceContext' or its corresponding type declarations.
src/features/admin/components/data/DatabaseManagement.tsx(3,26): error TS2307: Cannot find module '../../../context/ThemeContext' or its corresponding type declarations.
src/features/admin/components/data/DatabaseManagement.tsx(4,20): error TS2307: Cannot find module '@/utils/cn' or its corresponding type declarations.
src/features/admin/components/data/DatabaseManagement.tsx(5,20): error TS2307: Cannot find module '@/services/data/db' or its corresponding type declarations.
src/features/admin/components/data/DatabaseManagement.tsx(6,26): error TS2307: Cannot find module '@/hooks/useQueryHooks' or its corresponding type declarations.
src/features/admin/components/data/DatabaseManagement.tsx(7,31): error TS2307: Cannot find module '../../common/ConfirmDialog' or its corresponding type declarations.
src/features/admin/components/data/DatabaseManagement.tsx(8,31): error TS2307: Cannot find module '@/hooks/useModalState' or its corresponding type declarations.
src/features/admin/components/data/DatabaseManagement.tsx(123,41): error TS7006: Parameter 'store' implicitly has an 'any' type.
src/features/admin/components/data/DataCatalog.tsx(3,26): error TS2307: Cannot find module '../../../context/ThemeContext' or its corresponding type declarations.
src/features/admin/components/data/DataCatalog.tsx(4,20): error TS2307: Cannot find module '@/utils/cn' or its corresponding type declarations.
src/features/admin/components/data/DataCatalog.tsx(5,22): error TS2307: Cannot find module '../../common/Tabs' or its corresponding type declarations.
src/features/admin/components/data/DataCatalog.tsx(6,29): error TS2307: Cannot find module '../../common/VirtualList' or its corresponding type declarations.
src/features/admin/components/data/DataCatalog.tsx(7,31): error TS2307: Cannot find module '../../common/SearchToolbar' or its corresponding type declarations.
src/features/admin/components/data/DataCatalog.tsx(8,27): error TS2307: Cannot find module '../../../context/WindowContext' or its corresponding type declarations.
src/features/admin/components/data/DataCatalog.tsx(9,24): error TS2307: Cannot find module '../../common/Button' or its corresponding type declarations.
src/features/admin/components/data/DataCatalog.tsx(12,29): error TS2307: Cannot find module '@/services/data/dataService' or its corresponding type declarations.
src/features/admin/components/data/DataCatalog.tsx(13,26): error TS2307: Cannot find module '@/hooks/useQueryHooks' or its corresponding type declarations.
src/features/admin/components/data/DataCatalog.tsx(78,28): error TS7006: Parameter 't' implicitly has an 'any' type.
src/features/admin/components/data/DataCatalog.tsx(87,43): error TS7006: Parameter 'domain' implicitly has an 'any' type.
src/features/admin/components/data/DataCatalog.tsx(87,51): error TS7006: Parameter 'i' implicitly has an 'any' type.
src/features/admin/components/data/DataLakeExplorer.tsx(5,26): error TS2307: Cannot find module '../../../context/ThemeContext' or its corresponding type declarations.
src/features/admin/components/data/DataLakeExplorer.tsx(6,27): error TS2307: Cannot find module '../../../context/WindowContext' or its corresponding type declarations.
src/features/admin/components/data/DataLakeExplorer.tsx(7,29): error TS2307: Cannot find module '@/services/data/dataService' or its corresponding type declarations.
src/features/admin/components/data/DataLakeExplorer.tsx(8,26): error TS2307: Cannot find module '@/hooks/useQueryHooks' or its corresponding type declarations.
src/features/admin/components/data/DataLakeExplorer.tsx(9,30): error TS2307: Cannot find module '../../../types' or its corresponding type declarations.
src/features/admin/components/data/DataLakeExplorer.tsx(10,20): error TS2307: Cannot find module '@/utils/cn' or its corresponding type declarations.
src/features/admin/components/data/DataLakeExplorer.tsx(11,24): error TS2307: Cannot find module '../../common/Button' or its corresponding type declarations.
src/features/admin/components/data/DataLakeExplorer.tsx(12,22): error TS2307: Cannot find module '../../common/Card' or its corresponding type declarations.
src/features/admin/components/data/DataLakeExplorer.tsx(13,88): error TS2307: Cannot find module '../../common/Table' or its corresponding type declarations.
src/features/admin/components/data/DataLakeExplorer.tsx(14,38): error TS2307: Cannot find module '../../operations/documents/viewer/DocumentPreviewPanel' or its corresponding type declarations.
src/features/admin/components/data/DataLakeExplorer.tsx(60,62): error TS2307: Cannot find module '../../../types' or its corresponding type declarations.
src/features/admin/components/data/DataLakeExplorer.tsx(68,66): error TS2307: Cannot find module '../../../types' or its corresponding type declarations.
src/features/admin/components/data/DataLakeExplorer.tsx(126,40): error TS7006: Parameter 'item' implicitly has an 'any' type.
src/features/admin/components/data/DataLakeExplorer.tsx(128,57): error TS7006: Parameter 'e' implicitly has an 'any' type.
src/features/admin/components/data/DataPlatformSidebar.tsx(5,26): error TS2307: Cannot find module '../../../context/ThemeContext' or its corresponding type declarations.
src/features/admin/components/data/DataPlatformSidebar.tsx(6,20): error TS2307: Cannot find module '@/utils/cn' or its corresponding type declarations.
src/features/admin/components/data/DataPlatformSidebar.tsx(7,46): error TS2307: Cannot find module '../../../config/tabs.config' or its corresponding type declarations.
src/features/admin/components/data/DataPlatformSidebar.tsx(8,26): error TS2307: Cannot find module '@/hooks/useQueryHooks' or its corresponding type declarations.
src/features/admin/components/data/DataPlatformSidebar.tsx(9,29): error TS2307: Cannot find module '@/services/data/dataService' or its corresponding type declarations.
src/features/admin/components/data/DataPlatformSidebar.tsx(10,30): error TS2307: Cannot find module '../../../types' or its corresponding type declarations.
src/features/admin/components/data/DataPlatformSidebar.tsx(39,58): error TS7006: Parameter 'c' implicitly has an 'any' type.
src/features/admin/components/data/DataQualityStudio.tsx(6,26): error TS2307: Cannot find module '../../../context/ThemeContext' or its corresponding type declarations.
src/features/admin/components/data/DataQualityStudio.tsx(7,29): error TS2307: Cannot find module '@/services/data/dataService' or its corresponding type declarations.
src/features/admin/components/data/DataQualityStudio.tsx(8,26): error TS2307: Cannot find module '@/hooks/useQueryHooks' or its corresponding type declarations.
src/features/admin/components/data/DataQualityStudio.tsx(9,51): error TS2307: Cannot find module '../../../types' or its corresponding type declarations.
src/features/admin/components/data/DataQualityStudio.tsx(10,20): error TS2307: Cannot find module '@/utils/cn' or its corresponding type declarations.
src/features/admin/components/data/DataQualityStudio.tsx(11,24): error TS2307: Cannot find module '../../common/Button' or its corresponding type declarations.
src/features/admin/components/data/DataQualityStudio.tsx(12,23): error TS2307: Cannot find module '../../common/Modal' or its corresponding type declarations.
src/features/admin/components/data/DataQualityStudio.tsx(13,22): error TS2307: Cannot find module '../../common/Tabs' or its corresponding type declarations.
src/features/admin/components/data/DataSourceSelector.tsx(10,26): error TS2307: Cannot find module '../../../context/ThemeContext' or its corresponding type declarations.
src/features/admin/components/data/DataSourceSelector.tsx(11,31): error TS2307: Cannot find module '../../../context/DataSourceContext' or its corresponding type declarations.
src/features/admin/components/data/DataSourceSelector.tsx(12,20): error TS2307: Cannot find module '@/utils/cn' or its corresponding type declarations.
src/features/admin/components/data/DataSourcesManager.tsx(4,26): error TS2307: Cannot find module '../../../context/ThemeContext' or its corresponding type declarations.
src/features/admin/components/data/DataSourcesManager.tsx(5,20): error TS2307: Cannot find module '@/utils/cn' or its corresponding type declarations.
src/features/admin/components/data/EventBusManager.tsx(3,26): error TS2307: Cannot find module '../../../context/ThemeContext' or its corresponding type declarations.
src/features/admin/components/data/EventBusManager.tsx(4,20): error TS2307: Cannot find module '@/utils/cn' or its corresponding type declarations.
src/features/admin/components/data/EventBusManager.tsx(5,22): error TS2307: Cannot find module '../../common/Card' or its corresponding type declarations.
src/features/admin/components/data/EventBusManager.tsx(6,23): error TS2307: Cannot find module '../../common/Badge' or its corresponding type declarations.
src/features/admin/components/data/EventBusManager.tsx(7,24): error TS2307: Cannot find module '../../common/Button' or its corresponding type declarations.
src/features/admin/components/data/EventBusManager.tsx(8,26): error TS2307: Cannot find module '@/hooks/useQueryHooks' or its corresponding type declarations.
src/features/admin/components/data/EventBusManager.tsx(93,34): error TS7006: Parameter 'e' implicitly has an 'any' type.
src/features/admin/components/data/EventBusManager.tsx(105,34): error TS7006: Parameter 'e' implicitly has an 'any' type.
src/features/admin/components/data/EventBusManager.tsx(133,25): error TS7006: Parameter 'event' implicitly has an 'any' type.
src/features/admin/components/data/governance/AccessGovernance.tsx(2,88): error TS2307: Cannot find module '../../../common/Table' or its corresponding type declarations.
src/features/admin/components/data/governance/AccessGovernance.tsx(3,28): error TS2307: Cannot find module '../../../common/UserAvatar' or its corresponding type declarations.
src/features/admin/components/data/governance/AccessGovernance.tsx(4,23): error TS2307: Cannot find module '../../../common/Badge' or its corresponding type declarations.
src/features/admin/components/data/governance/AccessGovernance.tsx(5,24): error TS2307: Cannot find module '../../../common/Button' or its corresponding type declarations.
src/features/admin/components/data/governance/AccessGovernance.tsx(7,26): error TS2307: Cannot find module '../../../../context/ThemeContext' or its corresponding type declarations.
src/features/admin/components/data/governance/AccessGovernance.tsx(8,20): error TS2307: Cannot find module '@/utils/cn' or its corresponding type declarations.
src/features/admin/components/data/governance/AccessGovernance.tsx(9,27): error TS2307: Cannot find module '@/utils/queryKeys' or its corresponding type declarations.
src/features/admin/components/data/governance/AccessGovernance.tsx(10,52): error TS2307: Cannot find module '@/hooks/useQueryHooks' or its corresponding type declarations.
src/features/admin/components/data/governance/AccessGovernance.tsx(11,29): error TS2307: Cannot find module '@/services/data/dataService' or its corresponding type declarations.
src/features/admin/components/data/governance/AccessGovernance.tsx(12,27): error TS2307: Cannot find module '@/hooks/useNotify' or its corresponding type declarations.
src/features/admin/components/data/governance/AccessGovernance.tsx(13,49): error TS2307: Cannot find module '../../../../types' or its corresponding type declarations.
src/features/admin/components/data/governance/AccessGovernance.tsx(39,37): error TS7006: Parameter 'p' implicitly has an 'any' type.
src/features/admin/components/data/governance/GovernanceDashboard.tsx(4,22): error TS2307: Cannot find module '../../../common/Card' or its corresponding type declarations.
src/features/admin/components/data/governance/GovernanceDashboard.tsx(5,24): error TS2307: Cannot find module '../../../common/Button' or its corresponding type declarations.
src/features/admin/components/data/governance/GovernanceDashboard.tsx(6,26): error TS2307: Cannot find module '../../../../context/ThemeContext' or its corresponding type declarations.
src/features/admin/components/data/governance/GovernanceDashboard.tsx(7,20): error TS2307: Cannot find module '@/utils/cn' or its corresponding type declarations.
src/features/admin/components/data/governance/PolicyEditorModal.tsx(3,23): error TS2307: Cannot find module '../../../common/Modal' or its corresponding type declarations.
src/features/admin/components/data/governance/PolicyEditorModal.tsx(4,24): error TS2307: Cannot find module '../../../common/Button' or its corresponding type declarations.
src/features/admin/components/data/governance/PolicyEditorModal.tsx(5,33): error TS2307: Cannot find module '../../../common/Inputs' or its corresponding type declarations.
src/features/admin/components/data/governance/PolicyEditorModal.tsx(6,35): error TS2307: Cannot find module '../../../../types' or its corresponding type declarations.
src/features/admin/components/data/governance/PolicyEditorModal.tsx(7,26): error TS2307: Cannot find module '../../../../context/ThemeContext' or its corresponding type declarations.
src/features/admin/components/data/governance/PolicyEditorModal.tsx(8,20): error TS2307: Cannot find module '@/utils/cn' or its corresponding type declarations.
src/features/admin/components/data/GovernanceConsole.tsx(4,26): error TS2307: Cannot find module '../../../context/ThemeContext' or its corresponding type declarations.
src/features/admin/components/data/GovernanceConsole.tsx(5,20): error TS2307: Cannot find module '@/utils/cn' or its corresponding type declarations.
src/features/admin/components/data/GovernanceConsole.tsx(6,23): error TS2307: Cannot find module '../../common/Modal' or its corresponding type declarations.
src/features/admin/components/data/GovernanceConsole.tsx(7,23): error TS2307: Cannot find module '../../common/Inputs' or its corresponding type declarations.
src/features/admin/components/data/GovernanceConsole.tsx(8,22): error TS2307: Cannot find module '../../common/Tabs' or its corresponding type declarations.
src/features/admin/components/data/GovernanceConsole.tsx(9,24): error TS2307: Cannot find module '../../common/Button' or its corresponding type declarations.
src/features/admin/components/data/GovernanceConsole.tsx(11,29): error TS2307: Cannot find module '../../common/RefactoredCommon' or its corresponding type declarations.
src/features/admin/components/data/GovernanceConsole.tsx(13,29): error TS2307: Cannot find module '@/services/data/dataService' or its corresponding type declarations.
src/features/admin/components/data/GovernanceConsole.tsx(14,26): error TS2307: Cannot find module '@/hooks/useQueryHooks' or its corresponding type declarations.
src/features/admin/components/data/GovernanceConsole.tsx(15,50): error TS2307: Cannot find module '../../../types' or its corresponding type declarations.
src/features/admin/components/data/GovernanceConsole.tsx(79,28): error TS7006: Parameter 't' implicitly has an 'any' type.
src/features/admin/components/data/GovernanceConsole.tsx(101,39): error TS7006: Parameter 'pol' implicitly has an 'any' type.
src/features/admin/components/data/hooks.ts(9,52): error TS2307: Cannot find module '@/hooks/useQueryHooks' or its corresponding type declarations.
src/features/admin/components/data/hooks.ts(10,29): error TS2307: Cannot find module '@/services/data/dataService' or its corresponding type declarations.
src/features/admin/components/data/hooks.ts(62,12): error TS7006: Parameter 'old' implicitly has an 'any' type.
src/features/admin/components/data/hooks.ts(63,22): error TS7006: Parameter 'c' implicitly has an 'any' type.
src/features/admin/components/data/hooks.ts(68,19): error TS7006: Parameter '_data' implicitly has an 'any' type.
src/features/admin/components/data/hooks.ts(73,14): error TS7006: Parameter 'old' implicitly has an 'any' type.
src/features/admin/components/data/hooks.ts(74,24): error TS7006: Parameter 'c' implicitly has an 'any' type.
src/features/admin/components/data/hooks.ts(85,19): error TS7006: Parameter '_result' implicitly has an 'any' type.
src/features/admin/components/data/hooks.ts(88,12): error TS7006: Parameter 'old' implicitly has an 'any' type.
src/features/admin/components/data/hooks.ts(88,32): error TS7006: Parameter 'c' implicitly has an 'any' type.
src/features/admin/components/data/lineage/ImpactAnalysis.tsx(4,26): error TS2307: Cannot find module '../../../../context/ThemeContext' or its corresponding type declarations.
src/features/admin/components/data/lineage/ImpactAnalysis.tsx(5,20): error TS2307: Cannot find module '@/utils/cn' or its corresponding type declarations.
src/features/admin/components/data/lineage/ImpactAnalysis.tsx(6,24): error TS2307: Cannot find module '../../../common/Button' or its corresponding type declarations.
src/features/admin/components/data/lineage/LineageCanvas.tsx(3,26): error TS2307: Cannot find module '../../../../context/ThemeContext' or its corresponding type declarations.
src/features/admin/components/data/lineage/LineageCanvas.tsx(4,29): error TS2307: Cannot find module '@/utils/nexusPhysics' or its corresponding type declarations.
src/features/admin/components/data/lineage/LineageCanvas.tsx(5,31): error TS2307: Cannot find module '@/hooks/useNexusGraph' or its corresponding type declarations.
src/features/admin/components/data/lineage/LineageCanvas.tsx(7,20): error TS2307: Cannot find module '@/utils/cn' or its corresponding type declarations.
src/features/admin/components/data/lineage/LineageCanvas.tsx(8,42): error TS2307: Cannot find module '../../../../types' or its corresponding type declarations.
src/features/admin/components/data/lineage/LineageCanvas.tsx(9,32): error TS2307: Cannot find module '@/utils/nexusPhysics' or its corresponding type declarations.
src/features/admin/components/data/LineageGraph.tsx(6,26): error TS2307: Cannot find module '../../../context/ThemeContext' or its corresponding type declarations.
src/features/admin/components/data/LineageGraph.tsx(7,29): error TS2307: Cannot find module '@/services/data/dataService' or its corresponding type declarations.
src/features/admin/components/data/LineageGraph.tsx(8,26): error TS2307: Cannot find module '@/hooks/useQueryHooks' or its corresponding type declarations.
src/features/admin/components/data/LineageGraph.tsx(9,42): error TS2307: Cannot find module '../../../types' or its corresponding type declarations.
src/features/admin/components/data/LineageGraph.tsx(10,20): error TS2307: Cannot find module '@/utils/cn' or its corresponding type declarations.
src/features/admin/components/data/LineageGraph.tsx(11,22): error TS2307: Cannot find module '../../common/Tabs' or its corresponding type declarations.
src/features/admin/components/data/LineageGraph.tsx(44,28): error TS7006: Parameter 't' implicitly has an 'any' type.
src/features/admin/components/data/LocalStorageView.tsx(10,26): error TS2307: Cannot find module '../../../context/ThemeContext' or its corresponding type declarations.
src/features/admin/components/data/LocalStorageView.tsx(11,20): error TS2307: Cannot find module '@/utils/cn' or its corresponding type declarations.
src/features/admin/components/data/pipeline/PipelineDAG.tsx(4,26): error TS2307: Cannot find module '../../../../context/ThemeContext' or its corresponding type declarations.
src/features/admin/components/data/pipeline/PipelineDAG.tsx(5,20): error TS2307: Cannot find module '@/utils/cn' or its corresponding type declarations.
src/features/admin/components/data/pipeline/PipelineList.tsx(4,26): error TS2307: Cannot find module '../../../../context/ThemeContext' or its corresponding type declarations.
src/features/admin/components/data/pipeline/PipelineList.tsx(5,20): error TS2307: Cannot find module '@/utils/cn' or its corresponding type declarations.
src/features/admin/components/data/pipeline/PipelineList.tsx(6,26): error TS2307: Cannot find module '@/services/api/data-platform-api' or its corresponding type declarations.
src/features/admin/components/data/PipelineMonitor.tsx(5,26): error TS2307: Cannot find module '../../../context/ThemeContext' or its corresponding type declarations.
src/features/admin/components/data/PipelineMonitor.tsx(6,39): error TS2307: Cannot find module '@/hooks/useQueryHooks' or its corresponding type declarations.
src/features/admin/components/data/PipelineMonitor.tsx(7,27): error TS2307: Cannot find module '../../../types' or its corresponding type declarations.
src/features/admin/components/data/PipelineMonitor.tsx(8,20): error TS2307: Cannot find module '@/utils/cn' or its corresponding type declarations.
src/features/admin/components/data/PipelineMonitor.tsx(9,24): error TS2307: Cannot find module '../../common/Button' or its corresponding type declarations.
src/features/admin/components/data/PipelineMonitor.tsx(10,22): error TS2307: Cannot find module '../../common/Tabs' or its corresponding type declarations.
src/features/admin/components/data/PipelineMonitor.tsx(11,43): error TS2307: Cannot find module '@/services/api/data-platform-api' or its corresponding type declarations.
src/features/admin/components/data/PipelineMonitor.tsx(95,28): error TS7006: Parameter 't' implicitly has an 'any' type.
src/features/admin/components/data/PipelineMonitor.tsx(170,68): error TS7006: Parameter 'log' implicitly has an 'any' type.
src/features/admin/components/data/PipelineMonitor.tsx(170,73): error TS7006: Parameter 'idx' implicitly has an 'any' type.
src/features/admin/components/data/PlatformOverview.tsx(3,28): error TS2307: Cannot find module '../../common/Primitives' or its corresponding type declarations.
src/features/admin/components/data/PlatformOverview.tsx(4,22): error TS2307: Cannot find module '../../common/Card' or its corresponding type declarations.
src/features/admin/components/data/PlatformOverview.tsx(7,26): error TS2307: Cannot find module '../../../context/ThemeContext' or its corresponding type declarations.
src/features/admin/components/data/PlatformOverview.tsx(8,20): error TS2307: Cannot find module '@/utils/cn' or its corresponding type declarations.
src/features/admin/components/data/PlatformOverview.tsx(9,31): error TS2307: Cannot find module '../../common/ChartHelpers' or its corresponding type declarations.
src/features/admin/components/data/PlatformOverview.tsx(10,26): error TS2307: Cannot find module '@/hooks/useQueryHooks' or its corresponding type declarations.
src/features/admin/components/data/PlatformOverview.tsx(11,29): error TS2307: Cannot find module '@/services/data/dataService' or its corresponding type declarations.
src/features/admin/components/data/PlatformOverview.tsx(12,30): error TS2307: Cannot find module '../../../types' or its corresponding type declarations.
src/features/admin/components/data/PlatformOverview.tsx(13,29): error TS2307: Cannot find module '@/hooks/useInterval' or its corresponding type declarations.
src/features/admin/components/data/quality/DataProfiler.tsx(4,22): error TS2307: Cannot find module '../../../common/Card' or its corresponding type declarations.
src/features/admin/components/data/quality/DataProfiler.tsx(5,26): error TS2307: Cannot find module '../../../../context/ThemeContext' or its corresponding type declarations.
src/features/admin/components/data/quality/DataProfiler.tsx(6,20): error TS2307: Cannot find module '@/utils/cn' or its corresponding type declarations.
src/features/admin/components/data/quality/DataProfiler.tsx(7,31): error TS2307: Cannot find module '../../../common/ChartHelpers' or its corresponding type declarations.
src/features/admin/components/data/quality/DataProfiler.tsx(9,29): error TS2307: Cannot find module '@/services/data/dataService' or its corresponding type declarations.
src/features/admin/components/data/quality/DataProfiler.tsx(10,26): error TS2307: Cannot find module '@/hooks/useQueryHooks' or its corresponding type declarations.
src/features/admin/components/data/quality/DataProfiler.tsx(11,29): error TS2307: Cannot find module '../../../../types' or its corresponding type declarations.
src/features/admin/components/data/quality/DataProfiler.tsx(35,28): error TS7006: Parameter 'profile' implicitly has an 'any' type.
src/features/admin/components/data/quality/DataProfiler.tsx(35,37): error TS7006: Parameter 'idx' implicitly has an 'any' type.
src/features/admin/components/data/quality/DataProfiler.tsx(69,68): error TS7006: Parameter 'entry' implicitly has an 'any' type.
src/features/admin/components/data/quality/DataProfiler.tsx(69,75): error TS7006: Parameter 'index' implicitly has an 'any' type.
src/features/admin/components/data/quality/DeduplicationManager.tsx(4,22): error TS2307: Cannot find module '../../../common/Card' or its corresponding type declarations.
src/features/admin/components/data/quality/DeduplicationManager.tsx(5,24): error TS2307: Cannot find module '../../../common/Button' or its corresponding type declarations.
src/features/admin/components/data/quality/DeduplicationManager.tsx(6,23): error TS2307: Cannot find module '../../../common/Badge' or its corresponding type declarations.
src/features/admin/components/data/quality/DeduplicationManager.tsx(7,26): error TS2307: Cannot find module '../../../../context/ThemeContext' or its corresponding type declarations.
src/features/admin/components/data/quality/DeduplicationManager.tsx(8,20): error TS2307: Cannot find module '@/utils/cn' or its corresponding type declarations.
src/features/admin/components/data/quality/DeduplicationManager.tsx(9,29): error TS2307: Cannot find module '@/services/data/dataService' or its corresponding type declarations.
src/features/admin/components/data/quality/DeduplicationManager.tsx(10,52): error TS2307: Cannot find module '@/hooks/useQueryHooks' or its corresponding type declarations.
src/features/admin/components/data/quality/DeduplicationManager.tsx(11,27): error TS2307: Cannot find module '@/utils/queryKeys' or its corresponding type declarations.
src/features/admin/components/data/quality/DeduplicationManager.tsx(12,31): error TS2307: Cannot find module '../../../../types' or its corresponding type declarations.
src/features/admin/components/data/quality/DeduplicationManager.tsx(13,27): error TS2307: Cannot find module '@/hooks/useNotify' or its corresponding type declarations.
src/features/admin/components/data/quality/DeduplicationManager.tsx(46,44): error TS7006: Parameter 'c' implicitly has an 'any' type.
src/features/admin/components/data/quality/DeduplicationManager.tsx(62,37): error TS7006: Parameter 'cluster' implicitly has an 'any' type.
src/features/admin/components/data/quality/DeduplicationManager.tsx(73,53): error TS7006: Parameter 'record' implicitly has an 'any' type.
src/features/admin/components/data/quality/QualityDashboard.tsx(3,22): error TS2307: Cannot find module '../../../common/Card' or its corresponding type declarations.
src/features/admin/components/data/quality/QualityDashboard.tsx(4,26): error TS2307: Cannot find module '../../../../context/ThemeContext' or its corresponding type declarations.
src/features/admin/components/data/quality/QualityDashboard.tsx(5,20): error TS2307: Cannot find module '@/utils/cn' or its corresponding type declarations.
src/features/admin/components/data/quality/QualityDashboard.tsx(6,29): error TS2307: Cannot find module '../../../common/VirtualList' or its corresponding type declarations.
src/features/admin/components/data/quality/QualityDashboard.tsx(8,51): error TS2307: Cannot find module '../../../../types' or its corresponding type declarations.
src/features/admin/components/data/quality/QualityDashboard.tsx(10,24): error TS2307: Cannot find module '../../../common/Button' or its corresponding type declarations.
src/features/admin/components/data/quality/QualityDashboard.tsx(11,42): error TS2307: Cannot find module '@/hooks/useQueryHooks' or its corresponding type declarations.
src/features/admin/components/data/quality/QualityDashboard.tsx(12,27): error TS2307: Cannot find module '@/utils/queryKeys' or its corresponding type declarations.
src/features/admin/components/data/quality/QualityDashboard.tsx(13,29): error TS2307: Cannot find module '@/services/data/dataService' or its corresponding type declarations.
src/features/admin/components/data/quality/QualityDashboard.tsx(14,27): error TS2307: Cannot find module '@/hooks/useNotify' or its corresponding type declarations.
src/features/admin/components/data/quality/QualityDashboard.tsx(32,81): error TS7006: Parameter 'old' implicitly has an 'any' type.
src/features/admin/components/data/quality/QualityDashboard.tsx(33,37): error TS7006: Parameter 'a' implicitly has an 'any' type.
src/features/admin/components/data/quality/QualityDashboard.tsx(38,23): error TS7006: Parameter 'err' implicitly has an 'any' type.
src/features/admin/components/data/quality/QualityDashboard.tsx(38,28): error TS7006: Parameter 'id' implicitly has an 'any' type.
src/features/admin/components/data/quality/QualityDashboard.tsx(38,32): error TS7006: Parameter 'context' implicitly has an 'any' type.
src/features/admin/components/data/quality/RuleBuilder.tsx(4,24): error TS2307: Cannot find module '../../../common/Button' or its corresponding type declarations.
src/features/admin/components/data/quality/RuleBuilder.tsx(5,33): error TS2307: Cannot find module '../../../common/Inputs' or its corresponding type declarations.
src/features/admin/components/data/quality/RuleBuilder.tsx(6,26): error TS2307: Cannot find module '../../../../context/ThemeContext' or its corresponding type declarations.
src/features/admin/components/data/quality/RuleBuilder.tsx(7,20): error TS2307: Cannot find module '@/utils/cn' or its corresponding type declarations.
src/features/admin/components/data/quality/RuleBuilder.tsx(8,23): error TS2307: Cannot find module '../../../common/Modal' or its corresponding type declarations.
src/features/admin/components/data/quality/StandardizationConsole.tsx(3,22): error TS2307: Cannot find module '../../../common/Card' or its corresponding type declarations.
src/features/admin/components/data/quality/StandardizationConsole.tsx(4,24): error TS2307: Cannot find module '../../../common/Button' or its corresponding type declarations.
src/features/admin/components/data/quality/StandardizationConsole.tsx(6,26): error TS2307: Cannot find module '../../../../context/ThemeContext' or its corresponding type declarations.
src/features/admin/components/data/quality/StandardizationConsole.tsx(7,20): error TS2307: Cannot find module '@/utils/cn' or its corresponding type declarations.
src/features/admin/components/data/quality/StandardizationConsole.tsx(8,31): error TS2307: Cannot find module '../../../../types' or its corresponding type declarations.
src/features/admin/components/data/quality/StandardizationConsole.tsx(9,39): error TS2307: Cannot find module '@/hooks/useQueryHooks' or its corresponding type declarations.
src/features/admin/components/data/quality/StandardizationConsole.tsx(10,29): error TS2307: Cannot find module '@/services/data/dataService' or its corresponding type declarations.
src/features/admin/components/data/quality/StandardizationConsole.tsx(11,27): error TS2307: Cannot find module '@/hooks/useNotify' or its corresponding type declarations.
src/features/admin/components/data/query/QuerySidebar.tsx(4,26): error TS2307: Cannot find module '../../../../context/ThemeContext' or its corresponding type declarations.
src/features/admin/components/data/query/QuerySidebar.tsx(5,20): error TS2307: Cannot find module '@/utils/cn' or its corresponding type declarations.
src/features/admin/components/data/QueryConsole.tsx(4,26): error TS2307: Cannot find module '../../../context/ThemeContext' or its corresponding type declarations.
src/features/admin/components/data/QueryConsole.tsx(5,20): error TS2307: Cannot find module '@/utils/cn' or its corresponding type declarations.
src/features/admin/components/data/QueryConsole.tsx(6,22): error TS2307: Cannot find module '../../common/Tabs' or its corresponding type declarations.
src/features/admin/components/data/QueryConsole.tsx(7,23): error TS2307: Cannot find module '../../common/Modal' or its corresponding type declarations.
src/features/admin/components/data/QueryConsole.tsx(9,28): error TS2307: Cannot find module '../../common/CopyButton' or its corresponding type declarations.
src/features/admin/components/data/QueryConsole.tsx(10,24): error TS2307: Cannot find module '../../common/Button' or its corresponding type declarations.
src/features/admin/components/data/QueryConsole.tsx(11,29): error TS2307: Cannot find module '../../common/VirtualList' or its corresponding type declarations.
src/features/admin/components/data/QueryConsole.tsx(12,28): error TS2307: Cannot find module '@/utils/sqlHelpers' or its corresponding type declarations.
src/features/admin/components/data/QueryConsole.tsx(14,33): error TS2307: Cannot find module '@/services/api/data-platform-api' or its corresponding type declarations.
src/features/admin/components/data/QueryConsole.tsx(15,26): error TS2307: Cannot find module '@/hooks/useQueryHooks' or its corresponding type declarations.
src/features/admin/components/data/QueryConsole.tsx(42,28): error TS7006: Parameter 't' implicitly has an 'any' type.
src/features/admin/components/data/QueryConsole.tsx(179,40): error TS7006: Parameter 't' implicitly has an 'any' type.
src/features/admin/components/data/RealtimeStreams.tsx(3,26): error TS2307: Cannot find module '../../../context/ThemeContext' or its corresponding type declarations.
src/features/admin/components/data/RealtimeStreams.tsx(4,20): error TS2307: Cannot find module '@/utils/cn' or its corresponding type declarations.
src/features/admin/components/data/RealtimeStreams.tsx(5,22): error TS2307: Cannot find module '../../common/Card' or its corresponding type declarations.
src/features/admin/components/data/RealtimeStreams.tsx(6,23): error TS2307: Cannot find module '../../common/Badge' or its corresponding type declarations.
src/features/admin/components/data/RealtimeStreams.tsx(7,22): error TS2307: Cannot find module '../../common/Tabs' or its corresponding type declarations.
src/features/admin/components/data/RealtimeStreams.tsx(8,24): error TS2307: Cannot find module '../../common/Button' or its corresponding type declarations.
src/features/admin/components/data/RealtimeStreams.tsx(9,26): error TS2307: Cannot find module '@/hooks/useQueryHooks' or its corresponding type declarations.
src/features/admin/components/data/RealtimeStreams.tsx(10,29): error TS2307: Cannot find module '@/services/data/dataService' or its corresponding type declarations.
src/features/admin/components/data/RealtimeStreams.tsx(127,35): error TS7006: Parameter 's' implicitly has an 'any' type.
src/features/admin/components/data/replication/RegionMap.tsx(4,26): error TS2307: Cannot find module '../../../../context/ThemeContext' or its corresponding type declarations.
src/features/admin/components/data/replication/RegionMap.tsx(5,20): error TS2307: Cannot find module '@/utils/cn' or its corresponding type declarations.
src/features/admin/components/data/ReplicationManager.tsx(6,26): error TS2307: Cannot find module '../../../context/ThemeContext' or its corresponding type declarations.
src/features/admin/components/data/ReplicationManager.tsx(7,29): error TS2307: Cannot find module '@/services/data/dataService' or its corresponding type declarations.
src/features/admin/components/data/ReplicationManager.tsx(8,26): error TS2307: Cannot find module '@/hooks/useQueryHooks' or its corresponding type declarations.
src/features/admin/components/data/ReplicationManager.tsx(9,20): error TS2307: Cannot find module '@/utils/cn' or its corresponding type declarations.
src/features/admin/components/data/ReplicationManager.tsx(10,24): error TS2307: Cannot find module '../../common/Button' or its corresponding type declarations.
src/features/admin/components/data/ReplicationManager.tsx(11,22): error TS2307: Cannot find module '../../common/Card' or its corresponding type declarations.
src/features/admin/components/data/ReplicationManager.tsx(12,23): error TS2307: Cannot find module '../../common/Modal' or its corresponding type declarations.
src/features/admin/components/data/schema/ColumnEditorModal.tsx(3,23): error TS2307: Cannot find module '../../../common/Modal' or its corresponding type declarations.
src/features/admin/components/data/schema/ColumnEditorModal.tsx(4,23): error TS2307: Cannot find module '../../../common/Inputs' or its corresponding type declarations.
src/features/admin/components/data/schema/ColumnEditorModal.tsx(5,24): error TS2307: Cannot find module '../../../common/Button' or its corresponding type declarations.
src/features/admin/components/data/schema/ColumnEditorModal.tsx(6,26): error TS2307: Cannot find module '../../../../context/ThemeContext' or its corresponding type declarations.
src/features/admin/components/data/schema/ColumnEditorModal.tsx(7,20): error TS2307: Cannot find module '@/utils/cn' or its corresponding type declarations.
src/features/admin/components/data/schema/MigrationHistory.tsx(4,26): error TS2307: Cannot find module '../../../../context/ThemeContext' or its corresponding type declarations.
src/features/admin/components/data/schema/MigrationHistory.tsx(5,20): error TS2307: Cannot find module '@/utils/cn' or its corresponding type declarations.
src/features/admin/components/data/schema/MigrationHistory.tsx(6,24): error TS2307: Cannot find module '../../../common/Button' or its corresponding type declarations.
src/features/admin/components/data/schema/SchemaArchitect.tsx(2,26): error TS2307: Cannot find module '../../../../context/ThemeContext' or its corresponding type declarations.
src/features/admin/components/data/schema/SchemaArchitect.tsx(3,20): error TS2307: Cannot find module '@/utils/cn' or its corresponding type declarations.
src/features/admin/components/data/schema/SchemaArchitect.tsx(4,23): error TS2307: Cannot find module '../../../common/Modal' or its corresponding type declarations.
src/features/admin/components/data/schema/SchemaArchitect.tsx(5,31): error TS2307: Cannot find module '../../../common/ConfirmDialog' or its corresponding type declarations.
src/features/admin/components/data/schema/SchemaArchitect.tsx(6,32): error TS2307: Cannot find module '../../../common/AdaptiveLoader' or its corresponding type declarations.
src/features/admin/components/data/schema/SchemaArchitect.tsx(7,31): error TS2307: Cannot find module '@/hooks/useModalState' or its corresponding type declarations.
src/features/admin/components/data/schema/SchemaArchitect.tsx(12,24): error TS2307: Cannot find module '../../../common/Button' or its corresponding type declarations.
src/features/admin/components/data/schema/SchemaArchitect.tsx(15,26): error TS2307: Cannot find module '@/hooks/useQueryHooks' or its corresponding type declarations.
src/features/admin/components/data/schema/SchemaArchitect.tsx(16,33): error TS2307: Cannot find module '@/services/api/data-platform-api' or its corresponding type declarations.
src/features/admin/components/data/schema/SchemaArchitect.tsx(18,33): error TS2307: Cannot find module '../../../common/Inputs' or its corresponding type declarations.
src/features/admin/components/data/schema/SchemaCodeEditor.tsx(3,26): error TS2307: Cannot find module '../../../../context/ThemeContext' or its corresponding type declarations.
src/features/admin/components/data/schema/SchemaCodeEditor.tsx(4,20): error TS2307: Cannot find module '@/utils/cn' or its corresponding type declarations.
src/features/admin/components/data/schema/SchemaCodeEditor.tsx(5,36): error TS2307: Cannot find module '@/utils/sanitize' or its corresponding type declarations.
src/features/admin/components/data/schema/SchemaCodeEditor.tsx(6,28): error TS2307: Cannot find module '../../../common/CopyButton' or its corresponding type declarations.
src/features/admin/components/data/schema/SchemaSnapshots.tsx(4,26): error TS2307: Cannot find module '../../../../context/ThemeContext' or its corresponding type declarations.
src/features/admin/components/data/schema/SchemaSnapshots.tsx(5,20): error TS2307: Cannot find module '@/utils/cn' or its corresponding type declarations.
src/features/admin/components/data/schema/SchemaSnapshots.tsx(6,24): error TS2307: Cannot find module '../../../common/Button' or its corresponding type declarations.
src/features/admin/components/data/schema/SchemaToolbar.tsx(4,26): error TS2307: Cannot find module '../../../../context/ThemeContext' or its corresponding type declarations.
src/features/admin/components/data/schema/SchemaToolbar.tsx(5,20): error TS2307: Cannot find module '@/utils/cn' or its corresponding type declarations.
src/features/admin/components/data/schema/SchemaToolbar.tsx(6,24): error TS2307: Cannot find module '../../../common/Button' or its corresponding type declarations.
src/features/admin/components/data/schema/SchemaVisualizer.tsx(4,26): error TS2307: Cannot find module '../../../../context/ThemeContext' or its corresponding type declarations.
src/features/admin/components/data/schema/SchemaVisualizer.tsx(5,20): error TS2307: Cannot find module '@/utils/cn' or its corresponding type declarations.
src/features/admin/components/data/schema/SchemaVisualizer.tsx(6,31): error TS2307: Cannot find module '@/hooks/useCanvasDrag' or its corresponding type declarations.
src/features/admin/components/data/schema/SchemaVisualizer.tsx(8,29): error TS2307: Cannot find module '../../../common/ContextMenu' or its corresponding type declarations.
src/features/admin/components/data/security/AccessMatrix.tsx(3,26): error TS2307: Cannot find module '../../../../context/ThemeContext' or its corresponding type declarations.
src/features/admin/components/data/security/AccessMatrix.tsx(4,20): error TS2307: Cannot find module '@/utils/cn' or its corresponding type declarations.
src/features/admin/components/data/security/AccessMatrix.tsx(6,49): error TS2307: Cannot find module '../../../../types' or its corresponding type declarations.
src/features/admin/components/data/security/AccessMatrix.tsx(7,52): error TS2307: Cannot find module '@/hooks/useQueryHooks' or its corresponding type declarations.
src/features/admin/components/data/security/AccessMatrix.tsx(8,27): error TS2307: Cannot find module '@/utils/queryKeys' or its corresponding type declarations.
src/features/admin/components/data/security/AccessMatrix.tsx(9,29): error TS2307: Cannot find module '@/services/data/dataService' or its corresponding type declarations.
src/features/admin/components/data/security/AccessMatrix.tsx(10,27): error TS2307: Cannot find module '@/hooks/useNotify' or its corresponding type declarations.
src/features/admin/components/data/security/AccessMatrix.tsx(36,37): error TS7006: Parameter 'p' implicitly has an 'any' type.
src/features/admin/components/data/security/PolicyEditorModal.tsx(3,23): error TS2307: Cannot find module '../../../common/Modal' or its corresponding type declarations.
src/features/admin/components/data/security/PolicyEditorModal.tsx(4,24): error TS2307: Cannot find module '../../../common/Button' or its corresponding type declarations.
src/features/admin/components/data/security/PolicyEditorModal.tsx(5,33): error TS2307: Cannot find module '../../../common/Inputs' or its corresponding type declarations.
src/features/admin/components/data/security/PolicyEditorModal.tsx(6,35): error TS2307: Cannot find module '../../../../types' or its corresponding type declarations.
src/features/admin/components/data/security/PolicyEditorModal.tsx(7,26): error TS2307: Cannot find module '../../../../context/ThemeContext' or its corresponding type declarations.
src/features/admin/components/data/security/PolicyEditorModal.tsx(8,20): error TS2307: Cannot find module '@/utils/cn' or its corresponding type declarations.
src/features/admin/components/data/security/RLSPolicyManager.tsx(3,26): error TS2307: Cannot find module '../../../../context/ThemeContext' or its corresponding type declarations.
src/features/admin/components/data/security/RLSPolicyManager.tsx(4,20): error TS2307: Cannot find module '@/utils/cn' or its corresponding type declarations.
src/features/admin/components/data/security/RLSPolicyManager.tsx(5,24): error TS2307: Cannot find module '../../../common/Button' or its corresponding type declarations.
src/features/admin/components/data/security/RLSPolicyManager.tsx(7,27): error TS2307: Cannot find module '../../../../types' or its corresponding type declarations.
src/features/admin/components/data/security/RLSPolicyManager.tsx(8,52): error TS2307: Cannot find module '@/hooks/useQueryHooks' or its corresponding type declarations.
src/features/admin/components/data/security/RLSPolicyManager.tsx(9,27): error TS2307: Cannot find module '@/utils/queryKeys' or its corresponding type declarations.
src/features/admin/components/data/security/RLSPolicyManager.tsx(10,29): error TS2307: Cannot find module '@/services/data/dataService' or its corresponding type declarations.
src/features/admin/components/data/security/RLSPolicyManager.tsx(11,27): error TS2307: Cannot find module '@/hooks/useNotify' or its corresponding type declarations.
src/features/admin/components/data/security/RLSPolicyManager.tsx(13,32): error TS2307: Cannot find module '../../../common/RefactoredCommon' or its corresponding type declarations.
src/features/admin/components/data/security/RLSPolicyManager.tsx(53,23): error TS7006: Parameter 'data' implicitly has an 'any' type.
src/features/admin/components/data/security/RLSPolicyManager.tsx(89,30): error TS7006: Parameter 'p' implicitly has an 'any' type.
src/features/admin/components/data/SecurityMatrix.tsx(4,26): error TS2307: Cannot find module '../../../context/ThemeContext' or its corresponding type declarations.
src/features/admin/components/data/SecurityMatrix.tsx(5,20): error TS2307: Cannot find module '@/utils/cn' or its corresponding type declarations.
src/features/admin/components/data/SecurityMatrix.tsx(6,24): error TS2307: Cannot find module '../../common/Button' or its corresponding type declarations.
src/features/admin/components/data/ServiceCoverageIndicator.tsx(10,26): error TS2307: Cannot find module '../../../context/ThemeContext' or its corresponding type declarations.
src/features/admin/components/data/ServiceCoverageIndicator.tsx(11,31): error TS2307: Cannot find module '../../../context/DataSourceContext' or its corresponding type declarations.
src/features/admin/components/data/ServiceCoverageIndicator.tsx(12,20): error TS2307: Cannot find module '@/utils/cn' or its corresponding type declarations.
src/features/admin/components/data/ShardingVisualizer.tsx(4,26): error TS2307: Cannot find module '../../../context/ThemeContext' or its corresponding type declarations.
src/features/admin/components/data/ShardingVisualizer.tsx(5,20): error TS2307: Cannot find module '@/utils/cn' or its corresponding type declarations.
src/features/admin/components/data/ShardingVisualizer.tsx(6,36): error TS2307: Cannot find module '@/utils/datastructures/consistentHashRing' or its corresponding type declarations.
src/features/admin/components/data/ShardingVisualizer.tsx(7,24): error TS2307: Cannot find module '../../common/Button' or its corresponding type declarations.
src/features/admin/components/data/ShardingVisualizer.tsx(50,28): error TS7006: Parameter 'hash' implicitly has an 'any' type.
src/features/admin/components/data/VersionControl.tsx(3,26): error TS2307: Cannot find module '../../../context/ThemeContext' or its corresponding type declarations.
src/features/admin/components/data/VersionControl.tsx(4,20): error TS2307: Cannot find module '@/utils/cn' or its corresponding type declarations.
src/features/admin/components/data/VersionControl.tsx(5,22): error TS2307: Cannot find module '../../common/Card' or its corresponding type declarations.
src/features/admin/components/data/VersionControl.tsx(6,23): error TS2307: Cannot find module '../../common/Badge' or its corresponding type declarations.
src/features/admin/components/data/VersionControl.tsx(7,22): error TS2307: Cannot find module '../../common/Tabs' or its corresponding type declarations.
src/features/admin/components/data/VersionControl.tsx(8,24): error TS2307: Cannot find module '../../common/Button' or its corresponding type declarations.
src/features/admin/components/data/VersionControl.tsx(9,26): error TS2307: Cannot find module '@/hooks/useQueryHooks' or its corresponding type declarations.
src/features/admin/components/data/VersionControl.tsx(128,30): error TS7006: Parameter 'entry' implicitly has an 'any' type.
src/features/admin/components/data/VersionControl.tsx(172,31): error TS7006: Parameter 'branch' implicitly has an 'any' type.
src/features/admin/components/data/VersionControl.tsx(221,27): error TS7006: Parameter 'tag' implicitly has an 'any' type.
src/features/admin/components/FirmProfile.tsx(19,22): error TS2307: Cannot find module '../common/Card' or its corresponding type declarations.
src/features/admin/components/FirmProfile.tsx(20,24): error TS2307: Cannot find module '../common/Button' or its corresponding type declarations.
src/features/admin/components/FirmProfile.tsx(21,23): error TS2307: Cannot find module '../common/Inputs' or its corresponding type declarations.
src/features/admin/components/hierarchy/AdminHierarchy.tsx(3,70): error TS2307: Cannot find module '../../../types' or its corresponding type declarations.
src/features/admin/components/hierarchy/AdminHierarchy.tsx(4,24): error TS2307: Cannot find module '../../common/Button' or its corresponding type declarations.
src/features/admin/components/hierarchy/AdminHierarchy.tsx(7,26): error TS2307: Cannot find module '../../../context/ThemeContext' or its corresponding type declarations.
src/features/admin/components/hierarchy/AdminHierarchy.tsx(8,20): error TS2307: Cannot find module '@/utils/cn' or its corresponding type declarations.
src/features/admin/components/hierarchy/AdminHierarchy.tsx(9,26): error TS2307: Cannot find module '@/hooks/useQueryHooks' or its corresponding type declarations.
src/features/admin/components/hierarchy/AdminHierarchy.tsx(10,29): error TS2307: Cannot find module '@/services/data/dataService' or its corresponding type declarations.
src/features/admin/components/hierarchy/AdminHierarchy.tsx(11,27): error TS2307: Cannot find module '@/utils/queryKeys' or its corresponding type declarations.
src/features/admin/components/hierarchy/AdminHierarchy.tsx(40,35): error TS7006: Parameter 'g' implicitly has an 'any' type.
src/features/admin/components/hierarchy/AdminHierarchy.tsx(42,39): error TS7006: Parameter 'user' implicitly has an 'any' type.
src/features/admin/components/hierarchy/AdminHierarchy.tsx(74,27): error TS7006: Parameter 'org' implicitly has an 'any' type.
src/features/admin/components/hierarchy/AdminHierarchy.tsx(93,32): error TS7006: Parameter 'group' implicitly has an 'any' type.
src/features/admin/components/hierarchy/AdminHierarchy.tsx(108,164): error TS7006: Parameter 'g' implicitly has an 'any' type.
src/features/admin/components/hierarchy/AdminHierarchy.tsx(122,45): error TS7006: Parameter 'user' implicitly has an 'any' type.
src/features/admin/components/hierarchy/AdminHierarchy.tsx(128,41): error TS7006: Parameter 'user' implicitly has an 'any' type.
src/features/admin/components/hierarchy/HierarchyColumn.tsx(4,26): error TS2307: Cannot find module '../../../context/ThemeContext' or its corresponding type declarations.
src/features/admin/components/hierarchy/HierarchyColumn.tsx(5,20): error TS2307: Cannot find module '@/utils/cn' or its corresponding type declarations.
src/features/admin/components/hierarchy/HierarchyRows.tsx(4,55): error TS2307: Cannot find module '../../../types' or its corresponding type declarations.
src/features/admin/components/hierarchy/HierarchyRows.tsx(5,26): error TS2307: Cannot find module '../../../context/ThemeContext' or its corresponding type declarations.
src/features/admin/components/hierarchy/HierarchyRows.tsx(6,20): error TS2307: Cannot find module '@/utils/cn' or its corresponding type declarations.
src/features/admin/components/hierarchy/HierarchyRows.tsx(7,28): error TS2307: Cannot find module '../../common/UserAvatar' or its corresponding type declarations.
src/features/admin/components/hierarchy/HierarchyRows.tsx(63,52): error TS7006: Parameter 'p' implicitly has an 'any' type.
src/features/admin/components/integrations/AdminIntegrations.tsx(3,22): error TS2307: Cannot find module '../../common/Card' or its corresponding type declarations.
src/features/admin/components/integrations/AdminIntegrations.tsx(4,24): error TS2307: Cannot find module '../../common/Button' or its corresponding type declarations.
src/features/admin/components/integrations/AdminIntegrations.tsx(5,23): error TS2307: Cannot find module '../../common/Badge' or its corresponding type declarations.
src/features/admin/components/integrations/AdminIntegrations.tsx(10,26): error TS2307: Cannot find module '@/hooks/useQueryHooks' or its corresponding type declarations.
src/features/admin/components/integrations/AdminIntegrations.tsx(36,32): error TS7006: Parameter 'app' implicitly has an 'any' type.
src/features/admin/components/ledger/LedgerVisualizer.tsx(3,50): error TS2307: Cannot find module '@/services/infrastructure/chainService' or its corresponding type declarations.
src/features/admin/components/ledger/LedgerVisualizer.tsx(5,26): error TS2307: Cannot find module '../../../context/ThemeContext' or its corresponding type declarations.
src/features/admin/components/ledger/LedgerVisualizer.tsx(6,20): error TS2307: Cannot find module '@/utils/cn' or its corresponding type declarations.
src/features/admin/components/platform/AdminPlatformManager.tsx(4,24): error TS2307: Cannot find module '../../common/Button' or its corresponding type declarations.
src/features/admin/components/platform/AdminPlatformManager.tsx(8,32): error TS2307: Cannot find module '../../common/Table' or its corresponding type declarations.
src/features/admin/components/platform/AdminPlatformManager.tsx(9,26): error TS2307: Cannot find module '../../../context/ThemeContext' or its corresponding type declarations.
src/features/admin/components/platform/AdminPlatformManager.tsx(10,20): error TS2307: Cannot find module '@/utils/cn' or its corresponding type declarations.
src/features/admin/components/platform/AdminPlatformManager.tsx(13,31): error TS2307: Cannot find module '../../common/ConfirmDialog' or its corresponding type declarations.
src/features/admin/components/platform/AdminPlatformManager.tsx(14,31): error TS2307: Cannot find module '@/hooks/useModalState' or its corresponding type declarations.
src/features/admin/components/platform/AdminPlatformManager.tsx(69,9): error TS2322: Type 'unknown' is not assignable to type 'Record<string, any>'.
src/features/admin/components/platform/EntityList.tsx(3,23): error TS2307: Cannot find module '../../common/Badge' or its corresponding type declarations.
src/features/admin/components/platform/EntityList.tsx(6,26): error TS2307: Cannot find module '../../../context/ThemeContext' or its corresponding type declarations.
src/features/admin/components/platform/EntityList.tsx(7,20): error TS2307: Cannot find module '@/utils/cn' or its corresponding type declarations.
src/features/admin/components/platform/EntityList.tsx(8,29): error TS2307: Cannot find module '../../common/VirtualList' or its corresponding type declarations.
src/features/admin/components/platform/EntitySidebar.tsx(4,26): error TS2307: Cannot find module '../../../context/ThemeContext' or its corresponding type declarations.
src/features/admin/components/platform/EntitySidebar.tsx(5,20): error TS2307: Cannot find module '@/utils/cn' or its corresponding type declarations.
src/features/admin/components/platform/RecordModal.tsx(3,23): error TS2307: Cannot find module '../../common/Modal' or its corresponding type declarations.
src/features/admin/components/platform/RecordModal.tsx(4,24): error TS2307: Cannot find module '../../common/Button' or its corresponding type declarations.
src/features/admin/components/platform/useAdminData.ts(2,52): error TS2307: Cannot find module '@/hooks/useQueryHooks' or its corresponding type declarations.
src/features/admin/components/platform/useAdminData.ts(3,29): error TS2307: Cannot find module '@/services/data/dataService' or its corresponding type declarations.
src/features/admin/components/platform/useAdminData.ts(38,37): error TS7006: Parameter 'variables' implicitly has an 'any' type.
src/features/admin/components/platform/useAdminData.ts(52,43): error TS7006: Parameter 'i' implicitly has an 'any' type.
src/features/admin/components/platform/useAdminData.ts(64,23): error TS7006: Parameter 'id' implicitly has an 'any' type.
src/features/admin/components/platform/useAdminData.ts(64,27): error TS7006: Parameter 'variables' implicitly has an 'any' type.
src/features/admin/components/platform/useAdminData.ts(73,62): error TS7006: Parameter 'i' implicitly has an 'any' type.
src/features/admin/components/security/AccessLogsTable.tsx(3,22): error TS2307: Cannot find module '../../common/Card' or its corresponding type declarations.
src/features/admin/components/security/AccessLogsTable.tsx(4,24): error TS2307: Cannot find module '../../common/Button' or its corresponding type declarations.
src/features/admin/components/security/AccessLogsTable.tsx(5,23): error TS2307: Cannot find module '../../common/Badge' or its corresponding type declarations.
src/features/admin/components/security/AccessLogsTable.tsx(6,26): error TS2307: Cannot find module '../../../context/ThemeContext' or its corresponding type declarations.
src/features/admin/components/security/AccessLogsTable.tsx(7,20): error TS2307: Cannot find module '@/utils/cn' or its corresponding type declarations.
src/features/admin/components/security/SecurityCompliance.tsx(11,27): error TS2307: Cannot find module '@/hooks/useNotify' or its corresponding type declarations.
src/features/admin/components/security/SecurityCompliance.tsx(12,29): error TS2307: Cannot find module '@/utils/bloomFilter' or its corresponding type declarations.
src/features/admin/components/security/SecurityControlsPanel.tsx(3,22): error TS2307: Cannot find module '../../common/Card' or its corresponding type declarations.
src/features/admin/components/security/SecurityControlsPanel.tsx(4,26): error TS2307: Cannot find module '../../../context/ThemeContext' or its corresponding type declarations.
src/features/admin/components/security/SecurityControlsPanel.tsx(5,20): error TS2307: Cannot find module '@/utils/cn' or its corresponding type declarations.
src/features/admin/components/security/SecurityMetrics.tsx(3,22): error TS2307: Cannot find module '../../common/Card' or its corresponding type declarations.
src/features/admin/components/security/SecurityMetrics.tsx(4,26): error TS2307: Cannot find module '../../../context/ThemeContext' or its corresponding type declarations.
src/features/admin/components/security/SecurityMetrics.tsx(5,20): error TS2307: Cannot find module '@/utils/cn' or its corresponding type declarations.
src/features/admin/components/security/ThreatDetectionPanel.tsx(3,22): error TS2307: Cannot find module '../../common/Card' or its corresponding type declarations.
src/features/admin/components/security/ThreatDetectionPanel.tsx(4,24): error TS2307: Cannot find module '../../common/Button' or its corresponding type declarations.
src/features/admin/components/security/ThreatDetectionPanel.tsx(5,23): error TS2307: Cannot find module '../../common/Inputs' or its corresponding type declarations.
src/features/admin/components/security/ThreatDetectionPanel.tsx(6,26): error TS2307: Cannot find module '../../../context/ThemeContext' or its corresponding type declarations.
src/features/admin/components/security/ThreatDetectionPanel.tsx(7,20): error TS2307: Cannot find module '@/utils/cn' or its corresponding type declarations.
src/features/admin/components/security/ThreatDetectionPanel.tsx(44,27): error TS7006: Parameter 'e' implicitly has an 'any' type.
src/features/admin/components/SecurityCompliance.old.tsx(21,26): error TS2307: Cannot find module '../../context/ThemeContext' or its corresponding type declarations.
src/features/admin/components/SecurityCompliance.old.tsx(22,20): error TS2307: Cannot find module '@/utils/cn' or its corresponding type declarations.
src/features/admin/components/SecurityCompliance.old.tsx(23,22): error TS2307: Cannot find module '../common/Card' or its corresponding type declarations.
src/features/admin/components/SecurityCompliance.old.tsx(24,24): error TS2307: Cannot find module '../common/Button' or its corresponding type declarations.
src/features/admin/components/SecurityCompliance.old.tsx(25,23): error TS2307: Cannot find module '../common/Badge' or its corresponding type declarations.
src/features/admin/components/SecurityCompliance.old.tsx(26,23): error TS2307: Cannot find module '../common/Inputs' or its corresponding type declarations.
src/features/admin/components/SecurityCompliance.old.tsx(27,29): error TS2307: Cannot find module '../../utils/bloomFilter' or its corresponding type declarations.
src/features/admin/components/SecurityCompliance.old.tsx(28,27): error TS2307: Cannot find module '@/hooks/useNotify' or its corresponding type declarations.
src/features/admin/components/SecurityCompliance.old.tsx(390,32): error TS7006: Parameter 'e' implicitly has an 'any' type.
src/features/admin/components/SystemSettings.tsx(8,22): error TS2307: Cannot find module '../common/Card' or its corresponding type declarations.
src/features/admin/components/SystemSettings.tsx(9,36): error TS2307: Cannot find module '../common/DataSourceSelector' or its corresponding type declarations.
src/features/admin/components/users/UserManagement.tsx(3,26): error TS2307: Cannot find module '../../../context/ThemeContext' or its corresponding type declarations.
src/features/admin/components/users/UserManagement.tsx(4,20): error TS2307: Cannot find module '@/utils/cn' or its corresponding type declarations.
src/features/admin/components/users/UserManagement.tsx(5,24): error TS2307: Cannot find module '../../common/Button' or its corresponding type declarations.
src/features/admin/components/users/UserManagement.tsx(6,23): error TS2307: Cannot find module '../../common/Badge' or its corresponding type declarations.
src/features/admin/components/users/UserManagement.tsx(7,28): error TS2307: Cannot find module '../../common/PageHeader' or its corresponding type declarations.
src/features/admin/components/users/UserManagement.tsx(8,23): error TS2307: Cannot find module '../../common/Modal' or its corresponding type declarations.
src/features/admin/components/users/UserManagement.tsx(9,23): error TS2307: Cannot find module '../../common/Inputs' or its corresponding type declarations.
src/features/admin/components/users/UserManagement.tsx(10,88): error TS2307: Cannot find module '../../common/Table' or its corresponding type declarations.
src/features/admin/components/users/UserManagement.tsx(11,27): error TS2307: Cannot find module '@/hooks/useNotify' or its corresponding type declarations.
src/features/admin/components/users/UserManagement.tsx(12,31): error TS2307: Cannot find module '../../../hooks' or its corresponding type declarations.
src/features/admin/components/users/UserManagement.tsx(13,30): error TS2307: Cannot find module '@/hooks/useSelectionState' or its corresponding type declarations.
src/features/admin/components/users/UserManagement.tsx(14,32): error TS2307: Cannot find module '@/utils/dateUtils' or its corresponding type declarations.
src/features/admin/components/users/UserManagement.tsx(15,52): error TS2307: Cannot find module '@/hooks/useQueryHooks' or its corresponding type declarations.
src/features/admin/components/users/UserManagement.tsx(16,29): error TS2307: Cannot find module '@/services/data/dataService' or its corresponding type declarations.
src/features/admin/components/users/UserManagement.tsx(17,27): error TS2307: Cannot find module '@/utils/queryKeys' or its corresponding type declarations.
src/features/admin/components/users/UserManagement.tsx(52,38): error TS7006: Parameter 'u' implicitly has an 'any' type.
src/features/admin/components/users/UserManagement.tsx(159,30): error TS7006: Parameter 'user' implicitly has an 'any' type.
src/features/admin/components/webhooks/WebhookManagement.tsx(3,26): error TS2307: Cannot find module '../../../context/ThemeContext' or its corresponding type declarations.
src/features/admin/components/webhooks/WebhookManagement.tsx(4,20): error TS2307: Cannot find module '@/utils/cn' or its corresponding type declarations.
src/features/admin/components/webhooks/WebhookManagement.tsx(5,24): error TS2307: Cannot find module '../../common/Button' or its corresponding type declarations.
src/features/admin/components/webhooks/WebhookManagement.tsx(6,23): error TS2307: Cannot find module '../../common/Badge' or its corresponding type declarations.
src/features/admin/components/webhooks/WebhookManagement.tsx(7,23): error TS2307: Cannot find module '../../common/Modal' or its corresponding type declarations.
src/features/admin/components/webhooks/WebhookManagement.tsx(8,33): error TS2307: Cannot find module '../../common/Inputs' or its corresponding type declarations.
src/features/admin/components/webhooks/WebhookManagement.tsx(9,88): error TS2307: Cannot find module '../../common/Table' or its corresponding type declarations.
src/features/admin/components/webhooks/WebhookManagement.tsx(10,27): error TS2307: Cannot find module '@/hooks/useNotify' or its corresponding type declarations.
src/features/admin/components/webhooks/WebhookManagement.tsx(11,31): error TS2307: Cannot find module '../../../hooks' or its corresponding type declarations.
src/features/admin/components/webhooks/WebhookManagement.tsx(12,30): error TS2307: Cannot find module '@/hooks/useSelectionState' or its corresponding type declarations.
src/features/admin/components/webhooks/WebhookManagement.tsx(13,26): error TS2307: Cannot find module '@/hooks/useQueryHooks' or its corresponding type declarations.
src/features/admin/components/webhooks/WebhookManagement.tsx(14,28): error TS2307: Cannot find module '../../common/ErrorState' or its corresponding type declarations.
src/features/admin/components/webhooks/WebhookManagement.tsx(15,36): error TS2307: Cannot find module '@/services/api/webhooks-api' or its corresponding type declarations.
src/features/admin/components/webhooks/WebhookManagement.tsx(196,27): error TS7006: Parameter 'webhook' implicitly has an 'any' type.
src/features/admin/data/DataPlatformSidebar.tsx(32,30): error TS2307: Cannot find module '../../components/admin/data/AdminDatabaseControl' or its corresponding type declarations.
src/features/dashboard/components/Dashboard.tsx(25,28): error TS2307: Cannot find module '@/components/common/LazyLoader' or its corresponding type declarations.
src/features/dashboard/components/DashboardAnalytics.tsx(22,26): error TS2307: Cannot find module '../../context/ThemeContext' or its corresponding type declarations.
src/features/dashboard/components/DashboardAnalytics.tsx(23,31): error TS2307: Cannot find module '../common/ChartHelpers' or its corresponding type declarations.
src/features/dashboard/components/DashboardAnalytics.tsx(26,22): error TS2307: Cannot find module '../common/Card' or its corresponding type declarations.
src/features/dashboard/components/DashboardAnalytics.tsx(27,24): error TS2307: Cannot find module '../common/Button' or its corresponding type declarations.
src/features/dashboard/components/DashboardAnalytics.tsx(28,23): error TS2307: Cannot find module '../common/Badge' or its corresponding type declarations.
src/features/dashboard/components/DashboardAnalytics.tsx(31,20): error TS2307: Cannot find module '@/utils/cn' or its corresponding type declarations.
src/features/dashboard/components/DashboardMetrics.tsx(22,29): error TS2307: Cannot find module '@/hooks/useInterval' or its corresponding type declarations.
src/features/dashboard/components/DashboardMetrics.tsx(25,28): error TS2307: Cannot find module '../common/Primitives' or its corresponding type declarations.
src/features/dashboard/components/DashboardOverview.tsx(19,29): error TS2307: Cannot find module '@/services/data/dataService' or its corresponding type declarations.
src/features/dashboard/components/DashboardOverview.tsx(20,26): error TS2307: Cannot find module '@/hooks/useQueryHooks' or its corresponding type declarations.
src/features/dashboard/components/DashboardOverview.tsx(27,28): error TS2307: Cannot find module '../common/LazyLoader' or its corresponding type declarations.
src/features/dashboard/components/DashboardOverview.tsx(30,27): error TS2307: Cannot find module '../../utils/scheduler' or its corresponding type declarations.
src/features/dashboard/components/DashboardOverview.tsx(33,67): error TS2307: Cannot find module '../../types' or its corresponding type declarations.
src/features/dashboard/components/DashboardOverview.tsx(34,35): error TS2307: Cannot find module '../../types' or its corresponding type declarations.
src/features/dashboard/components/FinancialPerformance.tsx(78,37): error TS2322: Type '(value: number) => string' is not assignable to type 'Formatter<number, NameType>'.
  Types of parameters 'value' and 'value' are incompatible.
    Type 'number | undefined' is not assignable to type 'number'.
      Type 'undefined' is not assignable to type 'number'.
src/features/dashboard/components/PersonalWorkspace.tsx(69,84): error TS2367: This comparison appears to be unintentional because the types 'TaskStatusBackend' and '"completed"' have no overlap.
src/features/document-assembly/Step1TemplateSelection.tsx(9,26): error TS2307: Cannot find module '../../context/ThemeContext' or its corresponding type declarations.
src/features/document-assembly/Step1TemplateSelection.tsx(13,21): error TS2307: Cannot find module '@/services/api' or its corresponding type declarations.
src/features/document-assembly/Step2FormConfiguration.tsx(9,26): error TS2307: Cannot find module '../../context/ThemeContext' or its corresponding type declarations.
src/features/document-assembly/Step3DraftReview.tsx(9,26): error TS2307: Cannot find module '../../context/ThemeContext' or its corresponding type declarations.
src/features/knowledge/base/KnowledgeAnalytics.tsx(27,26): error TS2307: Cannot find module '../../../context/ThemeContext' or its corresponding type declarations.
src/features/knowledge/base/KnowledgeAnalytics.tsx(28,31): error TS2307: Cannot find module '../../common/ChartHelpers' or its corresponding type declarations.
src/features/knowledge/base/KnowledgeAnalytics.tsx(31,22): error TS2307: Cannot find module '../../common/Card' or its corresponding type declarations.
src/features/knowledge/base/KnowledgeAnalytics.tsx(32,28): error TS2307: Cannot find module '../../common/Primitives' or its corresponding type declarations.
src/features/knowledge/base/KnowledgeAnalytics.tsx(88,41): error TS18046: 'analytics' is of type 'unknown'.
src/features/knowledge/base/KnowledgeAnalytics.tsx(103,39): error TS18046: 'analytics' is of type 'unknown'.
src/features/knowledge/base/KnowledgeAnalytics.tsx(109,34): error TS18046: 'analytics' is of type 'unknown'.
src/features/knowledge/base/KnowledgeAnalytics.tsx(110,71): error TS18046: 'entry' is of type 'unknown'.
src/features/knowledge/base/KnowledgeBase.tsx(23,34): error TS2307: Cannot find module '../../layout/TabbedPageLayout' or its corresponding type declarations.
src/features/knowledge/base/KnowledgeBase.tsx(24,28): error TS2307: Cannot find module '../../common/LazyLoader' or its corresponding type declarations.
src/features/knowledge/base/KnowledgeBase.tsx(26,24): error TS2307: Cannot find module '../../common/Button' or its corresponding type declarations.
src/features/knowledge/base/PrecedentsView.tsx(26,26): error TS2307: Cannot find module '../../../context/ThemeContext' or its corresponding type declarations.
src/features/knowledge/base/PrecedentsView.tsx(29,24): error TS2307: Cannot find module '../../common/Button' or its corresponding type declarations.
src/features/knowledge/base/QAView.tsx(26,26): error TS2307: Cannot find module '../../../context/ThemeContext' or its corresponding type declarations.
src/features/knowledge/base/QAView.tsx(29,24): error TS2307: Cannot find module '../../common/Button' or its corresponding type declarations.
src/features/knowledge/base/WikiView.tsx(26,26): error TS2307: Cannot find module '../../../context/ThemeContext' or its corresponding type declarations.
src/features/knowledge/base/WikiView.tsx(30,23): error TS2307: Cannot find module '../../common/Badge' or its corresponding type declarations.
src/features/knowledge/base/WikiView.tsx(31,32): error TS2307: Cannot find module '../../common/AdaptiveLoader' or its corresponding type declarations.
src/features/knowledge/base/WikiView.tsx(60,5): error TS2322: Type 'WikiArticle[]' is not assignable to type 'Record<string, unknown>[]'.
  Type 'WikiArticle' is not assignable to type 'Record<string, unknown>'.
    Index signature for type 'string' is missing in type 'WikiArticle'.
src/features/knowledge/base/WikiView.tsx(97,15): error TS2322: Type 'unknown' is not assignable to type 'Key | null | undefined'.
src/features/knowledge/base/WikiView.tsx(98,50): error TS2345: Argument of type 'unknown' is not assignable to parameter of type 'string'.
src/features/knowledge/base/WikiView.tsx(105,59): error TS2322: Type 'unknown' is not assignable to type 'ReactNode'.
src/features/knowledge/base/WikiView.tsx(106,55): error TS2322: Type 'unknown' is not assignable to type 'ReactNode'.
src/features/knowledge/base/WikiView.tsx(108,15): error TS2322: Type 'unknown' is not assignable to type 'ReactNode'.
src/features/knowledge/citation/BriefAnalyzer.tsx(24,24): error TS2307: Cannot find module '../../common/Button' or its corresponding type declarations.
src/features/knowledge/citation/BriefAnalyzer.tsx(25,22): error TS2307: Cannot find module '../../common/Card' or its corresponding type declarations.
src/features/knowledge/citation/BriefAnalyzer.tsx(26,22): error TS2307: Cannot find module '../../common/Tabs' or its corresponding type declarations.
src/features/knowledge/citation/BriefAnalyzer.tsx(27,27): error TS2307: Cannot find module '../../common/RiskMeter' or its corresponding type declarations.
src/features/knowledge/citation/BriefAnalyzer.tsx(30,26): error TS2307: Cannot find module '../../../context/ThemeContext' or its corresponding type declarations.
src/features/knowledge/citation/BriefAnalyzer.tsx(33,27): error TS2307: Cannot find module '../../../context/WindowContext' or its corresponding type declarations.
src/features/knowledge/citation/BriefAnalyzer.tsx(228,32): error TS7006: Parameter 't' implicitly has an 'any' type.
src/features/knowledge/citation/CitationDetail.tsx(21,24): error TS2307: Cannot find module '../../common/Button' or its corresponding type declarations.
src/features/knowledge/citation/CitationDetail.tsx(24,26): error TS2307: Cannot find module '../../../context/ThemeContext' or its corresponding type declarations.
src/features/knowledge/citation/CitationLibrary.tsx(21,23): error TS2307: Cannot find module '../../common/Badge' or its corresponding type declarations.
src/features/knowledge/citation/CitationLibrary.tsx(22,24): error TS2307: Cannot find module '../../common/Button' or its corresponding type declarations.
src/features/knowledge/citation/CitationLibrary.tsx(23,31): error TS2307: Cannot find module '../../common/SearchToolbar' or its corresponding type declarations.
src/features/knowledge/citation/CitationLibrary.tsx(24,29): error TS2307: Cannot find module '../../common/VirtualList' or its corresponding type declarations.
src/features/knowledge/citation/CitationLibrary.tsx(26,28): error TS2307: Cannot find module '../../common/EmptyState' or its corresponding type declarations.
src/features/knowledge/citation/CitationLibrary.tsx(29,26): error TS2307: Cannot find module '../../../context/ThemeContext' or its corresponding type declarations.
src/features/knowledge/citation/CitationLibrary.tsx(31,27): error TS2307: Cannot find module '../../../context/WindowContext' or its corresponding type declarations.
src/features/knowledge/citation/CitationManager.tsx(20,49): error TS2307: Cannot find module '../../layout/TabbedPageLayout' or its corresponding type declarations.
src/features/knowledge/citation/CitationManager.tsx(21,24): error TS2307: Cannot find module '../../common/Button' or its corresponding type declarations.
src/features/knowledge/citation/CitationManager.tsx(22,28): error TS2307: Cannot find module '../../common/LazyLoader' or its corresponding type declarations.
src/features/knowledge/clauses/ClauseAnalytics.tsx(4,22): error TS2307: Cannot find module '../../common/Card' or its corresponding type declarations.
src/features/knowledge/clauses/ClauseAnalytics.tsx(5,28): error TS2307: Cannot find module '../../common/Primitives' or its corresponding type declarations.
src/features/knowledge/clauses/ClauseAnalytics.tsx(7,26): error TS2307: Cannot find module '../../../context/ThemeContext' or its corresponding type declarations.
src/features/knowledge/clauses/ClauseHistoryModal.tsx(5,28): error TS2307: Cannot find module '../../common/DiffViewer' or its corresponding type declarations.
src/features/knowledge/clauses/ClauseHistoryModal.tsx(6,26): error TS2307: Cannot find module '../../../context/ThemeContext' or its corresponding type declarations.
src/features/knowledge/clauses/ClauseLibrary.tsx(21,26): error TS2307: Cannot find module '../../../context/ThemeContext' or its corresponding type declarations.
src/features/knowledge/clauses/ClauseLibrary.tsx(23,22): error TS2307: Cannot find module '../../common/Card' or its corresponding type declarations.
src/features/knowledge/clauses/ClauseLibrary.tsx(24,24): error TS2307: Cannot find module '../../common/Button' or its corresponding type declarations.
src/features/knowledge/clauses/ClauseLibrary.tsx(25,23): error TS2307: Cannot find module '../../common/Inputs' or its corresponding type declarations.
src/features/knowledge/clauses/ClauseLibrary.tsx(26,23): error TS2307: Cannot find module '../../common/Badge' or its corresponding type declarations.
src/features/knowledge/clauses/ClauseLibrary.tsx(27,32): error TS2307: Cannot find module '../../common/AdaptiveLoader' or its corresponding type declarations.
src/features/knowledge/clauses/ClauseLibrary.tsx(28,28): error TS2307: Cannot find module '../../common/ErrorState' or its corresponding type declarations.
src/features/knowledge/clauses/ClauseLibrary.tsx(29,28): error TS2307: Cannot find module '../../common/EmptyState' or its corresponding type declarations.
src/features/knowledge/clauses/ClauseList.tsx(5,24): error TS2307: Cannot find module '../../common/Button' or its corresponding type declarations.
src/features/knowledge/clauses/ClauseList.tsx(6,31): error TS2307: Cannot find module '../../common/SearchToolbar' or its corresponding type declarations.
src/features/knowledge/clauses/ClauseList.tsx(8,26): error TS2307: Cannot find module '../../../context/ThemeContext' or its corresponding type declarations.
src/features/knowledge/clauses/ClauseList.tsx(13,29): error TS2307: Cannot find module '../../common/VirtualList' or its corresponding type declarations.
src/features/knowledge/clauses/ClauseList.tsx(14,28): error TS2307: Cannot find module '../../common/EmptyState' or its corresponding type declarations.
src/features/knowledge/index.ts(3,15): error TS2307: Cannot find module './KnowledgeAnalytics' or its corresponding type declarations.
src/features/knowledge/index.ts(4,15): error TS2307: Cannot find module './KnowledgeBase' or its corresponding type declarations.
src/features/knowledge/index.ts(5,15): error TS2307: Cannot find module './KnowledgeContent' or its corresponding type declarations.
src/features/knowledge/index.ts(6,15): error TS2307: Cannot find module './PrecedentsView' or its corresponding type declarations.
src/features/knowledge/index.ts(7,15): error TS2307: Cannot find module './QAView' or its corresponding type declarations.
src/features/knowledge/index.ts(8,15): error TS2307: Cannot find module './WikiView' or its corresponding type declarations.
src/features/knowledge/jurisdiction/JurisdictionArbitration.tsx(4,22): error TS2307: Cannot find module '../../common/Card' or its corresponding type declarations.
src/features/knowledge/jurisdiction/JurisdictionArbitration.tsx(5,24): error TS2307: Cannot find module '../../common/Button' or its corresponding type declarations.
src/features/knowledge/jurisdiction/JurisdictionArbitration.tsx(6,32): error TS2307: Cannot find module '../../common/AdaptiveLoader' or its corresponding type declarations.
src/features/knowledge/jurisdiction/JurisdictionArbitration.tsx(7,26): error TS2307: Cannot find module '../../../context/ThemeContext' or its corresponding type declarations.
src/features/knowledge/jurisdiction/JurisdictionFederal.tsx(26,26): error TS2307: Cannot find module '../../../context/ThemeContext' or its corresponding type declarations.
src/features/knowledge/jurisdiction/JurisdictionFederal.tsx(29,88): error TS2307: Cannot find module '../../common/Table' or its corresponding type declarations.
src/features/knowledge/jurisdiction/JurisdictionFederal.tsx(30,23): error TS2307: Cannot find module '../../common/Badge' or its corresponding type declarations.
src/features/knowledge/jurisdiction/JurisdictionFederal.tsx(31,32): error TS2307: Cannot find module '../../common/AdaptiveLoader' or its corresponding type declarations.
src/features/knowledge/jurisdiction/JurisdictionGeoMap.tsx(4,26): error TS2307: Cannot find module '../../../context/ThemeContext' or its corresponding type declarations.
src/features/knowledge/jurisdiction/JurisdictionGeoMap.tsx(7,27): error TS2307: Cannot find module '../../../context/WindowContext' or its corresponding type declarations.
src/features/knowledge/jurisdiction/JurisdictionInternational.tsx(4,88): error TS2307: Cannot find module '../../common/Table' or its corresponding type declarations.
src/features/knowledge/jurisdiction/JurisdictionInternational.tsx(5,32): error TS2307: Cannot find module '../../common/AdaptiveLoader' or its corresponding type declarations.
src/features/knowledge/jurisdiction/JurisdictionInternational.tsx(6,26): error TS2307: Cannot find module '../../../context/ThemeContext' or its corresponding type declarations.
src/features/knowledge/jurisdiction/JurisdictionLocalRules.tsx(3,88): error TS2307: Cannot find module '../../common/Table' or its corresponding type declarations.
src/features/knowledge/jurisdiction/JurisdictionLocalRules.tsx(4,24): error TS2307: Cannot find module '../../common/Button' or its corresponding type declarations.
src/features/knowledge/jurisdiction/JurisdictionLocalRules.tsx(5,23): error TS2307: Cannot find module '../../common/Modal' or its corresponding type declarations.
src/features/knowledge/jurisdiction/JurisdictionLocalRules.tsx(6,33): error TS2307: Cannot find module '../../common/Inputs' or its corresponding type declarations.
src/features/knowledge/jurisdiction/JurisdictionLocalRules.tsx(7,31): error TS2307: Cannot find module '../../common/SearchToolbar' or its corresponding type declarations.
src/features/knowledge/jurisdiction/JurisdictionLocalRules.tsx(9,31): error TS2307: Cannot find module '../../common/ConfirmDialog' or its corresponding type declarations.
src/features/knowledge/jurisdiction/JurisdictionLocalRules.tsx(11,23): error TS2307: Cannot find module '../../common/Badge' or its corresponding type declarations.
src/features/knowledge/jurisdiction/JurisdictionLocalRules.tsx(12,26): error TS2307: Cannot find module '../../../context/ThemeContext' or its corresponding type declarations.
src/features/knowledge/jurisdiction/JurisdictionManager.tsx(20,26): error TS2307: Cannot find module '../../../context/ThemeContext' or its corresponding type declarations.
src/features/knowledge/jurisdiction/JurisdictionManager.tsx(23,28): error TS2307: Cannot find module '../../common/PageHeader' or its corresponding type declarations.
src/features/knowledge/jurisdiction/JurisdictionManager.tsx(24,24): error TS2307: Cannot find module '../../common/Button' or its corresponding type declarations.
src/features/knowledge/jurisdiction/JurisdictionManager.tsx(25,28): error TS2307: Cannot find module '../../common/LazyLoader' or its corresponding type declarations.
src/features/knowledge/jurisdiction/JurisdictionRegulatory.tsx(3,22): error TS2307: Cannot find module '../../common/Card' or its corresponding type declarations.
src/features/knowledge/jurisdiction/JurisdictionRegulatory.tsx(5,32): error TS2307: Cannot find module '../../common/AdaptiveLoader' or its corresponding type declarations.
src/features/knowledge/jurisdiction/JurisdictionRegulatory.tsx(6,26): error TS2307: Cannot find module '../../../context/ThemeContext' or its corresponding type declarations.
src/features/knowledge/jurisdiction/JurisdictionState.tsx(26,26): error TS2307: Cannot find module '../../../context/ThemeContext' or its corresponding type declarations.
src/features/knowledge/jurisdiction/JurisdictionState.tsx(29,88): error TS2307: Cannot find module '../../common/Table' or its corresponding type declarations.
src/features/knowledge/jurisdiction/JurisdictionState.tsx(30,23): error TS2307: Cannot find module '../../common/Badge' or its corresponding type declarations.
src/features/knowledge/jurisdiction/JurisdictionState.tsx(31,32): error TS2307: Cannot find module '../../common/AdaptiveLoader' or its corresponding type declarations.
src/features/knowledge/jurisdiction/JurisdictionState.tsx(32,31): error TS2307: Cannot find module '../../common/SearchToolbar' or its corresponding type declarations.
src/features/knowledge/jurisdiction/utils/filterHelpers.ts(9,27): error TS2307: Cannot find module '../../../types' or its corresponding type declarations.
src/features/knowledge/jurisdiction/utils/geoMapUtils.ts(23,3): error TS2322: Type '{ vx: number; vy: number; }[]' is not assignable to type 'MapNode[]'.
  Type '{ vx: number; vy: number; }' is missing the following properties from type 'MapNode': x, y, label, type, radius
src/features/knowledge/practice/AssetManager.tsx(25,26): error TS2307: Cannot find module '../../../context/ThemeContext' or its corresponding type declarations.
src/features/knowledge/practice/AssetManager.tsx(31,88): error TS2307: Cannot find module '../../common/Table' or its corresponding type declarations.
src/features/knowledge/practice/AssetManager.tsx(32,24): error TS2307: Cannot find module '../../common/Button' or its corresponding type declarations.
src/features/knowledge/practice/AssetManager.tsx(33,23): error TS2307: Cannot find module '../../common/Badge' or its corresponding type declarations.
src/features/knowledge/practice/AssetManager.tsx(34,31): error TS2307: Cannot find module '../../common/ConfirmDialog' or its corresponding type declarations.
src/features/knowledge/practice/AssetManager.tsx(35,31): error TS2307: Cannot find module '../../common/SearchToolbar' or its corresponding type declarations.
src/features/knowledge/practice/AssetManager.tsx(36,23): error TS2307: Cannot find module '../../common/Modal' or its corresponding type declarations.
src/features/knowledge/practice/AssetManager.tsx(37,23): error TS2307: Cannot find module '../../common/Inputs' or its corresponding type declarations.
src/features/knowledge/practice/AssetManager.tsx(38,29): error TS2307: Cannot find module '../../common/VirtualList' or its corresponding type declarations.
src/features/knowledge/practice/FacilitiesManager.tsx(26,26): error TS2307: Cannot find module '../../../context/ThemeContext' or its corresponding type declarations.
src/features/knowledge/practice/FacilitiesManager.tsx(29,22): error TS2307: Cannot find module '../../common/Tabs' or its corresponding type declarations.
src/features/knowledge/practice/FacilitiesManager.tsx(30,22): error TS2307: Cannot find module '../../common/Card' or its corresponding type declarations.
src/features/knowledge/practice/FacilitiesManager.tsx(31,39): error TS2307: Cannot find module '../../common/RefactoredCommon' or its corresponding type declarations.
src/features/knowledge/practice/FacilitiesManager.tsx(32,88): error TS2307: Cannot find module '../../common/Table' or its corresponding type declarations.
src/features/knowledge/practice/FacilitiesManager.tsx(33,23): error TS2307: Cannot find module '../../common/Badge' or its corresponding type declarations.
src/features/knowledge/practice/finance/OperatingLedger.tsx(4,88): error TS2307: Cannot find module '../../../common/Table' or its corresponding type declarations.
src/features/knowledge/practice/finance/OperatingLedger.tsx(5,23): error TS2307: Cannot find module '../../../common/Badge' or its corresponding type declarations.
src/features/knowledge/practice/finance/OperatingLedger.tsx(6,22): error TS2307: Cannot find module '../../../common/Card' or its corresponding type declarations.
src/features/knowledge/practice/finance/OperatingLedger.tsx(8,26): error TS2307: Cannot find module '../../../../context/ThemeContext' or its corresponding type declarations.
src/features/knowledge/practice/finance/TrustLedger.tsx(3,88): error TS2307: Cannot find module '../../../common/Table' or its corresponding type declarations.
src/features/knowledge/practice/finance/TrustLedger.tsx(4,22): error TS2307: Cannot find module '../../../common/Card' or its corresponding type declarations.
src/features/knowledge/practice/finance/TrustLedger.tsx(6,26): error TS2307: Cannot find module '../../../../context/ThemeContext' or its corresponding type declarations.
src/features/knowledge/practice/finance/TrustLedger.tsx(17,73): error TS18046: 'curr' is of type 'unknown'.
src/features/knowledge/practice/finance/TrustLedger.tsx(32,130): error TS2345: Argument of type 'unknown' is not assignable to parameter of type 'string | number | null | undefined'.
src/features/knowledge/practice/finance/TrustLedger.tsx(48,89): error TS18046: 'c' is of type 'unknown'.
src/features/knowledge/practice/finance/TrustLedger.tsx(51,102): error TS18046: 'c' is of type 'unknown'.
src/features/knowledge/practice/finance/TrustLedger.tsx(52,90): error TS18046: 'c' is of type 'unknown'.
src/features/knowledge/practice/finance/TrustLedger.tsx(55,74): error TS18046: 'c' is of type 'unknown'.
src/features/knowledge/practice/finance/TrustLedger.tsx(56,130): error TS18046: 'c' is of type 'unknown'.
src/features/knowledge/practice/FinancialCenter.tsx(26,26): error TS2307: Cannot find module '../../../context/ThemeContext' or its corresponding type declarations.
src/features/knowledge/practice/FinancialCenter.tsx(29,24): error TS2307: Cannot find module '../../common/Button' or its corresponding type declarations.
src/features/knowledge/practice/FirmOperations.tsx(23,24): error TS2307: Cannot find module '../../common/Button' or its corresponding type declarations.
src/features/knowledge/practice/FirmOperations.tsx(24,49): error TS2307: Cannot find module '../../layout/TabbedPageLayout' or its corresponding type declarations.
src/features/knowledge/practice/FirmOperations.tsx(25,28): error TS2307: Cannot find module '../../common/LazyLoader' or its corresponding type declarations.
src/features/knowledge/practice/hr/AddStaffModal.tsx(3,23): error TS2307: Cannot find module '../../../common/Modal' or its corresponding type declarations.
src/features/knowledge/practice/hr/AddStaffModal.tsx(4,24): error TS2307: Cannot find module '../../../common/Button' or its corresponding type declarations.
src/features/knowledge/practice/hr/AddStaffModal.tsx(5,23): error TS2307: Cannot find module '../../../common/Inputs' or its corresponding type declarations.
src/features/knowledge/practice/hr/AddStaffModal.tsx(7,26): error TS2307: Cannot find module '../../../../context/ThemeContext' or its corresponding type declarations.
src/features/knowledge/practice/hr/HRManager.tsx(2,88): error TS2307: Cannot find module '../../../common/Table' or its corresponding type declarations.
src/features/knowledge/practice/hr/HRManager.tsx(3,28): error TS2307: Cannot find module '../../../common/UserAvatar' or its corresponding type declarations.
src/features/knowledge/practice/hr/HRManager.tsx(4,23): error TS2307: Cannot find module '../../../common/Badge' or its corresponding type declarations.
src/features/knowledge/practice/hr/HRManager.tsx(5,24): error TS2307: Cannot find module '../../../common/Button' or its corresponding type declarations.
src/features/knowledge/practice/hr/HRManager.tsx(6,31): error TS2307: Cannot find module '../../../common/ConfirmDialog' or its corresponding type declarations.
src/features/knowledge/practice/hr/HRManager.tsx(7,28): error TS2307: Cannot find module '../../../common/Primitives' or its corresponding type declarations.
src/features/knowledge/practice/hr/HRManager.tsx(13,26): error TS2307: Cannot find module '../../../../context/ThemeContext' or its corresponding type declarations.
src/features/knowledge/practice/KnowledgeCenter.tsx(26,26): error TS2307: Cannot find module '../../../context/ThemeContext' or its corresponding type declarations.
src/features/knowledge/practice/KnowledgeCenter.tsx(29,22): error TS2307: Cannot find module '../../common/Tabs' or its corresponding type declarations.
src/features/knowledge/practice/KnowledgeCenter.tsx(34,88): error TS2307: Cannot find module '../../common/Table' or its corresponding type declarations.
src/features/knowledge/practice/KnowledgeCenter.tsx(35,23): error TS2307: Cannot find module '../../common/Badge' or its corresponding type declarations.
src/features/knowledge/practice/MarketingDashboard.tsx(25,26): error TS2307: Cannot find module '../../../context/ThemeContext' or its corresponding type declarations.
src/features/knowledge/practice/MarketingDashboard.tsx(28,22): error TS2307: Cannot find module '../../common/Card' or its corresponding type declarations.
src/features/knowledge/practice/SecurityOps.tsx(26,26): error TS2307: Cannot find module '../../../context/ThemeContext' or its corresponding type declarations.
src/features/knowledge/practice/SecurityOps.tsx(30,22): error TS2307: Cannot find module '../../common/Card' or its corresponding type declarations.
src/features/knowledge/practice/SecurityOps.tsx(31,24): error TS2307: Cannot find module '../../common/Button' or its corresponding type declarations.
src/features/knowledge/practice/StrategyBoard.tsx(26,26): error TS2307: Cannot find module '../../../context/ThemeContext' or its corresponding type declarations.
src/features/knowledge/practice/StrategyBoard.tsx(29,22): error TS2307: Cannot find module '../../common/Tabs' or its corresponding type declarations.
src/features/knowledge/practice/StrategyBoard.tsx(30,28): error TS2307: Cannot find module '../../common/RefactoredCommon' or its corresponding type declarations.
src/features/knowledge/practice/StrategyBoard.tsx(31,55): error TS2307: Cannot find module '../../common/Kanban' or its corresponding type declarations.
src/features/knowledge/practice/StrategyBoard.tsx(32,22): error TS2307: Cannot find module '../../common/Card' or its corresponding type declarations.
src/features/knowledge/practice/StrategyBoard.tsx(33,29): error TS2307: Cannot find module '../../common/ProgressBar' or its corresponding type declarations.
src/features/knowledge/practice/VendorProcurement.tsx(26,26): error TS2307: Cannot find module '../../../context/ThemeContext' or its corresponding type declarations.
src/features/knowledge/practice/VendorProcurement.tsx(29,22): error TS2307: Cannot find module '../../common/Tabs' or its corresponding type declarations.
src/features/knowledge/practice/VendorProcurement.tsx(30,88): error TS2307: Cannot find module '../../common/Table' or its corresponding type declarations.
src/features/knowledge/practice/VendorProcurement.tsx(31,23): error TS2307: Cannot find module '../../common/Badge' or its corresponding type declarations.
src/features/knowledge/practice/VendorProcurement.tsx(32,24): error TS2307: Cannot find module '../../common/Button' or its corresponding type declarations.
src/features/knowledge/practice/VendorProcurement.tsx(33,31): error TS2307: Cannot find module '../../common/SearchToolbar' or its corresponding type declarations.
src/features/knowledge/practice/VendorProcurement.tsx(34,55): error TS2307: Cannot find module '../../common/Kanban' or its corresponding type declarations.
src/features/knowledge/practice/VendorProcurement.tsx(93,52): error TS18046: 'v' is of type 'unknown'.
src/features/knowledge/practice/VendorProcurement.tsx(94,101): error TS18046: 'v' is of type 'unknown'.
src/features/knowledge/practice/VendorProcurement.tsx(95,53): error TS18046: 'v' is of type 'unknown'.
src/features/knowledge/practice/VendorProcurement.tsx(96,53): error TS18046: 'v' is of type 'unknown'.
src/features/knowledge/practice/VendorProcurement.tsx(97,68): error TS18046: 'v' is of type 'unknown'.
src/features/knowledge/practice/VendorProcurement.tsx(97,107): error TS18046: 'v' is of type 'unknown'.
src/features/knowledge/practice/VendorProcurement.tsx(97,152): error TS18046: 'v' is of type 'unknown'.
src/features/knowledge/research/ActiveResearch.tsx(10,26): error TS2307: Cannot find module '../../../context/ThemeContext' or its corresponding type declarations.
src/features/knowledge/research/ActiveResearch.tsx(13,27): error TS2307: Cannot find module '../../../context/WindowContext' or its corresponding type declarations.
src/features/knowledge/research/bluebook/FormatOptionsCard.tsx(3,26): error TS2307: Cannot find module '../../../../context/ThemeContext' or its corresponding type declarations.
src/features/knowledge/research/bluebook/HelpSection.tsx(3,22): error TS2307: Cannot find module '../../../common/Card' or its corresponding type declarations.
src/features/knowledge/research/bluebook/HelpSection.tsx(4,26): error TS2307: Cannot find module '../../../../context/ThemeContext' or its corresponding type declarations.
src/features/knowledge/research/bluebook/InputSection.tsx(3,24): error TS2307: Cannot find module '../../../common/Button' or its corresponding type declarations.
src/features/knowledge/research/bluebook/InputSection.tsx(4,22): error TS2307: Cannot find module '../../../common/Card' or its corresponding type declarations.
src/features/knowledge/research/bluebook/InputSection.tsx(5,26): error TS2307: Cannot find module '../../../../context/ThemeContext' or its corresponding type declarations.
src/features/knowledge/research/bluebook/ResultItem.tsx(3,23): error TS2307: Cannot find module '../../../common/Badge' or its corresponding type declarations.
src/features/knowledge/research/bluebook/ResultItem.tsx(4,26): error TS2307: Cannot find module '../../../../context/ThemeContext' or its corresponding type declarations.
src/features/knowledge/research/bluebook/ResultItem.tsx(58,54): error TS7006: Parameter 'error' implicitly has an 'any' type.
src/features/knowledge/research/bluebook/ResultItem.tsx(58,61): error TS7006: Parameter 'idx' implicitly has an 'any' type.
src/features/knowledge/research/bluebook/ResultsSection.tsx(3,24): error TS2307: Cannot find module '../../../common/Button' or its corresponding type declarations.
src/features/knowledge/research/bluebook/ResultsSection.tsx(4,22): error TS2307: Cannot find module '../../../common/Card' or its corresponding type declarations.
src/features/knowledge/research/bluebook/ResultsSection.tsx(5,26): error TS2307: Cannot find module '../../../../context/ThemeContext' or its corresponding type declarations.
src/features/knowledge/research/bluebook/StatsBar.tsx(2,22): error TS2307: Cannot find module '../../../common/Card' or its corresponding type declarations.
src/features/knowledge/research/bluebook/StatsBar.tsx(3,26): error TS2307: Cannot find module '../../../../context/ThemeContext' or its corresponding type declarations.
src/features/knowledge/research/bluebook/types.ts(5,72): error TS2307: Cannot find module '../../../types/bluebook' or its corresponding type declarations.
src/features/knowledge/research/bluebook/useFormattingStats.ts(3,36): error TS2307: Cannot find module '../../../types/bluebook' or its corresponding type declarations.
src/features/knowledge/research/bluebook/useFormattingStats.ts(10,41): error TS7006: Parameter 'e' implicitly has an 'any' type.
src/features/knowledge/research/JurisdictionSettings.tsx(4,22): error TS2307: Cannot find module '../../common/Card' or its corresponding type declarations.
src/features/knowledge/research/JurisdictionSettings.tsx(5,26): error TS2307: Cannot find module '../../../context/ThemeContext' or its corresponding type declarations.
src/features/knowledge/research/ResearchHistory.tsx(3,88): error TS2307: Cannot find module '../../common/Table' or its corresponding type declarations.
src/features/knowledge/research/ResearchHistory.tsx(4,24): error TS2307: Cannot find module '../../common/Button' or its corresponding type declarations.
src/features/knowledge/research/ResearchHistory.tsx(5,32): error TS2307: Cannot find module '../../common/AdaptiveLoader' or its corresponding type declarations.
src/features/knowledge/research/ResearchHistory.tsx(7,31): error TS2307: Cannot find module '../../common/SearchToolbar' or its corresponding type declarations.
src/features/knowledge/research/ResearchHistory.tsx(8,26): error TS2307: Cannot find module '../../../context/ThemeContext' or its corresponding type declarations.
src/features/knowledge/research/ResearchInput.tsx(4,26): error TS2307: Cannot find module '../../../context/ThemeContext' or its corresponding type declarations.
src/features/knowledge/research/ResearchResultCard.tsx(5,23): error TS2307: Cannot find module '../../common/Badge' or its corresponding type declarations.
src/features/knowledge/research/ResearchResultCard.tsx(6,26): error TS2307: Cannot find module '../../../context/ThemeContext' or its corresponding type declarations.
src/features/knowledge/research/ResearchResults.tsx(5,22): error TS2307: Cannot find module '../../common/Card' or its corresponding type declarations.
src/features/knowledge/research/ResearchResults.tsx(6,26): error TS2307: Cannot find module '../../../context/ThemeContext' or its corresponding type declarations.
src/features/knowledge/research/ResearchSidebar.tsx(4,26): error TS2307: Cannot find module '../../../context/ThemeContext' or its corresponding type declarations.
src/features/knowledge/research/ResearchTool.tsx(25,26): error TS2307: Cannot find module '../../../context/ThemeContext' or its corresponding type declarations.
src/features/knowledge/research/ResearchTool.tsx(29,28): error TS2307: Cannot find module '../../common/LazyLoader' or its corresponding type declarations.
src/features/knowledge/research/ResearchTool.tsx(30,34): error TS2307: Cannot find module '../../layout/TabbedPageLayout' or its corresponding type declarations.
src/features/knowledge/research/ResearchTool.tsx(63,9): error TS18046: 'judges' is of type 'unknown'.
src/features/knowledge/research/ResearchTool.tsx(64,26): error TS18046: 'judges' is of type 'unknown'.
src/features/knowledge/research/SavedAuthorities.tsx(4,88): error TS2307: Cannot find module '../../common/Table' or its corresponding type declarations.
src/features/knowledge/research/SavedAuthorities.tsx(5,28): error TS2307: Cannot find module '../../common/EmptyState' or its corresponding type declarations.
src/features/knowledge/research/SavedAuthorities.tsx(6,32): error TS2307: Cannot find module '../../common/AdaptiveLoader' or its corresponding type declarations.
src/features/knowledge/research/SavedAuthorities.tsx(7,23): error TS2307: Cannot find module '../../common/Badge' or its corresponding type declarations.
src/features/knowledge/research/SavedAuthorities.tsx(8,24): error TS2307: Cannot find module '../../common/Button' or its corresponding type declarations.
src/features/knowledge/research/SavedAuthorities.tsx(9,26): error TS2307: Cannot find module '../../../context/ThemeContext' or its corresponding type declarations.
src/features/knowledge/research/ShepardizingTool.tsx(5,24): error TS2307: Cannot find module '../../common/Button' or its corresponding type declarations.
src/features/knowledge/research/ShepardizingTool.tsx(6,22): error TS2307: Cannot find module '../../common/Card' or its corresponding type declarations.
src/features/knowledge/research/ShepardizingTool.tsx(7,23): error TS2307: Cannot find module '../../common/Badge' or its corresponding type declarations.
src/features/knowledge/research/ShepardizingTool.tsx(8,26): error TS2307: Cannot find module '../../../context/ThemeContext' or its corresponding type declarations.
src/features/knowledge/rules/LocalRulesMap.tsx(4,22): error TS2307: Cannot find module '../../common/Card' or its corresponding type declarations.
src/features/knowledge/rules/LocalRulesMap.tsx(5,26): error TS2307: Cannot find module '../../../context/ThemeContext' or its corresponding type declarations.
src/features/knowledge/rules/LocalRulesMap.tsx(43,43): error TS18046: 'state' is of type 'unknown'.
src/features/knowledge/rules/LocalRulesMap.tsx(46,94): error TS18046: 'state' is of type 'unknown'.
src/features/knowledge/rules/LocalRulesMap.tsx(49,42): error TS18046: 'state' is of type 'unknown'.
src/features/knowledge/rules/LocalRulesMap.tsx(52,50): error TS18046: 'lvl' is of type 'unknown'.
src/features/knowledge/rules/localRulesMap.utils.ts(7,21): error TS18046: 'j' is of type 'unknown'.
src/features/knowledge/rules/localRulesMap.utils.ts(8,20): error TS18046: 'j' is of type 'unknown'.
src/features/knowledge/rules/localRulesMap.utils.ts(8,38): error TS18046: 'j' is of type 'unknown'.
src/features/knowledge/rules/localRulesMap.utils.ts(8,65): error TS18046: 'j' is of type 'unknown'.
src/features/knowledge/rules/localRulesMap.utils.ts(8,78): error TS18046: 'j' is of type 'unknown'.
src/features/knowledge/rules/localRulesMap.utils.ts(10,28): error TS18046: 'j' is of type 'unknown'.
src/features/knowledge/rules/localRulesMap.utils.ts(10,66): error TS18046: 'l' is of type 'unknown'.
src/features/knowledge/rules/localRulesMap.utils.ts(10,77): error TS18046: 'j' is of type 'unknown'.
src/features/knowledge/rules/localRulesMap.utils.ts(12,29): error TS18046: 'j' is of type 'unknown'.
src/features/knowledge/rules/localRulesMap.utils.ts(13,20): error TS18046: 'j' is of type 'unknown'.
src/features/knowledge/rules/localRulesMap.utils.ts(15,27): error TS18046: 'j' is of type 'unknown'.
src/features/knowledge/rules/rule-viewer/RuleContentDisplay.tsx(23,38): error TS2339: Property 'text' does not exist on type '{}'.
src/features/knowledge/rules/rule-viewer/RuleContentDisplay.tsx(57,42): error TS2339: Property 'statutory_notes' does not exist on type '{}'.
src/features/knowledge/rules/rule-viewer/RuleContentDisplay.tsx(62,66): error TS2339: Property 'statutory_notes' does not exist on type '{}'.
src/features/knowledge/rules/rule-viewer/RuleContentDisplay.tsx(63,60): error TS2339: Property 'statutory_notes' does not exist on type '{}'.
src/features/knowledge/rules/rule-viewer/RuleContentDisplay.tsx(64,63): error TS2339: Property 'statutory_notes' does not exist on type '{}'.
src/features/knowledge/rules/rule-viewer/RuleContentDisplay.tsx(71,32): error TS2339: Property 'statutory_notes' does not exist on type '{}'.
src/features/knowledge/rules/rule-viewer/RuleContentDisplay.tsx(73,96): error TS18046: 'am' is of type 'unknown'.
src/features/knowledge/rules/rule-viewer/RuleContentDisplay.tsx(74,85): error TS18046: 'am' is of type 'unknown'.
src/features/knowledge/rules/rule-viewer/RuleContentDisplay.tsx(83,40): error TS2339: Property 'advisory_committee_notes' does not exist on type '{}'.
src/features/knowledge/rules/rule-viewer/RuleContentDisplay.tsx(85,38): error TS2339: Property 'advisory_committee_notes' does not exist on type '{}'.
src/features/knowledge/rules/RuleBookViewer.tsx(6,32): error TS2307: Cannot find module '../../common/AdaptiveLoader' or its corresponding type declarations.
src/features/knowledge/rules/RuleBookViewer.tsx(8,26): error TS2307: Cannot find module '../../../context/ThemeContext' or its corresponding type declarations.
src/features/knowledge/rules/RuleBookViewer.tsx(11,24): error TS2307: Cannot find module '../../common/Button' or its corresponding type declarations.
src/features/knowledge/rules/RuleBookViewer.tsx(12,22): error TS2307: Cannot find module '../../common/Tabs' or its corresponding type declarations.
src/features/knowledge/rules/RuleBookViewer.tsx(13,27): error TS2307: Cannot find module '../../../context/WindowContext' or its corresponding type declarations.
src/features/knowledge/rules/RuleBookViewer.tsx(127,48): error TS7006: Parameter 't' implicitly has an 'any' type.
src/features/knowledge/rules/RulesDashboard.tsx(2,28): error TS2307: Cannot find module '../../common/Primitives' or its corresponding type declarations.
src/features/knowledge/rules/RulesDashboard.tsx(3,22): error TS2307: Cannot find module '../../common/Card' or its corresponding type declarations.
src/features/knowledge/rules/RulesDashboard.tsx(4,32): error TS2307: Cannot find module '../../common/AdaptiveLoader' or its corresponding type declarations.
src/features/knowledge/rules/RulesDashboard.tsx(6,26): error TS2307: Cannot find module '../../../context/ThemeContext' or its corresponding type declarations.
src/features/knowledge/rules/RulesDashboard.tsx(8,24): error TS2307: Cannot find module '../../common/Button' or its corresponding type declarations.
src/features/knowledge/rules/RulesDashboard.tsx(34,56): error TS18046: 'judges' is of type 'unknown'.
src/features/knowledge/rules/RulesPlatform.tsx(20,26): error TS2307: Cannot find module '../../../context/ThemeContext' or its corresponding type declarations.
src/features/knowledge/rules/RulesPlatform.tsx(23,28): error TS2307: Cannot find module '../../common/PageHeader' or its corresponding type declarations.
src/features/knowledge/rules/RulesPlatform.tsx(24,24): error TS2307: Cannot find module '../../common/Button' or its corresponding type declarations.
src/features/knowledge/rules/RulesPlatform.tsx(25,28): error TS2307: Cannot find module '../../common/LazyLoader' or its corresponding type declarations.
src/features/knowledge/rules/RulesPlatform.tsx(53,50): error TS7006: Parameter 's' implicitly has an 'any' type.
src/features/knowledge/rules/RulesPlatform.tsx(99,46): error TS7006: Parameter 'tab' implicitly has an 'any' type.
src/features/knowledge/rules/RulesPlatformContent.tsx(3,28): error TS2307: Cannot find module '../../common/LazyLoader' or its corresponding type declarations.
src/features/knowledge/rules/RulesPlatformContent.tsx(18,46): error TS2322: Type '(view: RulesView) => void' is not assignable to type '(view: unknown) => void'.
  Types of parameters 'view' and 'view' are incompatible.
    Type 'unknown' is not assignable to type 'RulesView'.
src/features/knowledge/rules/RulesPlatformContent.tsx(25,37): error TS2322: Type '(view: RulesView) => void' is not assignable to type '(view: unknown) => void'.
  Types of parameters 'view' and 'view' are incompatible.
    Type 'unknown' is not assignable to type 'RulesView'.
src/features/knowledge/rules/StandingOrders.tsx(3,22): error TS2307: Cannot find module '../../common/Card' or its corresponding type declarations.
src/features/knowledge/rules/StandingOrders.tsx(4,24): error TS2307: Cannot find module '../../common/Button' or its corresponding type declarations.
src/features/knowledge/rules/StandingOrders.tsx(6,26): error TS2307: Cannot find module '../../../context/ThemeContext' or its corresponding type declarations.
src/features/knowledge/rules/StandingOrders.tsx(20,14): error TS18046: 'judges' is of type 'unknown'.
src/features/litigation/constants.ts(16,15): error TS2307: Cannot find module './canvasConstants' or its corresponding type declarations.
src/features/litigation/discovery/Custodians.tsx(2,88): error TS2307: Cannot find module '../../common/Table' or its corresponding type declarations.
src/features/litigation/discovery/Custodians.tsx(3,24): error TS2307: Cannot find module '../../common/Button' or its corresponding type declarations.
src/features/litigation/discovery/Custodians.tsx(4,23): error TS2307: Cannot find module '../../common/Badge' or its corresponding type declarations.
src/features/litigation/discovery/Custodians.tsx(6,26): error TS2307: Cannot find module '../../../context/ThemeContext' or its corresponding type declarations.
src/features/litigation/discovery/Custodians.tsx(8,23): error TS2307: Cannot find module '../../common/Modal' or its corresponding type declarations.
src/features/litigation/discovery/Custodians.tsx(9,33): error TS2307: Cannot find module '../../common/Inputs' or its corresponding type declarations.
src/features/litigation/discovery/dashboard/DiscoveryCharts.tsx(3,22): error TS2307: Cannot find module '../../../common/Card' or its corresponding type declarations.
src/features/litigation/discovery/dashboard/DiscoveryCharts.tsx(5,26): error TS2307: Cannot find module '../../../../context/ThemeContext' or its corresponding type declarations.
src/features/litigation/discovery/dashboard/DiscoveryCharts.tsx(6,31): error TS2307: Cannot find module '../../../common/ChartHelpers' or its corresponding type declarations.
src/features/litigation/discovery/dashboard/DiscoveryDashboard.tsx(2,22): error TS2307: Cannot find module '../../../common/Card' or its corresponding type declarations.
src/features/litigation/discovery/dashboard/DiscoveryDashboard.tsx(3,24): error TS2307: Cannot find module '../../../common/Button' or its corresponding type declarations.
src/features/litigation/discovery/dashboard/DiscoveryDashboard.tsx(4,23): error TS2307: Cannot find module '../../../common/Badge' or its corresponding type declarations.
src/features/litigation/discovery/dashboard/DiscoveryDashboard.tsx(7,26): error TS2307: Cannot find module '../../../../context/ThemeContext' or its corresponding type declarations.
src/features/litigation/discovery/dashboard/DiscoveryDashboard.tsx(39,39): error TS2322: Type '(view: DiscoveryView, id?: string | undefined) => void' is not assignable to type '(view: string) => void'.
  Types of parameters 'view' and 'view' are incompatible.
    Type 'string' is not assignable to type 'DiscoveryView'.
src/features/litigation/discovery/dashboard/DiscoveryMetrics.tsx(3,28): error TS2307: Cannot find module '../../../common/Primitives' or its corresponding type declarations.
src/features/litigation/discovery/DiscoveryContentRenderer.tsx(21,28): error TS2307: Cannot find module '../../common/LazyLoader' or its corresponding type declarations.
src/features/litigation/discovery/DiscoveryDepositions.tsx(24,23): error TS2307: Cannot find module '../../common/Modal' or its corresponding type declarations.
src/features/litigation/discovery/DiscoveryDocumentViewer.tsx(3,24): error TS2307: Cannot find module '../../common/Button' or its corresponding type declarations.
src/features/litigation/discovery/DiscoveryDocumentViewer.tsx(6,26): error TS2307: Cannot find module '../../../context/ThemeContext' or its corresponding type declarations.
src/features/litigation/discovery/DiscoveryESI.tsx(20,22): error TS2307: Cannot find module '../../common/Card' or its corresponding type declarations.
src/features/litigation/discovery/DiscoveryESI.tsx(21,24): error TS2307: Cannot find module '../../common/Button' or its corresponding type declarations.
src/features/litigation/discovery/DiscoveryESI.tsx(22,23): error TS2307: Cannot find module '../../common/Badge' or its corresponding type declarations.
src/features/litigation/discovery/DiscoveryESI.tsx(23,29): error TS2307: Cannot find module '../../common/ProgressBar' or its corresponding type declarations.
src/features/litigation/discovery/DiscoveryESI.tsx(27,26): error TS2307: Cannot find module '../../../context/ThemeContext' or its corresponding type declarations.
src/features/litigation/discovery/DiscoveryESI.tsx(30,27): error TS2307: Cannot find module '../../../context/WindowContext' or its corresponding type declarations.
src/features/litigation/discovery/DiscoveryInterviews.tsx(4,24): error TS2307: Cannot find module '../../common/Button' or its corresponding type declarations.
src/features/litigation/discovery/DiscoveryInterviews.tsx(8,26): error TS2307: Cannot find module '../../../context/ThemeContext' or its corresponding type declarations.
src/features/litigation/discovery/DiscoveryPlatform.tsx(23,28): error TS2307: Cannot find module '../../common/PageHeader' or its corresponding type declarations.
src/features/litigation/discovery/DiscoveryPlatform.tsx(24,24): error TS2307: Cannot find module '../../common/Button' or its corresponding type declarations.
src/features/litigation/discovery/DiscoveryPlatform.tsx(25,28): error TS2307: Cannot find module '../../common/LazyLoader' or its corresponding type declarations.
src/features/litigation/discovery/DiscoveryPlatform.tsx(29,26): error TS2307: Cannot find module '../../../context/ThemeContext' or its corresponding type declarations.
src/features/litigation/discovery/DiscoveryProduction.tsx(21,24): error TS2307: Cannot find module '../../common/Button' or its corresponding type declarations.
src/features/litigation/discovery/DiscoveryProduction.tsx(22,22): error TS2307: Cannot find module '../../common/Card' or its corresponding type declarations.
src/features/litigation/discovery/DiscoveryProduction.tsx(25,26): error TS2307: Cannot find module '../../../context/ThemeContext' or its corresponding type declarations.
src/features/litigation/discovery/DiscoveryProductions.tsx(26,26): error TS2307: Cannot find module '../../../context/ThemeContext' or its corresponding type declarations.
src/features/litigation/discovery/DiscoveryProductions.tsx(28,27): error TS2307: Cannot find module '../../../context/WindowContext' or its corresponding type declarations.
src/features/litigation/discovery/DiscoveryProductions.tsx(31,88): error TS2307: Cannot find module '../../common/Table' or its corresponding type declarations.
src/features/litigation/discovery/DiscoveryProductions.tsx(32,23): error TS2307: Cannot find module '../../common/Badge' or its corresponding type declarations.
src/features/litigation/discovery/DiscoveryProductions.tsx(33,24): error TS2307: Cannot find module '../../common/Button' or its corresponding type declarations.
src/features/litigation/discovery/DiscoveryRequests.tsx(20,24): error TS2307: Cannot find module '../../common/Button' or its corresponding type declarations.
src/features/litigation/discovery/DiscoveryRequests.tsx(21,23): error TS2307: Cannot find module '../../common/Badge' or its corresponding type declarations.
src/features/litigation/discovery/DiscoveryRequests.tsx(22,56): error TS2307: Cannot find module '../../common/Table' or its corresponding type declarations.
src/features/litigation/discovery/DiscoveryRequests.tsx(23,32): error TS2307: Cannot find module '../../common/AdaptiveLoader' or its corresponding type declarations.
src/features/litigation/discovery/DiscoveryRequests.tsx(24,35): error TS2307: Cannot find module '../../common/TaskCreationModal' or its corresponding type declarations.
src/features/litigation/discovery/DiscoveryRequests.tsx(25,29): error TS2307: Cannot find module '../../common/VirtualList' or its corresponding type declarations.
src/features/litigation/discovery/DiscoveryRequests.tsx(28,26): error TS2307: Cannot find module '../../../context/ThemeContext' or its corresponding type declarations.
src/features/litigation/discovery/DiscoveryRequests.tsx(29,27): error TS2307: Cannot find module '../../../context/WindowContext' or its corresponding type declarations.
src/features/litigation/discovery/DiscoveryResponse.tsx(54,21): error TS2339: Property 'lastSaved' does not exist on type '{ forceSave: () => void; isSaving: boolean; }'.
src/features/litigation/discovery/DiscoveryResponse.tsx(56,5): error TS2554: Expected 1 arguments, but got 3.
src/features/litigation/discovery/DiscoveryResponse.tsx(80,7): error TS2448: Block-scoped variable 'handleGenerateResponse' used before its declaration.
src/features/litigation/discovery/DiscoveryResponse.tsx(80,7): error TS2454: Variable 'handleGenerateResponse' is used before being assigned.
src/features/litigation/discovery/DiscoveryResponse.tsx(112,34): error TS2554: Expected 2 arguments, but got 1.
src/features/litigation/discovery/DiscoveryResponseModal.tsx(3,23): error TS2307: Cannot find module '../../common/Modal' or its corresponding type declarations.
src/features/litigation/discovery/DiscoveryResponseModal.tsx(4,24): error TS2307: Cannot find module '../../common/Button' or its corresponding type declarations.
src/features/litigation/discovery/DiscoveryResponseModal.tsx(5,23): error TS2307: Cannot find module '../../common/Badge' or its corresponding type declarations.
src/features/litigation/discovery/DiscoveryResponseModal.tsx(9,26): error TS2307: Cannot find module '../../../context/ThemeContext' or its corresponding type declarations.
src/features/litigation/discovery/DiscoveryResponseModal.tsx(26,11): error TS2339: Property 'notifySuccess' does not exist on type '{ success: (message: string) => void; error: (message: string) => void; info: (message: string) => void; warning: (message: string) => void; }'.
src/features/litigation/discovery/DiscoveryResponseModal.tsx(26,26): error TS2339: Property 'notifyError' does not exist on type '{ success: (message: string) => void; error: (message: string) => void; info: (message: string) => void; warning: (message: string) => void; }'.
src/features/litigation/discovery/DiscoveryResponseModal.tsx(125,47): error TS2554: Expected 1 arguments, but got 0.
src/features/litigation/discovery/DiscoverySkeleton.tsx(8,26): error TS2307: Cannot find module '../../../context/ThemeContext' or its corresponding type declarations.
src/features/litigation/discovery/DiscoveryStipulations.tsx(36,88): error TS2307: Cannot find module '../../common/Table' or its corresponding type declarations.
src/features/litigation/discovery/DiscoveryStipulations.tsx(37,24): error TS2307: Cannot find module '../../common/Button' or its corresponding type declarations.
src/features/litigation/discovery/DiscoveryStipulations.tsx(38,23): error TS2307: Cannot find module '../../common/Badge' or its corresponding type declarations.
src/features/litigation/discovery/DiscoveryStipulations.tsx(39,23): error TS2307: Cannot find module '../../common/Modal' or its corresponding type declarations.
src/features/litigation/discovery/DiscoveryStipulations.tsx(40,33): error TS2307: Cannot find module '../../common/Inputs' or its corresponding type declarations.
src/features/litigation/discovery/DiscoveryStipulations.tsx(43,26): error TS2307: Cannot find module '../../../context/ThemeContext' or its corresponding type declarations.
src/features/litigation/discovery/Examinations.tsx(2,88): error TS2307: Cannot find module '../../common/Table' or its corresponding type declarations.
src/features/litigation/discovery/Examinations.tsx(3,24): error TS2307: Cannot find module '../../common/Button' or its corresponding type declarations.
src/features/litigation/discovery/Examinations.tsx(4,23): error TS2307: Cannot find module '../../common/Badge' or its corresponding type declarations.
src/features/litigation/discovery/Examinations.tsx(6,26): error TS2307: Cannot find module '../../../context/ThemeContext' or its corresponding type declarations.
src/features/litigation/discovery/Examinations.tsx(13,23): error TS2307: Cannot find module '../../common/Modal' or its corresponding type declarations.
src/features/litigation/discovery/Examinations.tsx(14,33): error TS2307: Cannot find module '../../common/Inputs' or its corresponding type declarations.
src/features/litigation/discovery/InitialDisclosureWizard.tsx(3,22): error TS2307: Cannot find module '../../common/Card' or its corresponding type declarations.
src/features/litigation/discovery/InitialDisclosureWizard.tsx(4,24): error TS2307: Cannot find module '../../common/Button' or its corresponding type declarations.
src/features/litigation/discovery/InitialDisclosureWizard.tsx(5,25): error TS2307: Cannot find module '../../common/Stepper' or its corresponding type declarations.
src/features/litigation/discovery/InitialDisclosureWizard.tsx(6,33): error TS2307: Cannot find module '../../common/Inputs' or its corresponding type declarations.
src/features/litigation/discovery/InitialDisclosureWizard.tsx(8,26): error TS2307: Cannot find module '../../../context/ThemeContext' or its corresponding type declarations.
src/features/litigation/discovery/InitialDisclosureWizard.tsx(41,7): error TS18046: 'setter' is of type 'unknown'.
src/features/litigation/discovery/interviews/InterviewList.tsx(4,88): error TS2307: Cannot find module '../../../common/Table' or its corresponding type declarations.
src/features/litigation/discovery/interviews/InterviewList.tsx(5,23): error TS2307: Cannot find module '../../../common/Badge' or its corresponding type declarations.
src/features/litigation/discovery/interviews/InterviewList.tsx(6,24): error TS2307: Cannot find module '../../../common/Button' or its corresponding type declarations.
src/features/litigation/discovery/interviews/InterviewList.tsx(8,26): error TS2307: Cannot find module '../../../../context/ThemeContext' or its corresponding type declarations.
src/features/litigation/discovery/interviews/InterviewModal.tsx(2,23): error TS2307: Cannot find module '../../../common/Modal' or its corresponding type declarations.
src/features/litigation/discovery/interviews/InterviewModal.tsx(3,33): error TS2307: Cannot find module '../../../common/Inputs' or its corresponding type declarations.
src/features/litigation/discovery/interviews/InterviewModal.tsx(4,24): error TS2307: Cannot find module '../../../common/Button' or its corresponding type declarations.
src/features/litigation/discovery/layout/DiscoveryNavigation.tsx(4,26): error TS2307: Cannot find module '../../../../context/ThemeContext' or its corresponding type declarations.
src/features/litigation/discovery/LegalHolds.tsx(21,24): error TS2307: Cannot find module '../../common/Button' or its corresponding type declarations.
src/features/litigation/discovery/LegalHolds.tsx(22,23): error TS2307: Cannot find module '../../common/Badge' or its corresponding type declarations.
src/features/litigation/discovery/LegalHolds.tsx(23,88): error TS2307: Cannot find module '../../common/Table' or its corresponding type declarations.
src/features/litigation/discovery/LegalHolds.tsx(24,32): error TS2307: Cannot find module '../../common/AdaptiveLoader' or its corresponding type declarations.
src/features/litigation/discovery/LegalHolds.tsx(27,26): error TS2307: Cannot find module '../../../context/ThemeContext' or its corresponding type declarations.
src/features/litigation/discovery/LegalHolds.tsx(65,49): error TS2551: Property 'getQueryData' does not exist on type 'QueryClient'. Did you mean 'setQueryData'?
src/features/litigation/discovery/MotionForSanctions.tsx(89,16): error TS2322: Type 'undefined' is not assignable to type 'boolean'.
src/features/litigation/discovery/MotionToCompelBuilder.tsx(4,22): error TS2307: Cannot find module '../../common/Card' or its corresponding type declarations.
src/features/litigation/discovery/MotionToCompelBuilder.tsx(5,24): error TS2307: Cannot find module '../../common/Button' or its corresponding type declarations.
src/features/litigation/discovery/MotionToCompelBuilder.tsx(6,23): error TS2307: Cannot find module '../../common/Badge' or its corresponding type declarations.
src/features/litigation/discovery/MotionToCompelBuilder.tsx(8,26): error TS2307: Cannot find module '../../../context/ThemeContext' or its corresponding type declarations.
src/features/litigation/discovery/PerpetuateTestimony.tsx(3,22): error TS2307: Cannot find module '../../common/Card' or its corresponding type declarations.
src/features/litigation/discovery/PerpetuateTestimony.tsx(4,24): error TS2307: Cannot find module '../../common/Button' or its corresponding type declarations.
src/features/litigation/discovery/PerpetuateTestimony.tsx(6,26): error TS2307: Cannot find module '../../../context/ThemeContext' or its corresponding type declarations.
src/features/litigation/discovery/PrivilegeLog.tsx(21,24): error TS2307: Cannot find module '../../common/Button' or its corresponding type declarations.
src/features/litigation/discovery/PrivilegeLog.tsx(22,23): error TS2307: Cannot find module '../../common/Badge' or its corresponding type declarations.
src/features/litigation/discovery/PrivilegeLog.tsx(23,88): error TS2307: Cannot find module '../../common/Table' or its corresponding type declarations.
src/features/litigation/discovery/PrivilegeLog.tsx(24,32): error TS2307: Cannot find module '../../common/AdaptiveLoader' or its corresponding type declarations.
src/features/litigation/discovery/PrivilegeLog.tsx(27,26): error TS2307: Cannot find module '../../../context/ThemeContext' or its corresponding type declarations.
src/features/litigation/discovery/RequestForAdmission.tsx(2,88): error TS2307: Cannot find module '../../common/Table' or its corresponding type declarations.
src/features/litigation/discovery/RequestForAdmission.tsx(3,24): error TS2307: Cannot find module '../../common/Button' or its corresponding type declarations.
src/features/litigation/discovery/RequestForAdmission.tsx(4,23): error TS2307: Cannot find module '../../common/Badge' or its corresponding type declarations.
src/features/litigation/discovery/RequestForAdmission.tsx(6,26): error TS2307: Cannot find module '../../../context/ThemeContext' or its corresponding type declarations.
src/features/litigation/discovery/TranscriptManager.tsx(2,88): error TS2307: Cannot find module '../../common/Table' or its corresponding type declarations.
src/features/litigation/discovery/TranscriptManager.tsx(3,24): error TS2307: Cannot find module '../../common/Button' or its corresponding type declarations.
src/features/litigation/discovery/TranscriptManager.tsx(5,26): error TS2307: Cannot find module '../../../context/ThemeContext' or its corresponding type declarations.
src/features/litigation/discovery/TranscriptManager.tsx(13,23): error TS2307: Cannot find module '../../common/Modal' or its corresponding type declarations.
src/features/litigation/discovery/TranscriptManager.tsx(14,23): error TS2307: Cannot find module '../../common/Inputs' or its corresponding type declarations.
src/features/litigation/discovery/VendorManagement.tsx(36,88): error TS2307: Cannot find module '../../common/Table' or its corresponding type declarations.
src/features/litigation/discovery/VendorManagement.tsx(37,24): error TS2307: Cannot find module '../../common/Button' or its corresponding type declarations.
src/features/litigation/discovery/VendorManagement.tsx(38,23): error TS2307: Cannot find module '../../common/Badge' or its corresponding type declarations.
src/features/litigation/discovery/VendorManagement.tsx(39,23): error TS2307: Cannot find module '../../common/Modal' or its corresponding type declarations.
src/features/litigation/discovery/VendorManagement.tsx(40,23): error TS2307: Cannot find module '../../common/Inputs' or its corresponding type declarations.
src/features/litigation/discovery/VendorManagement.tsx(43,26): error TS2307: Cannot find module '../../../context/ThemeContext' or its corresponding type declarations.
src/features/litigation/discovery/viewer/CodingPanel.tsx(4,24): error TS2307: Cannot find module '../../../common/Button' or its corresponding type declarations.
src/features/litigation/discovery/viewer/CodingPanel.tsx(5,26): error TS2307: Cannot find module '../../../../context/ThemeContext' or its corresponding type declarations.
src/features/litigation/evidence/EvidenceAdmissibility.tsx(13,22): error TS2307: Cannot find module '../../common/Card' or its corresponding type declarations.
src/features/litigation/evidence/EvidenceAdmissibility.tsx(14,23): error TS2307: Cannot find module '../../common/Badge' or its corresponding type declarations.
src/features/litigation/evidence/EvidenceAdmissibility.tsx(15,24): error TS2307: Cannot find module '../../common/Button' or its corresponding type declarations.
src/features/litigation/evidence/EvidenceAdmissibility.tsx(16,30): error TS2307: Cannot find module '../../common/RuleSelector' or its corresponding type declarations.
src/features/litigation/evidence/EvidenceAdmissibility.tsx(17,23): error TS2307: Cannot find module '../../common/Modal' or its corresponding type declarations.
src/features/litigation/evidence/EvidenceAdmissibility.tsx(20,26): error TS2307: Cannot find module '../../../context/ThemeContext' or its corresponding type declarations.
src/features/litigation/evidence/EvidenceChainOfCustody.tsx(17,24): error TS2307: Cannot find module '../../common/Button' or its corresponding type declarations.
src/features/litigation/evidence/EvidenceChainOfCustody.tsx(18,23): error TS2307: Cannot find module '../../common/Modal' or its corresponding type declarations.
src/features/litigation/evidence/EvidenceChainOfCustody.tsx(19,33): error TS2307: Cannot find module '../../common/Inputs' or its corresponding type declarations.
src/features/litigation/evidence/EvidenceChainOfCustody.tsx(20,30): error TS2307: Cannot find module '../../common/SignaturePad' or its corresponding type declarations.
src/features/litigation/evidence/EvidenceChainOfCustody.tsx(23,26): error TS2307: Cannot find module '../../../context/ThemeContext' or its corresponding type declarations.
src/features/litigation/evidence/EvidenceChainOfCustody.tsx(91,52): error TS2551: Property 'getQueryData' does not exist on type 'QueryClient'. Did you mean 'setQueryData'?
src/features/litigation/evidence/EvidenceChainOfCustody.tsx(119,28): error TS2339: Property 'previousEvidence' does not exist on type '{}'.
src/features/litigation/evidence/EvidenceChainOfCustody.tsx(122,31): error TS2339: Property 'previousEvidence' does not exist on type '{}'.
src/features/litigation/evidence/EvidenceCustodyLog.tsx(13,88): error TS2307: Cannot find module '../../common/Table' or its corresponding type declarations.
src/features/litigation/evidence/EvidenceCustodyLog.tsx(14,24): error TS2307: Cannot find module '../../common/Button' or its corresponding type declarations.
src/features/litigation/evidence/EvidenceCustodyLog.tsx(17,26): error TS2307: Cannot find module '../../../context/ThemeContext' or its corresponding type declarations.
src/features/litigation/evidence/EvidenceDashboard.tsx(14,22): error TS2307: Cannot find module '../../common/Card' or its corresponding type declarations.
src/features/litigation/evidence/EvidenceDashboard.tsx(15,24): error TS2307: Cannot find module '../../common/Button' or its corresponding type declarations.
src/features/litigation/evidence/EvidenceDashboard.tsx(16,28): error TS2307: Cannot find module '../../common/Primitives' or its corresponding type declarations.
src/features/litigation/evidence/EvidenceDashboard.tsx(19,26): error TS2307: Cannot find module '../../../context/ThemeContext' or its corresponding type declarations.
src/features/litigation/evidence/EvidenceDashboard.tsx(44,12): error TS18046: 'evidence' is of type 'unknown'.
src/features/litigation/evidence/EvidenceDashboard.tsx(45,14): error TS18046: 'evidence' is of type 'unknown'.
src/features/litigation/evidence/EvidenceDashboard.tsx(46,15): error TS18046: 'evidence' is of type 'unknown'.
src/features/litigation/evidence/EvidenceDashboard.tsx(47,17): error TS18046: 'evidence' is of type 'unknown'.
src/features/litigation/evidence/EvidenceDashboard.tsx(52,12): error TS18046: 'evidence' is of type 'unknown'.
src/features/litigation/evidence/EvidenceDetail.tsx(15,24): error TS2307: Cannot find module '../../common/Button' or its corresponding type declarations.
src/features/litigation/evidence/EvidenceDetail.tsx(16,22): error TS2307: Cannot find module '../../common/Tabs' or its corresponding type declarations.
src/features/litigation/evidence/EvidenceDetail.tsx(26,26): error TS2307: Cannot find module '../../../context/ThemeContext' or its corresponding type declarations.
src/features/litigation/evidence/EvidenceErrorBoundary.tsx(8,24): error TS2307: Cannot find module '../../common/Button' or its corresponding type declarations.
src/features/litigation/evidence/EvidenceForensics.tsx(13,22): error TS2307: Cannot find module '../../common/Card' or its corresponding type declarations.
src/features/litigation/evidence/EvidenceForensics.tsx(14,24): error TS2307: Cannot find module '../../common/Button' or its corresponding type declarations.
src/features/litigation/evidence/EvidenceForensics.tsx(17,26): error TS2307: Cannot find module '../../../context/ThemeContext' or its corresponding type declarations.
src/features/litigation/evidence/EvidenceForensics.tsx(32,10): error TS18046: 'ChainServiceModule' is of type 'unknown'.
src/features/litigation/evidence/EvidenceForensics.tsx(108,34): error TS2551: Property 'getQueryData' does not exist on type 'QueryClient'. Did you mean 'setQueryData'?
src/features/litigation/evidence/EvidenceForensics.tsx(136,25): error TS2345: Argument of type 'unknown' is not assignable to parameter of type 'SetStateAction<{ timestamp: string; verified: boolean; blockHeight?: string | undefined; } | null>'.
src/features/litigation/evidence/EvidenceIntake.tsx(12,22): error TS2307: Cannot find module '../../common/Card' or its corresponding type declarations.
src/features/litigation/evidence/EvidenceIntake.tsx(13,24): error TS2307: Cannot find module '../../common/Button' or its corresponding type declarations.
src/features/litigation/evidence/EvidenceIntake.tsx(14,25): error TS2307: Cannot find module '../../common/Stepper' or its corresponding type declarations.
src/features/litigation/evidence/EvidenceIntake.tsx(15,26): error TS2307: Cannot find module '../../common/TagInput' or its corresponding type declarations.
src/features/litigation/evidence/EvidenceIntake.tsx(18,26): error TS2307: Cannot find module '../../../context/ThemeContext' or its corresponding type declarations.
src/features/litigation/evidence/EvidenceIntake.tsx(62,21): error TS2339: Property 'lastSaved' does not exist on type '{ forceSave: () => void; isSaving: boolean; }'.
src/features/litigation/evidence/EvidenceIntake.tsx(64,5): error TS2554: Expected 1 arguments, but got 3.
src/features/litigation/evidence/EvidenceIntake.tsx(283,37): error TS7006: Parameter 't' implicitly has an 'any' type.
src/features/litigation/evidence/EvidenceIntake.tsx(284,40): error TS7006: Parameter 't' implicitly has an 'any' type.
src/features/litigation/evidence/EvidenceInventory.tsx(20,24): error TS2307: Cannot find module '../../common/Button' or its corresponding type declarations.
src/features/litigation/evidence/EvidenceInventory.tsx(21,23): error TS2307: Cannot find module '../../common/Badge' or its corresponding type declarations.
src/features/litigation/evidence/EvidenceInventory.tsx(22,35): error TS2307: Cannot find module '../../common/TaskCreationModal' or its corresponding type declarations.
src/features/litigation/evidence/EvidenceInventory.tsx(23,32): error TS2307: Cannot find module '../../common/AdaptiveLoader' or its corresponding type declarations.
src/features/litigation/evidence/EvidenceInventory.tsx(24,34): error TS2307: Cannot find module '../../common/EvidenceTypeIcon' or its corresponding type declarations.
src/features/litigation/evidence/EvidenceInventory.tsx(25,29): error TS2307: Cannot find module '../../common/FilterPanel' or its corresponding type declarations.
src/features/litigation/evidence/EvidenceInventory.tsx(26,29): error TS2307: Cannot find module '../../common/VirtualList' or its corresponding type declarations.
src/features/litigation/evidence/EvidenceInventory.tsx(29,26): error TS2307: Cannot find module '../../../context/ThemeContext' or its corresponding type declarations.
src/features/litigation/evidence/EvidenceSkeleton.tsx(7,26): error TS2307: Cannot find module '../../../context/ThemeContext' or its corresponding type declarations.
src/features/litigation/evidence/EvidenceStructure.tsx(13,22): error TS2307: Cannot find module '../../common/Card' or its corresponding type declarations.
src/features/litigation/evidence/EvidenceStructure.tsx(14,24): error TS2307: Cannot find module '../../common/Button' or its corresponding type declarations.
src/features/litigation/evidence/EvidenceStructure.tsx(17,26): error TS2307: Cannot find module '../../../context/ThemeContext' or its corresponding type declarations.
src/features/litigation/evidence/EvidenceVault.tsx(20,28): error TS2307: Cannot find module '../../common/PageHeader' or its corresponding type declarations.
src/features/litigation/evidence/EvidenceVault.tsx(21,24): error TS2307: Cannot find module '../../common/Button' or its corresponding type declarations.
src/features/litigation/evidence/EvidenceVault.tsx(22,28): error TS2307: Cannot find module '../../common/LazyLoader' or its corresponding type declarations.
src/features/litigation/evidence/EvidenceVault.tsx(28,26): error TS2307: Cannot find module '../../../context/ThemeContext' or its corresponding type declarations.
src/features/litigation/evidence/EvidenceVault.tsx(90,51): error TS7006: Parameter 's' implicitly has an 'any' type.
src/features/litigation/evidence/EvidenceVault.tsx(108,15): error TS2322: Type 'Dispatch<SetStateAction<DetailTab>>' is not assignable to type '(tab: unknown) => void'.
  Types of parameters 'value' and 'tab' are incompatible.
    Type 'unknown' is not assignable to type 'SetStateAction<DetailTab>'.
src/features/litigation/evidence/EvidenceVault.tsx(178,46): error TS7006: Parameter 'tab' implicitly has an 'any' type.
src/features/litigation/evidence/fre/AuthenticationManager.tsx(12,28): error TS2307: Cannot find module '../../../common/Primitives' or its corresponding type declarations.
src/features/litigation/evidence/fre/AuthenticationManager.tsx(13,88): error TS2307: Cannot find module '../../../common/Table' or its corresponding type declarations.
src/features/litigation/evidence/fre/AuthenticationManager.tsx(14,23): error TS2307: Cannot find module '../../../common/Badge' or its corresponding type declarations.
src/features/litigation/evidence/fre/AuthenticationManager.tsx(15,24): error TS2307: Cannot find module '../../../common/Button' or its corresponding type declarations.
src/features/litigation/evidence/fre/AuthenticationManager.tsx(18,26): error TS2307: Cannot find module '../../../../context/ThemeContext' or its corresponding type declarations.
src/features/litigation/evidence/fre/ExpertEvidenceManager.tsx(12,88): error TS2307: Cannot find module '../../../common/Table' or its corresponding type declarations.
src/features/litigation/evidence/fre/ExpertEvidenceManager.tsx(13,23): error TS2307: Cannot find module '../../../common/Badge' or its corresponding type declarations.
src/features/litigation/evidence/fre/ExpertEvidenceManager.tsx(14,24): error TS2307: Cannot find module '../../../common/Button' or its corresponding type declarations.
src/features/litigation/evidence/fre/ExpertEvidenceManager.tsx(17,26): error TS2307: Cannot find module '../../../../context/ThemeContext' or its corresponding type declarations.
src/features/litigation/evidence/fre/HearsayAnalyzer.tsx(12,22): error TS2307: Cannot find module '../../../common/Card' or its corresponding type declarations.
src/features/litigation/evidence/fre/HearsayAnalyzer.tsx(13,24): error TS2307: Cannot find module '../../../common/Button' or its corresponding type declarations.
src/features/litigation/evidence/fre/HearsayAnalyzer.tsx(16,26): error TS2307: Cannot find module '../../../../context/ThemeContext' or its corresponding type declarations.
src/features/litigation/evidence/fre/OriginalsManager.tsx(12,88): error TS2307: Cannot find module '../../../common/Table' or its corresponding type declarations.
src/features/litigation/evidence/fre/OriginalsManager.tsx(13,23): error TS2307: Cannot find module '../../../common/Badge' or its corresponding type declarations.
src/features/litigation/evidence/fre/OriginalsManager.tsx(14,24): error TS2307: Cannot find module '../../../common/Button' or its corresponding type declarations.
src/features/litigation/evidence/fre/OriginalsManager.tsx(17,26): error TS2307: Cannot find module '../../../../context/ThemeContext' or its corresponding type declarations.
src/features/litigation/evidence/fre/RelevanceAnalysis.tsx(12,22): error TS2307: Cannot find module '../../../common/Card' or its corresponding type declarations.
src/features/litigation/evidence/fre/RelevanceAnalysis.tsx(13,24): error TS2307: Cannot find module '../../../common/Button' or its corresponding type declarations.
src/features/litigation/evidence/fre/RelevanceAnalysis.tsx(14,23): error TS2307: Cannot find module '../../../common/Badge' or its corresponding type declarations.
src/features/litigation/evidence/fre/RelevanceAnalysis.tsx(15,27): error TS2307: Cannot find module '../../../common/RiskMeter' or its corresponding type declarations.
src/features/litigation/evidence/fre/RelevanceAnalysis.tsx(18,26): error TS2307: Cannot find module '../../../../context/ThemeContext' or its corresponding type declarations.
src/features/litigation/evidence/intake/IntakeStepUpload.tsx(13,24): error TS2307: Cannot find module '../../../common/Button' or its corresponding type declarations.
src/features/litigation/evidence/intake/IntakeStepUpload.tsx(16,26): error TS2307: Cannot find module '../../../../context/ThemeContext' or its corresponding type declarations.
src/features/litigation/evidence/overview/EvidenceFRCPStatus.tsx(12,22): error TS2307: Cannot find module '../../../common/Card' or its corresponding type declarations.
src/features/litigation/evidence/overview/EvidenceFRCPStatus.tsx(15,26): error TS2307: Cannot find module '../../../../context/ThemeContext' or its corresponding type declarations.
src/features/litigation/evidence/overview/EvidenceLocation.tsx(13,22): error TS2307: Cannot find module '../../../common/Card' or its corresponding type declarations.
src/features/litigation/evidence/overview/EvidenceLocation.tsx(14,24): error TS2307: Cannot find module '../../../common/Button' or its corresponding type declarations.
src/features/litigation/evidence/overview/EvidenceLocation.tsx(17,26): error TS2307: Cannot find module '../../../../context/ThemeContext' or its corresponding type declarations.
src/features/litigation/evidence/overview/EvidenceParticulars.tsx(13,22): error TS2307: Cannot find module '../../../common/Card' or its corresponding type declarations.
src/features/litigation/evidence/overview/EvidenceParticulars.tsx(14,23): error TS2307: Cannot find module '../../../common/Badge' or its corresponding type declarations.
src/features/litigation/evidence/overview/EvidenceParticulars.tsx(15,34): error TS2307: Cannot find module '../../../common/EvidenceTypeIcon' or its corresponding type declarations.
src/features/litigation/evidence/overview/EvidenceParticulars.tsx(18,26): error TS2307: Cannot find module '../../../../context/ThemeContext' or its corresponding type declarations.
src/features/litigation/exhibits/ExhibitManager.tsx(23,28): error TS2307: Cannot find module '../../common/PageHeader' or its corresponding type declarations.
src/features/litigation/exhibits/ExhibitManager.tsx(24,24): error TS2307: Cannot find module '../../common/Button' or its corresponding type declarations.
src/features/litigation/exhibits/ExhibitManager.tsx(28,28): error TS2307: Cannot find module '../../common/ErrorState' or its corresponding type declarations.
src/features/litigation/exhibits/ExhibitManager.tsx(31,26): error TS2307: Cannot find module '../../../context/ThemeContext' or its corresponding type declarations.
src/features/litigation/exhibits/ExhibitStats.tsx(24,26): error TS2307: Cannot find module '../../../context/ThemeContext' or its corresponding type declarations.
src/features/litigation/exhibits/ExhibitStats.tsx(27,28): error TS2307: Cannot find module '../../common/Primitives' or its corresponding type declarations.
src/features/litigation/exhibits/ExhibitStats.tsx(28,22): error TS2307: Cannot find module '../../common/Card' or its corresponding type declarations.
src/features/litigation/exhibits/ExhibitTable.tsx(21,26): error TS2307: Cannot find module '../../../context/ThemeContext' or its corresponding type declarations.
src/features/litigation/exhibits/ExhibitTable.tsx(22,27): error TS2307: Cannot find module '../../../context/WindowContext' or its corresponding type declarations.
src/features/litigation/exhibits/ExhibitTable.tsx(25,88): error TS2307: Cannot find module '../../common/Table' or its corresponding type declarations.
src/features/litigation/exhibits/ExhibitTable.tsx(26,26): error TS2307: Cannot find module '../../common/Primitives' or its corresponding type declarations.
src/features/litigation/exhibits/ExhibitTable.tsx(27,24): error TS2307: Cannot find module '../../common/Button' or its corresponding type declarations.
src/features/litigation/exhibits/ExhibitTable.tsx(28,29): error TS2307: Cannot find module '../../common/VirtualList' or its corresponding type declarations.
src/features/litigation/exhibits/ExhibitTable.tsx(30,45): error TS2307: Cannot find module '../../common/RefactoredCommon' or its corresponding type declarations.
src/features/litigation/exhibits/ExhibitTable.tsx(69,21): error TS2322: Type 'string | undefined' is not assignable to type 'string'.
  Type 'undefined' is not assignable to type 'string'.
src/features/litigation/exhibits/ExhibitTable.tsx(95,135): error TS2345: Argument of type 'string | undefined' is not assignable to parameter of type 'string'.
  Type 'undefined' is not assignable to type 'string'.
src/features/litigation/exhibits/ExhibitTable.tsx(118,107): error TS2345: Argument of type 'string | undefined' is not assignable to parameter of type 'string'.
  Type 'undefined' is not assignable to type 'string'.
src/features/litigation/exhibits/StickerDesigner.tsx(21,26): error TS2307: Cannot find module '../../../context/ThemeContext' or its corresponding type declarations.
src/features/litigation/exhibits/StickerDesigner.tsx(22,27): error TS2307: Cannot find module '../../../context/WindowContext' or its corresponding type declarations.
src/features/litigation/exhibits/StickerDesigner.tsx(25,22): error TS2307: Cannot find module '../../common/Card' or its corresponding type declarations.
src/features/litigation/exhibits/StickerDesigner.tsx(26,24): error TS2307: Cannot find module '../../common/Button' or its corresponding type declarations.
src/features/litigation/index.ts(3,15): error TS2307: Cannot find module './AICommandBar' or its corresponding type declarations.
src/features/litigation/index.ts(4,15): error TS2307: Cannot find module './LitigationBuilder' or its corresponding type declarations.
src/features/litigation/index.ts(5,15): error TS2307: Cannot find module './LitigationGanttView' or its corresponding type declarations.
src/features/litigation/index.ts(6,15): error TS2307: Cannot find module './LitigationPalette' or its corresponding type declarations.
src/features/litigation/index.ts(7,15): error TS2307: Cannot find module './LitigationProperties' or its corresponding type declarations.
src/features/litigation/index.ts(8,15): error TS2307: Cannot find module './Minimap' or its corresponding type declarations.
src/features/litigation/index.ts(9,15): error TS2307: Cannot find module './OutcomeSimulator' or its corresponding type declarations.
src/features/litigation/index.ts(10,15): error TS2307: Cannot find module './PlaybookDetail' or its corresponding type declarations.
src/features/litigation/index.ts(11,15): error TS2307: Cannot find module './PlaybookLibrary' or its corresponding type declarations.
src/features/litigation/index.ts(12,15): error TS2307: Cannot find module './StrategyCanvas' or its corresponding type declarations.
src/features/litigation/index.ts(13,15): error TS2307: Cannot find module './StrategyToolbar' or its corresponding type declarations.
src/features/litigation/index.ts(14,15): error TS2307: Cannot find module './MemoizedComponents' or its corresponding type declarations.
src/features/litigation/index.ts(15,15): error TS2307: Cannot find module './nodeTypes' or its corresponding type declarations.
src/features/litigation/index.ts(16,15): error TS2307: Cannot find module './canvasConstants' or its corresponding type declarations.
src/features/litigation/pleadings/designer/AIDraftingAssistant.tsx(3,24): error TS2307: Cannot find module '../../../common/Button' or its corresponding type declarations.
src/features/litigation/pleadings/designer/AIDraftingAssistant.tsx(4,26): error TS2307: Cannot find module '../../../common/Inputs' or its corresponding type declarations.
src/features/litigation/pleadings/designer/AIDraftingAssistant.tsx(5,26): error TS2307: Cannot find module '../../../../context/ThemeContext' or its corresponding type declarations.
src/features/litigation/pleadings/designer/ContextPanel.tsx(3,26): error TS2307: Cannot find module '../../../../context/ThemeContext' or its corresponding type declarations.
src/features/litigation/pleadings/designer/ContextPanel.tsx(5,22): error TS2307: Cannot find module '../../../common/Tabs' or its corresponding type declarations.
src/features/litigation/pleadings/designer/ContextPanel.tsx(24,30): error TS2339: Property 'arguments' does not exist on type '{}'.
src/features/litigation/pleadings/designer/ContextPanel.tsx(26,28): error TS2339: Property 'citations' does not exist on type '{}'.
src/features/litigation/pleadings/designer/PleadingCanvas.tsx(6,10): error TS2305: Module '"../../types"' has no exported member 'ViewMode'.
src/features/litigation/pleadings/designer/PleadingCanvas.tsx(6,20): error TS2305: Module '"../../types"' has no exported member 'PleadingCanvasProps'.
src/features/litigation/pleadings/designer/PleadingCanvas.tsx(18,38): error TS7006: Parameter 'p' implicitly has an 'any' type.
src/features/litigation/pleadings/designer/PleadingCanvas.tsx(18,109): error TS7006: Parameter 'p' implicitly has an 'any' type.
src/features/litigation/pleadings/designer/PleadingCanvas.tsx(23,38): error TS7006: Parameter 'p' implicitly has an 'any' type.
src/features/litigation/pleadings/designer/PleadingCanvas.tsx(23,108): error TS7006: Parameter 'p' implicitly has an 'any' type.
src/features/litigation/pleadings/designer/PleadingPaper.tsx(4,10): error TS2305: Module '"../../types"' has no exported member 'PleadingPaperProps'.
src/features/litigation/pleadings/designer/tools/ComplianceHUD.tsx(4,26): error TS2307: Cannot find module '../../../../../context/ThemeContext' or its corresponding type declarations.
src/features/litigation/pleadings/designer/visual/LogicOverlay.tsx(4,26): error TS2307: Cannot find module '../../../../../context/ThemeContext' or its corresponding type declarations.
src/features/litigation/pleadings/designer/visual/LogicOverlay.tsx(51,40): error TS18046: 'section' is of type 'unknown'.
src/features/litigation/pleadings/designer/visual/LogicOverlay.tsx(51,62): error TS18046: 'section' is of type 'unknown'.
src/features/litigation/pleadings/designer/visual/LogicOverlay.tsx(55,37): error TS18046: 'section' is of type 'unknown'.
src/features/litigation/pleadings/designer/visual/LogicOverlay.tsx(58,29): error TS18046: 'section' is of type 'unknown'.
src/features/litigation/pleadings/editor/DocumentCanvas.tsx(4,26): error TS2307: Cannot find module '../../../../context/ThemeContext' or its corresponding type declarations.
src/features/litigation/pleadings/editor/PleadingEditor.tsx(5,24): error TS2307: Cannot find module '../../../common/Button' or its corresponding type declarations.
src/features/litigation/pleadings/editor/PleadingEditor.tsx(6,26): error TS2307: Cannot find module '../../../../context/ThemeContext' or its corresponding type declarations.
src/features/litigation/pleadings/editor/PleadingEditor.tsx(18,35): error TS2307: Cannot find module '../../modules/TemplateArchitect' or its corresponding type declarations.
src/features/litigation/pleadings/editor/PleadingEditor.tsx(19,32): error TS2307: Cannot find module '../../modules/FactIntegrator' or its corresponding type declarations.
src/features/litigation/pleadings/editor/PleadingEditor.tsx(20,35): error TS2307: Cannot find module '../../modules/CitationAssistant' or its corresponding type declarations.
src/features/litigation/pleadings/editor/PleadingEditor.tsx(21,29): error TS2307: Cannot find module '../../modules/ReviewPanel' or its corresponding type declarations.
src/features/litigation/pleadings/editor/PleadingEditor.tsx(22,30): error TS2307: Cannot find module '../../modules/FilingCenter' or its corresponding type declarations.
src/features/litigation/pleadings/editor/PleadingEditor.tsx(228,49): error TS7006: Parameter 'cid' implicitly has an 'any' type.
src/features/litigation/pleadings/editor/PropertyPanel.tsx(5,26): error TS2307: Cannot find module '../../../../context/ThemeContext' or its corresponding type declarations.
src/features/litigation/pleadings/editor/PropertyPanel.tsx(7,26): error TS2307: Cannot find module '../../../common/Inputs' or its corresponding type declarations.
src/features/litigation/pleadings/editor/SidebarLibrary.tsx(4,26): error TS2307: Cannot find module '../../../../context/ThemeContext' or its corresponding type declarations.
src/features/litigation/pleadings/modules/AIDraftingAssistant.tsx(4,24): error TS2307: Cannot find module '../../../common/Button' or its corresponding type declarations.
src/features/litigation/pleadings/modules/AIDraftingAssistant.tsx(5,26): error TS2307: Cannot find module '../../../common/Inputs' or its corresponding type declarations.
src/features/litigation/pleadings/modules/AIDraftingAssistant.tsx(6,26): error TS2307: Cannot find module '../../../../context/ThemeContext' or its corresponding type declarations.
src/features/litigation/pleadings/modules/AIDraftingAssistant.tsx(9,10): error TS2305: Module '"../../types"' has no exported member 'AIDraftingAssistantProps'.
src/features/litigation/pleadings/modules/ArgumentSelector.tsx(9,26): error TS2307: Cannot find module '../../../../context/ThemeContext' or its corresponding type declarations.
src/features/litigation/pleadings/modules/CitationAssistant.tsx(4,26): error TS2307: Cannot find module '../../../../context/ThemeContext' or its corresponding type declarations.
src/features/litigation/pleadings/modules/CitationAssistant.tsx(28,5): error TS2322: Type 'Citation[]' is not assignable to type 'Record<string, unknown>[]'.
  Type 'Citation' is not assignable to type 'Record<string, unknown>'.
    Index signature for type 'string' is missing in type 'Citation'.
src/features/litigation/pleadings/modules/CitationAssistant.tsx(53,18): error TS2322: Type 'unknown' is not assignable to type 'Key | null | undefined'.
src/features/litigation/pleadings/modules/CitationAssistant.tsx(55,124): error TS2322: Type 'unknown' is not assignable to type 'ReactNode'.
src/features/litigation/pleadings/modules/CitationAssistant.tsx(56,36): error TS2322: Type 'unknown' is not assignable to type 'string'.
src/features/litigation/pleadings/modules/CitationAssistant.tsx(58,83): error TS2322: Type 'unknown' is not assignable to type 'ReactNode'.
src/features/litigation/pleadings/modules/CitationAssistant.tsx(59,97): error TS2322: Type 'unknown' is not assignable to type 'ReactNode'.
src/features/litigation/pleadings/modules/CitationAssistant.tsx(63,57): error TS2345: Argument of type 'unknown' is not assignable to parameter of type 'string'.
src/features/litigation/pleadings/modules/FactIntegrator.tsx(9,26): error TS2307: Cannot find module '../../../../context/ThemeContext' or its corresponding type declarations.
src/features/litigation/pleadings/modules/FilingCenter.tsx(4,26): error TS2307: Cannot find module '../../../../context/ThemeContext' or its corresponding type declarations.
src/features/litigation/pleadings/modules/FilingCenter.tsx(6,24): error TS2307: Cannot find module '../../../common/Button' or its corresponding type declarations.
src/features/litigation/pleadings/modules/research/SignalChecker.tsx(4,26): error TS2307: Cannot find module '../../../../../context/ThemeContext' or its corresponding type declarations.
src/features/litigation/pleadings/modules/ReviewPanel.tsx(5,28): error TS2307: Cannot find module '../../../common/EmptyState' or its corresponding type declarations.
src/features/litigation/pleadings/modules/ReviewPanel.tsx(6,26): error TS2307: Cannot find module '../../../../context/ThemeContext' or its corresponding type declarations.
src/features/litigation/pleadings/modules/template/JurisdictionRules.tsx(4,26): error TS2307: Cannot find module '../../../../../context/ThemeContext' or its corresponding type declarations.
src/features/litigation/pleadings/modules/template/VariableManager.tsx(5,26): error TS2307: Cannot find module '../../../../../context/ThemeContext' or its corresponding type declarations.
src/features/litigation/pleadings/modules/TemplateArchitect.tsx(7,26): error TS2307: Cannot find module '../../../../context/ThemeContext' or its corresponding type declarations.
src/features/litigation/pleadings/PleadingAnalytics.tsx(21,26): error TS2307: Cannot find module '../../../context/ThemeContext' or its corresponding type declarations.
src/features/litigation/pleadings/PleadingAnalytics.tsx(25,22): error TS2307: Cannot find module '../../common/Card' or its corresponding type declarations.
src/features/litigation/pleadings/PleadingAnalytics.tsx(26,28): error TS2307: Cannot find module '../../common/Primitives' or its corresponding type declarations.
src/features/litigation/pleadings/PleadingBuilder.tsx(27,26): error TS2307: Cannot find module '../../../context/ThemeContext' or its corresponding type declarations.
src/features/litigation/pleadings/PleadingBuilder.tsx(32,34): error TS2307: Cannot find module '../../layout/TabbedPageLayout' or its corresponding type declarations.
src/features/litigation/pleadings/PleadingBuilder.tsx(33,24): error TS2307: Cannot find module '../../common/Button' or its corresponding type declarations.
src/features/litigation/pleadings/PleadingBuilder.tsx(34,23): error TS2307: Cannot find module '../../common/Modal' or its corresponding type declarations.
src/features/litigation/pleadings/PleadingBuilder.tsx(35,23): error TS2307: Cannot find module '../../common/Inputs' or its corresponding type declarations.
src/features/litigation/pleadings/PleadingBuilder.tsx(36,28): error TS2307: Cannot find module '../../common/LazyLoader' or its corresponding type declarations.
src/features/litigation/pleadings/PleadingBuilder.tsx(170,46): error TS18046: 'clause' is of type 'unknown'.
src/features/litigation/pleadings/PleadingDashboard.tsx(2,28): error TS2307: Cannot find module '../../common/PageHeader' or its corresponding type declarations.
src/features/litigation/pleadings/PleadingDashboard.tsx(3,24): error TS2307: Cannot find module '../../common/Button' or its corresponding type declarations.
src/features/litigation/pleadings/PleadingDashboard.tsx(5,26): error TS2307: Cannot find module '../../../context/ThemeContext' or its corresponding type declarations.
src/features/litigation/pleadings/PleadingDashboard.tsx(13,29): error TS2307: Cannot find module '../../common/VirtualGrid' or its corresponding type declarations.
src/features/litigation/pleadings/PleadingDashboard.tsx(14,23): error TS2307: Cannot find module '../../common/Modal' or its corresponding type declarations.
src/features/litigation/pleadings/PleadingDashboard.tsx(15,23): error TS2307: Cannot find module '../../common/Inputs' or its corresponding type declarations.
src/features/litigation/pleadings/PleadingDesigner.tsx(5,24): error TS2307: Cannot find module '../../common/Button' or its corresponding type declarations.
src/features/litigation/pleadings/PleadingDesigner.tsx(6,26): error TS2307: Cannot find module '../../../context/ThemeContext' or its corresponding type declarations.
src/features/litigation/pleadings/PleadingDesigner.tsx(13,28): error TS2307: Cannot find module '../../common/LazyLoader' or its corresponding type declarations.
src/features/litigation/pleadings/PleadingDesigner.tsx(19,28): error TS2307: Cannot find module '../../common/ErrorState' or its corresponding type declarations.
src/features/litigation/pleadings/PleadingDrafts.tsx(20,26): error TS2307: Cannot find module '../../../context/ThemeContext' or its corresponding type declarations.
src/features/litigation/pleadings/PleadingDrafts.tsx(23,29): error TS2307: Cannot find module '../../common/VirtualGrid' or its corresponding type declarations.
src/features/litigation/pleadings/PleadingFilingQueue.tsx(20,26): error TS2307: Cannot find module '../../../context/ThemeContext' or its corresponding type declarations.
src/features/litigation/pleadings/PleadingFilingQueue.tsx(25,24): error TS2307: Cannot find module '../../common/Button' or its corresponding type declarations.
src/features/litigation/pleadings/PleadingFilingQueue.tsx(26,23): error TS2307: Cannot find module '../../common/Badge' or its corresponding type declarations.
src/features/litigation/pleadings/PleadingFilingQueue.tsx(27,28): error TS2307: Cannot find module '../../common/EmptyState' or its corresponding type declarations.
src/features/litigation/pleadings/PleadingFilingQueue.tsx(28,88): error TS2307: Cannot find module '../../common/Table' or its corresponding type declarations.
src/features/litigation/pleadings/PleadingFilingQueue.tsx(42,11): error TS2430: Interface 'FilingQueueItem' incorrectly extends interface 'PleadingDocument'.
  Types of property 'filingStatus' are incompatible.
    Type '"failed" | "pending" | "filed" | "scheduled" | undefined' is not assignable to type '"Pre-Filing" | "Filed"'.
      Type 'undefined' is not assignable to type '"Pre-Filing" | "Filed"'.
src/features/litigation/pleadings/PleadingFilingQueue.tsx(58,17): error TS2367: This comparison appears to be unintentional because the types '"Draft" | "Filed" | "Review" | "Final"' and '"Finalized"' have no overlap.
src/features/litigation/pleadings/PleadingTemplates.tsx(20,26): error TS2307: Cannot find module '../../../context/ThemeContext' or its corresponding type declarations.
src/features/litigation/pleadings/PleadingTemplates.tsx(23,29): error TS2307: Cannot find module '../../common/VirtualGrid' or its corresponding type declarations.
src/features/litigation/pleadings/sidebar/ContextPanel.tsx(3,26): error TS2307: Cannot find module '../../../../context/ThemeContext' or its corresponding type declarations.
src/features/litigation/pleadings/sidebar/ContextPanel.tsx(5,24): error TS2307: Cannot find module '../../../common/Button' or its corresponding type declarations.
src/features/litigation/pleadings/sidebar/ContextPanel.tsx(83,15): error TS2339: Property 'parties' does not exist on type '{}'.
src/features/litigation/pleadings/sidebar/ContextPanel.tsx(94,19): error TS2339: Property 'description' does not exist on type '{}'.
src/features/litigation/pleadings/sidebar/ContextPanel.tsx(97,27): error TS2339: Property 'description' does not exist on type '{}'.
src/features/litigation/pleadings/tools/ComplianceHUD.tsx(3,26): error TS2307: Cannot find module '../../../../context/ThemeContext' or its corresponding type declarations.
src/features/litigation/pleadings/visual/LogicOverlay.tsx(3,26): error TS2307: Cannot find module '../../../../context/ThemeContext' or its corresponding type declarations.
src/features/litigation/strategy/AICommandBar.tsx(13,26): error TS2307: Cannot find module '../../../context/ThemeContext' or its corresponding type declarations.
src/features/litigation/strategy/AICommandBar.tsx(15,24): error TS2307: Cannot find module '../../common/Button' or its corresponding type declarations.
src/features/litigation/strategy/AICommandBar.tsx(51,28): error TS2345: Argument of type '{}' is not assignable to parameter of type '{ nodes: unknown[]; connections: unknown[]; }'.
  Type '{}' is missing the following properties from type '{ nodes: unknown[]; connections: unknown[]; }': nodes, connections
src/features/litigation/strategy/LitigationBuilder.tsx(14,28): error TS2307: Cannot find module '../../common/LazyLoader' or its corresponding type declarations.
src/features/litigation/strategy/LitigationBuilder.tsx(15,34): error TS2307: Cannot find module '../../layout/TabbedPageLayout' or its corresponding type declarations.
src/features/litigation/strategy/LitigationBuilder.tsx(16,24): error TS2307: Cannot find module '../../common/Button' or its corresponding type declarations.
src/features/litigation/strategy/LitigationBuilder.tsx(17,31): error TS2307: Cannot find module '../../common/ErrorBoundary' or its corresponding type declarations.
src/features/litigation/strategy/LitigationBuilder.tsx(20,26): error TS2307: Cannot find module '../../../context/ThemeContext' or its corresponding type declarations.
src/features/litigation/strategy/LitigationGanttView.tsx(15,33): error TS2307: Cannot find module '../../matters/detail/planning/PlanningSidebar' or its corresponding type declarations.
src/features/litigation/strategy/LitigationGanttView.tsx(16,31): error TS2307: Cannot find module '../../matters/detail/planning/GanttTimeline' or its corresponding type declarations.
src/features/litigation/strategy/LitigationGanttView.tsx(17,24): error TS2307: Cannot find module '../../common/Button' or its corresponding type declarations.
src/features/litigation/strategy/LitigationGanttView.tsx(20,26): error TS2307: Cannot find module '../../../context/ThemeContext' or its corresponding type declarations.
src/features/litigation/strategy/LitigationPalette.tsx(15,26): error TS2307: Cannot find module '../../../context/ThemeContext' or its corresponding type declarations.
src/features/litigation/strategy/LitigationProperties.tsx(15,24): error TS2307: Cannot find module '../../common/Button' or its corresponding type declarations.
src/features/litigation/strategy/LitigationProperties.tsx(16,33): error TS2307: Cannot find module '../../common/Inputs' or its corresponding type declarations.
src/features/litigation/strategy/LitigationProperties.tsx(19,26): error TS2307: Cannot find module '../../../context/ThemeContext' or its corresponding type declarations.
src/features/litigation/strategy/MemoizedComponents.tsx(12,36): error TS2307: Cannot find module '../../matters/workflow/builder/types' or its corresponding type declarations.
src/features/litigation/strategy/Minimap.tsx(11,26): error TS2307: Cannot find module '../../../context/ThemeContext' or its corresponding type declarations.
src/features/litigation/strategy/nodeTypes.ts(127,36): error TS2307: Cannot find module '../../types/workflow-types' or its corresponding type declarations.
src/features/litigation/strategy/OutcomeSimulator.tsx(16,22): error TS2307: Cannot find module '../../common/Card' or its corresponding type declarations.
src/features/litigation/strategy/OutcomeSimulator.tsx(17,23): error TS2307: Cannot find module '../../common/Inputs' or its corresponding type declarations.
src/features/litigation/strategy/OutcomeSimulator.tsx(18,24): error TS2307: Cannot find module '../../common/Button' or its corresponding type declarations.
src/features/litigation/strategy/OutcomeSimulator.tsx(19,31): error TS2307: Cannot find module '../../common/ChartHelpers' or its corresponding type declarations.
src/features/litigation/strategy/OutcomeSimulator.tsx(22,26): error TS2307: Cannot find module '../../../context/ThemeContext' or its corresponding type declarations.
src/features/litigation/strategy/PlaybookDetail.tsx(13,26): error TS2307: Cannot find module '../../../context/ThemeContext' or its corresponding type declarations.
src/features/litigation/strategy/PlaybookDetail.tsx(14,27): error TS2307: Cannot find module '../../../context/WindowContext' or its corresponding type declarations.
src/features/litigation/strategy/PlaybookDetail.tsx(17,24): error TS2307: Cannot find module '../../common/Button' or its corresponding type declarations.
src/features/litigation/strategy/PlaybookDetail.tsx(18,22): error TS2307: Cannot find module '../../common/Tabs' or its corresponding type declarations.
src/features/litigation/strategy/PlaybookDetail.tsx(98,46): error TS7006: Parameter 'stage' implicitly has an 'any' type.
src/features/litigation/strategy/PlaybookDetail.tsx(98,53): error TS7006: Parameter 'i' implicitly has an 'any' type.
src/features/litigation/strategy/PlaybookDetail.tsx(104,61): error TS7006: Parameter 'task' implicitly has an 'any' type.
src/features/litigation/strategy/PlaybookDetail.tsx(104,67): error TS7006: Parameter 'tIdx' implicitly has an 'any' type.
src/features/litigation/strategy/PlaybookDetail.tsx(124,55): error TS7006: Parameter 'auth' implicitly has an 'any' type.
src/features/litigation/strategy/PlaybookDetail.tsx(124,61): error TS7006: Parameter 'i' implicitly has an 'any' type.
src/features/litigation/strategy/PlaybookLibrary.tsx(25,26): error TS2307: Cannot find module '../../../context/ThemeContext' or its corresponding type declarations.
src/features/litigation/strategy/PlaybookLibrary.tsx(26,27): error TS2307: Cannot find module '../../../context/WindowContext' or its corresponding type declarations.
src/features/litigation/strategy/PlaybookLibrary.tsx(29,29): error TS2307: Cannot find module '../../common/VirtualGrid' or its corresponding type declarations.
src/features/litigation/strategy/PlaybookLibrary.tsx(34,26): error TS2307: Cannot find module '../../../data/mockLitigationPlaybooks' or its corresponding type declarations.
src/features/litigation/strategy/PlaybookLibrary.tsx(98,46): error TS7006: Parameter 'tag' implicitly has an 'any' type.
src/features/litigation/strategy/StrategyCanvas.tsx(14,32): error TS2307: Cannot find module '../../matters/workflow/builder/BuilderToolbar' or its corresponding type declarations.
src/features/litigation/strategy/StrategyCanvas.tsx(15,31): error TS2307: Cannot find module '../../matters/workflow/builder/BuilderCanvas' or its corresponding type declarations.
src/features/litigation/strategy/StrategyCanvas.tsx(18,46): error TS2307: Cannot find module '../../common/ContextMenu' or its corresponding type declarations.
src/features/litigation/strategy/StrategyCanvas.tsx(21,26): error TS2307: Cannot find module '../../../context/ThemeContext' or its corresponding type declarations.
src/features/litigation/strategy/StrategyCanvas.tsx(25,26): error TS2307: Cannot find module '../../matters/workflow/builder/types' or its corresponding type declarations.
src/features/litigation/strategy/StrategyToolbar.tsx(13,26): error TS2307: Cannot find module '../../../context/ThemeContext' or its corresponding type declarations.
src/features/litigation/strategy/StrategyToolbar.tsx(15,24): error TS2307: Cannot find module '../../common/Button' or its corresponding type declarations.
src/features/litigation/strategy/types.ts(9,60): error TS2307: Cannot find module '../../matters/workflow/builder/types' or its corresponding type declarations.
src/features/litigation/strategy/types.ts(10,26): error TS2307: Cannot find module '../../data/mockLitigationPlaybooks' or its corresponding type declarations.
src/features/litigation/strategy/utils/canvasUtils.ts(10,26): error TS2307: Cannot find module '../../../matters/workflow/builder/types' or its corresponding type declarations.
src/features/litigation/strategy/utils/canvasUtils.ts(11,33): error TS2307: Cannot find module '../../common/ContextMenu' or its corresponding type declarations.
src/features/litigation/strategy/utils/ganttTransformUtils.ts(10,50): error TS2307: Cannot find module '../../../matters/workflow/builder/types' or its corresponding type declarations.
src/features/litigation/strategy/utils/ganttTransformUtils.ts(67,9): error TS2554: Expected 2-3 arguments, but got 4.
src/features/litigation/strategy/utils/ganttTransformUtils.ts(106,5): error TS2554: Expected 2-3 arguments, but got 4.
src/features/litigation/strategy/utils/minimapUtils.ts(9,30): error TS2307: Cannot find module '../../workflow/builder/types' or its corresponding type declarations.
src/features/litigation/strategy/utils/playbookHelpers.ts(9,26): error TS2307: Cannot find module '../../../data/mockLitigationPlaybooks' or its corresponding type declarations.
src/features/litigation/strategy/utils/playbookHelpers.ts(55,20): error TS7006: Parameter 't' implicitly has an 'any' type.
src/features/litigation/types.ts(9,60): error TS2307: Cannot find module '../matters/workflow/builder/types' or its corresponding type declarations.
src/features/litigation/types.ts(10,26): error TS2307: Cannot find module '../../data/mockLitigationPlaybooks' or its corresponding type declarations.
src/features/litigation/utils/minimapUtils.ts(9,30): error TS2307: Cannot find module '../../workflow/builder/types' or its corresponding type declarations.
src/features/litigation/utils/playbookHelpers.ts(9,26): error TS2307: Cannot find module '../../../data/mockLitigationPlaybooks' or its corresponding type declarations.
src/features/litigation/utils/playbookHelpers.ts(55,20): error TS7006: Parameter 't' implicitly has an 'any' type.
src/features/litigation/war-room/advisory/AdvisorDetail.tsx(21,26): error TS2307: Cannot find module '../../../../context/ThemeContext' or its corresponding type declarations.
src/features/litigation/war-room/advisory/AdvisorDetail.tsx(24,24): error TS2307: Cannot find module '../../../common/Button' or its corresponding type declarations.
src/features/litigation/war-room/advisory/AdvisorDetail.tsx(25,30): error TS2307: Cannot find module '../../../common/RefactoredCommon' or its corresponding type declarations.
src/features/litigation/war-room/advisory/AdvisorList.tsx(20,26): error TS2307: Cannot find module '../../../../context/ThemeContext' or its corresponding type declarations.
src/features/litigation/war-room/advisory/AdvisorList.tsx(23,88): error TS2307: Cannot find module '../../../common/Table' or its corresponding type declarations.
src/features/litigation/war-room/advisory/AdvisorList.tsx(24,28): error TS2307: Cannot find module '../../../common/UserAvatar' or its corresponding type declarations.
src/features/litigation/war-room/advisory/AdvisorList.tsx(25,23): error TS2307: Cannot find module '../../../common/Badge' or its corresponding type declarations.
src/features/litigation/war-room/advisory/AdvisorList.tsx(26,24): error TS2307: Cannot find module '../../../common/Button' or its corresponding type declarations.
src/features/litigation/war-room/advisory/AdvisorySidebar.tsx(20,26): error TS2307: Cannot find module '../../../../context/ThemeContext' or its corresponding type declarations.
src/features/litigation/war-room/AdvisoryBoard.tsx(28,26): error TS2307: Cannot find module '../../../context/ThemeContext' or its corresponding type declarations.
src/features/litigation/war-room/AdvisoryBoard.tsx(34,24): error TS2307: Cannot find module '../../common/Button' or its corresponding type declarations.
src/features/litigation/war-room/AdvisoryBoard.tsx(35,31): error TS2307: Cannot find module '../../common/SearchToolbar' or its corresponding type declarations.
src/features/litigation/war-room/AdvisoryBoard.tsx(36,32): error TS2307: Cannot find module '../../common/AdaptiveLoader' or its corresponding type declarations.
src/features/litigation/war-room/AdvisoryBoard.tsx(40,23): error TS2307: Cannot find module '../../common/Modal' or its corresponding type declarations.
src/features/litigation/war-room/AdvisoryBoard.tsx(41,28): error TS2307: Cannot find module '../../common/ErrorState' or its corresponding type declarations.
src/features/litigation/war-room/AdvisoryBoard.tsx(78,34): error TS2345: Argument of type 'string | undefined' is not assignable to parameter of type 'string'.
  Type 'undefined' is not assignable to type 'string'.
src/features/litigation/war-room/AdvisoryBoard.tsx(86,5): error TS2322: Type 'Advisor[]' is not assignable to type 'Record<string, unknown>[]'.
  Type 'Advisor' is not assignable to type 'Record<string, unknown>'.
    Index signature for type 'string' is missing in type 'Advisor'.
src/features/litigation/war-room/AdvisoryBoard.tsx(179,17): error TS2322: Type 'Record<string, unknown>[]' is not assignable to type 'Advisor[]'.
  Type 'Record<string, unknown>' is missing the following properties from type 'Advisor': id, name, role, specialty, and 6 more.
src/features/litigation/war-room/cards/WallItemCard.tsx(20,26): error TS2307: Cannot find module '../../../../context/ThemeContext' or its corresponding type declarations.
src/features/litigation/war-room/cards/WallItemCard.tsx(23,26): error TS2307: Cannot find module '../../../common/Primitives' or its corresponding type declarations.
src/features/litigation/war-room/cards/WallItemCard.tsx(80,174): error TS2339: Property 'num' does not exist on type 'WallItem'.
src/features/litigation/war-room/cards/WallItemCard.tsx(81,27): error TS2339: Property 'status' does not exist on type 'WallItem'.
src/features/litigation/war-room/cards/WallItemCard.tsx(82,27): error TS2339: Property 'status' does not exist on type 'WallItem'.
src/features/litigation/war-room/cards/WallItemCard.tsx(87,62): error TS2339: Property 'status' does not exist on type 'WallItem'.
src/features/litigation/war-room/cards/WallItemCard.tsx(87,92): error TS2339: Property 'status' does not exist on type 'WallItem'.
src/features/litigation/war-room/cards/WallItemCard.tsx(87,164): error TS2339: Property 'status' does not exist on type 'WallItem'.
src/features/litigation/war-room/CommandCenter.tsx(29,26): error TS2307: Cannot find module '../../../context/ThemeContext' or its corresponding type declarations.
src/features/litigation/war-room/CommandCenter.tsx(32,22): error TS2307: Cannot find module '../../common/Card' or its corresponding type declarations.
src/features/litigation/war-room/CommandCenter.tsx(33,28): error TS2307: Cannot find module '../../common/Primitives' or its corresponding type declarations.
src/features/litigation/war-room/EvidenceWall.tsx(22,26): error TS2307: Cannot find module '../../../context/ThemeContext' or its corresponding type declarations.
src/features/litigation/war-room/EvidenceWall.tsx(23,27): error TS2307: Cannot find module '../../../context/WindowContext' or its corresponding type declarations.
src/features/litigation/war-room/EvidenceWall.tsx(27,31): error TS2307: Cannot find module '../../common/SearchToolbar' or its corresponding type declarations.
src/features/litigation/war-room/EvidenceWall.tsx(122,5): error TS2322: Type 'WallItem[]' is not assignable to type 'Record<string, unknown>[]'.
  Type 'WallItem' is not assignable to type 'Record<string, unknown>'.
    Index signature for type 'string' is missing in type 'WallItem'.
src/features/litigation/war-room/EvidenceWall.tsx(171,29): error TS18046: 'ex.title' is of type 'unknown'.
src/features/litigation/war-room/EvidenceWall.tsx(171,111): error TS2339: Property 'toLowerCase' does not exist on type '{}'.
src/features/litigation/war-room/EvidenceWall.tsx(207,31): error TS2322: Type 'unknown' is not assignable to type 'Key | null | undefined'.
src/features/litigation/war-room/EvidenceWall.tsx(207,43): error TS2739: Type 'Record<string, unknown>' is missing the following properties from type 'WallItem': id, type, title
src/features/litigation/war-room/EvidenceWall.tsx(207,82): error TS2345: Argument of type 'Record<string, unknown>' is not assignable to parameter of type 'WallItem'.
  Type 'Record<string, unknown>' is missing the following properties from type 'WallItem': id, title, type, status, and 4 more.
src/features/litigation/war-room/opposition/OppositionList.tsx(20,26): error TS2307: Cannot find module '../../../../context/ThemeContext' or its corresponding type declarations.
src/features/litigation/war-room/opposition/OppositionList.tsx(23,88): error TS2307: Cannot find module '../../../common/Table' or its corresponding type declarations.
src/features/litigation/war-room/opposition/OppositionList.tsx(24,28): error TS2307: Cannot find module '../../../common/UserAvatar' or its corresponding type declarations.
src/features/litigation/war-room/opposition/OppositionList.tsx(25,24): error TS2307: Cannot find module '../../../common/Button' or its corresponding type declarations.
src/features/litigation/war-room/opposition/OppositionSidebar.tsx(20,26): error TS2307: Cannot find module '../../../../context/ThemeContext' or its corresponding type declarations.
src/features/litigation/war-room/OppositionManager.tsx(28,26): error TS2307: Cannot find module '../../../context/ThemeContext' or its corresponding type declarations.
src/features/litigation/war-room/OppositionManager.tsx(34,24): error TS2307: Cannot find module '../../common/Button' or its corresponding type declarations.
src/features/litigation/war-room/OppositionManager.tsx(35,31): error TS2307: Cannot find module '../../common/SearchToolbar' or its corresponding type declarations.
src/features/litigation/war-room/OppositionManager.tsx(36,32): error TS2307: Cannot find module '../../common/AdaptiveLoader' or its corresponding type declarations.
src/features/litigation/war-room/OppositionManager.tsx(40,23): error TS2307: Cannot find module '../../common/Modal' or its corresponding type declarations.
src/features/litigation/war-room/OppositionManager.tsx(41,28): error TS2307: Cannot find module '../../common/ErrorState' or its corresponding type declarations.
src/features/litigation/war-room/OppositionManager.tsx(78,36): error TS2345: Argument of type 'string | undefined' is not assignable to parameter of type 'string'.
  Type 'undefined' is not assignable to type 'string'.
src/features/litigation/war-room/OppositionManager.tsx(86,5): error TS2322: Type 'OppositionEntity[]' is not assignable to type 'Record<string, unknown>[]'.
  Type 'OppositionEntity' is not assignable to type 'Record<string, unknown>'.
    Index signature for type 'string' is missing in type 'OppositionEntity'.
src/features/litigation/war-room/OppositionManager.tsx(102,44): error TS18046: 'ent.role' is of type 'unknown'.
src/features/litigation/war-room/OppositionManager.tsx(182,17): error TS2322: Type 'Record<string, unknown>[]' is not assignable to type 'OppositionEntity[]'.
  Type 'Record<string, unknown>' is missing the following properties from type 'OppositionEntity': id, name, role, firm, and 4 more.
src/features/litigation/war-room/TrialBinder.tsx(22,26): error TS2307: Cannot find module '../../../context/ThemeContext' or its corresponding type declarations.
src/features/litigation/war-room/TrialBinder.tsx(25,24): error TS2307: Cannot find module '../../common/Button' or its corresponding type declarations.
src/features/litigation/war-room/TrialBinder.tsx(142,82): error TS2339: Property 'docType' does not exist on type 'LegalDocument'.
src/features/litigation/war-room/TrialBinder.tsx(143,62): error TS2339: Property 'date' does not exist on type 'LegalDocument'.
src/features/litigation/war-room/WarRoom.tsx(53,24): error TS2307: Cannot find module '../../common/Button' or its corresponding type declarations.
src/features/litigation/war-room/WarRoom.tsx(54,28): error TS2307: Cannot find module '../../common/LazyLoader' or its corresponding type declarations.
src/features/litigation/war-room/WarRoom.tsx(213,41): error TS2339: Property 'witnessId' does not exist on type 'never'.
src/features/litigation/war-room/WarRoom.tsx(214,36): error TS2339: Property 'witnessId' does not exist on type 'never'.
src/features/litigation/war-room/WarRoom.tsx(254,13): error TS2322: Type '(tab: string, context?: never) => void' is not assignable to type '(view: string, context?: Record<string, unknown> | undefined) => void'.
  Types of parameters 'context' and 'context' are incompatible.
    Type 'Record<string, unknown> | undefined' is not assignable to type 'undefined'.
      Type 'Record<string, unknown>' is not assignable to type 'undefined'.
src/features/litigation/war-room/WarRoom.tsx(279,13): error TS2322: Type '(tab: string, context?: never) => void' is not assignable to type '(view: string, context?: Record<string, unknown> | undefined) => void'.
  Types of parameters 'context' and 'context' are incompatible.
    Type 'Record<string, unknown> | undefined' is not assignable to type 'undefined'.
      Type 'Record<string, unknown>' is not assignable to type 'undefined'.
src/features/litigation/war-room/WarRoomManager.tsx(10,26): error TS2307: Cannot find module '../../../context/ThemeContext' or its corresponding type declarations.
src/features/litigation/war-room/WarRoomManager.tsx(15,24): error TS2307: Cannot find module '../../common/Button' or its corresponding type declarations.
src/features/litigation/war-room/WarRoomManager.tsx(16,28): error TS2307: Cannot find module '../../common/LazyLoader' or its corresponding type declarations.
src/features/litigation/war-room/WitnessPrep.tsx(22,26): error TS2307: Cannot find module '../../../context/ThemeContext' or its corresponding type declarations.
src/features/litigation/war-room/WitnessPrep.tsx(26,22): error TS2307: Cannot find module '../../common/Card' or its corresponding type declarations.
src/features/litigation/war-room/WitnessPrep.tsx(27,28): error TS2307: Cannot find module '../../common/UserAvatar' or its corresponding type declarations.
src/features/litigation/war-room/WitnessPrep.tsx(28,24): error TS2307: Cannot find module '../../common/Button' or its corresponding type declarations.
src/features/matters/components/analytics/MatterAnalyticsDashboard.tsx(25,26): error TS2307: Cannot find module '@/hooks/useQueryHooks' or its corresponding type declarations.
src/features/matters/components/analytics/MatterAnalyticsDashboard.tsx(26,21): error TS2307: Cannot find module '@/services/api' or its corresponding type declarations.
src/features/matters/components/analytics/MatterAnalyticsDashboard.tsx(27,26): error TS2307: Cannot find module '../../../context/ThemeContext' or its corresponding type declarations.
src/features/matters/components/analytics/MatterAnalyticsDashboard.tsx(28,20): error TS2307: Cannot find module '@/utils/cn' or its corresponding type declarations.
src/features/matters/components/analytics/MatterAnalyticsDashboard.tsx(29,24): error TS2307: Cannot find module '../../common/Button' or its corresponding type declarations.
src/features/matters/components/analytics/MatterAnalyticsDashboard.tsx(30,22): error TS2307: Cannot find module '../../common/Card' or its corresponding type declarations.
src/features/matters/components/analytics/MatterAnalyticsDashboard.tsx(31,23): error TS2307: Cannot find module '../../common/Badge' or its corresponding type declarations.
src/features/matters/components/analytics/MatterAnalyticsDashboard.tsx(67,44): error TS7006: Parameter 'm' implicitly has an 'any' type.
src/features/matters/components/analytics/MatterAnalyticsDashboard.tsx(72,43): error TS7006: Parameter 'inv' implicitly has an 'any' type.
src/features/matters/components/analytics/MatterAnalyticsDashboard.tsx(74,15): error TS7006: Parameter 'sum' implicitly has an 'any' type.
src/features/matters/components/analytics/MatterAnalyticsDashboard.tsx(74,20): error TS7006: Parameter 'inv' implicitly has an 'any' type.
src/features/matters/components/analytics/MatterAnalyticsDashboard.tsx(76,50): error TS7006: Parameter 'm' implicitly has an 'any' type.
src/features/matters/components/analytics/MatterAnalyticsDashboard.tsx(78,42): error TS7006: Parameter 'sum' implicitly has an 'any' type.
src/features/matters/components/analytics/MatterAnalyticsDashboard.tsx(78,47): error TS7006: Parameter 'm' implicitly has an 'any' type.
src/features/matters/components/analytics/MatterAnalyticsDashboard.tsx(85,45): error TS7006: Parameter 'sum' implicitly has an 'any' type.
src/features/matters/components/analytics/MatterAnalyticsDashboard.tsx(85,50): error TS7006: Parameter 't' implicitly has an 'any' type.
src/features/matters/components/calendar/CalendarDeadlines.tsx(20,29): error TS2307: Cannot find module '@/services/data/dataService' or its corresponding type declarations.
src/features/matters/components/calendar/CalendarDeadlines.tsx(21,26): error TS2307: Cannot find module '@/hooks/useQueryHooks' or its corresponding type declarations.
src/features/matters/components/calendar/CalendarDeadlines.tsx(25,88): error TS2307: Cannot find module '../../common/Table' or its corresponding type declarations.
src/features/matters/components/calendar/CalendarDeadlines.tsx(26,23): error TS2307: Cannot find module '../../common/Badge' or its corresponding type declarations.
src/features/matters/components/calendar/CalendarDeadlines.tsx(27,26): error TS2307: Cannot find module '../../common/Primitives' or its corresponding type declarations.
src/features/matters/components/calendar/CalendarDeadlines.tsx(30,35): error TS2307: Cannot find module '../../../types' or its corresponding type declarations.
src/features/matters/components/calendar/CalendarHearings.tsx(20,29): error TS2307: Cannot find module '@/services/data/dataService' or its corresponding type declarations.
src/features/matters/components/calendar/CalendarHearings.tsx(21,26): error TS2307: Cannot find module '@/hooks/useQueryHooks' or its corresponding type declarations.
src/features/matters/components/calendar/CalendarHearings.tsx(24,26): error TS2307: Cannot find module '../../../context/ThemeContext' or its corresponding type declarations.
src/features/matters/components/calendar/CalendarHearings.tsx(27,22): error TS2307: Cannot find module '../../common/Card' or its corresponding type declarations.
src/features/matters/components/calendar/CalendarHearings.tsx(28,23): error TS2307: Cannot find module '../../common/Badge' or its corresponding type declarations.
src/features/matters/components/calendar/CalendarHearings.tsx(31,20): error TS2307: Cannot find module '@/utils/cn' or its corresponding type declarations.
src/features/matters/components/calendar/CalendarHearings.tsx(34,35): error TS2307: Cannot find module '../../../types' or its corresponding type declarations.
src/features/matters/components/calendar/CalendarMaster.tsx(20,33): error TS2307: Cannot find module '@/hooks/useCalendarView' or its corresponding type declarations.
src/features/matters/components/calendar/CalendarMaster.tsx(23,33): error TS2307: Cannot find module '../../common/CalendarToolbar' or its corresponding type declarations.
src/features/matters/components/calendar/CalendarMaster.tsx(24,30): error TS2307: Cannot find module '../../common/CalendarGrid' or its corresponding type declarations.
src/features/matters/components/calendar/CalendarMaster.tsx(25,31): error TS2307: Cannot find module '../../common/CalendarEvent' or its corresponding type declarations.
src/features/matters/components/calendar/CalendarMaster.tsx(65,25): error TS7006: Parameter 'evt' implicitly has an 'any' type.
src/features/matters/components/calendar/CalendarMaster.tsx(65,30): error TS7006: Parameter 'idx' implicitly has an 'any' type.
src/features/matters/components/calendar/CalendarMaster.tsx(93,25): error TS7006: Parameter 'date' implicitly has an 'any' type.
src/features/matters/components/calendar/CalendarRules.tsx(20,29): error TS2307: Cannot find module '@/services/data/dataService' or its corresponding type declarations.
src/features/matters/components/calendar/CalendarRules.tsx(21,26): error TS2307: Cannot find module '@/hooks/useQueryHooks' or its corresponding type declarations.
src/features/matters/components/calendar/CalendarRules.tsx(24,26): error TS2307: Cannot find module '../../../context/ThemeContext' or its corresponding type declarations.
src/features/matters/components/calendar/CalendarRules.tsx(27,20): error TS2307: Cannot find module '@/utils/cn' or its corresponding type declarations.
src/features/matters/components/calendar/CalendarRules.tsx(52,25): error TS7006: Parameter 'rule' implicitly has an 'any' type.
src/features/matters/components/calendar/CalendarRules.tsx(52,31): error TS7006: Parameter 'i' implicitly has an 'any' type.
src/features/matters/components/calendar/CalendarSOL.tsx(20,29): error TS2307: Cannot find module '@/services/data/dataService' or its corresponding type declarations.
src/features/matters/components/calendar/CalendarSOL.tsx(21,26): error TS2307: Cannot find module '@/hooks/useQueryHooks' or its corresponding type declarations.
src/features/matters/components/calendar/CalendarSOL.tsx(24,88): error TS2307: Cannot find module '../../common/Table' or its corresponding type declarations.
src/features/matters/components/calendar/CalendarSync.tsx(20,29): error TS2307: Cannot find module '@/services/data/dataService' or its corresponding type declarations.
src/features/matters/components/calendar/CalendarSync.tsx(21,26): error TS2307: Cannot find module '@/hooks/useQueryHooks' or its corresponding type declarations.
src/features/matters/components/calendar/CalendarSync.tsx(24,26): error TS2307: Cannot find module '../../../context/ThemeContext' or its corresponding type declarations.
src/features/matters/components/calendar/CalendarSync.tsx(27,24): error TS2307: Cannot find module '../../common/Button' or its corresponding type declarations.
src/features/matters/components/calendar/CalendarSync.tsx(30,20): error TS2307: Cannot find module '@/utils/cn' or its corresponding type declarations.
src/features/matters/components/calendar/CalendarSync.tsx(65,36): error TS7006: Parameter 'acc' implicitly has an 'any' type.
src/features/matters/components/calendar/CalendarSync.tsx(65,41): error TS7006: Parameter 'i' implicitly has an 'any' type.
src/features/matters/components/calendar/CalendarTeam.tsx(19,29): error TS2307: Cannot find module '@/services/data/dataService' or its corresponding type declarations.
src/features/matters/components/calendar/CalendarTeam.tsx(20,26): error TS2307: Cannot find module '@/hooks/useQueryHooks' or its corresponding type declarations.
src/features/matters/components/calendar/CalendarTeam.tsx(23,26): error TS2307: Cannot find module '../../../context/ThemeContext' or its corresponding type declarations.
src/features/matters/components/calendar/CalendarTeam.tsx(26,28): error TS2307: Cannot find module '../../common/UserAvatar' or its corresponding type declarations.
src/features/matters/components/calendar/CalendarTeam.tsx(29,20): error TS2307: Cannot find module '@/utils/cn' or its corresponding type declarations.
src/features/matters/components/calendar/CalendarTeam.tsx(57,22): error TS7006: Parameter 'member' implicitly has an 'any' type.
src/features/matters/components/calendar/CalendarTeam.tsx(57,30): error TS7006: Parameter 'idx' implicitly has an 'any' type.
src/features/matters/components/calendar/CalendarView.tsx(20,35): error TS2307: Cannot find module '@/hooks/useSessionStorage' or its corresponding type declarations.
src/features/matters/components/calendar/CalendarView.tsx(23,24): error TS2307: Cannot find module '../../common/Button' or its corresponding type declarations.
src/features/matters/components/calendar/CalendarView.tsx(24,49): error TS2307: Cannot find module '../../layout/TabbedPageLayout' or its corresponding type declarations.
src/features/matters/components/calendar/CalendarView.tsx(25,28): error TS2307: Cannot find module '../../common/LazyLoader' or its corresponding type declarations.
src/features/matters/components/calendar/CalendarView.tsx(28,20): error TS2307: Cannot find module '@/utils/cn' or its corresponding type declarations.
src/features/matters/components/calendar/MatterCalendar.tsx(26,39): error TS2307: Cannot find module '@/hooks/useQueryHooks' or its corresponding type declarations.
src/features/matters/components/calendar/MatterCalendar.tsx(27,21): error TS2307: Cannot find module '@/services/api' or its corresponding type declarations.
src/features/matters/components/calendar/MatterCalendar.tsx(28,26): error TS2307: Cannot find module '../../../context/ThemeContext' or its corresponding type declarations.
src/features/matters/components/calendar/MatterCalendar.tsx(29,20): error TS2307: Cannot find module '@/utils/cn' or its corresponding type declarations.
src/features/matters/components/calendar/MatterCalendar.tsx(30,24): error TS2307: Cannot find module '../../common/Button' or its corresponding type declarations.
src/features/matters/components/calendar/MatterCalendar.tsx(31,22): error TS2307: Cannot find module '../../common/Card' or its corresponding type declarations.
src/features/matters/components/calendar/MatterCalendar.tsx(32,23): error TS2307: Cannot find module '../../common/Badge' or its corresponding type declarations.
src/features/matters/components/calendar/MatterCalendar.tsx(33,23): error TS2307: Cannot find module '../../common/Modal' or its corresponding type declarations.
src/features/matters/components/calendar/MatterCalendar.tsx(34,29): error TS2307: Cannot find module '../../../types' or its corresponding type declarations.
src/features/matters/components/calendar/MatterCalendar.tsx(89,29): error TS7006: Parameter 'entry' implicitly has an 'any' type.
src/features/matters/components/calendar/MatterCalendar.tsx(90,37): error TS7006: Parameter 'm' implicitly has an 'any' type.
src/features/matters/components/calendar/MatterCalendar.tsx(109,23): error TS7006: Parameter 'matter' implicitly has an 'any' type.
src/features/matters/components/calendar/MatterCalendar.tsx(141,24): error TS7006: Parameter 'user' implicitly has an 'any' type.
src/features/matters/components/calendar/MatterCalendar.tsx(151,26): error TS7006: Parameter 'event' implicitly has an 'any' type.
src/features/matters/components/calendar/MatterCalendar.tsx(213,34): error TS7006: Parameter 'event' implicitly has an 'any' type.
src/features/matters/components/calendar/MatterCalendar.tsx(355,29): error TS7006: Parameter 'matter' implicitly has an 'any' type.
src/features/matters/components/create/CaseDataImport.tsx(9,26): error TS2307: Cannot find module '../../../context/ThemeContext' or its corresponding type declarations.
src/features/matters/components/create/CaseDataImport.tsx(10,22): error TS2307: Cannot find module '../../common/Card' or its corresponding type declarations.
src/features/matters/components/create/CaseDataImport.tsx(11,24): error TS2307: Cannot find module '../../common/Button' or its corresponding type declarations.
src/features/matters/components/create/CaseDataImport.tsx(12,20): error TS2307: Cannot find module '@/utils/cn' or its corresponding type declarations.
src/features/matters/components/create/CaseDataImport.tsx(13,31): error TS2307: Cannot find module '@/services/features/research/geminiService' or its corresponding type declarations.
src/features/matters/components/create/CaseDataImport.tsx(14,33): error TS2307: Cannot find module '@/services/features/documents/xmlDocketParser' or its corresponding type declarations.
src/features/matters/components/create/CaseDataImport.tsx(15,27): error TS2307: Cannot find module '@/hooks/useNotify' or its corresponding type declarations.
src/features/matters/components/create/CaseDataImport.tsx(16,47): error TS2307: Cannot find module '../../../types' or its corresponding type declarations.
src/features/matters/components/create/CaseDataImport.tsx(239,21): error TS2322: Type 'unknown[]' is not assignable to type 'ReactNode'.
  Type 'unknown[]' is not assignable to type 'Iterable<ReactNode>'.
    The types returned by '[Symbol.iterator]().next(...)' are incompatible between these types.
      Type 'IteratorResult<unknown, undefined>' is not assignable to type 'IteratorResult<ReactNode, any>'.
        Type 'IteratorYieldResult<unknown>' is not assignable to type 'IteratorResult<ReactNode, any>'.
          Type 'IteratorYieldResult<unknown>' is not assignable to type 'IteratorYieldResult<ReactNode>'.
            Type 'unknown' is not assignable to type 'ReactNode'.
src/features/matters/components/create/CaseManagementHub.tsx(41,29): error TS2307: Cannot find module '@/services/data/dataService' or its corresponding type declarations.
src/features/matters/components/create/CaseManagementHub.tsx(42,26): error TS2307: Cannot find module '@/hooks/useQueryHooks' or its corresponding type declarations.
src/features/matters/components/create/CaseManagementHub.tsx(43,27): error TS2307: Cannot find module '@/utils/queryKeys' or its corresponding type declarations.
src/features/matters/components/create/CaseManagementHub.tsx(44,46): error TS2307: Cannot find module '../../../types' or its corresponding type declarations.
src/features/matters/components/create/CaseManagementHub.tsx(137,26): error TS7006: Parameter 'c' implicitly has an 'any' type.
src/features/matters/components/create/CaseManagementHub.tsx(138,26): error TS7006: Parameter 'c' implicitly has an 'any' type.
src/features/matters/components/create/CaseManagementHub.tsx(139,27): error TS7006: Parameter 'c' implicitly has an 'any' type.
src/features/matters/components/create/CaseManagementHub.tsx(140,29): error TS7006: Parameter 'c' implicitly has an 'any' type.
src/features/matters/components/create/NewMatter.tsx(33,29): error TS2307: Cannot find module '@/services/data/dataService' or its corresponding type declarations.
src/features/matters/components/create/NewMatter.tsx(34,39): error TS2307: Cannot find module '@/hooks/useQueryHooks' or its corresponding type declarations.
src/features/matters/components/create/NewMatter.tsx(35,27): error TS2307: Cannot find module '@/utils/queryKeys' or its corresponding type declarations.
src/features/matters/components/create/NewMatter.tsx(36,29): error TS2307: Cannot find module '@/services/infrastructure/queryClient' or its corresponding type declarations.
src/features/matters/components/create/NewMatter.tsx(45,8): error TS2307: Cannot find module '../../../types' or its corresponding type declarations.
src/features/matters/components/create/NewMatter.tsx(46,23): error TS2307: Cannot find module '../../../config/paths.config' or its corresponding type declarations.
src/features/matters/components/create/NewMatter.tsx(47,24): error TS2307: Cannot find module '../../common/Button' or its corresponding type declarations.
src/features/matters/components/create/NewMatter.tsx(48,28): error TS2307: Cannot find module '../../common/PageHeader' or its corresponding type declarations.
src/features/matters/components/create/NewMatter.tsx(49,29): error TS2307: Cannot find module '../../common/Breadcrumbs' or its corresponding type declarations.
src/features/matters/components/create/NewMatter.tsx(50,26): error TS2307: Cannot find module '../../../context/ThemeContext' or its corresponding type declarations.
src/features/matters/components/create/NewMatter.tsx(51,27): error TS2307: Cannot find module '@/hooks/useNotify' or its corresponding type declarations.
src/features/matters/components/create/NewMatter.tsx(52,20): error TS2307: Cannot find module '@/utils/cn' or its corresponding type declarations.
src/features/matters/components/create/NewMatter.tsx(269,19): error TS7006: Parameter 'data' implicitly has an 'any' type.
src/features/matters/components/create/NewMatter.tsx(284,19): error TS7006: Parameter 'newItem' implicitly has an 'any' type.
src/features/matters/components/create/NewMatter.tsx(299,17): error TS7006: Parameter 'error' implicitly has an 'any' type.
src/features/matters/components/create/NewMatter.tsx(318,17): error TS7006: Parameter 'error' implicitly has an 'any' type.
src/features/matters/components/create/NewMatter.tsx(333,17): error TS7006: Parameter 'error' implicitly has an 'any' type.
src/features/matters/components/create/NewMatter.tsx(423,46): error TS7006: Parameter 'm' implicitly has an 'any' type.
src/features/matters/components/create/NewMatter.tsx(795,43): error TS2322: Type 'unknown' is not assignable to type 'string | number | readonly string[] | undefined'.
src/features/matters/components/create/NewMatter.tsx(795,58): error TS18046: 'value' is of type 'unknown'.
src/features/matters/components/create/NewMatter.tsx(811,43): error TS2322: Type 'unknown' is not assignable to type 'string | number | readonly string[] | undefined'.
src/features/matters/components/create/NewMatter.tsx(811,57): error TS2322: Type 'unknown' is not assignable to type 'ReactNode'.
src/features/matters/components/create/NewMatter.tsx(829,41): error TS2322: Type 'unknown' is not assignable to type 'string | number | readonly string[] | undefined'.
src/features/matters/components/create/NewMatter.tsx(830,26): error TS18046: 'value' is of type 'unknown'.
src/features/matters/components/create/NewMatter.tsx(830,68): error TS7006: Parameter 'l' implicitly has an 'any' type.
src/features/matters/components/detail/arguments/ArgumentCoreInfo.tsx(16,26): error TS2307: Cannot find module '../../../common/Inputs' or its corresponding type declarations.
src/features/matters/components/detail/arguments/ArgumentCoreInfo.tsx(17,24): error TS2307: Cannot find module '../../../common/Button' or its corresponding type declarations.
src/features/matters/components/detail/arguments/ArgumentCoreInfo.tsx(20,26): error TS2307: Cannot find module '../../../../context/ThemeContext' or its corresponding type declarations.
src/features/matters/components/detail/arguments/ArgumentCoreInfo.tsx(23,20): error TS2307: Cannot find module '@/utils/cn' or its corresponding type declarations.
src/features/matters/components/detail/arguments/ArgumentCoreInfo.tsx(26,43): error TS2307: Cannot find module '../../../../types' or its corresponding type declarations.
src/features/matters/components/detail/arguments/ArgumentDetail.tsx(16,24): error TS2307: Cannot find module '../../../common/Button' or its corresponding type declarations.
src/features/matters/components/detail/arguments/ArgumentDetail.tsx(17,23): error TS2307: Cannot find module '../../../common/Badge' or its corresponding type declarations.
src/features/matters/components/detail/arguments/ArgumentDetail.tsx(18,23): error TS2307: Cannot find module '../../../common/Inputs' or its corresponding type declarations.
src/features/matters/components/detail/arguments/ArgumentDetail.tsx(19,22): error TS2307: Cannot find module '../../../common/Tabs' or its corresponding type declarations.
src/features/matters/components/detail/arguments/ArgumentDetail.tsx(23,26): error TS2307: Cannot find module '../../../../context/ThemeContext' or its corresponding type declarations.
src/features/matters/components/detail/arguments/ArgumentDetail.tsx(26,31): error TS2307: Cannot find module '@/services/features/research/geminiService' or its corresponding type declarations.
src/features/matters/components/detail/arguments/ArgumentDetail.tsx(27,20): error TS2307: Cannot find module '@/utils/cn' or its corresponding type declarations.
src/features/matters/components/detail/arguments/ArgumentDetail.tsx(30,67): error TS2307: Cannot find module '../../../../types' or its corresponding type declarations.
src/features/matters/components/detail/arguments/ArgumentDetail.tsx(97,28): error TS7006: Parameter 't' implicitly has an 'any' type.
src/features/matters/components/detail/arguments/ArgumentDetail.tsx(133,58): error TS7006: Parameter 'id' implicitly has an 'any' type.
src/features/matters/components/detail/arguments/ArgumentDetail.tsx(180,59): error TS7006: Parameter 'id' implicitly has an 'any' type.
src/features/matters/components/detail/arguments/ArgumentList.tsx(16,27): error TS2307: Cannot find module '../../../common/RiskMeter' or its corresponding type declarations.
src/features/matters/components/detail/arguments/ArgumentList.tsx(17,23): error TS2307: Cannot find module '../../../common/Badge' or its corresponding type declarations.
src/features/matters/components/detail/arguments/ArgumentList.tsx(20,26): error TS2307: Cannot find module '../../../../context/ThemeContext' or its corresponding type declarations.
src/features/matters/components/detail/arguments/ArgumentList.tsx(23,20): error TS2307: Cannot find module '@/utils/cn' or its corresponding type declarations.
src/features/matters/components/detail/arguments/ArgumentList.tsx(26,31): error TS2307: Cannot find module '../../../../types' or its corresponding type declarations.
src/features/matters/components/detail/CaseArgumentManager.tsx(16,24): error TS2307: Cannot find module '../../common/Button' or its corresponding type declarations.
src/features/matters/components/detail/CaseArgumentManager.tsx(19,31): error TS2307: Cannot find module '../../common/SearchToolbar' or its corresponding type declarations.
src/features/matters/components/detail/CaseArgumentManager.tsx(22,26): error TS2307: Cannot find module '../../../context/ThemeContext' or its corresponding type declarations.
src/features/matters/components/detail/CaseArgumentManager.tsx(25,20): error TS2307: Cannot find module '@/utils/cn' or its corresponding type declarations.
src/features/matters/components/detail/CaseArgumentManager.tsx(28,51): error TS2307: Cannot find module '../../../types' or its corresponding type declarations.
src/features/matters/components/detail/CaseBilling.tsx(16,88): error TS2307: Cannot find module '../../common/Table' or its corresponding type declarations.
src/features/matters/components/detail/CaseBilling.tsx(17,22): error TS2307: Cannot find module '../../common/Card' or its corresponding type declarations.
src/features/matters/components/detail/CaseBilling.tsx(18,23): error TS2307: Cannot find module '../../common/Badge' or its corresponding type declarations.
src/features/matters/components/detail/CaseBilling.tsx(19,24): error TS2307: Cannot find module '../../common/Button' or its corresponding type declarations.
src/features/matters/components/detail/CaseBilling.tsx(22,26): error TS2307: Cannot find module '../../../context/ThemeContext' or its corresponding type declarations.
src/features/matters/components/detail/CaseBilling.tsx(25,20): error TS2307: Cannot find module '@/utils/cn' or its corresponding type declarations.
src/features/matters/components/detail/CaseBilling.tsx(28,41): error TS2307: Cannot find module '../../../types' or its corresponding type declarations.
src/features/matters/components/detail/CaseContractReview.tsx(16,26): error TS2307: Cannot find module '../../../context/ThemeContext' or its corresponding type declarations.
src/features/matters/components/detail/CaseContractReview.tsx(19,31): error TS2307: Cannot find module '@/services/features/research/geminiService' or its corresponding type declarations.
src/features/matters/components/detail/CaseContractReview.tsx(20,20): error TS2307: Cannot find module '@/utils/cn' or its corresponding type declarations.
src/features/matters/components/detail/CaseDetailHeader.tsx(16,24): error TS2307: Cannot find module '../../common/Button' or its corresponding type declarations.
src/features/matters/components/detail/CaseDetailHeader.tsx(17,23): error TS2307: Cannot find module '../../common/Badge' or its corresponding type declarations.
src/features/matters/components/detail/CaseDetailHeader.tsx(18,35): error TS2307: Cannot find module '../../operations/crm/ClientPortalModal' or its corresponding type declarations.
src/features/matters/components/detail/CaseDetailHeader.tsx(21,26): error TS2307: Cannot find module '../../../context/ThemeContext' or its corresponding type declarations.
src/features/matters/components/detail/CaseDetailHeader.tsx(22,27): error TS2307: Cannot find module '../../../context/WindowContext' or its corresponding type declarations.
src/features/matters/components/detail/CaseDetailHeader.tsx(23,26): error TS2307: Cannot find module '@/hooks/useQueryHooks' or its corresponding type declarations.
src/features/matters/components/detail/CaseDetailHeader.tsx(26,29): error TS2307: Cannot find module '@/services/data/dataService' or its corresponding type declarations.
src/features/matters/components/detail/CaseDetailHeader.tsx(27,20): error TS2307: Cannot find module '@/utils/cn' or its corresponding type declarations.
src/features/matters/components/detail/CaseDetailHeader.tsx(30,36): error TS2307: Cannot find module '../../../types' or its corresponding type declarations.
src/features/matters/components/detail/CaseDetailMobileMenu.tsx(16,26): error TS2307: Cannot find module '../../../context/ThemeContext' or its corresponding type declarations.
src/features/matters/components/detail/CaseDetailMobileMenu.tsx(19,20): error TS2307: Cannot find module '@/utils/cn' or its corresponding type declarations.
src/features/matters/components/detail/CaseDiscovery.tsx(15,35): error TS2307: Cannot find module '../../litigation/discovery/DiscoveryPlatform' or its corresponding type declarations.
src/features/matters/components/detail/CaseDocuments.tsx(16,35): error TS2307: Cannot find module '../../common/TaskCreationModal' or its corresponding type declarations.
src/features/matters/components/detail/CaseDocuments.tsx(18,24): error TS2307: Cannot find module '../../common/Button' or its corresponding type declarations.
src/features/matters/components/detail/CaseDocuments.tsx(21,26): error TS2307: Cannot find module '../../../context/ThemeContext' or its corresponding type declarations.
src/features/matters/components/detail/CaseDocuments.tsx(22,27): error TS2307: Cannot find module '../../../context/WindowContext' or its corresponding type declarations.
src/features/matters/components/detail/CaseDocuments.tsx(23,27): error TS2307: Cannot find module '@/hooks/useNotify' or its corresponding type declarations.
src/features/matters/components/detail/CaseDocuments.tsx(26,33): error TS2307: Cannot find module '@/services/features/documents/documentService' or its corresponding type declarations.
src/features/matters/components/detail/CaseDocuments.tsx(27,29): error TS2307: Cannot find module '@/services/data/dataService' or its corresponding type declarations.
src/features/matters/components/detail/CaseDocuments.tsx(28,29): error TS2307: Cannot find module '@/hooks/useQueryHooks' or its corresponding type declarations.
src/features/matters/components/detail/CaseDocuments.tsx(30,27): error TS2307: Cannot find module '@/utils/queryKeys' or its corresponding type declarations.
src/features/matters/components/detail/CaseDocuments.tsx(31,41): error TS2307: Cannot find module '@/services/integration/integrationOrchestrator' or its corresponding type declarations.
src/features/matters/components/detail/CaseDocuments.tsx(32,20): error TS2307: Cannot find module '@/utils/cn' or its corresponding type declarations.
src/features/matters/components/detail/CaseDocuments.tsx(35,79): error TS2307: Cannot find module '../../../types' or its corresponding type declarations.
src/features/matters/components/detail/CaseDocuments.tsx(36,33): error TS2307: Cannot find module '../../../types/integration-types' or its corresponding type declarations.
src/features/matters/components/detail/CaseDocuments.tsx(38,44): error TS2307: Cannot find module '../../operations/documents/DocumentAssembly' or its corresponding type declarations.
src/features/matters/components/detail/CaseDocuments.tsx(70,11): error TS2322: Type '{ caseTitle: string; onClose: () => any; onSave: (doc: any) => void; }' is not assignable to type 'IntrinsicAttributes'.
  Property 'caseTitle' does not exist on type 'IntrinsicAttributes'.
src/features/matters/components/detail/CaseDocuments.tsx(72,20): error TS7006: Parameter 'doc' implicitly has an 'any' type.
src/features/matters/components/detail/CaseDrafting.tsx(16,32): error TS2307: Cannot find module '../../operations/documents/AdvancedEditor' or its corresponding type declarations.
src/features/matters/components/detail/CaseDrafting.tsx(17,43): error TS2307: Cannot find module '../../knowledge/clauses/ClauseList' or its corresponding type declarations.
src/features/matters/components/detail/CaseDrafting.tsx(20,26): error TS2307: Cannot find module '../../../context/ThemeContext' or its corresponding type declarations.
src/features/matters/components/detail/CaseDrafting.tsx(21,26): error TS2307: Cannot find module '@/hooks/useQueryHooks' or its corresponding type declarations.
src/features/matters/components/detail/CaseDrafting.tsx(24,31): error TS2307: Cannot find module '@/services/features/research/geminiService' or its corresponding type declarations.
src/features/matters/components/detail/CaseDrafting.tsx(25,29): error TS2307: Cannot find module '@/services/data/dataService' or its corresponding type declarations.
src/features/matters/components/detail/CaseDrafting.tsx(27,20): error TS2307: Cannot find module '@/utils/cn' or its corresponding type declarations.
src/features/matters/components/detail/CaseDrafting.tsx(30,24): error TS2307: Cannot find module '../../../types' or its corresponding type declarations.
src/features/matters/components/detail/CaseDrafting.tsx(32,46): error TS2307: Cannot find module '../../knowledge/clauses/ClauseHistoryModal' or its corresponding type declarations.
src/features/matters/components/detail/CaseDrafting.tsx(115,20): error TS7006: Parameter 'newHtml' implicitly has an 'any' type.
src/features/matters/components/detail/CaseEvidence.tsx(16,35): error TS2307: Cannot find module '../../litigation/evidence/EvidenceInventory' or its corresponding type declarations.
src/features/matters/components/detail/CaseEvidence.tsx(17,28): error TS2307: Cannot find module '../../common/EmptyState' or its corresponding type declarations.
src/features/matters/components/detail/CaseEvidence.tsx(20,34): error TS2307: Cannot find module '@/hooks/useEvidenceVault' or its corresponding type declarations.
src/features/matters/components/detail/CaseMessages.tsx(16,24): error TS2307: Cannot find module '../../common/Button' or its corresponding type declarations.
src/features/matters/components/detail/CaseMessages.tsx(17,28): error TS2307: Cannot find module '../../common/UserAvatar' or its corresponding type declarations.
src/features/matters/components/detail/CaseMessages.tsx(20,26): error TS2307: Cannot find module '../../../context/ThemeContext' or its corresponding type declarations.
src/features/matters/components/detail/CaseMessages.tsx(21,26): error TS2307: Cannot find module '@/hooks/useQueryHooks' or its corresponding type declarations.
src/features/matters/components/detail/CaseMessages.tsx(22,35): error TS2307: Cannot find module '@/hooks/useSessionStorage' or its corresponding type declarations.
src/features/matters/components/detail/CaseMessages.tsx(25,29): error TS2307: Cannot find module '@/services/data/dataService' or its corresponding type declarations.
src/features/matters/components/detail/CaseMessages.tsx(27,20): error TS2307: Cannot find module '@/utils/cn' or its corresponding type declarations.
src/features/matters/components/detail/CaseMessages.tsx(30,51): error TS2307: Cannot find module '../../../types' or its corresponding type declarations.
src/features/matters/components/detail/CaseMessages.tsx(92,35): error TS7006: Parameter 'u' implicitly has an 'any' type.
src/features/matters/components/detail/CaseParties.tsx(16,88): error TS2307: Cannot find module '../../common/Table' or its corresponding type declarations.
src/features/matters/components/detail/CaseParties.tsx(17,24): error TS2307: Cannot find module '../../common/Button' or its corresponding type declarations.
src/features/matters/components/detail/CaseParties.tsx(18,23): error TS2307: Cannot find module '../../common/Modal' or its corresponding type declarations.
src/features/matters/components/detail/CaseParties.tsx(19,23): error TS2307: Cannot find module '../../common/Inputs' or its corresponding type declarations.
src/features/matters/components/detail/CaseParties.tsx(20,23): error TS2307: Cannot find module '../../common/Badge' or its corresponding type declarations.
src/features/matters/components/detail/CaseParties.tsx(21,31): error TS2307: Cannot find module '../../common/ConfirmDialog' or its corresponding type declarations.
src/features/matters/components/detail/CaseParties.tsx(24,26): error TS2307: Cannot find module '../../../context/ThemeContext' or its corresponding type declarations.
src/features/matters/components/detail/CaseParties.tsx(25,26): error TS2307: Cannot find module '@/hooks/useQueryHooks' or its corresponding type declarations.
src/features/matters/components/detail/CaseParties.tsx(26,31): error TS2307: Cannot find module '../../../hooks' or its corresponding type declarations.
src/features/matters/components/detail/CaseParties.tsx(29,29): error TS2307: Cannot find module '@/services/data/dataService' or its corresponding type declarations.
src/features/matters/components/detail/CaseParties.tsx(31,27): error TS2307: Cannot find module '@/utils/scheduler' or its corresponding type declarations.
src/features/matters/components/detail/CaseParties.tsx(32,20): error TS2307: Cannot find module '@/utils/cn' or its corresponding type declarations.
src/features/matters/components/detail/CaseParties.tsx(35,54): error TS2307: Cannot find module '../../../types' or its corresponding type declarations.
src/features/matters/components/detail/CaseParties.tsx(174,53): error TS7006: Parameter 'o' implicitly has an 'any' type.
src/features/matters/components/detail/CaseParties.tsx(212,63): error TS7006: Parameter 'att' implicitly has an 'any' type.
src/features/matters/components/detail/CaseParties.tsx(212,68): error TS7006: Parameter 'idx' implicitly has an 'any' type.
src/features/matters/components/detail/CaseParties.tsx(300,37): error TS7006: Parameter 'org' implicitly has an 'any' type.
src/features/matters/components/detail/CasePlanning.tsx(16,24): error TS2307: Cannot find module '../../common/Button' or its corresponding type declarations.
src/features/matters/components/detail/CasePlanning.tsx(17,35): error TS2307: Cannot find module '../../common/TaskCreationModal' or its corresponding type declarations.
src/features/matters/components/detail/CasePlanning.tsx(22,26): error TS2307: Cannot find module '../../../context/ThemeContext' or its corresponding type declarations.
src/features/matters/components/detail/CasePlanning.tsx(23,52): error TS2307: Cannot find module '@/hooks/useQueryHooks' or its corresponding type declarations.
src/features/matters/components/detail/CasePlanning.tsx(24,27): error TS2307: Cannot find module '@/hooks/useNotify' or its corresponding type declarations.
src/features/matters/components/detail/CasePlanning.tsx(25,31): error TS2307: Cannot find module '../../../hooks' or its corresponding type declarations.
src/features/matters/components/detail/CasePlanning.tsx(28,29): error TS2307: Cannot find module '@/services/data/dataService' or its corresponding type declarations.
src/features/matters/components/detail/CasePlanning.tsx(30,29): error TS2307: Cannot find module '@/utils/pathfinding' or its corresponding type declarations.
src/features/matters/components/detail/CasePlanning.tsx(31,20): error TS2307: Cannot find module '@/utils/cn' or its corresponding type declarations.
src/features/matters/components/detail/CasePlanning.tsx(34,47): error TS2307: Cannot find module '../../../types' or its corresponding type declarations.
src/features/matters/components/detail/CasePlanning.tsx(72,44): error TS7006: Parameter 't' implicitly has an 'any' type.
src/features/matters/components/detail/CasePlanning.tsx(95,31): error TS7006: Parameter 't' implicitly has an 'any' type.
src/features/matters/components/detail/CasePlanning.tsx(113,20): error TS7006: Parameter 'task' implicitly has an 'any' type.
src/features/matters/components/detail/CasePlanning.tsx(157,32): error TS7006: Parameter 't' implicitly has an 'any' type.
src/features/matters/components/detail/CaseRiskManager.tsx(16,24): error TS2307: Cannot find module '../../common/Button' or its corresponding type declarations.
src/features/matters/components/detail/CaseRiskManager.tsx(17,28): error TS2307: Cannot find module '../../common/Primitives' or its corresponding type declarations.
src/features/matters/components/detail/CaseRiskManager.tsx(22,26): error TS2307: Cannot find module '../../../context/ThemeContext' or its corresponding type declarations.
src/features/matters/components/detail/CaseRiskManager.tsx(23,27): error TS2307: Cannot find module '../../../context/WindowContext' or its corresponding type declarations.
src/features/matters/components/detail/CaseRiskManager.tsx(24,39): error TS2307: Cannot find module '@/hooks/useQueryHooks' or its corresponding type declarations.
src/features/matters/components/detail/CaseRiskManager.tsx(27,29): error TS2307: Cannot find module '@/services/data/dataService' or its corresponding type declarations.
src/features/matters/components/detail/CaseRiskManager.tsx(29,20): error TS2307: Cannot find module '@/utils/cn' or its corresponding type declarations.
src/features/matters/components/detail/CaseRiskManager.tsx(32,73): error TS2307: Cannot find module '../../../types' or its corresponding type declarations.
src/features/matters/components/detail/CaseRiskManager.tsx(65,23): error TS7006: Parameter '_' implicitly has an 'any' type.
src/features/matters/components/detail/CaseRiskManager.tsx(65,26): error TS7006: Parameter 'id' implicitly has an 'any' type.
src/features/matters/components/detail/CaseRiskManager.tsx(100,34): error TS7006: Parameter 'r' implicitly has an 'any' type.
src/features/matters/components/detail/CaseStrategy.tsx(16,24): error TS2307: Cannot find module '../../common/Button' or its corresponding type declarations.
src/features/matters/components/detail/CaseStrategy.tsx(17,23): error TS2307: Cannot find module '../../common/Modal' or its corresponding type declarations.
src/features/matters/components/detail/CaseStrategy.tsx(18,33): error TS2307: Cannot find module '../../common/Inputs' or its corresponding type declarations.
src/features/matters/components/detail/CaseStrategy.tsx(22,26): error TS2307: Cannot find module '../../../context/ThemeContext' or its corresponding type declarations.
src/features/matters/components/detail/CaseStrategy.tsx(23,27): error TS2307: Cannot find module '@/hooks/useNotify' or its corresponding type declarations.
src/features/matters/components/detail/CaseStrategy.tsx(24,31): error TS2307: Cannot find module '../../../hooks' or its corresponding type declarations.
src/features/matters/components/detail/CaseStrategy.tsx(25,42): error TS2307: Cannot find module '@/hooks/useQueryHooks' or its corresponding type declarations.
src/features/matters/components/detail/CaseStrategy.tsx(28,20): error TS2307: Cannot find module '@/utils/cn' or its corresponding type declarations.
src/features/matters/components/detail/CaseStrategy.tsx(29,29): error TS2307: Cannot find module '@/services/data/dataService' or its corresponding type declarations.
src/features/matters/components/detail/CaseStrategy.tsx(30,27): error TS2307: Cannot find module '@/utils/queryKeys' or its corresponding type declarations.
src/features/matters/components/detail/CaseStrategy.tsx(33,64): error TS2307: Cannot find module '../../../types' or its corresponding type declarations.
src/features/matters/components/detail/CaseStrategy.tsx(82,19): error TS7006: Parameter 'data' implicitly has an 'any' type.
src/features/matters/components/detail/CaseStrategy.tsx(82,25): error TS7006: Parameter 'variables' implicitly has an 'any' type.
src/features/matters/components/detail/CaseStrategy.tsx(99,19): error TS7006: Parameter 'data' implicitly has an 'any' type.
src/features/matters/components/detail/CaseTimeline.tsx(16,30): error TS2307: Cannot find module '../../common/TimelineItem' or its corresponding type declarations.
src/features/matters/components/detail/CaseTimeline.tsx(18,29): error TS2307: Cannot find module '../../common/VirtualList' or its corresponding type declarations.
src/features/matters/components/detail/CaseTimeline.tsx(21,26): error TS2307: Cannot find module '../../../context/ThemeContext' or its corresponding type declarations.
src/features/matters/components/detail/CaseTimeline.tsx(24,20): error TS2307: Cannot find module '@/utils/cn' or its corresponding type declarations.
src/features/matters/components/detail/CaseTimeline.tsx(27,31): error TS2307: Cannot find module '../../../types' or its corresponding type declarations.
src/features/matters/components/detail/CaseWorkflow.tsx(16,24): error TS2307: Cannot find module '../../common/Button' or its corresponding type declarations.
src/features/matters/components/detail/CaseWorkflow.tsx(21,26): error TS2307: Cannot find module '../../../context/ThemeContext' or its corresponding type declarations.
src/features/matters/components/detail/CaseWorkflow.tsx(24,20): error TS2307: Cannot find module '@/utils/cn' or its corresponding type declarations.
src/features/matters/components/detail/CaseWorkflow.tsx(27,89): error TS2307: Cannot find module '../../../types' or its corresponding type declarations.
src/features/matters/components/detail/CaseWorkflow.tsx(45,42): error TS7006: Parameter 'task' implicitly has an 'any' type.
src/features/matters/components/detail/CaseWorkflow.tsx(49,40): error TS7006: Parameter 't' implicitly has an 'any' type.
src/features/matters/components/detail/CaseWorkflow.tsx(50,45): error TS7006: Parameter 't' implicitly has an 'any' type.
src/features/matters/components/detail/CaseWorkflow.tsx(54,49): error TS7006: Parameter 't' implicitly has an 'any' type.
src/features/matters/components/detail/CaseWorkflow.tsx(61,78): error TS7006: Parameter 't' implicitly has an 'any' type.
src/features/matters/components/detail/collaboration/CaseCollaboration.tsx(18,22): error TS2307: Cannot find module '../../../common/Card' or its corresponding type declarations.
src/features/matters/components/detail/collaboration/CaseCollaboration.tsx(19,24): error TS2307: Cannot find module '../../../common/Button' or its corresponding type declarations.
src/features/matters/components/detail/collaboration/CaseCollaboration.tsx(22,26): error TS2307: Cannot find module '../../../../context/ThemeContext' or its corresponding type declarations.
src/features/matters/components/detail/collaboration/CaseCollaboration.tsx(23,26): error TS2307: Cannot find module '@/hooks/useQueryHooks' or its corresponding type declarations.
src/features/matters/components/detail/collaboration/CaseCollaboration.tsx(26,29): error TS2307: Cannot find module '@/services/data/dataService' or its corresponding type declarations.
src/features/matters/components/detail/collaboration/CaseCollaboration.tsx(28,20): error TS2307: Cannot find module '@/utils/cn' or its corresponding type declarations.
src/features/matters/components/detail/collaboration/CaseCollaboration.tsx(31,36): error TS2307: Cannot find module '../../../../types' or its corresponding type declarations.
src/features/matters/components/detail/collaboration/CaseCollaboration.tsx(106,34): error TS7006: Parameter 'stip' implicitly has an 'any' type.
src/features/matters/components/detail/collaboration/ConferralLog.tsx(16,24): error TS2307: Cannot find module '../../../common/Button' or its corresponding type declarations.
src/features/matters/components/detail/collaboration/ConferralLog.tsx(17,23): error TS2307: Cannot find module '../../../common/Badge' or its corresponding type declarations.
src/features/matters/components/detail/collaboration/ConferralLog.tsx(18,33): error TS2307: Cannot find module '../../../common/Inputs' or its corresponding type declarations.
src/features/matters/components/detail/collaboration/ConferralLog.tsx(19,23): error TS2307: Cannot find module '../../../common/Modal' or its corresponding type declarations.
src/features/matters/components/detail/collaboration/ConferralLog.tsx(22,26): error TS2307: Cannot find module '../../../../context/ThemeContext' or its corresponding type declarations.
src/features/matters/components/detail/collaboration/ConferralLog.tsx(23,26): error TS2307: Cannot find module '../../../../context/ToastContext' or its corresponding type declarations.
src/features/matters/components/detail/collaboration/ConferralLog.tsx(24,52): error TS2307: Cannot find module '@/hooks/useQueryHooks' or its corresponding type declarations.
src/features/matters/components/detail/collaboration/ConferralLog.tsx(25,31): error TS2307: Cannot find module '../../../../hooks' or its corresponding type declarations.
src/features/matters/components/detail/collaboration/ConferralLog.tsx(26,32): error TS2307: Cannot find module '@/utils/dateUtils' or its corresponding type declarations.
src/features/matters/components/detail/collaboration/ConferralLog.tsx(29,29): error TS2307: Cannot find module '@/services/data/dataService' or its corresponding type declarations.
src/features/matters/components/detail/collaboration/ConferralLog.tsx(31,20): error TS2307: Cannot find module '@/utils/cn' or its corresponding type declarations.
src/features/matters/components/detail/collaboration/ConferralLog.tsx(34,90): error TS2307: Cannot find module '../../../../types' or its corresponding type declarations.
src/features/matters/components/detail/collaboration/ConferralLog.tsx(119,23): error TS7006: Parameter 'session' implicitly has an 'any' type.
src/features/matters/components/detail/collaboration/CorrespondenceDetail.tsx(16,24): error TS2307: Cannot find module '../../../common/Button' or its corresponding type declarations.
src/features/matters/components/detail/collaboration/CorrespondenceDetail.tsx(17,35): error TS2307: Cannot find module '../../../common/TaskCreationModal' or its corresponding type declarations.
src/features/matters/components/detail/collaboration/CorrespondenceDetail.tsx(20,26): error TS2307: Cannot find module '../../../../context/ThemeContext' or its corresponding type declarations.
src/features/matters/components/detail/collaboration/CorrespondenceDetail.tsx(21,27): error TS2307: Cannot find module '@/hooks/useNotify' or its corresponding type declarations.
src/features/matters/components/detail/collaboration/CorrespondenceDetail.tsx(22,29): error TS2307: Cannot find module '@/hooks/useQueryHooks' or its corresponding type declarations.
src/features/matters/components/detail/collaboration/CorrespondenceDetail.tsx(25,29): error TS2307: Cannot find module '@/services/data/dataService' or its corresponding type declarations.
src/features/matters/components/detail/collaboration/CorrespondenceDetail.tsx(26,20): error TS2307: Cannot find module '@/utils/cn' or its corresponding type declarations.
src/features/matters/components/detail/collaboration/CorrespondenceDetail.tsx(29,151): error TS2307: Cannot find module '../../../../types' or its corresponding type declarations.
src/features/matters/components/detail/collaboration/DiscoveryPlanBuilder.tsx(16,22): error TS2307: Cannot find module '../../../common/Card' or its corresponding type declarations.
src/features/matters/components/detail/collaboration/DiscoveryPlanBuilder.tsx(17,24): error TS2307: Cannot find module '../../../common/Button' or its corresponding type declarations.
src/features/matters/components/detail/collaboration/DiscoveryPlanBuilder.tsx(18,23): error TS2307: Cannot find module '../../../common/Badge' or its corresponding type declarations.
src/features/matters/components/detail/collaboration/DiscoveryPlanBuilder.tsx(21,26): error TS2307: Cannot find module '../../../../context/ThemeContext' or its corresponding type declarations.
src/features/matters/components/detail/collaboration/DiscoveryPlanBuilder.tsx(22,52): error TS2307: Cannot find module '@/hooks/useQueryHooks' or its corresponding type declarations.
src/features/matters/components/detail/collaboration/DiscoveryPlanBuilder.tsx(25,29): error TS2307: Cannot find module '@/services/data/dataService' or its corresponding type declarations.
src/features/matters/components/detail/collaboration/DiscoveryPlanBuilder.tsx(27,20): error TS2307: Cannot find module '@/utils/cn' or its corresponding type declarations.
src/features/matters/components/detail/collaboration/DiscoveryPlanBuilder.tsx(30,40): error TS2307: Cannot find module '../../../../types' or its corresponding type declarations.
src/features/matters/components/detail/collaboration/DiscoveryPlanBuilder.tsx(62,53): error TS7006: Parameter 's' implicitly has an 'any' type.
src/features/matters/components/detail/collaboration/DiscoveryPlanBuilder.tsx(73,53): error TS7006: Parameter 's' implicitly has an 'any' type.
src/features/matters/components/detail/collaboration/DiscoveryPlanBuilder.tsx(106,34): error TS7006: Parameter 'section' implicitly has an 'any' type.
src/features/matters/components/detail/documents/CaseDocumentItem.tsx(16,24): error TS2307: Cannot find module '../../../common/Button' or its corresponding type declarations.
src/features/matters/components/detail/documents/CaseDocumentItem.tsx(17,25): error TS2307: Cannot find module '../../../common/Primitives' or its corresponding type declarations.
src/features/matters/components/detail/documents/CaseDocumentItem.tsx(20,20): error TS2307: Cannot find module '@/utils/cn' or its corresponding type declarations.
src/features/matters/components/detail/documents/CaseDocumentItem.tsx(23,31): error TS2307: Cannot find module '../../../../types' or its corresponding type declarations.
src/features/matters/components/detail/documents/CaseDocumentItem.tsx(24,34): error TS2307: Cannot find module '../../../../theme/tokens' or its corresponding type declarations.
src/features/matters/components/detail/layout/CaseDetailNavigation.tsx(15,26): error TS2307: Cannot find module '../../../../context/ThemeContext' or its corresponding type declarations.
src/features/matters/components/detail/layout/CaseDetailNavigation.tsx(18,20): error TS2307: Cannot find module '@/utils/cn' or its corresponding type declarations.
src/features/matters/components/detail/layout/CaseDetailNavigation.tsx(19,34): error TS2307: Cannot find module '../../CaseDetailConfig' or its corresponding type declarations.
src/features/matters/components/detail/layout/CaseDetailNavigation.tsx(33,27): error TS7006: Parameter 'p' implicitly has an 'any' type.
src/features/matters/components/detail/layout/CaseDetailNavigation.tsx(33,47): error TS7006: Parameter 's' implicitly has an 'any' type.
src/features/matters/components/detail/layout/CaseDetailNavigation.tsx(39,35): error TS7006: Parameter 'parent' implicitly has an 'any' type.
src/features/matters/components/detail/layout/CaseDetailNavigation.tsx(57,42): error TS7006: Parameter 'tab' implicitly has an 'any' type.
src/features/matters/components/detail/MobileTimelineOverlay.tsx(19,26): error TS2307: Cannot find module '../../../context/ThemeContext' or its corresponding type declarations.
src/features/matters/components/detail/MobileTimelineOverlay.tsx(22,20): error TS2307: Cannot find module '@/utils/cn' or its corresponding type declarations.
src/features/matters/components/detail/MobileTimelineOverlay.tsx(25,31): error TS2307: Cannot find module '../../../types' or its corresponding type declarations.
src/features/matters/components/detail/motions/CaseMotions.tsx(16,24): error TS2307: Cannot find module '../../../common/Button' or its corresponding type declarations.
src/features/matters/components/detail/motions/CaseMotions.tsx(17,35): error TS2307: Cannot find module '../../../common/TaskCreationModal' or its corresponding type declarations.
src/features/matters/components/detail/motions/CaseMotions.tsx(22,26): error TS2307: Cannot find module '../../../../context/ThemeContext' or its corresponding type declarations.
src/features/matters/components/detail/motions/CaseMotions.tsx(23,39): error TS2307: Cannot find module '@/hooks/useQueryHooks' or its corresponding type declarations.
src/features/matters/components/detail/motions/CaseMotions.tsx(24,27): error TS2307: Cannot find module '@/hooks/useNotify' or its corresponding type declarations.
src/features/matters/components/detail/motions/CaseMotions.tsx(25,27): error TS2307: Cannot find module '../../../../context/WindowContext' or its corresponding type declarations.
src/features/matters/components/detail/motions/CaseMotions.tsx(28,29): error TS2307: Cannot find module '@/services/data/dataService' or its corresponding type declarations.
src/features/matters/components/detail/motions/CaseMotions.tsx(30,20): error TS2307: Cannot find module '@/utils/cn' or its corresponding type declarations.
src/features/matters/components/detail/motions/CaseMotions.tsx(33,83): error TS2307: Cannot find module '../../../../types' or its corresponding type declarations.
src/features/matters/components/detail/motions/MotionList.tsx(16,88): error TS2307: Cannot find module '../../../common/Table' or its corresponding type declarations.
src/features/matters/components/detail/motions/MotionList.tsx(17,23): error TS2307: Cannot find module '../../../common/Badge' or its corresponding type declarations.
src/features/matters/components/detail/motions/MotionList.tsx(18,24): error TS2307: Cannot find module '../../../common/Button' or its corresponding type declarations.
src/features/matters/components/detail/motions/MotionList.tsx(21,26): error TS2307: Cannot find module '../../../../context/ThemeContext' or its corresponding type declarations.
src/features/matters/components/detail/motions/MotionList.tsx(24,20): error TS2307: Cannot find module '@/utils/cn' or its corresponding type declarations.
src/features/matters/components/detail/motions/MotionList.tsx(27,24): error TS2307: Cannot find module '../../../../types' or its corresponding type declarations.
src/features/matters/components/detail/motions/MotionList.tsx(100,99): error TS7006: Parameter 'r' implicitly has an 'any' type.
src/features/matters/components/detail/motions/MotionModal.tsx(16,23): error TS2307: Cannot find module '../../../common/Modal' or its corresponding type declarations.
src/features/matters/components/detail/motions/MotionModal.tsx(17,23): error TS2307: Cannot find module '../../../common/Inputs' or its corresponding type declarations.
src/features/matters/components/detail/motions/MotionModal.tsx(18,24): error TS2307: Cannot find module '../../../common/Button' or its corresponding type declarations.
src/features/matters/components/detail/motions/MotionModal.tsx(19,30): error TS2307: Cannot find module '../../../common/RuleSelector' or its corresponding type declarations.
src/features/matters/components/detail/motions/MotionModal.tsx(22,26): error TS2307: Cannot find module '../../../../context/ThemeContext' or its corresponding type declarations.
src/features/matters/components/detail/motions/MotionModal.tsx(25,20): error TS2307: Cannot find module '@/utils/cn' or its corresponding type declarations.
src/features/matters/components/detail/motions/MotionModal.tsx(28,81): error TS2307: Cannot find module '../../../../types' or its corresponding type declarations.
src/features/matters/components/detail/motions/MotionModal.tsx(58,22): error TS7006: Parameter 'prev' implicitly has an 'any' type.
src/features/matters/components/detail/motions/MotionModal.tsx(79,68): error TS7006: Parameter 'd' implicitly has an 'any' type.
src/features/matters/components/detail/motions/MotionModal.tsx(131,29): error TS7006: Parameter 'rules' implicitly has an 'any' type.
src/features/matters/components/detail/opposition/OppositionDetail.tsx(16,24): error TS2307: Cannot find module '../../../common/Button' or its corresponding type declarations.
src/features/matters/components/detail/opposition/OppositionDetail.tsx(30,26): error TS2307: Cannot find module '../../../../context/ThemeContext' or its corresponding type declarations.
src/features/matters/components/detail/opposition/OppositionDetail.tsx(33,20): error TS2307: Cannot find module '@/utils/cn' or its corresponding type declarations.
src/features/matters/components/detail/overview/ActiveWorkstreams.tsx(15,26): error TS2307: Cannot find module '../../../../context/ThemeContext' or its corresponding type declarations.
src/features/matters/components/detail/overview/ActiveWorkstreams.tsx(18,20): error TS2307: Cannot find module '@/utils/cn' or its corresponding type declarations.
src/features/matters/components/detail/overview/ActiveWorkstreams.tsx(21,31): error TS2307: Cannot find module '../../../../types' or its corresponding type declarations.
src/features/matters/components/detail/overview/ActiveWorkstreams.tsx(42,56): error TS7006: Parameter 't' implicitly has an 'any' type.
src/features/matters/components/detail/overview/CaseOverview.tsx(16,24): error TS2307: Cannot find module '../../../common/Button' or its corresponding type declarations.
src/features/matters/components/detail/overview/CaseOverview.tsx(22,88): error TS2307: Cannot find module '../../../common/Table' or its corresponding type declarations.
src/features/matters/components/detail/overview/CaseOverview.tsx(25,26): error TS2307: Cannot find module '../../../../context/ThemeContext' or its corresponding type declarations.
src/features/matters/components/detail/overview/CaseOverview.tsx(26,26): error TS2307: Cannot find module '@/hooks/useQueryHooks' or its corresponding type declarations.
src/features/matters/components/detail/overview/CaseOverview.tsx(27,33): error TS2307: Cannot find module '@/hooks/useCaseOverview' or its corresponding type declarations.
src/features/matters/components/detail/overview/CaseOverview.tsx(30,29): error TS2307: Cannot find module '@/services/data/dataService' or its corresponding type declarations.
src/features/matters/components/detail/overview/CaseOverview.tsx(32,20): error TS2307: Cannot find module '@/utils/cn' or its corresponding type declarations.
src/features/matters/components/detail/overview/CaseOverview.tsx(35,40): error TS2307: Cannot find module '../../../../types' or its corresponding type declarations.
src/features/matters/components/detail/overview/CaseOverview.tsx(63,52): error TS7006: Parameter 'p' implicitly has an 'any' type.
src/features/matters/components/detail/overview/CaseOverview.tsx(95,50): error TS7006: Parameter 'p' implicitly has an 'any' type.
src/features/matters/components/detail/overview/CaseOverviewModals.tsx(16,32): error TS2307: Cannot find module '../../../common/TimeEntryModal' or its corresponding type declarations.
src/features/matters/components/detail/overview/CaseOverviewModals.tsx(17,23): error TS2307: Cannot find module '../../../common/Modal' or its corresponding type declarations.
src/features/matters/components/detail/overview/CaseOverviewModals.tsx(18,24): error TS2307: Cannot find module '../../../common/Button' or its corresponding type declarations.
src/features/matters/components/detail/overview/CaseOverviewModals.tsx(21,26): error TS2307: Cannot find module '../../../../context/ThemeContext' or its corresponding type declarations.
src/features/matters/components/detail/overview/CaseOverviewModals.tsx(24,20): error TS2307: Cannot find module '@/utils/cn' or its corresponding type declarations.
src/features/matters/components/detail/overview/CaseOverviewModals.tsx(27,33): error TS2307: Cannot find module '../../../../types' or its corresponding type declarations.
src/features/matters/components/detail/overview/CaseOverviewStats.tsx(16,26): error TS2307: Cannot find module '../../../../context/ThemeContext' or its corresponding type declarations.
src/features/matters/components/detail/overview/CaseOverviewStats.tsx(17,27): error TS2307: Cannot find module '../../../../context/WindowContext' or its corresponding type declarations.
src/features/matters/components/detail/overview/CaseOverviewStats.tsx(20,20): error TS2307: Cannot find module '@/utils/cn' or its corresponding type declarations.
src/features/matters/components/detail/overview/EvidenceFRCPStatus.tsx(15,22): error TS2307: Cannot find module '../../../common/Card' or its corresponding type declarations.
src/features/matters/components/detail/overview/EvidenceFRCPStatus.tsx(18,26): error TS2307: Cannot find module '../../../../context/ThemeContext' or its corresponding type declarations.
src/features/matters/components/detail/overview/EvidenceFRCPStatus.tsx(21,20): error TS2307: Cannot find module '@/utils/cn' or its corresponding type declarations.
src/features/matters/components/detail/overview/EvidenceLocation.tsx(15,22): error TS2307: Cannot find module '../../../common/Card' or its corresponding type declarations.
src/features/matters/components/detail/overview/EvidenceLocation.tsx(16,24): error TS2307: Cannot find module '../../../common/Button' or its corresponding type declarations.
src/features/matters/components/detail/overview/EvidenceLocation.tsx(19,26): error TS2307: Cannot find module '../../../../context/ThemeContext' or its corresponding type declarations.
src/features/matters/components/detail/overview/EvidenceLocation.tsx(22,20): error TS2307: Cannot find module '@/utils/cn' or its corresponding type declarations.
src/features/matters/components/detail/overview/MatterInfo.tsx(16,22): error TS2307: Cannot find module '../../../common/Card' or its corresponding type declarations.
src/features/matters/components/detail/overview/MatterInfo.tsx(19,26): error TS2307: Cannot find module '../../../../context/ThemeContext' or its corresponding type declarations.
src/features/matters/components/detail/overview/MatterInfo.tsx(22,20): error TS2307: Cannot find module '@/utils/cn' or its corresponding type declarations.
src/features/matters/components/detail/overview/MatterInfo.tsx(25,22): error TS2307: Cannot find module '../../../../types' or its corresponding type declarations.
src/features/matters/components/detail/overview/OverviewSidebar.tsx(16,26): error TS2307: Cannot find module '../../../../context/ThemeContext' or its corresponding type declarations.
src/features/matters/components/detail/overview/OverviewSidebar.tsx(17,27): error TS2307: Cannot find module '@/hooks/useNotify' or its corresponding type declarations.
src/features/matters/components/detail/overview/OverviewSidebar.tsx(20,20): error TS2307: Cannot find module '@/utils/cn' or its corresponding type declarations.
src/features/matters/components/detail/overview/OverviewSidebar.tsx(23,22): error TS2307: Cannot find module '../../../../types' or its corresponding type declarations.
src/features/matters/components/detail/planning/GanttTimeline.tsx(15,23): error TS2307: Cannot find module '../../../common/Badge' or its corresponding type declarations.
src/features/matters/components/detail/planning/GanttTimeline.tsx(18,26): error TS2307: Cannot find module '../../../../context/ThemeContext' or its corresponding type declarations.
src/features/matters/components/detail/planning/GanttTimeline.tsx(19,27): error TS2307: Cannot find module '../../../../context/WindowContext' or its corresponding type declarations.
src/features/matters/components/detail/planning/GanttTimeline.tsx(20,30): error TS2307: Cannot find module '@/hooks/useGanttDrag' or its corresponding type declarations.
src/features/matters/components/detail/planning/GanttTimeline.tsx(23,30): error TS2307: Cannot find module '@/utils/ganttHelpers' or its corresponding type declarations.
src/features/matters/components/detail/planning/GanttTimeline.tsx(24,20): error TS2307: Cannot find module '@/utils/cn' or its corresponding type declarations.
src/features/matters/components/detail/planning/GanttTimeline.tsx(27,60): error TS2307: Cannot find module '../../../../types' or its corresponding type declarations.
src/features/matters/components/detail/planning/GanttTimeline.tsx(60,22): error TS7006: Parameter 'd' implicitly has an 'any' type.
src/features/matters/components/detail/planning/GanttTimeline.tsx(60,25): error TS7006: Parameter 'i' implicitly has an 'any' type.
src/features/matters/components/detail/planning/PlanningSidebar.tsx(16,23): error TS2307: Cannot find module '../../../common/Badge' or its corresponding type declarations.
src/features/matters/components/detail/planning/PlanningSidebar.tsx(19,26): error TS2307: Cannot find module '../../../../context/ThemeContext' or its corresponding type declarations.
src/features/matters/components/detail/planning/PlanningSidebar.tsx(22,20): error TS2307: Cannot find module '@/utils/cn' or its corresponding type declarations.
src/features/matters/components/detail/planning/PlanningSidebar.tsx(25,41): error TS2307: Cannot find module '../../../../types' or its corresponding type declarations.
src/features/matters/components/detail/projects/CaseProjects.tsx(16,24): error TS2307: Cannot find module '../../../common/Button' or its corresponding type declarations.
src/features/matters/components/detail/projects/CaseProjects.tsx(17,35): error TS2307: Cannot find module '../../../common/TaskCreationModal' or its corresponding type declarations.
src/features/matters/components/detail/projects/CaseProjects.tsx(22,26): error TS2307: Cannot find module '../../../../context/ThemeContext' or its corresponding type declarations.
src/features/matters/components/detail/projects/CaseProjects.tsx(25,29): error TS2307: Cannot find module '@/services/data/dataService' or its corresponding type declarations.
src/features/matters/components/detail/projects/CaseProjects.tsx(26,20): error TS2307: Cannot find module '@/utils/cn' or its corresponding type declarations.
src/features/matters/components/detail/projects/CaseProjects.tsx(29,58): error TS2307: Cannot find module '../../../../types' or its corresponding type declarations.
src/features/matters/components/detail/projects/CaseProjects.tsx(94,22): error TS7006: Parameter 'task' implicitly has an 'any' type.
src/features/matters/components/detail/projects/ProjectCard.tsx(15,23): error TS2307: Cannot find module '../../../common/Badge' or its corresponding type declarations.
src/features/matters/components/detail/projects/ProjectCard.tsx(18,26): error TS2307: Cannot find module '../../../../context/ThemeContext' or its corresponding type declarations.
src/features/matters/components/detail/projects/ProjectCard.tsx(21,20): error TS2307: Cannot find module '@/utils/cn' or its corresponding type declarations.
src/features/matters/components/detail/projects/ProjectCard.tsx(24,25): error TS2307: Cannot find module '../../../../types' or its corresponding type declarations.
src/features/matters/components/detail/projects/ProjectCard.tsx(50,50): error TS7006: Parameter 't' implicitly has an 'any' type.
src/features/matters/components/detail/projects/ProjectCard.tsx(106,40): error TS7006: Parameter 'task' implicitly has an 'any' type.
src/features/matters/components/detail/projects/ProjectList.tsx(17,39): error TS2307: Cannot find module '../../../../types' or its corresponding type declarations.
src/features/matters/components/detail/projects/ProjectModal.tsx(14,23): error TS2307: Cannot find module '../../../common/Modal' or its corresponding type declarations.
src/features/matters/components/detail/projects/ProjectModal.tsx(15,33): error TS2307: Cannot find module '../../../common/Inputs' or its corresponding type declarations.
src/features/matters/components/detail/projects/ProjectModal.tsx(16,24): error TS2307: Cannot find module '../../../common/Button' or its corresponding type declarations.
src/features/matters/components/detail/projects/ProjectModal.tsx(19,26): error TS2307: Cannot find module '../../../../context/ThemeContext' or its corresponding type declarations.
src/features/matters/components/detail/projects/ProjectModal.tsx(22,20): error TS2307: Cannot find module '@/utils/cn' or its corresponding type declarations.
src/features/matters/components/detail/projects/ProjectModal.tsx(25,25): error TS2307: Cannot find module '../../../../types' or its corresponding type declarations.
src/features/matters/components/detail/risk/RiskDetail.tsx(16,24): error TS2307: Cannot find module '../../../common/Button' or its corresponding type declarations.
src/features/matters/components/detail/risk/RiskDetail.tsx(17,33): error TS2307: Cannot find module '../../../common/Inputs' or its corresponding type declarations.
src/features/matters/components/detail/risk/RiskDetail.tsx(19,23): error TS2307: Cannot find module '../../../common/Modal' or its corresponding type declarations.
src/features/matters/components/detail/risk/RiskDetail.tsx(22,26): error TS2307: Cannot find module '../../../../context/ThemeContext' or its corresponding type declarations.
src/features/matters/components/detail/risk/RiskDetail.tsx(25,31): error TS2307: Cannot find module '@/services/features/research/geminiService' or its corresponding type declarations.
src/features/matters/components/detail/risk/RiskDetail.tsx(26,20): error TS2307: Cannot find module '@/utils/cn' or its corresponding type declarations.
src/features/matters/components/detail/risk/RiskDetail.tsx(29,59): error TS2307: Cannot find module '../../../../types' or its corresponding type declarations.
src/features/matters/components/detail/risk/RiskList.tsx(16,23): error TS2307: Cannot find module '../../../common/Badge' or its corresponding type declarations.
src/features/matters/components/detail/risk/RiskList.tsx(19,26): error TS2307: Cannot find module '../../../../context/ThemeContext' or its corresponding type declarations.
src/features/matters/components/detail/risk/RiskList.tsx(22,20): error TS2307: Cannot find module '@/utils/cn' or its corresponding type declarations.
src/features/matters/components/detail/risk/RiskList.tsx(25,22): error TS2307: Cannot find module '../../../../types' or its corresponding type declarations.
src/features/matters/components/detail/risk/RiskMatrix.tsx(14,26): error TS2307: Cannot find module '../../../../context/ThemeContext' or its corresponding type declarations.
src/features/matters/components/detail/risk/RiskMatrix.tsx(17,20): error TS2307: Cannot find module '@/utils/cn' or its corresponding type declarations.
src/features/matters/components/detail/risk/RiskMatrix.tsx(20,27): error TS2307: Cannot find module '../../../../types' or its corresponding type declarations.
src/features/matters/components/detail/strategy/StrategySection.tsx(16,22): error TS2307: Cannot find module '../../../common/Card' or its corresponding type declarations.
src/features/matters/components/detail/strategy/StrategySection.tsx(17,23): error TS2307: Cannot find module '../../../common/Badge' or its corresponding type declarations.
src/features/matters/components/detail/strategy/StrategySection.tsx(18,27): error TS2307: Cannot find module '../../../common/RiskMeter' or its corresponding type declarations.
src/features/matters/components/detail/strategy/StrategySection.tsx(19,24): error TS2307: Cannot find module '../../../common/Button' or its corresponding type declarations.
src/features/matters/components/detail/strategy/StrategySection.tsx(22,26): error TS2307: Cannot find module '../../../../context/ThemeContext' or its corresponding type declarations.
src/features/matters/components/detail/strategy/StrategySection.tsx(25,20): error TS2307: Cannot find module '@/utils/cn' or its corresponding type declarations.
src/features/matters/components/detail/strategy/StrategySection.tsx(28,64): error TS2307: Cannot find module '../../../../types' or its corresponding type declarations.
src/features/matters/components/detail/strategy/StrategySection.tsx(117,85): error TS7006: Parameter 'cid' implicitly has an 'any' type.
src/features/matters/components/detail/strategy/StrategySection.tsx(125,86): error TS7006: Parameter 'eid' implicitly has an 'any' type.
src/features/matters/components/detail/timeline/StoryModeTimeline.tsx(16,22): error TS2307: Cannot find module '../../../common/Card' or its corresponding type declarations.
src/features/matters/components/detail/timeline/StoryModeTimeline.tsx(19,26): error TS2307: Cannot find module '../../../../context/ThemeContext' or its corresponding type declarations.
src/features/matters/components/detail/timeline/StoryModeTimeline.tsx(22,20): error TS2307: Cannot find module '@/utils/cn' or its corresponding type declarations.
src/features/matters/components/detail/timeline/StoryModeTimeline.tsx(25,31): error TS2307: Cannot find module '../../../../types' or its corresponding type declarations.
src/features/matters/components/detail/workflow/WorkflowAutomations.tsx(16,26): error TS2307: Cannot find module '../../../../context/ThemeContext' or its corresponding type declarations.
src/features/matters/components/detail/workflow/WorkflowAutomations.tsx(19,20): error TS2307: Cannot find module '@/utils/cn' or its corresponding type declarations.
src/features/matters/components/detail/workflow/WorkflowTimeline.tsx(16,28): error TS2307: Cannot find module '../../../common/UserAvatar' or its corresponding type declarations.
src/features/matters/components/detail/workflow/WorkflowTimeline.tsx(19,26): error TS2307: Cannot find module '../../../../context/ThemeContext' or its corresponding type declarations.
src/features/matters/components/detail/workflow/WorkflowTimeline.tsx(22,20): error TS2307: Cannot find module '@/utils/cn' or its corresponding type declarations.
src/features/matters/components/detail/workflow/WorkflowTimeline.tsx(25,89): error TS2307: Cannot find module '../../../../types' or its corresponding type declarations.
src/features/matters/components/detail/workflow/WorkflowTimeline.tsx(74,47): error TS7006: Parameter 'task' implicitly has an 'any' type.
src/features/matters/components/docket/DocketAnalytics.tsx(20,26): error TS2307: Cannot find module '@/hooks/useQueryHooks' or its corresponding type declarations.
src/features/matters/components/docket/DocketAnalytics.tsx(23,26): error TS2307: Cannot find module '../../../context/ThemeContext' or its corresponding type declarations.
src/features/matters/components/docket/DocketAnalytics.tsx(26,22): error TS2307: Cannot find module '../../common/Card' or its corresponding type declarations.
src/features/matters/components/docket/DocketAnalytics.tsx(29,20): error TS2307: Cannot find module '@/utils/cn' or its corresponding type declarations.
src/features/matters/components/docket/DocketAnalytics.tsx(30,29): error TS2307: Cannot find module '@/services/data/dataService' or its corresponding type declarations.
src/features/matters/components/docket/DocketAnalytics.tsx(33,27): error TS2307: Cannot find module '@/utils/queryKeys' or its corresponding type declarations.
src/features/matters/components/docket/DocketAnalytics.tsx(36,29): error TS2307: Cannot find module '../../../types' or its corresponding type declarations.
src/features/matters/components/docket/docketAnalytics.utils.ts(1,29): error TS2307: Cannot find module '../../../types' or its corresponding type declarations.
src/features/matters/components/docket/docketAnalytics.utils.ts(2,31): error TS2307: Cannot find module '@/utils/cacheManager' or its corresponding type declarations.
src/features/matters/components/docket/DocketCalendar.tsx(16,26): error TS2307: Cannot find module '../../../context/ThemeContext' or its corresponding type declarations.
src/features/matters/components/docket/DocketCalendar.tsx(17,26): error TS2307: Cannot find module '@/hooks/useQueryHooks' or its corresponding type declarations.
src/features/matters/components/docket/DocketCalendar.tsx(20,20): error TS2307: Cannot find module '@/utils/cn' or its corresponding type declarations.
src/features/matters/components/docket/DocketCalendar.tsx(21,29): error TS2307: Cannot find module '@/services/data/dataService' or its corresponding type declarations.
src/features/matters/components/docket/DocketCalendar.tsx(23,27): error TS2307: Cannot find module '@/utils/queryKeys' or its corresponding type declarations.
src/features/matters/components/docket/DocketCalendar.tsx(35,29): error TS2307: Cannot find module '../../../types' or its corresponding type declarations.
src/features/matters/components/docket/docketCalendar.utils.ts(1,29): error TS2307: Cannot find module '../../../types' or its corresponding type declarations.
src/features/matters/components/docket/docketCalendar.utils.ts(28,38): error TS7006: Parameter 'dl' implicitly has an 'any' type.
src/features/matters/components/docket/docketCalendar.utils.ts(38,37): error TS18046: 'd' is of type 'unknown'.
src/features/matters/components/docket/DocketEntryBuilder.tsx(16,33): error TS2307: Cannot find module '../../common/Inputs' or its corresponding type declarations.
src/features/matters/components/docket/DocketEntryBuilder.tsx(17,24): error TS2307: Cannot find module '../../common/Button' or its corresponding type declarations.
src/features/matters/components/docket/DocketEntryBuilder.tsx(18,30): error TS2307: Cannot find module '../../common/RuleSelector' or its corresponding type declarations.
src/features/matters/components/docket/DocketEntryBuilder.tsx(19,28): error TS2307: Cannot find module '../../common/UserSelect' or its corresponding type declarations.
src/features/matters/components/docket/DocketEntryBuilder.tsx(22,26): error TS2307: Cannot find module '../../../context/ThemeContext' or its corresponding type declarations.
src/features/matters/components/docket/DocketEntryBuilder.tsx(23,27): error TS2307: Cannot find module '@/hooks/useNotify' or its corresponding type declarations.
src/features/matters/components/docket/DocketEntryBuilder.tsx(26,20): error TS2307: Cannot find module '@/utils/cn' or its corresponding type declarations.
src/features/matters/components/docket/DocketEntryBuilder.tsx(27,32): error TS2307: Cannot find module '@/utils/dateUtils' or its corresponding type declarations.
src/features/matters/components/docket/DocketEntryBuilder.tsx(28,29): error TS2307: Cannot find module '@/services/data/dataService' or its corresponding type declarations.
src/features/matters/components/docket/DocketEntryBuilder.tsx(29,82): error TS2307: Cannot find module '@/utils/docketValidation' or its corresponding type declarations.
src/features/matters/components/docket/DocketEntryBuilder.tsx(30,32): error TS2307: Cannot find module '@/services/features/deadlines/deadlineEngine' or its corresponding type declarations.
src/features/matters/components/docket/DocketEntryBuilder.tsx(31,29): error TS2307: Cannot find module '@/utils/idGenerator' or its corresponding type declarations.
src/features/matters/components/docket/DocketEntryBuilder.tsx(34,116): error TS2307: Cannot find module '../../../types' or its corresponding type declarations.
src/features/matters/components/docket/DocketEntryBuilder.tsx(116,49): error TS7006: Parameter 'e' implicitly has an 'any' type.
src/features/matters/components/docket/DocketEntryBuilder.tsx(128,19): error TS2339: Property 'jurisdiction' does not exist on type 'never'.
src/features/matters/components/docket/DocketEntryModal.tsx(16,23): error TS2307: Cannot find module '../../common/Modal' or its corresponding type declarations.
src/features/matters/components/docket/DocketEntryModal.tsx(17,24): error TS2307: Cannot find module '../../common/Button' or its corresponding type declarations.
src/features/matters/components/docket/DocketEntryModal.tsx(18,23): error TS2307: Cannot find module '../../common/Badge' or its corresponding type declarations.
src/features/matters/components/docket/DocketEntryModal.tsx(19,28): error TS2307: Cannot find module '../../common/CopyButton' or its corresponding type declarations.
src/features/matters/components/docket/DocketEntryModal.tsx(22,26): error TS2307: Cannot find module '../../../context/ThemeContext' or its corresponding type declarations.
src/features/matters/components/docket/DocketEntryModal.tsx(25,20): error TS2307: Cannot find module '@/utils/cn' or its corresponding type declarations.
src/features/matters/components/docket/DocketEntryModal.tsx(28,29): error TS2307: Cannot find module '../../../types' or its corresponding type declarations.
src/features/matters/components/docket/DocketEntryModal.tsx(119,44): error TS7006: Parameter 'dl' implicitly has an 'any' type.
src/features/matters/components/docket/DocketFilterPanel.tsx(15,31): error TS2307: Cannot find module '../../common/SearchToolbar' or its corresponding type declarations.
src/features/matters/components/docket/DocketFilterPanel.tsx(18,26): error TS2307: Cannot find module '../../../context/ThemeContext' or its corresponding type declarations.
src/features/matters/components/docket/DocketFilterPanel.tsx(21,20): error TS2307: Cannot find module '@/utils/cn' or its corresponding type declarations.
src/features/matters/components/docket/DocketFilterPanel.tsx(24,22): error TS2307: Cannot find module '../../../types' or its corresponding type declarations.
src/features/matters/components/docket/DocketImportModal.tsx(16,23): error TS2307: Cannot find module '../../common/Modal' or its corresponding type declarations.
src/features/matters/components/docket/DocketImportModal.tsx(17,24): error TS2307: Cannot find module '../../common/Button' or its corresponding type declarations.
src/features/matters/components/docket/DocketImportModal.tsx(19,25): error TS2307: Cannot find module '../../common/Stepper' or its corresponding type declarations.
src/features/matters/components/docket/DocketImportModal.tsx(22,26): error TS2307: Cannot find module '../../../context/ThemeContext' or its corresponding type declarations.
src/features/matters/components/docket/DocketImportModal.tsx(23,27): error TS2307: Cannot find module '@/hooks/useNotify' or its corresponding type declarations.
src/features/matters/components/docket/DocketImportModal.tsx(26,20): error TS2307: Cannot find module '@/utils/cn' or its corresponding type declarations.
src/features/matters/components/docket/DocketImportModal.tsx(27,31): error TS2307: Cannot find module '@/services/features/research/geminiService' or its corresponding type declarations.
src/features/matters/components/docket/DocketImportModal.tsx(28,33): error TS2307: Cannot find module '@/services/features/documents/xmlDocketParser' or its corresponding type declarations.
src/features/matters/components/docket/DocketImportModal.tsx(29,38): error TS2307: Cannot find module '@/services/features/discovery/fallbackDocketParser' or its corresponding type declarations.
src/features/matters/components/docket/DocketImportModal.tsx(30,42): error TS2307: Cannot find module '@/services/features/discovery/fallbackDocketParser' or its corresponding type declarations.
src/features/matters/components/docket/DocketImportModal.tsx(163,11): error TS2322: Type 'unknown' is not assignable to type 'ReactNode'.
src/features/matters/components/docket/DocketManager.tsx(23,28): error TS2307: Cannot find module '../../common/PageHeader' or its corresponding type declarations.
src/features/matters/components/docket/DocketManager.tsx(24,24): error TS2307: Cannot find module '../../common/Button' or its corresponding type declarations.
src/features/matters/components/docket/DocketManager.tsx(31,26): error TS2307: Cannot find module '../../../context/ThemeContext' or its corresponding type declarations.
src/features/matters/components/docket/DocketManager.tsx(34,20): error TS2307: Cannot find module '@/utils/cn' or its corresponding type declarations.
src/features/matters/components/docket/DocketRow.tsx(15,23): error TS2307: Cannot find module '../../common/Badge' or its corresponding type declarations.
src/features/matters/components/docket/DocketRow.tsx(16,24): error TS2307: Cannot find module '../../common/Button' or its corresponding type declarations.
src/features/matters/components/docket/DocketRow.tsx(19,26): error TS2307: Cannot find module '../../../context/ThemeContext' or its corresponding type declarations.
src/features/matters/components/docket/DocketRow.tsx(22,20): error TS2307: Cannot find module '@/utils/cn' or its corresponding type declarations.
src/features/matters/components/docket/DocketRow.tsx(25,46): error TS2307: Cannot find module '../../../types' or its corresponding type declarations.
src/features/matters/components/docket/DocketRow.tsx(161,61): error TS7006: Parameter 'dl' implicitly has an 'any' type.
src/features/matters/components/docket/DocketSettings.tsx(15,22): error TS2307: Cannot find module '../../common/Card' or its corresponding type declarations.
src/features/matters/components/docket/DocketSettings.tsx(16,24): error TS2307: Cannot find module '../../common/Button' or its corresponding type declarations.
src/features/matters/components/docket/DocketSettings.tsx(19,26): error TS2307: Cannot find module '../../../context/ThemeContext' or its corresponding type declarations.
src/features/matters/components/docket/DocketSettings.tsx(22,20): error TS2307: Cannot find module '@/utils/cn' or its corresponding type declarations.
src/features/matters/components/docket/DocketSheet.tsx(20,23): error TS2307: Cannot find module '../../common/Modal' or its corresponding type declarations.
src/features/matters/components/docket/DocketSheet.tsx(21,31): error TS2307: Cannot find module '../../common/ConfirmDialog' or its corresponding type declarations.
src/features/matters/components/docket/DocketSheet.tsx(28,37): error TS2307: Cannot find module '../../common/DocketSkeleton' or its corresponding type declarations.
src/features/matters/components/docket/DocketSheet.tsx(31,26): error TS2307: Cannot find module '../../../context/ThemeContext' or its corresponding type declarations.
src/features/matters/components/docket/DocketSheet.tsx(32,27): error TS2307: Cannot find module '../../../context/WindowContext' or its corresponding type declarations.
src/features/matters/components/docket/DocketSheet.tsx(33,33): error TS2307: Cannot find module '@/hooks/useWorkerSearch' or its corresponding type declarations.
src/features/matters/components/docket/DocketSheet.tsx(34,35): error TS2307: Cannot find module '@/hooks/useLiveDocketFeed' or its corresponding type declarations.
src/features/matters/components/docket/DocketSheet.tsx(35,39): error TS2307: Cannot find module '@/hooks/useQueryHooks' or its corresponding type declarations.
src/features/matters/components/docket/DocketSheet.tsx(36,31): error TS2307: Cannot find module '../../../hooks' or its corresponding type declarations.
src/features/matters/components/docket/DocketSheet.tsx(37,27): error TS2307: Cannot find module '@/hooks/useToggle' or its corresponding type declarations.
src/features/matters/components/docket/DocketSheet.tsx(40,29): error TS2307: Cannot find module '@/services/data/dataService' or its corresponding type declarations.
src/features/matters/components/docket/DocketSheet.tsx(41,20): error TS2307: Cannot find module '@/utils/cn' or its corresponding type declarations.
src/features/matters/components/docket/DocketSheet.tsx(43,27): error TS2307: Cannot find module '@/utils/queryKeys' or its corresponding type declarations.
src/features/matters/components/docket/DocketSheet.tsx(44,29): error TS2307: Cannot find module '@/utils/idGenerator' or its corresponding type declarations.
src/features/matters/components/docket/DocketSheet.tsx(47,53): error TS2307: Cannot find module '../../../types' or its corresponding type declarations.
src/features/matters/components/docket/DocketSheet.tsx(92,48): error TS7006: Parameter 'p' implicitly has an 'any' type.
src/features/matters/components/docket/DocketSheet.tsx(108,20): error TS7006: Parameter 'entry' implicitly has an 'any' type.
src/features/matters/components/docket/DocketSheet.tsx(137,72): error TS7006: Parameter 'd' implicitly has an 'any' type.
src/features/matters/components/docket/DocketStats.tsx(16,28): error TS2307: Cannot find module '../../common/Primitives' or its corresponding type declarations.
src/features/matters/components/docket/DocketTable.tsx(20,29): error TS2307: Cannot find module '../../common/VirtualList' or its corresponding type declarations.
src/features/matters/components/docket/DocketTable.tsx(21,39): error TS2307: Cannot find module '../../common/InfiniteScrollTrigger' or its corresponding type declarations.
src/features/matters/components/docket/DocketTable.tsx(23,23): error TS2307: Cannot find module '../../common/Badge' or its corresponding type declarations.
src/features/matters/components/docket/DocketTable.tsx(24,24): error TS2307: Cannot find module '../../common/Button' or its corresponding type declarations.
src/features/matters/components/docket/DocketTable.tsx(27,26): error TS2307: Cannot find module '../../../context/ThemeContext' or its corresponding type declarations.
src/features/matters/components/docket/DocketTable.tsx(28,35): error TS2307: Cannot find module '@/hooks/useListNavigation' or its corresponding type declarations.
src/features/matters/components/docket/DocketTable.tsx(31,20): error TS2307: Cannot find module '@/utils/cn' or its corresponding type declarations.
src/features/matters/components/docket/DocketTable.tsx(34,46): error TS2307: Cannot find module '../../../types' or its corresponding type declarations.
src/features/matters/components/docket/DocketToolbar.tsx(15,24): error TS2307: Cannot find module '../../common/Button' or its corresponding type declarations.
src/features/matters/components/docket/DocketToolbar.tsx(18,26): error TS2307: Cannot find module '../../../context/ThemeContext' or its corresponding type declarations.
src/features/matters/components/docket/DocketToolbar.tsx(21,20): error TS2307: Cannot find module '@/utils/cn' or its corresponding type declarations.
src/features/matters/components/docket/ParsedDocketPreview.tsx(16,24): error TS2307: Cannot find module '../../common/Button' or its corresponding type declarations.
src/features/matters/components/docket/ParsedDocketPreview.tsx(17,22): error TS2307: Cannot find module '../../common/Card' or its corresponding type declarations.
src/features/matters/components/docket/ParsedDocketPreview.tsx(20,26): error TS2307: Cannot find module '../../../context/ThemeContext' or its corresponding type declarations.
src/features/matters/components/docket/ParsedDocketPreview.tsx(23,20): error TS2307: Cannot find module '@/utils/cn' or its corresponding type declarations.
src/features/matters/components/docket/ParsedDocketPreview.tsx(50,90): error TS2339: Property 'caseInfo' does not exist on type '{}'.
src/features/matters/components/docket/ParsedDocketPreview.tsx(52,109): error TS2339: Property 'caseInfo' does not exist on type '{}'.
src/features/matters/components/docket/ParsedDocketPreview.tsx(52,136): error TS2339: Property 'caseInfo' does not exist on type '{}'.
src/features/matters/components/docket/ParsedDocketPreview.tsx(53,43): error TS2339: Property 'caseInfo' does not exist on type '{}'.
src/features/matters/components/docket/ParsedDocketPreview.tsx(54,37): error TS2339: Property 'caseInfo' does not exist on type '{}'.
src/features/matters/components/docket/ParsedDocketPreview.tsx(54,81): error TS2339: Property 'caseInfo' does not exist on type '{}'.
src/features/matters/components/docket/ParsedDocketPreview.tsx(55,84): error TS2339: Property 'caseInfo' does not exist on type '{}'.
src/features/matters/components/docket/ParsedDocketPreview.tsx(65,122): error TS2339: Property 'parties' does not exist on type '{}'.
src/features/matters/components/docket/ParsedDocketPreview.tsx(68,33): error TS2339: Property 'parties' does not exist on type '{}'.
src/features/matters/components/docket/ParsedDocketPreview.tsx(71,86): error TS18046: 'p' is of type 'unknown'.
src/features/matters/components/docket/ParsedDocketPreview.tsx(72,129): error TS18046: 'p' is of type 'unknown'.
src/features/matters/components/docket/ParsedDocketPreview.tsx(74,26): error TS18046: 'p' is of type 'unknown'.
src/features/matters/components/docket/ParsedDocketPreview.tsx(74,107): error TS18046: 'p' is of type 'unknown'.
src/features/matters/components/docket/ParsedDocketPreview.tsx(77,35): error TS2339: Property 'parties' does not exist on type '{}'.
src/features/matters/components/docket/ParsedDocketPreview.tsx(77,57): error TS2339: Property 'parties' does not exist on type '{}'.
src/features/matters/components/docket/ParsedDocketPreview.tsx(86,127): error TS2339: Property 'deadlines' does not exist on type '{}'.
src/features/matters/components/docket/ParsedDocketPreview.tsx(89,33): error TS2339: Property 'deadlines' does not exist on type '{}'.
src/features/matters/components/docket/ParsedDocketPreview.tsx(89,68): error TS2339: Property 'deadlines' does not exist on type '{}'.
src/features/matters/components/docket/ParsedDocketPreview.tsx(91,69): error TS18046: 'd' is of type 'unknown'.
src/features/matters/components/docket/ParsedDocketPreview.tsx(92,80): error TS18046: 'd' is of type 'unknown'.
src/features/matters/components/docket/ParsedDocketPreview.tsx(102,126): error TS2339: Property 'docketEntries' does not exist on type '{}'.
src/features/matters/components/docket/ParsedDocketPreview.tsx(105,29): error TS2339: Property 'docketEntries' does not exist on type '{}'.
src/features/matters/components/docket/ParsedDocketPreview.tsx(110,69): error TS18046: 'e' is of type 'unknown'.
src/features/matters/components/docket/ParsedDocketPreview.tsx(110,94): error TS18046: 'e' is of type 'unknown'.
src/features/matters/components/docket/ParsedDocketPreview.tsx(110,114): error TS18046: 'e' is of type 'unknown'.
src/features/matters/components/docket/ParsedDocketPreview.tsx(112,94): error TS18046: 'e' is of type 'unknown'.
src/features/matters/components/docket/ParsedDocketPreview.tsx(113,81): error TS18046: 'e' is of type 'unknown'.
src/features/matters/components/docket/ParsedDocketPreview.tsx(113,201): error TS18046: 'e' is of type 'unknown'.
src/features/matters/components/docket/ParsedDocketPreview.tsx(115,26): error TS18046: 'e' is of type 'unknown'.
src/features/matters/components/docket/ParsedDocketPreview.tsx(118,26): error TS18046: 'e' is of type 'unknown'.
src/features/matters/components/docket/ParsedDocketPreview.tsx(120,35): error TS18046: 'e' is of type 'unknown'.
src/features/matters/components/docket/ParsedDocketPreview.tsx(120,65): error TS18046: 'e' is of type 'unknown'.
src/features/matters/components/docket/ParsedDocketPreview.tsx(123,102): error TS18046: 'e' is of type 'unknown'.
src/features/matters/components/docket/ParsedDocketPreview.tsx(123,119): error TS18046: 'e' is of type 'unknown'.
src/features/matters/components/docket/ParsedDocketPreview.tsx(127,30): error TS2339: Property 'docketEntries' does not exist on type '{}'.
src/features/matters/components/docket/ParsedDocketPreview.tsx(128,110): error TS2339: Property 'docketEntries' does not exist on type '{}'.
src/features/matters/components/docket/ParsedDocketPreview.tsx(130,31): error TS2339: Property 'docketEntries' does not exist on type '{}'.
src/features/matters/components/docket/ParsedDocketPreview.tsx(130,59): error TS2339: Property 'docketEntries' does not exist on type '{}'.
src/features/matters/components/entities/ConflictCheckPanel.tsx(20,26): error TS2307: Cannot find module '../../../context/ThemeContext' or its corresponding type declarations.
src/features/matters/components/entities/ConflictCheckPanel.tsx(23,24): error TS2307: Cannot find module '../../common/Button' or its corresponding type declarations.
src/features/matters/components/entities/ConflictCheckPanel.tsx(26,20): error TS2307: Cannot find module '@/utils/cn' or its corresponding type declarations.
src/features/matters/components/entities/ConflictCheckPanel.tsx(29,29): error TS2307: Cannot find module '../../../types' or its corresponding type declarations.
src/features/matters/components/entities/ConflictCheckPanel.tsx(51,28): error TS7006: Parameter 'r' implicitly has an 'any' type.
src/features/matters/components/entities/ConflictCheckPanel.tsx(52,84): error TS18046: 'id' is of type 'unknown'.
src/features/matters/components/entities/counsel/PerformanceScorecards.tsx(3,22): error TS2307: Cannot find module '../../../common/Card' or its corresponding type declarations.
src/features/matters/components/entities/counsel/PerformanceScorecards.tsx(4,27): error TS2307: Cannot find module '../../../common/RiskMeter' or its corresponding type declarations.
src/features/matters/components/entities/counsel/PerformanceScorecards.tsx(5,23): error TS2307: Cannot find module '../../../common/Badge' or its corresponding type declarations.
src/features/matters/components/entities/counsel/PerformanceScorecards.tsx(7,29): error TS2307: Cannot find module '../../../../types' or its corresponding type declarations.
src/features/matters/components/entities/counsel/PerformanceScorecards.tsx(8,26): error TS2307: Cannot find module '../../../../context/ThemeContext' or its corresponding type declarations.
src/features/matters/components/entities/counsel/PerformanceScorecards.tsx(9,20): error TS2307: Cannot find module '@/utils/cn' or its corresponding type declarations.
src/features/matters/components/entities/counsel/RateNegotiation.tsx(3,88): error TS2307: Cannot find module '../../../common/Table' or its corresponding type declarations.
src/features/matters/components/entities/counsel/RateNegotiation.tsx(4,24): error TS2307: Cannot find module '../../../common/Button' or its corresponding type declarations.
src/features/matters/components/entities/counsel/RateNegotiation.tsx(6,29): error TS2307: Cannot find module '../../../../types' or its corresponding type declarations.
src/features/matters/components/entities/counsel/RateNegotiation.tsx(7,26): error TS2307: Cannot find module '../../../../context/ThemeContext' or its corresponding type declarations.
src/features/matters/components/entities/counsel/RateNegotiation.tsx(8,20): error TS2307: Cannot find module '@/utils/cn' or its corresponding type declarations.
src/features/matters/components/entities/EntityAnalytics.tsx(21,26): error TS2307: Cannot find module '../../../context/ThemeContext' or its corresponding type declarations.
src/features/matters/components/entities/EntityAnalytics.tsx(24,28): error TS2307: Cannot find module '../../common/Primitives' or its corresponding type declarations.
src/features/matters/components/entities/EntityAnalytics.tsx(25,22): error TS2307: Cannot find module '../../common/Card' or its corresponding type declarations.
src/features/matters/components/entities/EntityAnalytics.tsx(28,29): error TS2307: Cannot find module '../../../types' or its corresponding type declarations.
src/features/matters/components/entities/EntityDirector.tsx(20,29): error TS2307: Cannot find module '@/services/data/dataService' or its corresponding type declarations.
src/features/matters/components/entities/EntityDirector.tsx(21,26): error TS2307: Cannot find module '@/hooks/useQueryHooks' or its corresponding type declarations.
src/features/matters/components/entities/EntityDirector.tsx(22,27): error TS2307: Cannot find module '@/utils/queryKeys' or its corresponding type declarations.
src/features/matters/components/entities/EntityDirector.tsx(26,26): error TS2307: Cannot find module '../../../context/ThemeContext' or its corresponding type declarations.
src/features/matters/components/entities/EntityDirector.tsx(27,27): error TS2307: Cannot find module '../../../context/WindowContext' or its corresponding type declarations.
src/features/matters/components/entities/EntityDirector.tsx(30,28): error TS2307: Cannot find module '../../common/PageHeader' or its corresponding type declarations.
src/features/matters/components/entities/EntityDirector.tsx(31,24): error TS2307: Cannot find module '../../common/Button' or its corresponding type declarations.
src/features/matters/components/entities/EntityDirector.tsx(32,28): error TS2307: Cannot find module '../../common/LazyLoader' or its corresponding type declarations.
src/features/matters/components/entities/EntityDirector.tsx(36,20): error TS2307: Cannot find module '@/utils/cn' or its corresponding type declarations.
src/features/matters/components/entities/EntityDirector.tsx(39,39): error TS2307: Cannot find module '../../../types' or its corresponding type declarations.
src/features/matters/components/entities/EntityGovernance.tsx(20,26): error TS2307: Cannot find module '../../../context/ThemeContext' or its corresponding type declarations.
src/features/matters/components/entities/EntityGovernance.tsx(23,88): error TS2307: Cannot find module '../../common/Table' or its corresponding type declarations.
src/features/matters/components/entities/EntityGovernance.tsx(24,23): error TS2307: Cannot find module '../../common/Badge' or its corresponding type declarations.
src/features/matters/components/entities/EntityGovernance.tsx(25,24): error TS2307: Cannot find module '../../common/Button' or its corresponding type declarations.
src/features/matters/components/entities/EntityGovernance.tsx(28,20): error TS2307: Cannot find module '@/utils/cn' or its corresponding type declarations.
src/features/matters/components/entities/EntityGovernance.tsx(31,29): error TS2307: Cannot find module '../../../types' or its corresponding type declarations.
src/features/matters/components/entities/EntityGrid.tsx(20,26): error TS2307: Cannot find module '../../../context/ThemeContext' or its corresponding type declarations.
src/features/matters/components/entities/EntityGrid.tsx(21,33): error TS2307: Cannot find module '@/hooks/useWorkerSearch' or its corresponding type declarations.
src/features/matters/components/entities/EntityGrid.tsx(24,23): error TS2307: Cannot find module '../../common/Badge' or its corresponding type declarations.
src/features/matters/components/entities/EntityGrid.tsx(25,32): error TS2307: Cannot find module '../../common/RefactoredCommon' or its corresponding type declarations.
src/features/matters/components/entities/EntityGrid.tsx(26,29): error TS2307: Cannot find module '../../common/VirtualList' or its corresponding type declarations.
src/features/matters/components/entities/EntityGrid.tsx(29,20): error TS2307: Cannot find module '@/utils/cn' or its corresponding type declarations.
src/features/matters/components/entities/EntityGrid.tsx(32,29): error TS2307: Cannot find module '../../../types' or its corresponding type declarations.
src/features/matters/components/entities/EntityGrid.tsx(94,32): error TS7006: Parameter 'r' implicitly has an 'any' type.
src/features/matters/components/entities/EntityIngestion.tsx(20,26): error TS2307: Cannot find module '../../../context/ThemeContext' or its corresponding type declarations.
src/features/matters/components/entities/EntityIngestion.tsx(23,22): error TS2307: Cannot find module '../../common/Card' or its corresponding type declarations.
src/features/matters/components/entities/EntityIngestion.tsx(24,24): error TS2307: Cannot find module '../../common/Button' or its corresponding type declarations.
src/features/matters/components/entities/EntityIngestion.tsx(27,20): error TS2307: Cannot find module '@/utils/cn' or its corresponding type declarations.
src/features/matters/components/entities/EntityMap.tsx(19,26): error TS2307: Cannot find module '../../../context/ThemeContext' or its corresponding type declarations.
src/features/matters/components/entities/EntityMap.tsx(22,36): error TS2307: Cannot find module '../../knowledge/jurisdiction/JurisdictionGeoMap' or its corresponding type declarations.
src/features/matters/components/entities/EntityMap.tsx(25,20): error TS2307: Cannot find module '@/utils/cn' or its corresponding type declarations.
src/features/matters/components/entities/EntityMap.tsx(28,29): error TS2307: Cannot find module '../../../types' or its corresponding type declarations.
src/features/matters/components/entities/EntityNetwork.tsx(20,29): error TS2307: Cannot find module '@/services/data/dataService' or its corresponding type declarations.
src/features/matters/components/entities/EntityNetwork.tsx(21,26): error TS2307: Cannot find module '@/hooks/useQueryHooks' or its corresponding type declarations.
src/features/matters/components/entities/EntityNetwork.tsx(25,26): error TS2307: Cannot find module '../../../context/ThemeContext' or its corresponding type declarations.
src/features/matters/components/entities/EntityNetwork.tsx(28,28): error TS2307: Cannot find module '../../visual/NexusGraph' or its corresponding type declarations.
src/features/matters/components/entities/EntityNetwork.tsx(29,22): error TS2307: Cannot find module '../../common/Card' or its corresponding type declarations.
src/features/matters/components/entities/EntityNetwork.tsx(30,32): error TS2307: Cannot find module '../../common/AdaptiveLoader' or its corresponding type declarations.
src/features/matters/components/entities/EntityNetwork.tsx(33,20): error TS2307: Cannot find module '@/utils/cn' or its corresponding type declarations.
src/features/matters/components/entities/EntityNetwork.tsx(34,29): error TS2307: Cannot find module '@/utils/datastructures/disjointSet' or its corresponding type declarations.
src/features/matters/components/entities/EntityNetwork.tsx(37,49): error TS2307: Cannot find module '../../../types' or its corresponding type declarations.
src/features/matters/components/entities/EntityNetwork.tsx(67,27): error TS7006: Parameter 'rel' implicitly has an 'any' type.
src/features/matters/components/entities/EntityNetwork.tsx(82,42): error TS7006: Parameter 'rel' implicitly has an 'any' type.
src/features/matters/components/entities/EntityNetwork.tsx(105,34): error TS7006: Parameter 'comp' implicitly has an 'any' type.
src/features/matters/components/entities/EntityNetwork.tsx(105,40): error TS7006: Parameter 'i' implicitly has an 'any' type.
src/features/matters/components/entities/EntityNetwork.tsx(109,40): error TS7006: Parameter 'id' implicitly has an 'any' type.
src/features/matters/components/entities/EntityOrgChart.tsx(20,29): error TS2307: Cannot find module '@/services/data/dataService' or its corresponding type declarations.
src/features/matters/components/entities/EntityOrgChart.tsx(22,26): error TS2307: Cannot find module '@/hooks/useQueryHooks' or its corresponding type declarations.
src/features/matters/components/entities/EntityOrgChart.tsx(25,26): error TS2307: Cannot find module '../../../context/ThemeContext' or its corresponding type declarations.
src/features/matters/components/entities/EntityOrgChart.tsx(28,32): error TS2307: Cannot find module '../../common/AdaptiveLoader' or its corresponding type declarations.
src/features/matters/components/entities/EntityOrgChart.tsx(31,20): error TS2307: Cannot find module '@/utils/cn' or its corresponding type declarations.
src/features/matters/components/entities/EntityOrgChart.tsx(34,29): error TS2307: Cannot find module '../../../types' or its corresponding type declarations.
src/features/matters/components/entities/EntityOrgChart.tsx(59,31): error TS7006: Parameter 'e' implicitly has an 'any' type.
src/features/matters/components/entities/EntityOrgChart.tsx(60,33): error TS7006: Parameter 'e' implicitly has an 'any' type.
src/features/matters/components/entities/EntityOrgChart.tsx(90,31): error TS7006: Parameter 'child' implicitly has an 'any' type.
src/features/matters/components/entities/EntityProfile.tsx(20,29): error TS2307: Cannot find module '@/services/data/dataService' or its corresponding type declarations.
src/features/matters/components/entities/EntityProfile.tsx(21,26): error TS2307: Cannot find module '@/hooks/useQueryHooks' or its corresponding type declarations.
src/features/matters/components/entities/EntityProfile.tsx(25,26): error TS2307: Cannot find module '../../../context/ThemeContext' or its corresponding type declarations.
src/features/matters/components/entities/EntityProfile.tsx(28,24): error TS2307: Cannot find module '../../common/Button' or its corresponding type declarations.
src/features/matters/components/entities/EntityProfile.tsx(29,22): error TS2307: Cannot find module '../../common/Tabs' or its corresponding type declarations.
src/features/matters/components/entities/EntityProfile.tsx(30,28): error TS2307: Cannot find module '../../common/EmptyState' or its corresponding type declarations.
src/features/matters/components/entities/EntityProfile.tsx(33,20): error TS2307: Cannot find module '@/utils/cn' or its corresponding type declarations.
src/features/matters/components/entities/EntityProfile.tsx(36,49): error TS2307: Cannot find module '../../../types' or its corresponding type declarations.
src/features/matters/components/entities/EntityProfile.tsx(87,35): error TS7006: Parameter 'r' implicitly has an 'any' type.
src/features/matters/components/entities/EntityProfile.tsx(133,40): error TS7006: Parameter 'rel' implicitly has an 'any' type.
src/features/matters/components/entities/EntityVendorOps.tsx(20,26): error TS2307: Cannot find module '../../../context/ThemeContext' or its corresponding type declarations.
src/features/matters/components/entities/EntityVendorOps.tsx(23,22): error TS2307: Cannot find module '../../common/Card' or its corresponding type declarations.
src/features/matters/components/entities/EntityVendorOps.tsx(24,24): error TS2307: Cannot find module '../../common/Button' or its corresponding type declarations.
src/features/matters/components/entities/EntityVendorOps.tsx(27,20): error TS2307: Cannot find module '@/utils/cn' or its corresponding type declarations.
src/features/matters/components/entities/EntityVendorOps.tsx(30,29): error TS2307: Cannot find module '../../../types' or its corresponding type declarations.
src/features/matters/components/entities/layout/EntityNavigation.tsx(4,26): error TS2307: Cannot find module '../../../../context/ThemeContext' or its corresponding type declarations.
src/features/matters/components/entities/layout/EntityNavigation.tsx(5,20): error TS2307: Cannot find module '@/utils/cn' or its corresponding type declarations.
src/features/matters/components/entities/talent/AlumniDirectory.tsx(3,22): error TS2307: Cannot find module '../../../common/Card' or its corresponding type declarations.
src/features/matters/components/entities/talent/AlumniDirectory.tsx(4,28): error TS2307: Cannot find module '../../../common/UserAvatar' or its corresponding type declarations.
src/features/matters/components/entities/talent/AlumniDirectory.tsx(5,24): error TS2307: Cannot find module '../../../common/Button' or its corresponding type declarations.
src/features/matters/components/entities/talent/AlumniDirectory.tsx(6,44): error TS2307: Cannot find module '../../../common/RefactoredCommon' or its corresponding type declarations.
src/features/matters/components/entities/talent/AlumniDirectory.tsx(8,29): error TS2307: Cannot find module '../../../../types' or its corresponding type declarations.
src/features/matters/components/entities/talent/AlumniDirectory.tsx(9,26): error TS2307: Cannot find module '../../../../context/ThemeContext' or its corresponding type declarations.
src/features/matters/components/entities/talent/AlumniDirectory.tsx(10,26): error TS2307: Cannot find module '@/hooks/useQueryHooks' or its corresponding type declarations.
src/features/matters/components/entities/talent/AlumniDirectory.tsx(11,29): error TS2307: Cannot find module '@/services/data/dataService' or its corresponding type declarations.
src/features/matters/components/entities/talent/AlumniDirectory.tsx(12,27): error TS2307: Cannot find module '@/utils/queryKeys' or its corresponding type declarations.
src/features/matters/components/entities/talent/AlumniDirectory.tsx(13,20): error TS2307: Cannot find module '@/utils/cn' or its corresponding type declarations.
src/features/matters/components/entities/ubo/KycManager.tsx(3,22): error TS2307: Cannot find module '../../../common/Card' or its corresponding type declarations.
src/features/matters/components/entities/ubo/KycManager.tsx(4,24): error TS2307: Cannot find module '../../../common/Button' or its corresponding type declarations.
src/features/matters/components/entities/ubo/KycManager.tsx(5,26): error TS2307: Cannot find module '../../../common/Primitives' or its corresponding type declarations.
src/features/matters/components/entities/ubo/KycManager.tsx(6,23): error TS2307: Cannot find module '../../../common/Badge' or its corresponding type declarations.
src/features/matters/components/entities/ubo/KycManager.tsx(8,29): error TS2307: Cannot find module '../../../../types' or its corresponding type declarations.
src/features/matters/components/entities/ubo/KycManager.tsx(9,26): error TS2307: Cannot find module '../../../../context/ThemeContext' or its corresponding type declarations.
src/features/matters/components/entities/ubo/KycManager.tsx(10,20): error TS2307: Cannot find module '@/utils/cn' or its corresponding type declarations.
src/features/matters/components/entities/ubo/UboRegister.tsx(3,88): error TS2307: Cannot find module '../../../common/Table' or its corresponding type declarations.
src/features/matters/components/entities/ubo/UboRegister.tsx(4,23): error TS2307: Cannot find module '../../../common/Badge' or its corresponding type declarations.
src/features/matters/components/entities/ubo/UboRegister.tsx(5,24): error TS2307: Cannot find module '../../../common/Button' or its corresponding type declarations.
src/features/matters/components/entities/ubo/UboRegister.tsx(6,55): error TS2307: Cannot find module '../../../common/RefactoredCommon' or its corresponding type declarations.
src/features/matters/components/entities/ubo/UboRegister.tsx(8,29): error TS2307: Cannot find module '../../../../types' or its corresponding type declarations.
src/features/matters/components/entities/ubo/UboRegister.tsx(9,26): error TS2307: Cannot find module '../../../../context/ThemeContext' or its corresponding type declarations.
src/features/matters/components/entities/ubo/UboRegister.tsx(10,20): error TS2307: Cannot find module '@/utils/cn' or its corresponding type declarations.
src/features/matters/components/entities/ubo/UboRegister.tsx(11,26): error TS2307: Cannot find module '@/hooks/useQueryHooks' or its corresponding type declarations.
src/features/matters/components/entities/ubo/UboRegister.tsx(12,27): error TS2307: Cannot find module '@/utils/queryKeys' or its corresponding type declarations.
src/features/matters/components/entities/ubo/UboRegister.tsx(13,21): error TS2307: Cannot find module '@/services/api' or its corresponding type declarations.
src/features/matters/components/entities/ubo/UboRegister.tsx(14,32): error TS2307: Cannot find module '../../../common/AdaptiveLoader' or its corresponding type declarations.
src/features/matters/components/entities/ubo/UboRegister.tsx(15,28): error TS2307: Cannot find module '../../../common/ErrorState' or its corresponding type declarations.
src/features/matters/components/entities/ubo/UboRegister.tsx(43,42): error TS7006: Parameter 'sum' implicitly has an 'any' type.
src/features/matters/components/entities/ubo/UboRegister.tsx(43,47): error TS7006: Parameter 'corp' implicitly has an 'any' type.
src/features/matters/components/entities/ubo/UboRegister.tsx(44,46): error TS7006: Parameter 'corp' implicitly has an 'any' type.
src/features/matters/components/entities/ubo/UboRegister.tsx(100,33): error TS7006: Parameter 'corp' implicitly has an 'any' type.
src/features/matters/components/insights/MatterInsightsDashboard.tsx(50,25): error TS2339: Property 'getMatterAnalytics' does not exist on type 'AnalyticsApiService'.
src/features/matters/components/insights/MatterInsightsDashboard.tsx(65,38): error TS2339: Property 'budgetAccuracy' does not exist on type '{}'.
src/features/matters/components/intake/NewMatterIntakeForm.tsx(470,24): error TS7006: Parameter 'u' implicitly has an 'any' type.
src/features/matters/components/intake/NewMatterIntakeForm.tsx(470,80): error TS7006: Parameter 'user' implicitly has an 'any' type.
src/features/matters/components/list/ActiveCaseTable.tsx(21,29): error TS2307: Cannot find module '../../common/VirtualList' or its corresponding type declarations.
src/features/matters/components/list/ActiveCaseTable.tsx(22,32): error TS2307: Cannot find module '../../common/RefactoredCommon' or its corresponding type declarations.
src/features/matters/components/list/ActiveCaseTable.tsx(26,26): error TS2307: Cannot find module '../../../context/ThemeContext' or its corresponding type declarations.
src/features/matters/components/list/ActiveCaseTable.tsx(29,20): error TS2307: Cannot find module '@/utils/cn' or its corresponding type declarations.
src/features/matters/components/list/ActiveCaseTable.tsx(34,22): error TS2307: Cannot find module '../../../types' or its corresponding type declarations.
src/features/matters/components/list/case-form/CaseFormFields.tsx(20,33): error TS2307: Cannot find module '../../../common/Inputs' or its corresponding type declarations.
src/features/matters/components/list/case-form/CaseFormFields.tsx(23,26): error TS2307: Cannot find module '../../../../context/ThemeContext' or its corresponding type declarations.
src/features/matters/components/list/case-form/CaseFormFields.tsx(26,20): error TS2307: Cannot find module '@/utils/cn' or its corresponding type declarations.
src/features/matters/components/list/case-form/CaseFormFields.tsx(31,34): error TS2307: Cannot find module '../../../../types' or its corresponding type declarations.
src/features/matters/components/list/case-form/CaseTypeToggle.tsx(21,20): error TS2307: Cannot find module '@/utils/cn' or its corresponding type declarations.
src/features/matters/components/list/case-form/JurisdictionSelector.tsx(22,26): error TS2307: Cannot find module '../../../../context/ThemeContext' or its corresponding type declarations.
src/features/matters/components/list/case-form/JurisdictionSelector.tsx(25,20): error TS2307: Cannot find module '@/utils/cn' or its corresponding type declarations.
src/features/matters/components/list/case-form/JurisdictionSelector.tsx(26,74): error TS2307: Cannot find module '../../../../data/federalHierarchy' or its corresponding type declarations.
src/features/matters/components/list/case-form/JurisdictionSelector.tsx(31,36): error TS2307: Cannot find module '../../../../types' or its corresponding type declarations.
src/features/matters/components/list/case-form/JurisdictionSelector.tsx(50,95): error TS18046: 's' is of type 'unknown'.
src/features/matters/components/list/case-form/JurisdictionSelector.tsx(50,115): error TS2339: Property 'name' does not exist on type '{}'.
src/features/matters/components/list/case-form/JurisdictionSelector.tsx(69,32): error TS7006: Parameter 'c' implicitly has an 'any' type.
src/features/matters/components/list/case-form/JurisdictionSelector.tsx(70,55): error TS18046: 's' is of type 'unknown'.
src/features/matters/components/list/case-form/JurisdictionSelector.tsx(75,42): error TS7006: Parameter 'c' implicitly has an 'any' type.
src/features/matters/components/list/case-form/JurisdictionSelector.tsx(79,72): error TS7006: Parameter 'l' implicitly has an 'any' type.
src/features/matters/components/list/case-form/JurisdictionSelector.tsx(88,73): error TS7006: Parameter 'l' implicitly has an 'any' type.
src/features/matters/components/list/CaseList.tsx(22,34): error TS2307: Cannot find module '../../layout/TabbedPageLayout' or its corresponding type declarations.
src/features/matters/components/list/CaseList.tsx(23,28): error TS2307: Cannot find module '../../common/LazyLoader' or its corresponding type declarations.
src/features/matters/components/list/CaseList.tsx(24,24): error TS2307: Cannot find module '../../common/Button' or its corresponding type declarations.
src/features/matters/components/list/CaseList.tsx(37,29): error TS2307: Cannot find module '@/hooks/useCaseList' or its corresponding type declarations.
src/features/matters/components/list/CaseList.tsx(38,35): error TS2307: Cannot find module '@/hooks/useSessionStorage' or its corresponding type declarations.
src/features/matters/components/list/CaseList.tsx(41,20): error TS2307: Cannot find module '@/utils/cn' or its corresponding type declarations.
src/features/matters/components/list/CaseList.tsx(42,38): error TS2307: Cannot find module '../../../config/tabs.config' or its corresponding type declarations.
src/features/matters/components/list/CaseList.tsx(47,31): error TS2307: Cannot find module '../../../types' or its corresponding type declarations.
src/features/matters/components/list/CaseListActive.tsx(21,29): error TS2307: Cannot find module '../../common/VirtualList' or its corresponding type declarations.
src/features/matters/components/list/CaseListActive.tsx(22,31): error TS2307: Cannot find module '../../common/SwipeableItem' or its corresponding type declarations.
src/features/matters/components/list/CaseListActive.tsx(23,24): error TS2307: Cannot find module '../../common/Button' or its corresponding type declarations.
src/features/matters/components/list/CaseListActive.tsx(24,29): error TS2307: Cannot find module '../../common/FilterPanel' or its corresponding type declarations.
src/features/matters/components/list/CaseListActive.tsx(25,36): error TS2307: Cannot find module '../../common/Inputs' or its corresponding type declarations.
src/features/matters/components/list/CaseListActive.tsx(26,23): error TS2307: Cannot find module '../../common/Badge' or its corresponding type declarations.
src/features/matters/components/list/CaseListActive.tsx(27,26): error TS2307: Cannot find module '../../common/Primitives' or its corresponding type declarations.
src/features/matters/components/list/CaseListActive.tsx(29,31): error TS2307: Cannot find module '../../common/ConfirmDialog' or its corresponding type declarations.
src/features/matters/components/list/CaseListActive.tsx(32,25): error TS2307: Cannot find module '@/hooks/useSort' or its corresponding type declarations.
src/features/matters/components/list/CaseListActive.tsx(33,26): error TS2307: Cannot find module '../../../context/ThemeContext' or its corresponding type declarations.
src/features/matters/components/list/CaseListActive.tsx(34,27): error TS2307: Cannot find module '@/hooks/useNotify' or its corresponding type declarations.
src/features/matters/components/list/CaseListActive.tsx(35,27): error TS2307: Cannot find module '@/hooks/useToggle' or its corresponding type declarations.
src/features/matters/components/list/CaseListActive.tsx(36,35): error TS2307: Cannot find module '@/hooks/useCaseList' or its corresponding type declarations.
src/features/matters/components/list/CaseListActive.tsx(37,42): error TS2307: Cannot find module '@/hooks/useQueryHooks' or its corresponding type declarations.
src/features/matters/components/list/CaseListActive.tsx(38,31): error TS2307: Cannot find module '@/hooks/useModalState' or its corresponding type declarations.
src/features/matters/components/list/CaseListActive.tsx(41,29): error TS2307: Cannot find module '@/services/data/dataService' or its corresponding type declarations.
src/features/matters/components/list/CaseListActive.tsx(42,20): error TS2307: Cannot find module '@/utils/cn' or its corresponding type declarations.
src/features/matters/components/list/CaseListActive.tsx(48,34): error TS2307: Cannot find module '../../../types' or its corresponding type declarations.
src/features/matters/components/list/CaseListActive.tsx(114,23): error TS7006: Parameter '_' implicitly has an 'any' type.
src/features/matters/components/list/CaseListActive.tsx(114,26): error TS7006: Parameter 'id' implicitly has an 'any' type.
src/features/matters/components/list/CaseListActive.tsx(116,54): error TS2339: Property 'all' does not exist on type 'string | string[]'.
  Property 'all' does not exist on type 'string'.
src/features/matters/components/list/CaseListActive.tsx(124,23): error TS7006: Parameter '_' implicitly has an 'any' type.
src/features/matters/components/list/CaseListActive.tsx(124,26): error TS7006: Parameter 'id' implicitly has an 'any' type.
src/features/matters/components/list/CaseListActive.tsx(212,63): error TS2322: Type 'unknown' is not assignable to type 'Key | null | undefined'.
src/features/matters/components/list/CaseListActive.tsx(212,71): error TS2322: Type 'unknown' is not assignable to type 'string | number | readonly string[] | undefined'.
src/features/matters/components/list/CaseListActive.tsx(212,81): error TS2322: Type 'unknown' is not assignable to type 'ReactNode'.
src/features/matters/components/list/CaseListArchived.tsx(21,88): error TS2307: Cannot find module '../../common/Table' or its corresponding type declarations.
src/features/matters/components/list/CaseListArchived.tsx(22,23): error TS2307: Cannot find module '../../common/Badge' or its corresponding type declarations.
src/features/matters/components/list/CaseListArchived.tsx(23,24): error TS2307: Cannot find module '../../common/Button' or its corresponding type declarations.
src/features/matters/components/list/CaseListArchived.tsx(24,31): error TS2307: Cannot find module '../../common/ConfirmDialog' or its corresponding type declarations.
src/features/matters/components/list/CaseListArchived.tsx(25,32): error TS2307: Cannot find module '../../common/AdaptiveLoader' or its corresponding type declarations.
src/features/matters/components/list/CaseListArchived.tsx(28,26): error TS2307: Cannot find module '../../../context/ThemeContext' or its corresponding type declarations.
src/features/matters/components/list/CaseListArchived.tsx(29,26): error TS2307: Cannot find module '@/hooks/useQueryHooks' or its corresponding type declarations.
src/features/matters/components/list/CaseListArchived.tsx(30,31): error TS2307: Cannot find module '@/hooks/useModalState' or its corresponding type declarations.
src/features/matters/components/list/CaseListArchived.tsx(33,29): error TS2307: Cannot find module '@/services/data/dataService' or its corresponding type declarations.
src/features/matters/components/list/CaseListArchived.tsx(34,20): error TS2307: Cannot find module '@/utils/cn' or its corresponding type declarations.
src/features/matters/components/list/CaseListArchived.tsx(39,22): error TS2307: Cannot find module '../../../types' or its corresponding type declarations.
src/features/matters/components/list/CaseListClosing.tsx(21,24): error TS2307: Cannot find module '../../common/Button' or its corresponding type declarations.
src/features/matters/components/list/CaseListClosing.tsx(24,26): error TS2307: Cannot find module '../../../context/ThemeContext' or its corresponding type declarations.
src/features/matters/components/list/CaseListClosing.tsx(25,27): error TS2307: Cannot find module '@/hooks/useNotify' or its corresponding type declarations.
src/features/matters/components/list/CaseListClosing.tsx(28,31): error TS2307: Cannot find module '@/services/features/research/geminiService' or its corresponding type declarations.
src/features/matters/components/list/CaseListClosing.tsx(29,20): error TS2307: Cannot find module '@/utils/cn' or its corresponding type declarations.
src/features/matters/components/list/CaseListClosing.tsx(30,30): error TS2307: Cannot find module '@/utils/sanitize' or its corresponding type declarations.
src/features/matters/components/list/CaseListConflicts.tsx(21,24): error TS2307: Cannot find module '../../common/Button' or its corresponding type declarations.
src/features/matters/components/list/CaseListConflicts.tsx(24,26): error TS2307: Cannot find module '../../../context/ThemeContext' or its corresponding type declarations.
src/features/matters/components/list/CaseListConflicts.tsx(25,26): error TS2307: Cannot find module '@/hooks/useQueryHooks' or its corresponding type declarations.
src/features/matters/components/list/CaseListConflicts.tsx(28,29): error TS2307: Cannot find module '@/services/data/dataService' or its corresponding type declarations.
src/features/matters/components/list/CaseListConflicts.tsx(29,20): error TS2307: Cannot find module '@/utils/cn' or its corresponding type declarations.
src/features/matters/components/list/CaseListConflicts.tsx(35,37): error TS2307: Cannot find module '../../../types' or its corresponding type declarations.
src/features/matters/components/list/CaseListConflicts.tsx(104,34): error TS7006: Parameter 'conflict' implicitly has an 'any' type.
src/features/matters/components/list/CaseListDocket.tsx(21,24): error TS2307: Cannot find module '../../common/Button' or its corresponding type declarations.
src/features/matters/components/list/CaseListDocket.tsx(22,88): error TS2307: Cannot find module '../../common/Table' or its corresponding type declarations.
src/features/matters/components/list/CaseListDocket.tsx(23,23): error TS2307: Cannot find module '../../common/Badge' or its corresponding type declarations.
src/features/matters/components/list/CaseListDocket.tsx(24,29): error TS2307: Cannot find module '../../common/VirtualList' or its corresponding type declarations.
src/features/matters/components/list/CaseListDocket.tsx(25,28): error TS2307: Cannot find module '../../common/LazyLoader' or its corresponding type declarations.
src/features/matters/components/list/CaseListDocket.tsx(28,26): error TS2307: Cannot find module '../../../context/ThemeContext' or its corresponding type declarations.
src/features/matters/components/list/CaseListDocket.tsx(29,26): error TS2307: Cannot find module '@/hooks/useQueryHooks' or its corresponding type declarations.
src/features/matters/components/list/CaseListDocket.tsx(32,29): error TS2307: Cannot find module '@/services/data/dataService' or its corresponding type declarations.
src/features/matters/components/list/CaseListDocket.tsx(33,20): error TS2307: Cannot find module '@/utils/cn' or its corresponding type declarations.
src/features/matters/components/list/CaseListDocket.tsx(35,27): error TS2307: Cannot find module '@/utils/queryKeys' or its corresponding type declarations.
src/features/matters/components/list/CaseListDocket.tsx(40,22): error TS2307: Cannot find module '../../../types' or its corresponding type declarations.
src/features/matters/components/list/CaseListExperts.tsx(21,23): error TS2307: Cannot find module '../../common/Badge' or its corresponding type declarations.
src/features/matters/components/list/CaseListExperts.tsx(22,24): error TS2307: Cannot find module '../../common/Button' or its corresponding type declarations.
src/features/matters/components/list/CaseListExperts.tsx(25,26): error TS2307: Cannot find module '../../../context/ThemeContext' or its corresponding type declarations.
src/features/matters/components/list/CaseListExperts.tsx(26,26): error TS2307: Cannot find module '@/hooks/useQueryHooks' or its corresponding type declarations.
src/features/matters/components/list/CaseListExperts.tsx(29,29): error TS2307: Cannot find module '@/services/data/dataService' or its corresponding type declarations.
src/features/matters/components/list/CaseListExperts.tsx(30,20): error TS2307: Cannot find module '@/utils/cn' or its corresponding type declarations.
src/features/matters/components/list/CaseListExperts.tsx(56,20): error TS7006: Parameter 'exp' implicitly has an 'any' type.
src/features/matters/components/list/CaseListIntake.tsx(21,55): error TS2307: Cannot find module '../../common/Kanban' or its corresponding type declarations.
src/features/matters/components/list/CaseListIntake.tsx(22,23): error TS2307: Cannot find module '../../common/Modal' or its corresponding type declarations.
src/features/matters/components/list/CaseListIntake.tsx(23,33): error TS2307: Cannot find module '../../common/Inputs' or its corresponding type declarations.
src/features/matters/components/list/CaseListIntake.tsx(24,24): error TS2307: Cannot find module '../../common/Button' or its corresponding type declarations.
src/features/matters/components/list/CaseListIntake.tsx(25,32): error TS2307: Cannot find module '../../common/AdaptiveLoader' or its corresponding type declarations.
src/features/matters/components/list/CaseListIntake.tsx(28,26): error TS2307: Cannot find module '../../../context/ThemeContext' or its corresponding type declarations.
src/features/matters/components/list/CaseListIntake.tsx(29,52): error TS2307: Cannot find module '@/hooks/useQueryHooks' or its corresponding type declarations.
src/features/matters/components/list/CaseListIntake.tsx(30,27): error TS2307: Cannot find module '@/hooks/useNotify' or its corresponding type declarations.
src/features/matters/components/list/CaseListIntake.tsx(31,31): error TS2307: Cannot find module '../../../hooks' or its corresponding type declarations.
src/features/matters/components/list/CaseListIntake.tsx(34,29): error TS2307: Cannot find module '@/services/data/dataService' or its corresponding type declarations.
src/features/matters/components/list/CaseListIntake.tsx(35,20): error TS2307: Cannot find module '@/utils/cn' or its corresponding type declarations.
src/features/matters/components/list/CaseListIntake.tsx(59,39): error TS7006: Parameter 'l' implicitly has an 'any' type.
src/features/matters/components/list/CaseListIntake.tsx(63,23): error TS7006: Parameter 'updatedData' implicitly has an 'any' type.
src/features/matters/components/list/CaseListIntake.tsx(87,23): error TS7006: Parameter 'newLead' implicitly has an 'any' type.
src/features/matters/components/list/CaseListIntake.tsx(186,33): error TS7006: Parameter 'e' implicitly has an 'any' type.
src/features/matters/components/list/CaseListMisc.tsx(20,26): error TS2307: Cannot find module '../../../context/ThemeContext' or its corresponding type declarations.
src/features/matters/components/list/CaseListMisc.tsx(21,27): error TS2307: Cannot find module '@/hooks/useNotify' or its corresponding type declarations.
src/features/matters/components/list/CaseListMisc.tsx(22,52): error TS2307: Cannot find module '@/hooks/useQueryHooks' or its corresponding type declarations.
src/features/matters/components/list/CaseListMisc.tsx(25,24): error TS2307: Cannot find module '../../common/Button' or its corresponding type declarations.
src/features/matters/components/list/CaseListMisc.tsx(26,22): error TS2307: Cannot find module '../../common/Card' or its corresponding type declarations.
src/features/matters/components/list/CaseListMisc.tsx(27,22): error TS2307: Cannot find module '../../common/Tabs' or its corresponding type declarations.
src/features/matters/components/list/CaseListMisc.tsx(28,28): error TS2307: Cannot find module '../../common/Primitives' or its corresponding type declarations.
src/features/matters/components/list/CaseListMisc.tsx(31,29): error TS2307: Cannot find module '@/services/data/dataService' or its corresponding type declarations.
src/features/matters/components/list/CaseListMisc.tsx(33,20): error TS2307: Cannot find module '@/utils/cn' or its corresponding type declarations.
src/features/matters/components/list/CaseListMisc.tsx(36,22): error TS2307: Cannot find module '../../../types' or its corresponding type declarations.
src/features/matters/components/list/CaseListMisc.tsx(68,47): error TS7006: Parameter 'c' implicitly has an 'any' type.
src/features/matters/components/list/CaseListMisc.tsx(82,49): error TS7006: Parameter 'c' implicitly has an 'any' type.
src/features/matters/components/list/CaseListMisc.tsx(157,63): error TS7006: Parameter 'c' implicitly has an 'any' type.
src/features/matters/components/list/CaseListMisc.tsx(185,65): error TS7006: Parameter 'c' implicitly has an 'any' type.
src/features/matters/components/list/CaseListReporters.tsx(21,24): error TS2307: Cannot find module '../../common/Button' or its corresponding type declarations.
src/features/matters/components/list/CaseListReporters.tsx(24,26): error TS2307: Cannot find module '../../../context/ThemeContext' or its corresponding type declarations.
src/features/matters/components/list/CaseListReporters.tsx(25,26): error TS2307: Cannot find module '@/hooks/useQueryHooks' or its corresponding type declarations.
src/features/matters/components/list/CaseListReporters.tsx(28,29): error TS2307: Cannot find module '@/services/data/dataService' or its corresponding type declarations.
src/features/matters/components/list/CaseListReporters.tsx(29,20): error TS2307: Cannot find module '@/utils/cn' or its corresponding type declarations.
src/features/matters/components/list/CaseListResources.tsx(21,28): error TS2307: Cannot find module '../../common/UserAvatar' or its corresponding type declarations.
src/features/matters/components/list/CaseListResources.tsx(22,29): error TS2307: Cannot find module '../../common/ProgressBar' or its corresponding type declarations.
src/features/matters/components/list/CaseListResources.tsx(25,26): error TS2307: Cannot find module '../../../context/ThemeContext' or its corresponding type declarations.
src/features/matters/components/list/CaseListResources.tsx(26,26): error TS2307: Cannot find module '@/hooks/useQueryHooks' or its corresponding type declarations.
src/features/matters/components/list/CaseListResources.tsx(29,29): error TS2307: Cannot find module '@/services/data/dataService' or its corresponding type declarations.
src/features/matters/components/list/CaseListResources.tsx(30,20): error TS2307: Cannot find module '@/utils/cn' or its corresponding type declarations.
src/features/matters/components/list/CaseListTasks.tsx(21,23): error TS2307: Cannot find module '../../common/Badge' or its corresponding type declarations.
src/features/matters/components/list/CaseListTasks.tsx(22,35): error TS2307: Cannot find module '../../common/TaskCreationModal' or its corresponding type declarations.
src/features/matters/components/list/CaseListTasks.tsx(23,29): error TS2307: Cannot find module '../../common/VirtualList' or its corresponding type declarations.
src/features/matters/components/list/CaseListTasks.tsx(24,28): error TS2307: Cannot find module '../../common/LazyLoader' or its corresponding type declarations.
src/features/matters/components/list/CaseListTasks.tsx(27,26): error TS2307: Cannot find module '../../../context/ThemeContext' or its corresponding type declarations.
src/features/matters/components/list/CaseListTasks.tsx(28,52): error TS2307: Cannot find module '@/hooks/useQueryHooks' or its corresponding type declarations.
src/features/matters/components/list/CaseListTasks.tsx(29,31): error TS2307: Cannot find module '../../../hooks' or its corresponding type declarations.
src/features/matters/components/list/CaseListTasks.tsx(32,29): error TS2307: Cannot find module '@/services/data/dataService' or its corresponding type declarations.
src/features/matters/components/list/CaseListTasks.tsx(33,20): error TS2307: Cannot find module '@/utils/cn' or its corresponding type declarations.
src/features/matters/components/list/CaseListTasks.tsx(35,27): error TS2307: Cannot find module '@/utils/queryKeys' or its corresponding type declarations.
src/features/matters/components/list/CaseListTasks.tsx(40,55): error TS2307: Cannot find module '../../../types' or its corresponding type declarations.
src/features/matters/components/list/CaseListToolbar.tsx(20,26): error TS2307: Cannot find module '../../../context/ThemeContext' or its corresponding type declarations.
src/features/matters/components/list/CaseListToolbar.tsx(21,27): error TS2307: Cannot find module '@/hooks/useNotify' or its corresponding type declarations.
src/features/matters/components/list/CaseListToolbar.tsx(22,33): error TS2307: Cannot find module '@/hooks/useClickOutside' or its corresponding type declarations.
src/features/matters/components/list/CaseListToolbar.tsx(23,29): error TS2307: Cannot find module '@/hooks/useQueryHooks' or its corresponding type declarations.
src/features/matters/components/list/CaseListToolbar.tsx(24,27): error TS2307: Cannot find module '@/utils/queryKeys' or its corresponding type declarations.
src/features/matters/components/list/CaseListToolbar.tsx(27,24): error TS2307: Cannot find module '../../common/Button' or its corresponding type declarations.
src/features/matters/components/list/CaseListToolbar.tsx(30,20): error TS2307: Cannot find module '@/utils/cn' or its corresponding type declarations.
src/features/matters/components/list/CaseListToolbar.tsx(33,28): error TS2307: Cannot find module '../../../types' or its corresponding type declarations.
src/features/matters/components/list/CaseListToolbar.tsx(212,59): error TS2322: Type 'unknown' is not assignable to type 'Key | null | undefined'.
src/features/matters/components/list/CaseListToolbar.tsx(212,67): error TS2322: Type 'unknown' is not assignable to type 'string | number | readonly string[] | undefined'.
src/features/matters/components/list/CaseListToolbar.tsx(212,77): error TS2322: Type 'unknown' is not assignable to type 'ReactNode'.
src/features/matters/components/list/CaseListTrust.tsx(21,88): error TS2307: Cannot find module '../../common/Table' or its corresponding type declarations.
src/features/matters/components/list/CaseListTrust.tsx(24,26): error TS2307: Cannot find module '../../../context/ThemeContext' or its corresponding type declarations.
src/features/matters/components/list/CaseListTrust.tsx(25,26): error TS2307: Cannot find module '@/hooks/useQueryHooks' or its corresponding type declarations.
src/features/matters/components/list/CaseListTrust.tsx(28,29): error TS2307: Cannot find module '@/services/data/dataService' or its corresponding type declarations.
src/features/matters/components/list/CaseListTrust.tsx(29,20): error TS2307: Cannot find module '@/utils/cn' or its corresponding type declarations.
src/features/matters/components/list/CaseListTrust.tsx(63,28): error TS7006: Parameter 'row' implicitly has an 'any' type.
src/features/matters/components/list/CaseRow.tsx(21,29): error TS2307: Cannot find module '../../common/StatusBadge' or its corresponding type declarations.
src/features/matters/components/list/CaseRow.tsx(22,26): error TS2307: Cannot find module '../../common/Primitives' or its corresponding type declarations.
src/features/matters/components/list/CaseRow.tsx(25,26): error TS2307: Cannot find module '../../../context/ThemeContext' or its corresponding type declarations.
src/features/matters/components/list/CaseRow.tsx(28,20): error TS2307: Cannot find module '@/utils/cn' or its corresponding type declarations.
src/features/matters/components/list/CaseRow.tsx(33,22): error TS2307: Cannot find module '../../../types' or its corresponding type declarations.
src/features/matters/components/list/FederalLitigationCaseForm.tsx(21,36): error TS2307: Cannot find module '../../common/AutocompleteSelect' or its corresponding type declarations.
src/features/matters/components/list/FederalLitigationCaseForm.tsx(22,34): error TS2307: Cannot find module '../../../types' or its corresponding type declarations.
src/features/matters/components/list/FederalLitigationCaseForm.tsx(23,21): error TS2307: Cannot find module '@/services/api' or its corresponding type declarations.
src/features/matters/components/list/FederalLitigationCaseForm.tsx(24,29): error TS2307: Cannot find module '@/hooks/useAutoSave' or its corresponding type declarations.
src/features/matters/components/list/FederalLitigationCaseForm.tsx(204,42): error TS7006: Parameter 'p' implicitly has an 'any' type.
src/features/matters/components/list/FederalLitigationCaseForm.tsx(343,20): error TS7006: Parameter 'data' implicitly has an 'any' type.
src/features/matters/components/list/FederalLitigationCaseForm.tsx(490,24): error TS7006: Parameter 'value' implicitly has an 'any' type.
src/features/matters/components/list/FederalLitigationCaseForm.tsx(504,24): error TS7006: Parameter 'court' implicitly has an 'any' type.
src/features/matters/components/list/FederalLitigationCaseForm.tsx(505,24): error TS7006: Parameter 'court' implicitly has an 'any' type.
src/features/matters/components/list/FederalLitigationCaseForm.tsx(511,24): error TS7006: Parameter 'value' implicitly has an 'any' type.
src/features/matters/components/list/FederalLitigationCaseForm.tsx(524,24): error TS7006: Parameter 'j' implicitly has an 'any' type.
src/features/matters/components/list/FederalLitigationCaseForm.tsx(525,24): error TS7006: Parameter 'j' implicitly has an 'any' type.
src/features/matters/components/list/FederalLitigationCaseForm.tsx(680,22): error TS7006: Parameter '_value' implicitly has an 'any' type.
src/features/matters/components/list/FederalLitigationCaseForm.tsx(680,30): error TS7006: Parameter 'party' implicitly has an 'any' type.
src/features/matters/components/list/FederalLitigationCaseForm.tsx(688,28): error TS7006: Parameter 'data' implicitly has an 'any' type.
src/features/matters/components/list/FederalLitigationCaseForm.tsx(697,22): error TS7006: Parameter 'party' implicitly has an 'any' type.
src/features/matters/components/list/FederalLitigationCaseForm.tsx(701,22): error TS7006: Parameter 'party' implicitly has an 'any' type.
src/features/matters/components/list/FederalLitigationCaseForm.tsx(703,26): error TS7006: Parameter 'party' implicitly has an 'any' type.
src/features/matters/components/list/FederalLitigationCaseForm.tsx(703,33): error TS7006: Parameter 'isHighlighted' implicitly has an 'any' type.
src/features/matters/components/list/FederalLitigationCaseForm.tsx(703,48): error TS7006: Parameter '_isSelected' implicitly has an 'any' type.
src/features/matters/components/list/matter-form/BasicInfoSection.tsx(4,72): error TS2307: Cannot find module '../../../../types' or its corresponding type declarations.
src/features/matters/components/list/matter-form/MatterForm.tsx(3,37): error TS2307: Cannot find module '../../../../types' or its corresponding type declarations.
src/features/matters/components/list/matter-form/MatterForm.tsx(4,72): error TS2307: Cannot find module '../../../../types' or its corresponding type declarations.
src/features/matters/components/list/matter-form/types.ts(1,71): error TS2307: Cannot find module '../../../types' or its corresponding type declarations.
src/features/matters/components/list/MatterAnalyticsView.tsx(9,29): error TS2307: Cannot find module '@/services/data/dataService' or its corresponding type declarations.
src/features/matters/components/list/MatterAnalyticsView.tsx(10,26): error TS2307: Cannot find module '@/hooks/useQueryHooks' or its corresponding type declarations.
src/features/matters/components/list/MatterAnalyticsView.tsx(11,27): error TS2307: Cannot find module '@/utils/queryKeys' or its corresponding type declarations.
src/features/matters/components/list/MatterAnalyticsView.tsx(12,24): error TS2307: Cannot find module '../../../types' or its corresponding type declarations.
src/features/matters/components/list/MatterAnalyticsView.tsx(28,21): error TS7006: Parameter 'matter' implicitly has an 'any' type.
src/features/matters/components/list/MatterAnalyticsView.tsx(50,38): error TS7006: Parameter 'sum' implicitly has an 'any' type.
src/features/matters/components/list/MatterAnalyticsView.tsx(50,43): error TS7006: Parameter 'm' implicitly has an 'any' type.
src/features/matters/components/list/MatterAnalyticsView.tsx(104,40): error TS7006: Parameter 'm' implicitly has an 'any' type.
src/features/matters/components/list/MatterDetail.tsx(2,29): error TS2307: Cannot find module '@/services/data/dataService' or its corresponding type declarations.
src/features/matters/components/list/MatterDetail.tsx(3,39): error TS2307: Cannot find module '@/hooks/useQueryHooks' or its corresponding type declarations.
src/features/matters/components/list/MatterDetail.tsx(4,27): error TS2307: Cannot find module '@/utils/queryKeys' or its corresponding type declarations.
src/features/matters/components/list/MatterDetail.tsx(5,29): error TS2307: Cannot find module '@/services/infrastructure/queryClient' or its corresponding type declarations.
src/features/matters/components/list/MatterDetail.tsx(6,54): error TS2307: Cannot find module '../../../types' or its corresponding type declarations.
src/features/matters/components/list/MatterDetail.tsx(7,31): error TS2307: Cannot find module '../../common/ConfirmDialog' or its corresponding type declarations.
src/features/matters/components/list/MatterDetail.tsx(8,31): error TS2307: Cannot find module '@/hooks/useModalState' or its corresponding type declarations.
src/features/matters/components/list/MatterDetail.tsx(24,23): error TS2307: Cannot find module '../../../config/paths.config' or its corresponding type declarations.
src/features/matters/components/list/MatterDetail.tsx(391,34): error TS7006: Parameter 'tag' implicitly has an 'any' type.
src/features/matters/components/list/MatterForm.old.tsx(10,8): error TS2307: Cannot find module '../../../types' or its corresponding type declarations.
src/features/matters/components/list/MatterForm.old.tsx(108,17): error TS7006: Parameter 'prev' implicitly has an 'any' type.
src/features/matters/components/list/MatterForm.old.tsx(109,16): error TS2538: Type 'symbol' cannot be used as an index type.
src/features/matters/components/list/MatterForm.old.tsx(122,48): error TS7006: Parameter 't' implicitly has an 'any' type.
src/features/matters/components/list/MatterForm.old.tsx(237,25): error TS2322: Type 'unknown' is not assignable to type 'Key | null | undefined'.
src/features/matters/components/list/MatterForm.old.tsx(237,38): error TS2322: Type 'unknown' is not assignable to type 'string | number | readonly string[] | undefined'.
src/features/matters/components/list/MatterForm.old.tsx(237,54): error TS18046: 'status' is of type 'unknown'.
src/features/matters/components/list/MatterForm.old.tsx(252,25): error TS2322: Type 'unknown' is not assignable to type 'Key | null | undefined'.
src/features/matters/components/list/MatterForm.old.tsx(252,40): error TS2322: Type 'unknown' is not assignable to type 'string | number | readonly string[] | undefined'.
src/features/matters/components/list/MatterForm.old.tsx(252,57): error TS2322: Type 'unknown' is not assignable to type 'ReactNode'.
src/features/matters/components/list/MatterForm.old.tsx(269,25): error TS2322: Type 'unknown' is not assignable to type 'Key | null | undefined'.
src/features/matters/components/list/MatterForm.old.tsx(269,36): error TS2322: Type 'unknown' is not assignable to type 'string | number | readonly string[] | undefined'.
src/features/matters/components/list/MatterForm.old.tsx(269,50): error TS18046: 'area' is of type 'unknown'.
src/features/matters/components/list/MatterForm.old.tsx(635,33): error TS7006: Parameter 'tag' implicitly has an 'any' type.
src/features/matters/components/list/MatterListView.tsx(9,29): error TS2307: Cannot find module '@/services/data/dataService' or its corresponding type declarations.
src/features/matters/components/list/MatterListView.tsx(10,26): error TS2307: Cannot find module '@/hooks/useQueryHooks' or its corresponding type declarations.
src/features/matters/components/list/MatterListView.tsx(11,27): error TS2307: Cannot find module '@/utils/queryKeys' or its corresponding type declarations.
src/features/matters/components/list/MatterListView.tsx(12,80): error TS2307: Cannot find module '../../../types' or its corresponding type declarations.
src/features/matters/components/list/MatterListView.tsx(29,23): error TS2307: Cannot find module '../../../config/paths.config' or its corresponding type declarations.
src/features/matters/components/list/MatterListView.tsx(30,20): error TS2307: Cannot find module '@/utils/cn' or its corresponding type declarations.
src/features/matters/components/list/MatterListView.tsx(155,28): error TS7006: Parameter 'm' implicitly has an 'any' type.
src/features/matters/components/list/MatterListView.tsx(156,28): error TS7006: Parameter 'm' implicitly has an 'any' type.
src/features/matters/components/list/MatterListView.tsx(157,28): error TS7006: Parameter 'm' implicitly has an 'any' type.
src/features/matters/components/list/MatterListView.tsx(158,33): error TS7006: Parameter 'sum' implicitly has an 'any' type.
src/features/matters/components/list/MatterListView.tsx(158,38): error TS7006: Parameter 'm' implicitly has an 'any' type.
src/features/matters/components/list/MatterListView.tsx(281,27): error TS2322: Type 'unknown' is not assignable to type 'Key | null | undefined'.
src/features/matters/components/list/MatterListView.tsx(281,40): error TS2322: Type 'unknown' is not assignable to type 'string | number | readonly string[] | undefined'.
src/features/matters/components/list/MatterListView.tsx(281,56): error TS18046: 'status' is of type 'unknown'.
src/features/matters/components/list/MatterListView.tsx(298,27): error TS2322: Type 'unknown' is not assignable to type 'Key | null | undefined'.
src/features/matters/components/list/MatterListView.tsx(298,42): error TS2322: Type 'unknown' is not assignable to type 'string | number | readonly string[] | undefined'.
src/features/matters/components/list/MatterListView.tsx(298,59): error TS2322: Type 'unknown' is not assignable to type 'ReactNode'.
src/features/matters/components/list/MatterListView.tsx(315,27): error TS2322: Type 'unknown' is not assignable to type 'Key | null | undefined'.
src/features/matters/components/list/MatterListView.tsx(315,38): error TS2322: Type 'unknown' is not assignable to type 'string | number | readonly string[] | undefined'.
src/features/matters/components/list/MatterListView.tsx(315,52): error TS18046: 'type' is of type 'unknown'.
src/features/matters/components/list/MatterListView.tsx(332,27): error TS2322: Type 'unknown' is not assignable to type 'Key | null | undefined'.
src/features/matters/components/list/MatterListView.tsx(332,38): error TS2322: Type 'unknown' is not assignable to type 'string | number | readonly string[] | undefined'.
src/features/matters/components/list/MatterListView.tsx(332,52): error TS18046: 'area' is of type 'unknown'.
src/features/matters/components/list/MatterListView.tsx(416,42): error TS7006: Parameter 'tag' implicitly has an 'any' type.
src/features/matters/components/list/MatterManagement.tsx(16,35): error TS2307: Cannot find module '@/hooks/useSessionStorage' or its corresponding type declarations.
src/features/matters/components/list/MatterManagement.tsx(17,26): error TS2307: Cannot find module '../../../context/ThemeContext' or its corresponding type declarations.
src/features/matters/components/list/MatterManagement.tsx(18,26): error TS2307: Cannot find module '@/hooks/useQueryHooks' or its corresponding type declarations.
src/features/matters/components/list/MatterManagement.tsx(19,21): error TS2307: Cannot find module '@/services/api' or its corresponding type declarations.
src/features/matters/components/list/MatterManagement.tsx(20,28): error TS2307: Cannot find module '../../common/PageHeader' or its corresponding type declarations.
src/features/matters/components/list/MatterManagement.tsx(21,24): error TS2307: Cannot find module '../../common/Button' or its corresponding type declarations.
src/features/matters/components/list/MatterManagement.tsx(22,28): error TS2307: Cannot find module '../../common/LazyLoader' or its corresponding type declarations.
src/features/matters/components/list/MatterManagement.tsx(24,20): error TS2307: Cannot find module '@/utils/cn' or its corresponding type declarations.
src/features/matters/components/list/MatterManagement.tsx(25,28): error TS2307: Cannot find module '../../../config/tabs.config' or its corresponding type declarations.
src/features/matters/components/list/MatterManagement.tsx(90,43): error TS7006: Parameter 'm' implicitly has an 'any' type.
src/features/matters/components/list/MatterManagement.tsx(91,44): error TS7006: Parameter 'm' implicitly has an 'any' type.
src/features/matters/components/list/MatterManagement.tsx(92,47): error TS7006: Parameter 'm' implicitly has an 'any' type.
src/features/matters/components/list/MatterManagement.tsx(98,44): error TS7006: Parameter 'sum' implicitly has an 'any' type.
src/features/matters/components/list/MatterManagement.tsx(98,49): error TS7006: Parameter 'inv' implicitly has an 'any' type.
src/features/matters/components/list/MatterManagementLegacy.tsx(9,29): error TS2307: Cannot find module '@/services/data/dataService' or its corresponding type declarations.
src/features/matters/components/list/MatterManagementLegacy.tsx(10,26): error TS2307: Cannot find module '@/hooks/useQueryHooks' or its corresponding type declarations.
src/features/matters/components/list/MatterManagementLegacy.tsx(11,27): error TS2307: Cannot find module '@/utils/queryKeys' or its corresponding type declarations.
src/features/matters/components/list/MatterManagementLegacy.tsx(12,54): error TS2307: Cannot find module '../../../types' or its corresponding type declarations.
src/features/matters/components/list/MatterManagementLegacy.tsx(13,23): error TS2307: Cannot find module '../../../config/paths.config' or its corresponding type declarations.
src/features/matters/components/list/MatterManagementLegacy.tsx(299,51): error TS7006: Parameter 'tag' implicitly has an 'any' type.
src/features/matters/components/list/MatterManagementLegacy.tsx(299,56): error TS7006: Parameter 'idx' implicitly has an 'any' type.
src/features/matters/components/list/MatterManagerContent.tsx(8,28): error TS2307: Cannot find module '../../../config/tabs.config' or its corresponding type declarations.
src/features/matters/components/list/QuickAddPartyModal.tsx(16,68): error TS2307: Cannot find module '@/services/api/parties-api' or its corresponding type declarations.
src/features/matters/components/list/QuickAddPartyModal.tsx(17,38): error TS2307: Cannot find module '../../common/AutocompleteSelect' or its corresponding type declarations.
src/features/matters/components/list/QuickAddPartyModal.tsx(55,3): error TS2339: Property 'initialData' does not exist on type 'QuickAddPartyModalProps'.
src/features/matters/components/list/QuickAddPartyModal.tsx(56,3): error TS2339: Property 'onCreated' does not exist on type 'QuickAddPartyModalProps'.
src/features/matters/components/list/QuickAddPartyModal.tsx(57,3): error TS2339: Property 'onCancel' does not exist on type 'QuickAddPartyModalProps'.
src/features/matters/components/list/QuickAddPartyModal.tsx(58,3): error TS2339: Property 'isCreating' does not exist on type 'QuickAddPartyModalProps'.
src/features/matters/components/operations/MatterOperationsCenter.tsx(23,26): error TS2307: Cannot find module '@/hooks/useQueryHooks' or its corresponding type declarations.
src/features/matters/components/operations/MatterOperationsCenter.tsx(24,21): error TS2307: Cannot find module '@/services/api' or its corresponding type declarations.
src/features/matters/components/operations/MatterOperationsCenter.tsx(25,26): error TS2307: Cannot find module '../../../context/ThemeContext' or its corresponding type declarations.
src/features/matters/components/operations/MatterOperationsCenter.tsx(26,20): error TS2307: Cannot find module '@/utils/cn' or its corresponding type declarations.
src/features/matters/components/operations/MatterOperationsCenter.tsx(27,24): error TS2307: Cannot find module '../../common/Button' or its corresponding type declarations.
src/features/matters/components/operations/MatterOperationsCenter.tsx(28,22): error TS2307: Cannot find module '../../common/Card' or its corresponding type declarations.
src/features/matters/components/operations/MatterOperationsCenter.tsx(29,23): error TS2307: Cannot find module '../../common/Badge' or its corresponding type declarations.
src/features/matters/components/operations/MatterOperationsCenter.tsx(56,28): error TS7006: Parameter 't' implicitly has an 'any' type.
src/features/matters/components/operations/MatterOperationsCenter.tsx(57,30): error TS7006: Parameter 't' implicitly has an 'any' type.
src/features/matters/components/operations/MatterOperationsCenter.tsx(61,32): error TS7006: Parameter 't' implicitly has an 'any' type.
src/features/matters/components/operations/MatterOperationsCenter.tsx(62,31): error TS7006: Parameter 't' implicitly has an 'any' type.
src/features/matters/components/operations/MatterOperationsCenter.tsx(69,25): error TS7006: Parameter 't' implicitly has an 'any' type.
src/features/matters/components/operations/MatterOperationsCenter.tsx(171,50): error TS7006: Parameter 'task' implicitly has an 'any' type.
src/features/matters/components/operations/MatterOperationsCenter.tsx(184,48): error TS7006: Parameter 'member' implicitly has an 'any' type.
src/features/matters/components/overview/MatterOverviewDashboard.tsx(29,26): error TS2307: Cannot find module '@/hooks/useQueryHooks' or its corresponding type declarations.
src/features/matters/components/overview/MatterOverviewDashboard.tsx(30,21): error TS2307: Cannot find module '@/services/api' or its corresponding type declarations.
src/features/matters/components/overview/MatterOverviewDashboard.tsx(31,26): error TS2307: Cannot find module '../../../context/ThemeContext' or its corresponding type declarations.
src/features/matters/components/overview/MatterOverviewDashboard.tsx(32,20): error TS2307: Cannot find module '@/utils/cn' or its corresponding type declarations.
src/features/matters/components/overview/MatterOverviewDashboard.tsx(33,24): error TS2307: Cannot find module '../../common/Button' or its corresponding type declarations.
src/features/matters/components/overview/MatterOverviewDashboard.tsx(34,22): error TS2307: Cannot find module '../../common/Card' or its corresponding type declarations.
src/features/matters/components/overview/MatterOverviewDashboard.tsx(35,23): error TS2307: Cannot find module '../../common/Badge' or its corresponding type declarations.
src/features/matters/components/overview/MatterOverviewDashboard.tsx(36,28): error TS2307: Cannot find module '../../common/ErrorState' or its corresponding type declarations.
src/features/matters/components/overview/MatterOverviewDashboard.tsx(37,28): error TS2307: Cannot find module '../../common/EmptyState' or its corresponding type declarations.
src/features/matters/components/overview/MatterOverviewDashboard.tsx(38,43): error TS2307: Cannot find module '../../../types' or its corresponding type declarations.
src/features/matters/components/overview/MatterOverviewDashboard.tsx(95,47): error TS7006: Parameter 'm' implicitly has an 'any' type.
src/features/matters/components/overview/MatterOverviewDashboard.tsx(96,47): error TS7006: Parameter 'm' implicitly has an 'any' type.
src/features/matters/components/overview/MatterOverviewDashboard.tsx(99,51): error TS7006: Parameter 'm' implicitly has an 'any' type.
src/features/matters/components/overview/MatterOverviewDashboard.tsx(107,41): error TS7006: Parameter 'sum' implicitly has an 'any' type.
src/features/matters/components/overview/MatterOverviewDashboard.tsx(107,46): error TS7006: Parameter 'm' implicitly has an 'any' type.
src/features/matters/components/overview/MatterOverviewDashboard.tsx(117,38): error TS7006: Parameter 'm' implicitly has an 'any' type.
src/features/matters/components/overview/MatterOverviewDashboard.tsx(118,40): error TS7006: Parameter 'sum' implicitly has an 'any' type.
src/features/matters/components/overview/MatterOverviewDashboard.tsx(118,45): error TS7006: Parameter 'm' implicitly has an 'any' type.
src/features/matters/components/overview/MatterOverviewDashboard.tsx(131,52): error TS7006: Parameter 'm' implicitly has an 'any' type.
src/features/matters/components/overview/MatterOverviewDashboard.tsx(135,51): error TS7006: Parameter 'm' implicitly has an 'any' type.
src/features/matters/components/overview/MatterOverviewDashboard.tsx(136,44): error TS7006: Parameter 'sum' implicitly has an 'any' type.
src/features/matters/components/overview/MatterOverviewDashboard.tsx(136,49): error TS7006: Parameter 'm' implicitly has an 'any' type.
src/features/matters/components/overview/MatterOverviewDashboard.tsx(138,45): error TS7006: Parameter 'sum' implicitly has an 'any' type.
src/features/matters/components/overview/MatterOverviewDashboard.tsx(138,50): error TS7006: Parameter 'm' implicitly has an 'any' type.
src/features/matters/components/overview/MatterOverviewDashboard.tsx(165,26): error TS7006: Parameter 'user' implicitly has an 'any' type.
src/features/matters/components/overview/MatterOverviewDashboard.tsx(166,54): error TS7006: Parameter 'm' implicitly has an 'any' type.
src/features/matters/components/overview/MatterOverviewDashboard.tsx(169,54): error TS7006: Parameter 't' implicitly has an 'any' type.
src/features/matters/components/overview/MatterOverviewDashboard.tsx(170,54): error TS7006: Parameter 'sum' implicitly has an 'any' type.
src/features/matters/components/overview/MatterOverviewDashboard.tsx(170,59): error TS7006: Parameter 't' implicitly has an 'any' type.
src/features/matters/components/overview/MatterOverviewDashboard.tsx(199,26): error TS7006: Parameter 'matter' implicitly has an 'any' type.
src/features/matters/components/overview/MatterOverviewDashboard.tsx(248,21): error TS7006: Parameter 'matter' implicitly has an 'any' type.
src/features/matters/components/overview/MatterOverviewDashboard.tsx(257,27): error TS7006: Parameter 'matter' implicitly has an 'any' type.
src/features/matters/components/overview/MatterOverviewDashboard.tsx(402,43): error TS7006: Parameter 'stage' implicitly has an 'any' type.
src/features/matters/components/overview/MatterOverviewDashboard.tsx(402,50): error TS7006: Parameter 'index' implicitly has an 'any' type.
src/features/matters/components/overview/MatterOverviewDashboard.tsx(470,48): error TS7006: Parameter 'resource' implicitly has an 'any' type.
src/features/matters/components/overview/MatterOverviewDashboard.tsx(518,43): error TS7006: Parameter 'activity' implicitly has an 'any' type.
src/features/matters/components/workflow/AdvancedWorkflowDesigner.tsx(29,26): error TS2307: Cannot find module '../../../context/ThemeContext' or its corresponding type declarations.
src/features/matters/components/workflow/AdvancedWorkflowDesigner.tsx(30,20): error TS2307: Cannot find module '@/utils/cn' or its corresponding type declarations.
src/features/matters/components/workflow/AdvancedWorkflowDesigner.tsx(31,24): error TS2307: Cannot find module '../../common/Button' or its corresponding type declarations.
src/features/matters/components/workflow/AdvancedWorkflowDesigner.tsx(32,22): error TS2307: Cannot find module '../../common/Tabs' or its corresponding type declarations.
src/features/matters/components/workflow/AdvancedWorkflowDesigner.tsx(33,22): error TS2307: Cannot find module '../../common/Card' or its corresponding type declarations.
src/features/matters/components/workflow/AdvancedWorkflowDesigner.tsx(34,52): error TS2307: Cannot find module '@/hooks/useQueryHooks' or its corresponding type declarations.
src/features/matters/components/workflow/AdvancedWorkflowDesigner.tsx(35,29): error TS2307: Cannot find module '@/services/data/dataService' or its corresponding type declarations.
src/features/matters/components/workflow/AdvancedWorkflowDesigner.tsx(36,27): error TS2307: Cannot find module '@/hooks/useNotify' or its corresponding type declarations.
src/features/matters/components/workflow/AdvancedWorkflowDesigner.tsx(48,8): error TS2307: Cannot find module '../../../types' or its corresponding type declarations.
src/features/matters/components/workflow/AdvancedWorkflowDesigner.tsx(341,19): error TS7006: Parameter 'trigger' implicitly has an 'any' type.
src/features/matters/components/workflow/AdvancedWorkflowDesigner.tsx(622,31): error TS7006: Parameter 'version' implicitly has an 'any' type.
src/features/matters/components/workflow/AdvancedWorkflowDesigner.tsx(754,32): error TS7006: Parameter 'snapshot' implicitly has an 'any' type.
src/features/matters/components/workflow/AdvancedWorkflowDesigner.tsx(828,46): error TS7006: Parameter 'bottleneck' implicitly has an 'any' type.
src/features/matters/components/workflow/AdvancedWorkflowDesigner.tsx(876,58): error TS7006: Parameter 'suggestion' implicitly has an 'any' type.
src/features/matters/components/workflow/AdvancedWorkflowDesigner.tsx(930,36): error TS7006: Parameter 'suggestion' implicitly has an 'any' type.
src/features/matters/components/workflow/ApprovalWorkflow.tsx(4,24): error TS2307: Cannot find module '../../common/Button' or its corresponding type declarations.
src/features/matters/components/workflow/ApprovalWorkflow.tsx(5,22): error TS2307: Cannot find module '../../common/Card' or its corresponding type declarations.
src/features/matters/components/workflow/ApprovalWorkflow.tsx(6,26): error TS2307: Cannot find module '../../../context/ThemeContext' or its corresponding type declarations.
src/features/matters/components/workflow/ApprovalWorkflow.tsx(7,20): error TS2307: Cannot find module '@/utils/cn' or its corresponding type declarations.
src/features/matters/components/workflow/ApprovalWorkflow.tsx(8,29): error TS2307: Cannot find module '@/services/data/dataService' or its corresponding type declarations.
src/features/matters/components/workflow/ApprovalWorkflow.tsx(9,26): error TS2307: Cannot find module '@/hooks/useQueryHooks' or its corresponding type declarations.
src/features/matters/components/workflow/ApprovalWorkflow.tsx(10,27): error TS2307: Cannot find module '@/utils/queryKeys' or its corresponding type declarations.
src/features/matters/components/workflow/ApprovalWorkflow.tsx(46,22): error TS7006: Parameter 'req' implicitly has an 'any' type.
src/features/matters/components/workflow/AuditTrailViewer.tsx(4,26): error TS2307: Cannot find module '../../../context/ThemeContext' or its corresponding type declarations.
src/features/matters/components/workflow/AuditTrailViewer.tsx(5,20): error TS2307: Cannot find module '@/utils/cn' or its corresponding type declarations.
src/features/matters/components/workflow/AuditTrailViewer.tsx(6,29): error TS2307: Cannot find module '@/services/data/dataService' or its corresponding type declarations.
src/features/matters/components/workflow/AuditTrailViewer.tsx(7,31): error TS2307: Cannot find module '../../../types' or its corresponding type declarations.
src/features/matters/components/workflow/AuditTrailViewer.tsx(8,39): error TS2307: Cannot find module '@/hooks/useQueryHooks' or its corresponding type declarations.
src/features/matters/components/workflow/AuditTrailViewer.tsx(10,27): error TS2307: Cannot find module '@/utils/queryKeys' or its corresponding type declarations.
src/features/matters/components/workflow/AuditTrailViewer.tsx(11,29): error TS2307: Cannot find module '../../common/VirtualList' or its corresponding type declarations.
src/features/matters/components/workflow/AuditTrailViewer.tsx(24,61): error TS7006: Parameter 'l' implicitly has an 'any' type.
src/features/matters/components/workflow/builder/BuilderCanvas.tsx(2,23): error TS2307: Cannot find module '../../../common/Badge' or its corresponding type declarations.
src/features/matters/components/workflow/builder/BuilderCanvas.tsx(3,10): error TS2305: Module '"./types"' has no exported member 'WorkflowNode'.
src/features/matters/components/workflow/builder/BuilderCanvas.tsx(3,24): error TS2305: Module '"./types"' has no exported member 'WorkflowConnection'.
src/features/matters/components/workflow/builder/BuilderCanvas.tsx(3,72): error TS2459: Module '"./types"' declares 'NodeType' locally, but it is not exported.
src/features/matters/components/workflow/builder/BuilderCanvas.tsx(4,26): error TS2307: Cannot find module '../../../../context/ThemeContext' or its corresponding type declarations.
src/features/matters/components/workflow/builder/BuilderCanvas.tsx(5,20): error TS2307: Cannot find module '@/utils/cn' or its corresponding type declarations.
src/features/matters/components/workflow/builder/BuilderCanvas.tsx(6,27): error TS2307: Cannot find module '@/hooks/useNotify' or its corresponding type declarations.
src/features/matters/components/workflow/builder/BuilderCanvas.tsx(100,52): error TS7006: Parameter 'p' implicitly has an 'any' type.
src/features/matters/components/workflow/builder/BuilderCanvas.tsx(187,52): error TS7006: Parameter 'p' implicitly has an 'any' type.
src/features/matters/components/workflow/builder/BuilderCanvas.tsx(362,48): error TS7006: Parameter 'port' implicitly has an 'any' type.
src/features/matters/components/workflow/builder/BuilderCanvas.tsx(362,54): error TS7006: Parameter 'portIndex' implicitly has an 'any' type.
src/features/matters/components/workflow/builder/BuilderCanvas.tsx(362,65): error TS7006: Parameter 'arr' implicitly has an 'any' type.
src/features/matters/components/workflow/builder/BuilderPalette.tsx(4,10): error TS2459: Module '"./types"' declares 'NodeType' locally, but it is not exported.
src/features/matters/components/workflow/builder/BuilderPalette.tsx(5,26): error TS2307: Cannot find module '../../../../context/ThemeContext' or its corresponding type declarations.
src/features/matters/components/workflow/builder/BuilderPalette.tsx(6,20): error TS2307: Cannot find module '@/utils/cn' or its corresponding type declarations.
src/features/matters/components/workflow/builder/BuilderProperties.tsx(4,33): error TS2307: Cannot find module '../../../common/Inputs' or its corresponding type declarations.
src/features/matters/components/workflow/builder/BuilderProperties.tsx(5,24): error TS2307: Cannot find module '../../../common/Button' or its corresponding type declarations.
src/features/matters/components/workflow/builder/BuilderProperties.tsx(6,31): error TS2307: Cannot find module '../../../common/ConfirmDialog' or its corresponding type declarations.
src/features/matters/components/workflow/builder/BuilderProperties.tsx(7,31): error TS2307: Cannot find module '../../../../hooks' or its corresponding type declarations.
src/features/matters/components/workflow/builder/BuilderProperties.tsx(8,10): error TS2305: Module '"./types"' has no exported member 'WorkflowNode'.
src/features/matters/components/workflow/builder/BuilderProperties.tsx(9,26): error TS2307: Cannot find module '../../../../context/ThemeContext' or its corresponding type declarations.
src/features/matters/components/workflow/builder/BuilderProperties.tsx(10,20): error TS2307: Cannot find module '@/utils/cn' or its corresponding type declarations.
src/features/matters/components/workflow/builder/BuilderToolbar.tsx(4,26): error TS2307: Cannot find module '../../../../context/ThemeContext' or its corresponding type declarations.
src/features/matters/components/workflow/builder/BuilderToolbar.tsx(5,20): error TS2307: Cannot find module '@/utils/cn' or its corresponding type declarations.
src/features/matters/components/workflow/builder/GeneralSettings.tsx(3,26): error TS2307: Cannot find module '../../../../context/ThemeContext' or its corresponding type declarations.
src/features/matters/components/workflow/builder/GeneralSettings.tsx(4,20): error TS2307: Cannot find module '@/utils/cn' or its corresponding type declarations.
src/features/matters/components/workflow/builder/SimulationView.tsx(4,24): error TS2307: Cannot find module '../../../common/Button' or its corresponding type declarations.
src/features/matters/components/workflow/builder/types.ts(5,15): error TS2307: Cannot find module '../../../../types/workflow-types' or its corresponding type declarations.
src/features/matters/components/workflow/builder/types.ts(8,55): error TS2307: Cannot find module '../../../../types/workflow-types' or its corresponding type declarations.
src/features/matters/components/workflow/builder/types.ts(11,20): error TS2307: Cannot find module '@/utils/cn' or its corresponding type declarations.
src/features/matters/components/workflow/CaseWorkflowList.tsx(4,23): error TS2307: Cannot find module '../../common/Badge' or its corresponding type declarations.
src/features/matters/components/workflow/CaseWorkflowList.tsx(5,36): error TS2307: Cannot find module '../../../types' or its corresponding type declarations.
src/features/matters/components/workflow/CaseWorkflowList.tsx(7,26): error TS2307: Cannot find module '../../../context/ThemeContext' or its corresponding type declarations.
src/features/matters/components/workflow/CaseWorkflowList.tsx(8,20): error TS2307: Cannot find module '@/utils/cn' or its corresponding type declarations.
src/features/matters/components/workflow/CaseWorkflowList.tsx(9,28): error TS2307: Cannot find module '../../common/EmptyState' or its corresponding type declarations.
src/features/matters/components/workflow/EnhancedWorkflowPanel.tsx(9,22): error TS2307: Cannot find module '../../common/Tabs' or its corresponding type declarations.
src/features/matters/components/workflow/EnhancedWorkflowPanel.tsx(10,26): error TS2307: Cannot find module '../../../context/ThemeContext' or its corresponding type declarations.
src/features/matters/components/workflow/EnhancedWorkflowPanel.tsx(11,20): error TS2307: Cannot find module '@/utils/cn' or its corresponding type declarations.
src/features/matters/components/workflow/EnhancedWorkflowPanel.tsx(12,34): error TS2307: Cannot find module '../../../theme/tokens' or its corresponding type declarations.
src/features/matters/components/workflow/EnhancedWorkflowPanel.tsx(38,3): error TS2322: Type 'FC<ApprovalWorkflowProps>' is not assignable to type 'FC<Record<string, unknown>>'.
  Type 'Record<string, unknown>' is missing the following properties from type 'ApprovalWorkflowProps': onApprove, onReject
src/features/matters/components/workflow/FirmProcessDetail.tsx(4,24): error TS2307: Cannot find module '../../common/Button' or its corresponding type declarations.
src/features/matters/components/workflow/FirmProcessDetail.tsx(5,22): error TS2307: Cannot find module '../../common/Card' or its corresponding type declarations.
src/features/matters/components/workflow/FirmProcessDetail.tsx(6,22): error TS2307: Cannot find module '../../common/Tabs' or its corresponding type declarations.
src/features/matters/components/workflow/FirmProcessDetail.tsx(9,26): error TS2307: Cannot find module '../../../context/ThemeContext' or its corresponding type declarations.
src/features/matters/components/workflow/FirmProcessDetail.tsx(10,20): error TS2307: Cannot find module '@/utils/cn' or its corresponding type declarations.
src/features/matters/components/workflow/FirmProcessDetail.tsx(11,29): error TS2307: Cannot find module '@/services/data/dataService' or its corresponding type declarations.
src/features/matters/components/workflow/FirmProcessDetail.tsx(12,26): error TS2307: Cannot find module '@/hooks/useQueryHooks' or its corresponding type declarations.
src/features/matters/components/workflow/FirmProcessDetail.tsx(13,28): error TS2307: Cannot find module '../../common/ErrorState' or its corresponding type declarations.
src/features/matters/components/workflow/FirmProcessDetail.tsx(66,20): error TS7006: Parameter 't' implicitly has an 'any' type.
src/features/matters/components/workflow/FirmProcessList.tsx(3,22): error TS2307: Cannot find module '../../common/Card' or its corresponding type declarations.
src/features/matters/components/workflow/FirmProcessList.tsx(4,23): error TS2307: Cannot find module '../../common/Badge' or its corresponding type declarations.
src/features/matters/components/workflow/FirmProcessList.tsx(5,24): error TS2307: Cannot find module '../../common/Button' or its corresponding type declarations.
src/features/matters/components/workflow/FirmProcessList.tsx(7,26): error TS2307: Cannot find module '../../../context/ThemeContext' or its corresponding type declarations.
src/features/matters/components/workflow/FirmProcessList.tsx(8,20): error TS2307: Cannot find module '@/utils/cn' or its corresponding type declarations.
src/features/matters/components/workflow/FirmProcessList.tsx(9,28): error TS2307: Cannot find module '../../common/EmptyState' or its corresponding type declarations.
src/features/matters/components/workflow/FirmProcessList.tsx(41,21): error TS2322: Type 'unknown' is not assignable to type 'ReactNode'.
src/features/matters/components/workflow/MasterWorkflow.tsx(4,28): error TS2307: Cannot find module '../../common/PageHeader' or its corresponding type declarations.
src/features/matters/components/workflow/MasterWorkflow.tsx(5,24): error TS2307: Cannot find module '../../common/Button' or its corresponding type declarations.
src/features/matters/components/workflow/MasterWorkflow.tsx(6,29): error TS2307: Cannot find module '@/services/data/dataService' or its corresponding type declarations.
src/features/matters/components/workflow/MasterWorkflow.tsx(7,31): error TS2307: Cannot find module '../../common/ErrorBoundary' or its corresponding type declarations.
src/features/matters/components/workflow/MasterWorkflow.tsx(8,28): error TS2307: Cannot find module '../../common/EmptyState' or its corresponding type declarations.
src/features/matters/components/workflow/MasterWorkflow.tsx(20,71): error TS2307: Cannot find module '../../../types' or its corresponding type declarations.
src/features/matters/components/workflow/MasterWorkflow.tsx(33,26): error TS2307: Cannot find module '../../../context/ThemeContext' or its corresponding type declarations.
src/features/matters/components/workflow/MasterWorkflow.tsx(34,20): error TS2307: Cannot find module '@/utils/cn' or its corresponding type declarations.
src/features/matters/components/workflow/MasterWorkflow.tsx(35,32): error TS2307: Cannot find module '@/utils/dateUtils' or its corresponding type declarations.
src/features/matters/components/workflow/MasterWorkflow.tsx(37,22): error TS2307: Cannot find module '../../../types' or its corresponding type declarations.
src/features/matters/components/workflow/MasterWorkflow.tsx(38,39): error TS2307: Cannot find module '@/hooks/useQueryHooks' or its corresponding type declarations.
src/features/matters/components/workflow/MasterWorkflow.tsx(39,27): error TS2307: Cannot find module '@/hooks/useNotify' or its corresponding type declarations.
src/features/matters/components/workflow/MasterWorkflow.tsx(40,36): error TS2307: Cannot find module '@/services/data/repositories/WorkflowRepository' or its corresponding type declarations.
src/features/matters/components/workflow/modules/ReviewPanel.tsx(4,33): error TS2307: Cannot find module '../../../../types/pleading-types' or its corresponding type declarations.
src/features/matters/components/workflow/modules/ReviewPanel.tsx(5,28): error TS2307: Cannot find module '../../../common/EmptyState' or its corresponding type declarations.
src/features/matters/components/workflow/modules/ReviewPanel.tsx(6,26): error TS2307: Cannot find module '../../../../context/ThemeContext' or its corresponding type declarations.
src/features/matters/components/workflow/modules/ReviewPanel.tsx(7,20): error TS2307: Cannot find module '@/utils/cn' or its corresponding type declarations.
src/features/matters/components/workflow/modules/ReviewPanel.tsx(8,29): error TS2307: Cannot find module '@/services/data/dataService' or its corresponding type declarations.
src/features/matters/components/workflow/modules/ReviewPanel.tsx(9,94): error TS2307: Cannot find module '../../../../types' or its corresponding type declarations.
src/features/matters/components/workflow/NotificationCenter.tsx(4,29): error TS2307: Cannot find module '@/services/data/dataService' or its corresponding type declarations.
src/features/matters/components/workflow/NotificationCenter.tsx(5,28): error TS2307: Cannot find module '../../common/EmptyState' or its corresponding type declarations.
src/features/matters/components/workflow/NotificationCenter.tsx(6,36): error TS2307: Cannot find module '../../../types' or its corresponding type declarations.
src/features/matters/components/workflow/NotificationCenter.tsx(7,26): error TS2307: Cannot find module '../../../context/ThemeContext' or its corresponding type declarations.
src/features/matters/components/workflow/NotificationCenter.tsx(8,20): error TS2307: Cannot find module '@/utils/cn' or its corresponding type declarations.
src/features/matters/components/workflow/NotificationCenter.tsx(9,52): error TS2307: Cannot find module '@/hooks/useQueryHooks' or its corresponding type declarations.
src/features/matters/components/workflow/NotificationCenter.tsx(10,27): error TS2307: Cannot find module '@/utils/queryKeys' or its corresponding type declarations.
src/features/matters/components/workflow/NotificationCenter.tsx(29,23): error TS7006: Parameter 'id' implicitly has an 'any' type.
src/features/matters/components/workflow/NotificationCenter.tsx(31,43): error TS7006: Parameter 'n' implicitly has an 'any' type.
src/features/matters/components/workflow/NotificationCenter.tsx(43,21): error TS7006: Parameter 'id' implicitly has an 'any' type.
src/features/matters/components/workflow/NotificationCenter.tsx(45,44): error TS7006: Parameter 'n' implicitly has an 'any' type.
src/features/matters/components/workflow/NotificationCenter.tsx(57,129): error TS7006: Parameter 'n' implicitly has an 'any' type.
src/features/matters/components/workflow/NotificationCenter.tsx(70,29): error TS7006: Parameter 'n' implicitly has an 'any' type.
src/features/matters/components/workflow/ParallelTasksManager.tsx(5,28): error TS2307: Cannot find module '../../common/EmptyState' or its corresponding type declarations.
src/features/matters/components/workflow/ParallelTasksManager.tsx(6,32): error TS2307: Cannot find module '../../common/AdaptiveLoader' or its corresponding type declarations.
src/features/matters/components/workflow/ParallelTasksManager.tsx(7,26): error TS2307: Cannot find module '../../../context/ThemeContext' or its corresponding type declarations.
src/features/matters/components/workflow/ParallelTasksManager.tsx(8,20): error TS2307: Cannot find module '@/utils/cn' or its corresponding type declarations.
src/features/matters/components/workflow/ParallelTasksManager.tsx(9,29): error TS2307: Cannot find module '@/services/data/dataService' or its corresponding type declarations.
src/features/matters/components/workflow/ParallelTasksManager.tsx(10,49): error TS2307: Cannot find module '../../../types' or its corresponding type declarations.
src/features/matters/components/workflow/ParallelTasksManager.tsx(11,26): error TS2307: Cannot find module '@/hooks/useQueryHooks' or its corresponding type declarations.
src/features/matters/components/workflow/ParallelTasksManager.tsx(12,27): error TS2307: Cannot find module '@/utils/queryKeys' or its corresponding type declarations.
src/features/matters/components/workflow/SLAMonitor.tsx(4,26): error TS2307: Cannot find module '../../../context/ThemeContext' or its corresponding type declarations.
src/features/matters/components/workflow/SLAMonitor.tsx(5,20): error TS2307: Cannot find module '@/utils/cn' or its corresponding type declarations.
src/features/matters/components/workflow/SLAMonitor.tsx(6,43): error TS2307: Cannot find module '@/hooks/useSLAMonitoring' or its corresponding type declarations.
src/features/matters/components/workflow/SLAMonitor.tsx(7,34): error TS2307: Cannot find module '../../../theme/tokens' or its corresponding type declarations.
src/features/matters/components/workflow/SLAMonitor.tsx(67,85): error TS7053: Element implicitly has an 'any' type because expression of type 'any' can't be used to index type '{ Breached: string; 'At Risk': string; 'On Track': string; }'.
src/features/matters/components/workflow/SLAMonitor.tsx(80,74): error TS7053: Element implicitly has an 'any' type because expression of type 'any' can't be used to index type '{ Breached: string; 'At Risk': string; 'On Track': string; }'.
src/features/matters/components/workflow/StageEditor.tsx(20,26): error TS2307: Cannot find module '../../../context/ThemeContext' or its corresponding type declarations.
src/features/matters/components/workflow/StageEditor.tsx(23,24): error TS2307: Cannot find module '../../common/Button' or its corresponding type declarations.
src/features/matters/components/workflow/StageEditor.tsx(26,20): error TS2307: Cannot find module '@/utils/cn' or its corresponding type declarations.
src/features/matters/components/workflow/TaskDependencyManager.tsx(4,26): error TS2307: Cannot find module '../../../context/ThemeContext' or its corresponding type declarations.
src/features/matters/components/workflow/TaskDependencyManager.tsx(5,20): error TS2307: Cannot find module '@/utils/cn' or its corresponding type declarations.
src/features/matters/components/workflow/TaskDependencyManager.tsx(6,26): error TS2307: Cannot find module '@/hooks/useQueryHooks' or its corresponding type declarations.
src/features/matters/components/workflow/TaskDependencyManager.tsx(7,27): error TS2307: Cannot find module '@/utils/queryKeys' or its corresponding type declarations.
src/features/matters/components/workflow/TaskDependencyManager.tsx(8,29): error TS2307: Cannot find module '@/services/data/dataService' or its corresponding type declarations.
src/features/matters/components/workflow/TaskDependencyManager.tsx(9,32): error TS2307: Cannot find module '../../common/AdaptiveLoader' or its corresponding type declarations.
src/features/matters/components/workflow/TaskReassignmentPanel.tsx(20,26): error TS2307: Cannot find module '../../../context/ThemeContext' or its corresponding type declarations.
src/features/matters/components/workflow/TaskReassignmentPanel.tsx(23,24): error TS2307: Cannot find module '../../common/Button' or its corresponding type declarations.
src/features/matters/components/workflow/TaskReassignmentPanel.tsx(26,20): error TS2307: Cannot find module '@/utils/cn' or its corresponding type declarations.
src/features/matters/components/workflow/TaskWorkflowBadges.tsx(3,26): error TS2307: Cannot find module '../../../context/ThemeContext' or its corresponding type declarations.
src/features/matters/components/workflow/TemplateActions.tsx(4,26): error TS2307: Cannot find module '../../../context/ThemeContext' or its corresponding type declarations.
src/features/matters/components/workflow/TemplateActions.tsx(5,20): error TS2307: Cannot find module '@/utils/cn' or its corresponding type declarations.
src/features/matters/components/workflow/TemplatePreview.tsx(20,26): error TS2307: Cannot find module '../../../context/ThemeContext' or its corresponding type declarations.
src/features/matters/components/workflow/TemplatePreview.tsx(23,23): error TS2307: Cannot find module '../../common/Badge' or its corresponding type declarations.
src/features/matters/components/workflow/TemplatePreview.tsx(26,20): error TS2307: Cannot find module '@/utils/cn' or its corresponding type declarations.
src/features/matters/components/workflow/TemplatePreview.tsx(29,38): error TS2307: Cannot find module '../../../types' or its corresponding type declarations.
src/features/matters/components/workflow/TemplatePreview.tsx(89,41): error TS7006: Parameter 'stage' implicitly has an 'any' type.
src/features/matters/components/workflow/TemplatePreview.tsx(89,48): error TS7006: Parameter 'i' implicitly has an 'any' type.
src/features/matters/components/workflow/TemplatePreview.tsx(119,38): error TS7006: Parameter 'tag' implicitly has an 'any' type.
src/features/matters/components/workflow/TimeTrackingPanel.tsx(3,26): error TS2307: Cannot find module '../../../context/ThemeContext' or its corresponding type declarations.
src/features/matters/components/workflow/TimeTrackingPanel.tsx(4,20): error TS2307: Cannot find module '@/utils/cn' or its corresponding type declarations.
src/features/matters/components/workflow/TimeTrackingPanel.tsx(5,32): error TS2307: Cannot find module '@/hooks/useTimeTracker' or its corresponding type declarations.
src/features/matters/components/workflow/utils.tsx(9,30): error TS2307: Cannot find module '../../../types' or its corresponding type declarations.
src/features/matters/components/workflow/WorkflowAnalyticsDashboard.tsx(20,29): error TS2307: Cannot find module '@/services/data/dataService' or its corresponding type declarations.
src/features/matters/components/workflow/WorkflowAnalyticsDashboard.tsx(21,26): error TS2307: Cannot find module '@/hooks/useQueryHooks' or its corresponding type declarations.
src/features/matters/components/workflow/WorkflowAnalyticsDashboard.tsx(22,27): error TS2307: Cannot find module '@/utils/queryKeys' or its corresponding type declarations.
src/features/matters/components/workflow/WorkflowAnalyticsDashboard.tsx(25,26): error TS2307: Cannot find module '../../../context/ThemeContext' or its corresponding type declarations.
src/features/matters/components/workflow/WorkflowAnalyticsDashboard.tsx(28,22): error TS2307: Cannot find module '../../common/Card' or its corresponding type declarations.
src/features/matters/components/workflow/WorkflowAnalyticsDashboard.tsx(29,30): error TS2307: Cannot find module '../../common/LoadingState' or its corresponding type declarations.
src/features/matters/components/workflow/WorkflowAnalyticsDashboard.tsx(38,8): error TS2307: Cannot find module '@/utils/chartConfig' or its corresponding type declarations.
src/features/matters/components/workflow/WorkflowAnalyticsDashboard.tsx(83,38): error TS7006: Parameter 'entry' implicitly has an 'any' type.
src/features/matters/components/workflow/WorkflowAnalyticsDashboard.tsx(83,45): error TS7006: Parameter 'index' implicitly has an 'any' type.
src/features/matters/components/workflow/WorkflowAutomations.tsx(20,29): error TS2307: Cannot find module '@/services/data/dataService' or its corresponding type declarations.
src/features/matters/components/workflow/WorkflowAutomations.tsx(21,26): error TS2307: Cannot find module '@/hooks/useQueryHooks' or its corresponding type declarations.
src/features/matters/components/workflow/WorkflowAutomations.tsx(22,27): error TS2307: Cannot find module '@/utils/queryKeys' or its corresponding type declarations.
src/features/matters/components/workflow/WorkflowAutomations.tsx(25,26): error TS2307: Cannot find module '../../../context/ThemeContext' or its corresponding type declarations.
src/features/matters/components/workflow/WorkflowAutomations.tsx(28,28): error TS2307: Cannot find module '../../common/EmptyState' or its corresponding type declarations.
src/features/matters/components/workflow/WorkflowAutomations.tsx(29,32): error TS2307: Cannot find module '../../common/AdaptiveLoader' or its corresponding type declarations.
src/features/matters/components/workflow/WorkflowAutomations.tsx(32,20): error TS2307: Cannot find module '@/utils/cn' or its corresponding type declarations.
src/features/matters/components/workflow/WorkflowAutomations.tsx(69,26): error TS7006: Parameter 'auto' implicitly has an 'any' type.
src/features/matters/components/workflow/WorkflowConfig.tsx(3,22): error TS2307: Cannot find module '../../common/Card' or its corresponding type declarations.
src/features/matters/components/workflow/WorkflowConfig.tsx(5,26): error TS2307: Cannot find module '../../../context/ThemeContext' or its corresponding type declarations.
src/features/matters/components/workflow/WorkflowConfig.tsx(6,20): error TS2307: Cannot find module '@/utils/cn' or its corresponding type declarations.
src/features/matters/components/workflow/WorkflowConfig.tsx(7,29): error TS2307: Cannot find module '@/services/data/dataService' or its corresponding type declarations.
src/features/matters/components/workflow/WorkflowConfig.tsx(8,52): error TS2307: Cannot find module '@/hooks/useQueryHooks' or its corresponding type declarations.
src/features/matters/components/workflow/WorkflowConfig.tsx(9,27): error TS2307: Cannot find module '@/utils/queryKeys' or its corresponding type declarations.
src/features/matters/components/workflow/WorkflowConfig.tsx(10,27): error TS2307: Cannot find module '@/hooks/useNotify' or its corresponding type declarations.
src/features/matters/components/workflow/WorkflowConfig.tsx(25,19): error TS7006: Parameter '_' implicitly has an 'any' type.
src/features/matters/components/workflow/WorkflowConfig.tsx(25,22): error TS7006: Parameter 'variables' implicitly has an 'any' type.
src/features/matters/components/workflow/WorkflowConfig.tsx(27,48): error TS7006: Parameter 's' implicitly has an 'any' type.
src/features/matters/components/workflow/WorkflowConfig.tsx(27,51): error TS7006: Parameter 'i' implicitly has an 'any' type.
src/features/matters/components/workflow/WorkflowEngineDetail.tsx(4,24): error TS2307: Cannot find module '../../common/Button' or its corresponding type declarations.
src/features/matters/components/workflow/WorkflowEngineDetail.tsx(5,22): error TS2307: Cannot find module '../../common/Card' or its corresponding type declarations.
src/features/matters/components/workflow/WorkflowEngineDetail.tsx(6,23): error TS2307: Cannot find module '../../common/Badge' or its corresponding type declarations.
src/features/matters/components/workflow/WorkflowEngineDetail.tsx(7,28): error TS2307: Cannot find module '../../common/Primitives' or its corresponding type declarations.
src/features/matters/components/workflow/WorkflowEngineDetail.tsx(12,22): error TS2307: Cannot find module '../../common/Tabs' or its corresponding type declarations.
src/features/matters/components/workflow/WorkflowEngineDetail.tsx(13,26): error TS2307: Cannot find module '../../../context/ThemeContext' or its corresponding type declarations.
src/features/matters/components/workflow/WorkflowEngineDetail.tsx(14,20): error TS2307: Cannot find module '@/utils/cn' or its corresponding type declarations.
src/features/matters/components/workflow/WorkflowEngineDetail.tsx(16,29): error TS2307: Cannot find module '@/services/data/dataService' or its corresponding type declarations.
src/features/matters/components/workflow/WorkflowEngineDetail.tsx(17,26): error TS2307: Cannot find module '@/hooks/useQueryHooks' or its corresponding type declarations.
src/features/matters/components/workflow/WorkflowEngineDetail.tsx(18,27): error TS2307: Cannot find module '@/utils/queryKeys' or its corresponding type declarations.
src/features/matters/components/workflow/WorkflowEngineDetail.tsx(19,28): error TS2307: Cannot find module '../../common/ErrorState' or its corresponding type declarations.
src/features/matters/components/workflow/WorkflowEngineDetail.tsx(112,24): error TS7006: Parameter 't' implicitly has an 'any' type.
src/features/matters/components/workflow/WorkflowLibrary.tsx(20,29): error TS2307: Cannot find module '@/services/data/dataService' or its corresponding type declarations.
src/features/matters/components/workflow/WorkflowLibrary.tsx(21,26): error TS2307: Cannot find module '@/hooks/useQueryHooks' or its corresponding type declarations.
src/features/matters/components/workflow/WorkflowLibrary.tsx(22,27): error TS2307: Cannot find module '@/utils/queryKeys' or its corresponding type declarations.
src/features/matters/components/workflow/WorkflowLibrary.tsx(25,26): error TS2307: Cannot find module '../../../context/ThemeContext' or its corresponding type declarations.
src/features/matters/components/workflow/WorkflowLibrary.tsx(26,36): error TS2307: Cannot find module '@/hooks/useFilterAndSearch' or its corresponding type declarations.
src/features/matters/components/workflow/WorkflowLibrary.tsx(30,28): error TS2307: Cannot find module '../../common/EmptyState' or its corresponding type declarations.
src/features/matters/components/workflow/WorkflowLibrary.tsx(31,24): error TS2307: Cannot find module '../../common/Button' or its corresponding type declarations.
src/features/matters/components/workflow/WorkflowLibrary.tsx(32,30): error TS2307: Cannot find module '../../common/LoadingState' or its corresponding type declarations.
src/features/matters/components/workflow/WorkflowLibrary.tsx(33,28): error TS2307: Cannot find module '../../common/ErrorState' or its corresponding type declarations.
src/features/matters/components/workflow/WorkflowLibrary.tsx(34,32): error TS2307: Cannot find module '../../common/AdaptiveLoader' or its corresponding type declarations.
src/features/matters/components/workflow/WorkflowLibrary.tsx(37,20): error TS2307: Cannot find module '@/utils/cn' or its corresponding type declarations.
src/features/matters/components/workflow/WorkflowLibrary.tsx(40,38): error TS2307: Cannot find module '../../../types' or its corresponding type declarations.
src/features/matters/components/workflow/WorkflowLibrary.tsx(96,27): error TS7006: Parameter 'cat' implicitly has an 'any' type.
src/features/matters/components/workflow/WorkflowLibrary.tsx(129,33): error TS7006: Parameter 'tpl' implicitly has an 'any' type.
src/features/matters/components/workflow/WorkflowQuickActions.tsx(3,24): error TS2307: Cannot find module '../../common/Button' or its corresponding type declarations.
src/features/matters/components/workflow/WorkflowTemplateBuilder.tsx(3,58): error TS2307: Cannot find module '../../../types' or its corresponding type declarations.
src/features/matters/components/workflow/WorkflowTemplateBuilder.tsx(4,10): error TS2459: Module '"./builder/types"' declares 'NodeType' locally, but it is not exported.
src/features/matters/components/workflow/WorkflowTemplateBuilder.tsx(9,28): error TS2307: Cannot find module '../../common/PageHeader' or its corresponding type declarations.
src/features/matters/components/workflow/WorkflowTemplateBuilder.tsx(10,24): error TS2307: Cannot find module '../../common/Button' or its corresponding type declarations.
src/features/matters/components/workflow/WorkflowTemplateBuilder.tsx(11,26): error TS2307: Cannot find module '../../../context/ThemeContext' or its corresponding type declarations.
src/features/matters/components/workflow/WorkflowTemplateBuilder.tsx(12,20): error TS2307: Cannot find module '@/utils/cn' or its corresponding type declarations.
src/features/matters/components/workflow/WorkflowTemplateBuilder.tsx(15,31): error TS2307: Cannot find module '../../common/ErrorBoundary' or its corresponding type declarations.
src/features/matters/components/workflow/WorkflowTemplateBuilder.tsx(16,27): error TS2307: Cannot find module '@/hooks/useToggle' or its corresponding type declarations.
src/features/matters/components/workflow/WorkflowTemplateBuilder.tsx(17,29): error TS2307: Cannot find module '@/services/data/dataService' or its corresponding type declarations.
src/features/matters/components/workflow/WorkflowTemplateBuilder.tsx(18,27): error TS2307: Cannot find module '@/hooks/useNotify' or its corresponding type declarations.
src/features/matters/components/workflow/WorkflowTimeline.tsx(21,26): error TS2307: Cannot find module '../../../context/ThemeContext' or its corresponding type declarations.
src/features/matters/components/workflow/WorkflowTimeline.tsx(24,28): error TS2307: Cannot find module '../../common/UserAvatar' or its corresponding type declarations.
src/features/matters/components/workflow/WorkflowTimeline.tsx(27,20): error TS2307: Cannot find module '@/utils/cn' or its corresponding type declarations.
src/features/matters/components/workflow/WorkflowTimeline.tsx(30,45): error TS2307: Cannot find module '../../../types' or its corresponding type declarations.
src/features/matters/components/workflow/WorkflowTimeline.tsx(79,47): error TS7006: Parameter 'task' implicitly has an 'any' type.
src/features/matters/index.ts(9,41): error TS2307: Cannot find module './overview/MatterOverviewDashboard' or its corresponding type declarations.
src/features/matters/index.ts(12,42): error TS2307: Cannot find module './analytics/MatterAnalyticsDashboard' or its corresponding type declarations.
src/features/matters/index.ts(15,37): error TS2307: Cannot find module './intake/NewMatterIntakeForm' or its corresponding type declarations.
src/features/matters/index.ts(18,40): error TS2307: Cannot find module './operations/MatterOperationsCenter' or its corresponding type declarations.
src/features/matters/index.ts(21,41): error TS2307: Cannot find module './insights/MatterInsightsDashboard' or its corresponding type declarations.
src/features/matters/index.ts(24,40): error TS2307: Cannot find module './financials/MatterFinancialsCenter' or its corresponding type declarations.
src/features/matters/index.ts(27,15): error TS2307: Cannot find module './list' or its corresponding type declarations.
src/features/matters/index.ts(28,15): error TS2307: Cannot find module './detail' or its corresponding type declarations.
src/features/matters/index.ts(29,15): error TS2307: Cannot find module './create' or its corresponding type declarations.
src/features/matters/index.ts(30,15): error TS2307: Cannot find module './docket' or its corresponding type declarations.
src/features/matters/index.ts(31,15): error TS2307: Cannot find module './entities' or its corresponding type declarations.
src/features/matters/index.ts(32,15): error TS2307: Cannot find module './workflow' or its corresponding type declarations.
src/features/matters/index.ts(33,15): error TS2307: Cannot find module './calendar' or its corresponding type declarations.
src/features/operations/billing/BillingDashboard.tsx(29,24): error TS2307: Cannot find module '../../common/Button' or its corresponding type declarations.
src/features/operations/billing/BillingDashboard.tsx(30,32): error TS2307: Cannot find module '../../common/PeriodSelector' or its corresponding type declarations.
src/features/operations/billing/BillingDashboard.tsx(31,28): error TS2307: Cannot find module '../../common/ExportMenu' or its corresponding type declarations.
src/features/operations/billing/BillingDashboard.tsx(32,49): error TS2307: Cannot find module '../../layout/TabbedPageLayout' or its corresponding type declarations.
src/features/operations/billing/BillingDashboard.tsx(33,28): error TS2307: Cannot find module '../../common/LazyLoader' or its corresponding type declarations.
src/features/operations/billing/BillingErrorBoundary.tsx(9,24): error TS2307: Cannot find module '../../common/Button' or its corresponding type declarations.
src/features/operations/billing/BillingInvoices.tsx(25,26): error TS2307: Cannot find module '../../../context/ThemeContext' or its corresponding type declarations.
src/features/operations/billing/BillingInvoices.tsx(31,88): error TS2307: Cannot find module '../../common/Table' or its corresponding type declarations.
src/features/operations/billing/BillingInvoices.tsx(32,24): error TS2307: Cannot find module '../../common/Button' or its corresponding type declarations.
src/features/operations/billing/BillingInvoices.tsx(33,23): error TS2307: Cannot find module '../../common/Badge' or its corresponding type declarations.
src/features/operations/billing/BillingInvoices.tsx(34,31): error TS2307: Cannot find module '../../common/SearchToolbar' or its corresponding type declarations.
src/features/operations/billing/BillingInvoices.tsx(92,26): error TS2339: Property 'previousInvoices' does not exist on type '{}'.
src/features/operations/billing/BillingInvoices.tsx(93,85): error TS2339: Property 'previousInvoices' does not exist on type '{}'.
src/features/operations/billing/BillingInvoices.tsx(126,26): error TS2339: Property 'previousInvoices' does not exist on type '{}'.
src/features/operations/billing/BillingInvoices.tsx(127,85): error TS2339: Property 'previousInvoices' does not exist on type '{}'.
src/features/operations/billing/BillingLedger.tsx(3,88): error TS2307: Cannot find module '../../common/Table' or its corresponding type declarations.
src/features/operations/billing/BillingLedger.tsx(4,24): error TS2307: Cannot find module '../../common/Button' or its corresponding type declarations.
src/features/operations/billing/BillingLedger.tsx(5,23): error TS2307: Cannot find module '../../common/Badge' or its corresponding type declarations.
src/features/operations/billing/BillingLedger.tsx(9,26): error TS2307: Cannot find module '../../../context/ThemeContext' or its corresponding type declarations.
src/features/operations/billing/BillingLedger.tsx(14,27): error TS2307: Cannot find module '../../../context/WindowContext' or its corresponding type declarations.
src/features/operations/billing/BillingOverview.tsx(25,26): error TS2307: Cannot find module '../../../context/ThemeContext' or its corresponding type declarations.
src/features/operations/billing/BillingOverview.tsx(26,31): error TS2307: Cannot find module '../../common/ChartHelpers' or its corresponding type declarations.
src/features/operations/billing/BillingOverview.tsx(29,22): error TS2307: Cannot find module '../../common/Card' or its corresponding type declarations.
src/features/operations/billing/BillingOverview.tsx(30,38): error TS2307: Cannot find module '../../common/Primitives' or its corresponding type declarations.
src/features/operations/billing/BillingSkeleton.tsx(8,26): error TS2307: Cannot find module '../../../context/ThemeContext' or its corresponding type declarations.
src/features/operations/billing/BillingWIP.tsx(25,26): error TS2307: Cannot find module '../../../context/ThemeContext' or its corresponding type declarations.
src/features/operations/billing/BillingWIP.tsx(32,88): error TS2307: Cannot find module '../../common/Table' or its corresponding type declarations.
src/features/operations/billing/BillingWIP.tsx(33,24): error TS2307: Cannot find module '../../common/Button' or its corresponding type declarations.
src/features/operations/billing/BillingWIP.tsx(34,31): error TS2307: Cannot find module '../../common/SearchToolbar' or its corresponding type declarations.
src/features/operations/billing/BillingWIP.tsx(105,5): error TS2554: Expected 1 arguments, but got 4.
src/features/operations/billing/fee-agreements/FeeAgreementManagement.tsx(3,26): error TS2307: Cannot find module '../../../../context/ThemeContext' or its corresponding type declarations.
src/features/operations/billing/fee-agreements/FeeAgreementManagement.tsx(5,24): error TS2307: Cannot find module '../../../common/Button' or its corresponding type declarations.
src/features/operations/billing/fee-agreements/FeeAgreementManagement.tsx(6,23): error TS2307: Cannot find module '../../../common/Badge' or its corresponding type declarations.
src/features/operations/billing/fee-agreements/FeeAgreementManagement.tsx(7,23): error TS2307: Cannot find module '../../../common/Modal' or its corresponding type declarations.
src/features/operations/billing/fee-agreements/FeeAgreementManagement.tsx(8,33): error TS2307: Cannot find module '../../../common/Inputs' or its corresponding type declarations.
src/features/operations/billing/fee-agreements/FeeAgreementManagement.tsx(9,88): error TS2307: Cannot find module '../../../common/Table' or its corresponding type declarations.
src/features/operations/billing/rate-tables/RateTableManagement.tsx(5,24): error TS2307: Cannot find module '../../../common/Button' or its corresponding type declarations.
src/features/operations/billing/rate-tables/RateTableManagement.tsx(6,23): error TS2307: Cannot find module '../../../common/Badge' or its corresponding type declarations.
src/features/operations/billing/rate-tables/RateTableManagement.tsx(7,23): error TS2307: Cannot find module '../../../common/Modal' or its corresponding type declarations.
src/features/operations/billing/rate-tables/RateTableManagement.tsx(8,23): error TS2307: Cannot find module '../../../common/Inputs' or its corresponding type declarations.
src/features/operations/billing/rate-tables/RateTableManagement.tsx(9,88): error TS2307: Cannot find module '../../../common/Table' or its corresponding type declarations.
src/features/operations/billing/rate-tables/RateTableManagement.tsx(97,22): error TS2339: Property 'clearSelection' does not exist on type 'UseSelectionReturn<RateTable>'.
src/features/operations/billing/trust/CreateTrustAccountForm.tsx(21,22): error TS2307: Cannot find module '../../../common/Card' or its corresponding type declarations.
src/features/operations/billing/trust/CreateTrustAccountForm.tsx(22,26): error TS2307: Cannot find module '../../../../context/ThemeContext' or its corresponding type declarations.
src/features/operations/billing/trust/CreateTrustAccountForm.tsx(149,61): error TS2339: Property 'ioltalProgramId' does not exist on type 'FormState'.
src/features/operations/billing/trust/CreateTrustAccountForm.tsx(150,25): error TS2322: Type '"ioltalProgramId"' is not assignable to type 'keyof FormState'.
src/features/operations/billing/trust/CreateTrustAccountForm.tsx(513,17): error TS2322: Type '"ioltalProgramId"' is not assignable to type 'keyof FormState'.
src/features/operations/billing/trust/TrustAccountDashboard.tsx(21,22): error TS2307: Cannot find module '../../../common/Card' or its corresponding type declarations.
src/features/operations/billing/trust/TrustAccountDashboard.tsx(22,26): error TS2307: Cannot find module '../../../../context/ThemeContext' or its corresponding type declarations.
src/features/operations/compliance/ComplianceConflicts.tsx(20,26): error TS2307: Cannot find module '../../../context/ThemeContext' or its corresponding type declarations.
src/features/operations/compliance/ComplianceConflicts.tsx(23,88): error TS2307: Cannot find module '../../common/Table' or its corresponding type declarations.
src/features/operations/compliance/ComplianceConflicts.tsx(24,24): error TS2307: Cannot find module '../../common/Button' or its corresponding type declarations.
src/features/operations/compliance/ComplianceConflicts.tsx(25,23): error TS2307: Cannot find module '../../common/Badge' or its corresponding type declarations.
src/features/operations/compliance/ComplianceConflicts.tsx(26,31): error TS2307: Cannot find module '../../common/SearchToolbar' or its corresponding type declarations.
src/features/operations/compliance/ComplianceDashboard.tsx(23,24): error TS2307: Cannot find module '../../common/Button' or its corresponding type declarations.
src/features/operations/compliance/ComplianceDashboard.tsx(24,34): error TS2307: Cannot find module '../../layout/TabbedPageLayout' or its corresponding type declarations.
src/features/operations/compliance/ComplianceDashboard.tsx(25,28): error TS2307: Cannot find module '../../common/LazyLoader' or its corresponding type declarations.
src/features/operations/compliance/ComplianceDashboardContent.tsx(26,51): error TS2322: Type 'unknown' is not assignable to type 'ConflictCheck[]'.
src/features/operations/compliance/ComplianceDashboardContent.tsx(27,43): error TS2322: Type 'unknown' is not assignable to type 'EthicalWall[]'.
src/features/operations/compliance/ComplianceOverview.tsx(4,28): error TS2307: Cannot find module '../../common/Primitives' or its corresponding type declarations.
src/features/operations/compliance/ComplianceOverview.tsx(5,22): error TS2307: Cannot find module '../../common/Card' or its corresponding type declarations.
src/features/operations/compliance/ComplianceOverview.tsx(6,26): error TS2307: Cannot find module '../../../context/ThemeContext' or its corresponding type declarations.
src/features/operations/compliance/ComplianceOverview.tsx(10,31): error TS2307: Cannot find module '../../common/ChartHelpers' or its corresponding type declarations.
src/features/operations/compliance/CompliancePolicies.tsx(4,88): error TS2307: Cannot find module '../../common/Table' or its corresponding type declarations.
src/features/operations/compliance/CompliancePolicies.tsx(5,32): error TS2307: Cannot find module '../../common/AdaptiveLoader' or its corresponding type declarations.
src/features/operations/compliance/CompliancePolicies.tsx(6,24): error TS2307: Cannot find module '../../common/Button' or its corresponding type declarations.
src/features/operations/compliance/CompliancePolicies.tsx(7,23): error TS2307: Cannot find module '../../common/Badge' or its corresponding type declarations.
src/features/operations/compliance/CompliancePolicies.tsx(8,26): error TS2307: Cannot find module '../../../context/ThemeContext' or its corresponding type declarations.
src/features/operations/compliance/CompliancePolicies.tsx(14,27): error TS2307: Cannot find module '../../../context/WindowContext' or its corresponding type declarations.
src/features/operations/compliance/CompliancePolicies.tsx(16,27): error TS2307: Cannot find module '../../common/RefactoredCommon' or its corresponding type declarations.
src/features/operations/compliance/CompliancePolicies.tsx(44,23): error TS2322: Type 'string' is not assignable to type 'DocumentId'.
  Type 'string' is not assignable to type '{ readonly __brand: "DocumentId"; }'.
src/features/operations/compliance/CompliancePolicies.tsx(52,23): error TS2322: Type 'string' is not assignable to type 'CaseId'.
  Type 'string' is not assignable to type '{ readonly __brand: "CaseId"; }'.
src/features/operations/compliance/ComplianceRisk.tsx(23,28): error TS2307: Cannot find module '../../common/Primitives' or its corresponding type declarations.
src/features/operations/compliance/ComplianceWalls.tsx(5,22): error TS2307: Cannot find module '../../common/Card' or its corresponding type declarations.
src/features/operations/compliance/ComplianceWalls.tsx(6,24): error TS2307: Cannot find module '../../common/Button' or its corresponding type declarations.
src/features/operations/compliance/ComplianceWalls.tsx(7,26): error TS2307: Cannot find module '../../../context/ThemeContext' or its corresponding type declarations.
src/features/operations/correspondence/CommunicationLog.tsx(20,26): error TS2307: Cannot find module '../../../context/ThemeContext' or its corresponding type declarations.
src/features/operations/correspondence/CommunicationLog.tsx(24,23): error TS2307: Cannot find module '../../common/Badge' or its corresponding type declarations.
src/features/operations/correspondence/CommunicationLog.tsx(25,29): error TS2307: Cannot find module '../../common/VirtualList' or its corresponding type declarations.
src/features/operations/correspondence/ComposeMessageModal.tsx(3,23): error TS2307: Cannot find module '../../common/Modal' or its corresponding type declarations.
src/features/operations/correspondence/ComposeMessageModal.tsx(4,24): error TS2307: Cannot find module '../../common/Button' or its corresponding type declarations.
src/features/operations/correspondence/ComposeMessageModal.tsx(5,33): error TS2307: Cannot find module '../../common/Inputs' or its corresponding type declarations.
src/features/operations/correspondence/ComposeMessageModal.tsx(6,28): error TS2307: Cannot find module '../../common/UserSelect' or its corresponding type declarations.
src/features/operations/correspondence/ComposeMessageModal.tsx(9,26): error TS2307: Cannot find module '../../../context/ThemeContext' or its corresponding type declarations.
src/features/operations/correspondence/ComposeMessageModal.tsx(31,11): error TS2339: Property 'registerBlob' does not exist on type '{ register: (blob: Blob | File) => string; revoke: (url: string) => void; }'.
src/features/operations/correspondence/ComposeMessageModal.tsx(31,25): error TS2339: Property 'getBlob' does not exist on type '{ register: (blob: Blob | File) => string; revoke: (url: string) => void; }'.
src/features/operations/correspondence/ComposeMessageModal.tsx(31,34): error TS2339: Property 'removeBlob' does not exist on type '{ register: (blob: Blob | File) => string; revoke: (url: string) => void; }'.
src/features/operations/correspondence/ComposeMessageModal.tsx(65,5): error TS2554: Expected 1 arguments, but got 3.
src/features/operations/correspondence/ComposeMessageModal.tsx(74,11): error TS2322: Type '(e: KeyboardEvent) => void' is not assignable to type '() => void'.
  Target signature provides too few arguments. Expected 1 or more, but got 0.
src/features/operations/correspondence/ComposeMessageModal.tsx(230,106): error TS2322: Type 'string' is not assignable to type 'CaseId'.
  Type 'string' is not assignable to type '{ readonly __brand: "CaseId"; }'.
src/features/operations/correspondence/CorrespondenceDetail.tsx(5,24): error TS2307: Cannot find module '../../common/Button' or its corresponding type declarations.
src/features/operations/correspondence/CorrespondenceDetail.tsx(6,26): error TS2307: Cannot find module '../../../context/ThemeContext' or its corresponding type declarations.
src/features/operations/correspondence/CorrespondenceDetail.tsx(8,35): error TS2307: Cannot find module '../../common/TaskCreationModal' or its corresponding type declarations.
src/features/operations/correspondence/CorrespondenceDetail.tsx(30,11): error TS2339: Property 'getBlob' does not exist on type '{ register: (blob: Blob | File) => string; revoke: (url: string) => void; }'.
src/features/operations/correspondence/CorrespondenceDetail.tsx(124,13): error TS2739: Type '{ id: DocketId; sequenceNumber: number; caseId: CaseId; date: string; type: "Filing"; title: string; description: string; filedBy: string; isSealed: false; }' is missing the following properties from type 'DocketEntry': dateFiled, entryDate
src/features/operations/correspondence/CorrespondenceDetail.tsx(151,10): error TS2322: Type '"DRAFT" | "Out for Service" | "OUT_FOR_SERVICE" | "ATTEMPTED" | "SERVED" | "NON_EST" | "FILED" | "RETURNED"' is not assignable to type '"DRAFT" | "OUT_FOR_SERVICE" | "ATTEMPTED" | "SERVED" | "NON_EST" | "FILED" | "RETURNED" | undefined'.
  Type '"Out for Service"' is not assignable to type '"DRAFT" | "OUT_FOR_SERVICE" | "ATTEMPTED" | "SERVED" | "NON_EST" | "FILED" | "RETURNED" | undefined'. Did you mean '"OUT_FOR_SERVICE"'?
src/features/operations/correspondence/CorrespondenceErrorBoundary.tsx(9,24): error TS2307: Cannot find module '../../common/Button' or its corresponding type declarations.
src/features/operations/correspondence/CorrespondenceErrorBoundary.tsx(10,26): error TS2307: Cannot find module '../../../context/ThemeContext' or its corresponding type declarations.
src/features/operations/correspondence/CorrespondenceManager.tsx(25,26): error TS2307: Cannot find module '../../../context/ThemeContext' or its corresponding type declarations.
src/features/operations/correspondence/CorrespondenceManager.tsx(32,28): error TS2307: Cannot find module '../../common/PageHeader' or its corresponding type declarations.
src/features/operations/correspondence/CorrespondenceManager.tsx(33,24): error TS2307: Cannot find module '../../common/Button' or its corresponding type declarations.
src/features/operations/correspondence/CorrespondenceSkeleton.tsx(8,26): error TS2307: Cannot find module '../../../context/ThemeContext' or its corresponding type declarations.
src/features/operations/correspondence/CreateServiceJobModal.tsx(3,23): error TS2307: Cannot find module '../../common/Modal' or its corresponding type declarations.
src/features/operations/correspondence/CreateServiceJobModal.tsx(4,24): error TS2307: Cannot find module '../../common/Button' or its corresponding type declarations.
src/features/operations/correspondence/CreateServiceJobModal.tsx(5,33): error TS2307: Cannot find module '../../common/Inputs' or its corresponding type declarations.
src/features/operations/correspondence/CreateServiceJobModal.tsx(10,26): error TS2307: Cannot find module '../../../context/ThemeContext' or its corresponding type declarations.
src/features/operations/correspondence/CreateServiceJobModal.tsx(26,24): error TS2749: 'ServiceStatus' refers to a value, but is being used as a type here. Did you mean 'typeof ServiceStatus'?
src/features/operations/correspondence/CreateServiceJobModal.tsx(69,11): error TS2820: Type '"Out for Service"' is not assignable to type '"DRAFT" | "OUT_FOR_SERVICE" | "ATTEMPTED" | "SERVED" | "NON_EST" | "FILED" | "RETURNED"'. Did you mean '"OUT_FOR_SERVICE"'?
src/features/operations/correspondence/CreateServiceJobModal.tsx(88,40): error TS2749: 'ServiceStatus' refers to a value, but is being used as a type here. Did you mean 'typeof ServiceStatus'?
src/features/operations/correspondence/CreateServiceJobModal.tsx(136,30): error TS18046: 'docs' is of type 'unknown'.
src/features/operations/correspondence/ServiceTracker.tsx(20,26): error TS2307: Cannot find module '../../../context/ThemeContext' or its corresponding type declarations.
src/features/operations/correspondence/ServiceTracker.tsx(23,22): error TS2307: Cannot find module '../../common/Card' or its corresponding type declarations.
src/features/operations/correspondence/ServiceTracker.tsx(24,23): error TS2307: Cannot find module '../../common/Badge' or its corresponding type declarations.
src/features/operations/crm/client-portal/ClientPortalActivity.tsx(2,26): error TS2307: Cannot find module '../../../../context/ThemeContext' or its corresponding type declarations.
src/features/operations/crm/client-portal/ClientPortalDocuments.tsx(2,26): error TS2307: Cannot find module '../../../../context/ThemeContext' or its corresponding type declarations.
src/features/operations/crm/client-portal/ClientPortalMessages.tsx(2,26): error TS2307: Cannot find module '../../../../context/ThemeContext' or its corresponding type declarations.
src/features/operations/crm/client-portal/ClientPortalSecurity.tsx(2,26): error TS2307: Cannot find module '../../../../context/ThemeContext' or its corresponding type declarations.
src/features/operations/crm/ClientAnalytics.tsx(2,22): error TS2307: Cannot find module '../../common/Card' or its corresponding type declarations.
src/features/operations/crm/ClientAnalytics.tsx(6,31): error TS2307: Cannot find module '../../common/ChartHelpers' or its corresponding type declarations.
src/features/operations/crm/ClientCard.tsx(4,23): error TS2307: Cannot find module '../../common/Badge' or its corresponding type declarations.
src/features/operations/crm/ClientCard.tsx(5,24): error TS2307: Cannot find module '../../common/Button' or its corresponding type declarations.
src/features/operations/crm/ClientCard.tsx(6,26): error TS2307: Cannot find module '../../common/Primitives' or its corresponding type declarations.
src/features/operations/crm/ClientCard.tsx(8,26): error TS2307: Cannot find module '../../../context/ThemeContext' or its corresponding type declarations.
src/features/operations/crm/ClientCard.tsx(25,29): error TS2367: This comparison appears to be unintentional because the types 'ClientStatus' and '"Active"' have no overlap.
src/features/operations/crm/ClientCRM.tsx(10,24): error TS2307: Cannot find module '../../common/Button' or its corresponding type declarations.
src/features/operations/crm/ClientCRM.tsx(14,49): error TS2307: Cannot find module '../../layout/TabbedPageLayout' or its corresponding type declarations.
src/features/operations/crm/ClientCRM.tsx(15,28): error TS2307: Cannot find module '../../common/LazyLoader' or its corresponding type declarations.
src/features/operations/crm/ClientCRM.tsx(45,11): error TS2322: Type '"Prospect"' is not assignable to type 'ClientStatus'.
src/features/operations/crm/ClientCRMContent.tsx(32,33): error TS2322: Type 'unknown' is not assignable to type 'unknown[]'.
src/features/operations/crm/ClientDirectory.tsx(4,31): error TS2307: Cannot find module '../../common/SearchToolbar' or its corresponding type declarations.
src/features/operations/crm/ClientDirectory.tsx(5,88): error TS2307: Cannot find module '../../common/Table' or its corresponding type declarations.
src/features/operations/crm/ClientDirectory.tsx(6,23): error TS2307: Cannot find module '../../common/Badge' or its corresponding type declarations.
src/features/operations/crm/ClientDirectory.tsx(7,24): error TS2307: Cannot find module '../../common/Button' or its corresponding type declarations.
src/features/operations/crm/ClientDirectory.tsx(8,26): error TS2307: Cannot find module '../../common/Primitives' or its corresponding type declarations.
src/features/operations/crm/ClientDirectory.tsx(10,26): error TS2307: Cannot find module '../../../context/ThemeContext' or its corresponding type declarations.
src/features/operations/crm/ClientDirectory.tsx(116,35): error TS2367: This comparison appears to be unintentional because the types 'ClientStatus' and '"Active"' have no overlap.
src/features/operations/crm/ClientIntakeModal.tsx(4,23): error TS2307: Cannot find module '../../common/Modal' or its corresponding type declarations.
src/features/operations/crm/ClientIntakeModal.tsx(5,24): error TS2307: Cannot find module '../../common/Button' or its corresponding type declarations.
src/features/operations/crm/ClientIntakeModal.tsx(6,23): error TS2307: Cannot find module '../../common/Inputs' or its corresponding type declarations.
src/features/operations/crm/ClientIntakeModal.tsx(7,26): error TS2307: Cannot find module '../../../context/ThemeContext' or its corresponding type declarations.
src/features/operations/crm/ClientPortalModal.tsx(5,26): error TS2307: Cannot find module '../../../context/ThemeContext' or its corresponding type declarations.
src/features/operations/crm/ClientPortalModal.tsx(7,24): error TS2307: Cannot find module '../../common/Button' or its corresponding type declarations.
src/features/operations/crm/ClientPortalModal.tsx(8,22): error TS2307: Cannot find module '../../common/Tabs' or its corresponding type declarations.
src/features/operations/crm/ClientPortalModal.tsx(9,28): error TS2307: Cannot find module '../../common/LazyLoader' or its corresponding type declarations.
src/features/operations/crm/CRMDashboard.tsx(25,26): error TS2307: Cannot find module '../../../context/ThemeContext' or its corresponding type declarations.
src/features/operations/crm/CRMDashboard.tsx(28,28): error TS2307: Cannot find module '../../common/Primitives' or its corresponding type declarations.
src/features/operations/crm/CRMDashboard.tsx(29,22): error TS2307: Cannot find module '../../common/Card' or its corresponding type declarations.
src/features/operations/crm/CRMPipeline.tsx(4,55): error TS2307: Cannot find module '../../common/Kanban' or its corresponding type declarations.
src/features/operations/crm/CRMPipeline.tsx(5,26): error TS2307: Cannot find module '../../../context/ThemeContext' or its corresponding type declarations.
src/features/operations/crm/CRMPipeline.tsx(17,11): error TS2339: Property 'notifySuccess' does not exist on type '{ success: (message: string) => void; error: (message: string) => void; info: (message: string) => void; warning: (message: string) => void; }'.
src/features/operations/crm/CRMPipeline.tsx(107,31): error TS7006: Parameter 'e' implicitly has an 'any' type.
src/features/operations/documents/AdvancedEditor.tsx(6,31): error TS2307: Cannot find module '../../common/EditorToolbar' or its corresponding type declarations.
src/features/operations/documents/AdvancedEditor.tsx(7,26): error TS2307: Cannot find module '../../../context/ThemeContext' or its corresponding type declarations.
src/features/operations/documents/DocumentAssembly.tsx(7,27): error TS2307: Cannot find module '../../../context/WindowContext' or its corresponding type declarations.
src/features/operations/documents/DocumentAssembly.tsx(13,26): error TS2307: Cannot find module '../../../context/ThemeContext' or its corresponding type declarations.
src/features/operations/documents/DocumentAssembly.tsx(56,59): error TS18046: 'newDoc' is of type 'unknown'.
src/features/operations/documents/DocumentAssembly.tsx(57,34): error TS2345: Argument of type 'unknown' is not assignable to parameter of type 'LegalDocument'.
src/features/operations/documents/DocumentDragOverlay.tsx(4,26): error TS2307: Cannot find module '../../../context/ThemeContext' or its corresponding type declarations.
src/features/operations/documents/DocumentExplorer.tsx(12,26): error TS2307: Cannot find module '../../../context/ThemeContext' or its corresponding type declarations.
src/features/operations/documents/DocumentExplorer.tsx(19,29): error TS2307: Cannot find module '../../common/VirtualGrid' or its corresponding type declarations.
src/features/operations/documents/DocumentExplorer.tsx(45,20): error TS2345: Argument of type 'LegalDocument[]' is not assignable to parameter of type 'Record<string, unknown>[]'.
  Type 'LegalDocument' is not assignable to type 'Record<string, unknown>'.
    Index signature for type 'string' is missing in type 'LegalDocument'.
src/features/operations/documents/DocumentFilters.tsx(7,26): error TS2307: Cannot find module '../../../context/ThemeContext' or its corresponding type declarations.
src/features/operations/documents/DocumentGridCard.tsx(4,26): error TS2307: Cannot find module '../../common/Primitives' or its corresponding type declarations.
src/features/operations/documents/DocumentGridCard.tsx(5,23): error TS2307: Cannot find module '../../common/Badge' or its corresponding type declarations.
src/features/operations/documents/DocumentGridCard.tsx(6,26): error TS2307: Cannot find module '../../../context/ThemeContext' or its corresponding type declarations.
src/features/operations/documents/DocumentManager.tsx(26,24): error TS2307: Cannot find module '../../common/Button' or its corresponding type declarations.
src/features/operations/documents/DocumentManager.tsx(27,49): error TS2307: Cannot find module '../../layout/TabbedPageLayout' or its corresponding type declarations.
src/features/operations/documents/DocumentManager.tsx(28,28): error TS2307: Cannot find module '../../common/LazyLoader' or its corresponding type declarations.
src/features/operations/documents/DocumentTemplates.tsx(4,24): error TS2307: Cannot find module '../../common/Button' or its corresponding type declarations.
src/features/operations/documents/DocumentTemplates.tsx(5,32): error TS2307: Cannot find module '../../common/AdaptiveLoader' or its corresponding type declarations.
src/features/operations/documents/DocumentTemplates.tsx(7,26): error TS2307: Cannot find module '../../../context/ThemeContext' or its corresponding type declarations.
src/features/operations/documents/DocumentToolbar.tsx(4,26): error TS2307: Cannot find module '../../../context/ThemeContext' or its corresponding type declarations.
src/features/operations/documents/DocumentToolbar.tsx(6,27): error TS2307: Cannot find module '../../../context/WindowContext' or its corresponding type declarations.
src/features/operations/documents/DocumentToolbar.tsx(7,28): error TS2307: Cannot find module '../../common/DiffViewer' or its corresponding type declarations.
src/features/operations/documents/DocumentVersions.tsx(6,26): error TS2307: Cannot find module '../../../context/ThemeContext' or its corresponding type declarations.
src/features/operations/documents/pdf/BatchProcessingView.tsx(4,28): error TS2307: Cannot find module '../../../common/EmptyState' or its corresponding type declarations.
src/features/operations/documents/pdf/BatchProcessingView.tsx(5,24): error TS2307: Cannot find module '../../../common/Button' or its corresponding type declarations.
src/features/operations/documents/pdf/FormsSigningView.tsx(8,27): error TS2307: Cannot find module '../../../common/PDFViewer' or its corresponding type declarations.
src/features/operations/documents/pdf/FormsSigningView.tsx(11,23): error TS2307: Cannot find module '../../../common/Modal' or its corresponding type declarations.
src/features/operations/documents/pdf/FormsSigningView.tsx(12,30): error TS2307: Cannot find module '../../../common/SignaturePad' or its corresponding type declarations.
src/features/operations/documents/pdf/FormsSigningView.tsx(13,24): error TS2307: Cannot find module '../../../common/Button' or its corresponding type declarations.
src/features/operations/documents/pdf/FormsSigningView.tsx(14,26): error TS2307: Cannot find module '../../../../context/ThemeContext' or its corresponding type declarations.
src/features/operations/documents/pdf/FormsSigningView.tsx(18,28): error TS2307: Cannot find module '../../../common/ErrorState' or its corresponding type declarations.
src/features/operations/documents/pdf/FormsSigningView.tsx(100,69): error TS2345: Argument of type '(f: Field) => Field' is not assignable to parameter of type '(value: { name: string; type: string; value: JsonValue; }, index: number, array: { name: string; type: string; value: JsonValue; }[]) => Field'.
  Types of parameters 'f' and 'value' are incompatible.
    Type '{ name: string; type: string; value: JsonValue; }' is missing the following properties from type 'Field': id, x, y
src/features/operations/documents/pdf/FormsSigningView.tsx(104,33): error TS2345: Argument of type '{ formFields: Field[]; id: DocumentId; title: string; description?: string; type: string; caseId: CaseId; creatorId?: UserId; ... 40 more ...; isEncrypted?: boolean; }' is not assignable to parameter of type 'SetStateAction<LegalDocument | null>'.
  Type '{ formFields: Field[]; id: DocumentId; title: string; description?: string; type: string; caseId: CaseId; creatorId?: UserId; ... 40 more ...; isEncrypted?: boolean; }' is not assignable to type 'LegalDocument'.
    Types of property 'formFields' are incompatible.
      Type 'Field[]' is not assignable to type '{ name: string; type: string; value: JsonValue; }[]'.
        Property 'name' is missing in type 'Field' but required in type '{ name: string; type: string; value: JsonValue; }'.
src/features/operations/documents/pdf/FormsSigningView.tsx(116,33): error TS2345: Argument of type '{ formFields: Field[]; id: DocumentId; title: string; description?: string; type: string; caseId: CaseId; creatorId?: UserId; ... 40 more ...; isEncrypted?: boolean; }' is not assignable to parameter of type 'SetStateAction<LegalDocument | null>'.
  Type '{ formFields: Field[]; id: DocumentId; title: string; description?: string; type: string; caseId: CaseId; creatorId?: UserId; ... 40 more ...; isEncrypted?: boolean; }' is not assignable to type 'LegalDocument'.
    Types of property 'formFields' are incompatible.
      Type 'Field[]' is not assignable to type '{ name: string; type: string; value: JsonValue; }[]'.
        Property 'name' is missing in type 'Field' but required in type '{ name: string; type: string; value: JsonValue; }'.
src/features/operations/documents/pdf/FormsSigningView.tsx(203,37): error TS2322: Type '{ name: string; type: string; value: JsonValue; }[]' is not assignable to type 'Field[]'.
  Type '{ name: string; type: string; value: JsonValue; }' is missing the following properties from type 'Field': id, x, y
src/features/operations/documents/pdf/PDFEditorView.tsx(8,27): error TS2307: Cannot find module '../../../common/PDFViewer' or its corresponding type declarations.
src/features/operations/documents/pdf/PDFEditorView.tsx(9,41): error TS2307: Cannot find module '../../preview/AcrobatToolbar' or its corresponding type declarations.
src/features/operations/documents/pdf/PDFEditorView.tsx(10,36): error TS2307: Cannot find module '../../preview/InteractiveOverlay' or its corresponding type declarations.
src/features/operations/documents/pdf/PDFEditorView.tsx(11,23): error TS2307: Cannot find module '../../../common/Modal' or its corresponding type declarations.
src/features/operations/documents/pdf/PDFEditorView.tsx(12,30): error TS2307: Cannot find module '../../../common/SignaturePad' or its corresponding type declarations.
src/features/operations/documents/pdf/PDFEditorView.tsx(13,24): error TS2307: Cannot find module '../../../common/Button' or its corresponding type declarations.
src/features/operations/documents/pdf/PDFEditorView.tsx(15,26): error TS2307: Cannot find module '../../../../context/ThemeContext' or its corresponding type declarations.
src/features/operations/documents/pdf/PDFEditorView.tsx(19,28): error TS2307: Cannot find module '../../../common/ErrorState' or its corresponding type declarations.
src/features/operations/documents/pdf/PDFEditorView.tsx(61,66): error TS18047: 'documentSelection.selected' is possibly 'null'.
src/features/operations/documents/pdf/PDFEditorView.tsx(77,13): error TS18046: 'field' is of type 'unknown'.
src/features/operations/documents/pdf/PDFEditorView.tsx(77,43): error TS18046: 'field' is of type 'unknown'.
src/features/operations/documents/pdf/PDFEditorView.tsx(85,25): error TS2339: Property 'value' does not exist on type '{}'.
src/features/operations/documents/pdf/RedactionStudioView.tsx(9,27): error TS2307: Cannot find module '../../../common/PDFViewer' or its corresponding type declarations.
src/features/operations/documents/pdf/RedactionStudioView.tsx(10,26): error TS2307: Cannot find module '../../preview/PIIPanel' or its corresponding type declarations.
src/features/operations/documents/pdf/RedactionStudioView.tsx(12,26): error TS2307: Cannot find module '../../../../context/ThemeContext' or its corresponding type declarations.
src/features/operations/documents/pdf/RedactionStudioView.tsx(15,28): error TS2307: Cannot find module '../../../common/ErrorState' or its corresponding type declarations.
src/features/operations/documents/pdf/RedactionStudioView.tsx(44,66): error TS18047: 'documentSelection.selected' is possibly 'null'.
src/features/operations/documents/preview/AcrobatToolbar.tsx(8,26): error TS2307: Cannot find module '../../../../context/ThemeContext' or its corresponding type declarations.
src/features/operations/documents/preview/AcrobatToolbar.tsx(70,47): error TS2345: Argument of type '(prev: number) => number' is not assignable to parameter of type 'number'.
src/features/operations/documents/preview/AcrobatToolbar.tsx(72,47): error TS2345: Argument of type '(prev: number) => number' is not assignable to parameter of type 'number'.
src/features/operations/documents/preview/AcrobatToolbar.tsx(76,48): error TS2345: Argument of type '(prev: number) => number' is not assignable to parameter of type 'number'.
src/features/operations/documents/preview/AcrobatToolbar.tsx(77,48): error TS2345: Argument of type '(prev: number) => number' is not assignable to parameter of type 'number'.
src/features/operations/documents/preview/AcrobatToolbar.tsx(81,45): error TS2345: Argument of type '(prev: number) => number' is not assignable to parameter of type 'number'.
src/features/operations/documents/preview/AcrobatToolbar.tsx(83,45): error TS2345: Argument of type '(prev: number) => number' is not assignable to parameter of type 'number'.
src/features/operations/documents/preview/InteractiveOverlay.tsx(6,26): error TS2307: Cannot find module '../../../../context/ThemeContext' or its corresponding type declarations.
src/features/operations/documents/preview/PIIPanel.tsx(4,24): error TS2307: Cannot find module '../../../common/Button' or its corresponding type declarations.
src/features/operations/documents/preview/PIIPanel.tsx(5,26): error TS2307: Cannot find module '../../../../context/ThemeContext' or its corresponding type declarations.
src/features/operations/documents/preview/PreviewContent.tsx(3,26): error TS2307: Cannot find module '../../../common/Primitives' or its corresponding type declarations.
src/features/operations/documents/preview/PreviewContent.tsx(4,27): error TS2307: Cannot find module '../../../common/PDFViewer' or its corresponding type declarations.
src/features/operations/documents/preview/PreviewContent.tsx(7,23): error TS2307: Cannot find module '../../../common/Modal' or its corresponding type declarations.
src/features/operations/documents/preview/PreviewContent.tsx(8,30): error TS2307: Cannot find module '../../../common/SignaturePad' or its corresponding type declarations.
src/features/operations/documents/preview/PreviewContent.tsx(9,24): error TS2307: Cannot find module '../../../common/Button' or its corresponding type declarations.
src/features/operations/documents/preview/PreviewContent.tsx(10,26): error TS2307: Cannot find module '../../../../context/ThemeContext' or its corresponding type declarations.
src/features/operations/documents/preview/PreviewHeader.tsx(4,26): error TS2307: Cannot find module '../../../common/Primitives' or its corresponding type declarations.
src/features/operations/documents/preview/PreviewHeader.tsx(6,26): error TS2307: Cannot find module '../../../../context/ThemeContext' or its corresponding type declarations.
src/features/operations/documents/RecentFiles.tsx(3,88): error TS2307: Cannot find module '../../common/Table' or its corresponding type declarations.
src/features/operations/documents/RecentFiles.tsx(4,26): error TS2307: Cannot find module '../../common/Primitives' or its corresponding type declarations.
src/features/operations/documents/RecentFiles.tsx(5,24): error TS2307: Cannot find module '../../common/Button' or its corresponding type declarations.
src/features/operations/documents/RecentFiles.tsx(7,28): error TS2307: Cannot find module '../../common/EmptyState' or its corresponding type declarations.
src/features/operations/documents/RecentFiles.tsx(10,26): error TS2307: Cannot find module '../../../context/ThemeContext' or its corresponding type declarations.
src/features/operations/documents/table/DocumentRow.tsx(5,23): error TS2307: Cannot find module '../../../common/Badge' or its corresponding type declarations.
src/features/operations/documents/table/DocumentRow.tsx(6,35): error TS2307: Cannot find module '../../../common/Primitives' or its corresponding type declarations.
src/features/operations/documents/table/DocumentRow.tsx(7,37): error TS2307: Cannot find module '../../../common/Table' or its corresponding type declarations.
src/features/operations/documents/table/DocumentTable.tsx(5,23): error TS2307: Cannot find module '../../../common/Modal' or its corresponding type declarations.
src/features/operations/documents/table/DocumentTable.tsx(6,30): error TS2307: Cannot find module '../../../common/RuleSelector' or its corresponding type declarations.
src/features/operations/documents/table/DocumentTable.tsx(7,24): error TS2307: Cannot find module '../../../common/Button' or its corresponding type declarations.
src/features/operations/documents/table/DocumentTable.tsx(9,26): error TS2307: Cannot find module '../../../../context/ThemeContext' or its corresponding type declarations.
src/features/operations/documents/table/DocumentTable.tsx(11,29): error TS2307: Cannot find module '../../../common/VirtualList' or its corresponding type declarations.
src/features/operations/documents/TagManagementModal.tsx(3,23): error TS2307: Cannot find module '../../common/Modal' or its corresponding type declarations.
src/features/operations/documents/TagManagementModal.tsx(4,24): error TS2307: Cannot find module '../../common/Button' or its corresponding type declarations.
src/features/operations/documents/TagManagementModal.tsx(7,26): error TS2307: Cannot find module '../../../context/ThemeContext' or its corresponding type declarations.
src/features/operations/documents/viewer/DocumentPreviewPanel.tsx(27,26): error TS2307: Cannot find module '../../../../context/ThemeContext' or its corresponding type declarations.
src/features/operations/documents/viewer/DocumentPreviewPanel.tsx(28,27): error TS2307: Cannot find module '../../../../context/WindowContext' or its corresponding type declarations.
src/features/operations/documents/viewer/DocumentPreviewPanel.tsx(33,25): error TS2307: Cannot find module '../../../common/Primitives' or its corresponding type declarations.
src/features/operations/documents/viewer/DocumentPreviewPanel.tsx(34,24): error TS2307: Cannot find module '../../../common/Button' or its corresponding type declarations.
src/features/operations/messenger/ChatHeader.tsx(20,26): error TS2307: Cannot find module '../../../context/ThemeContext' or its corresponding type declarations.
src/features/operations/messenger/ChatHeader.tsx(24,28): error TS2307: Cannot find module '../../common/UserAvatar' or its corresponding type declarations.
src/features/operations/messenger/ChatHeader.tsx(25,24): error TS2307: Cannot find module '../../common/Button' or its corresponding type declarations.
src/features/operations/messenger/ChatInput.tsx(20,26): error TS2307: Cannot find module '../../../context/ThemeContext' or its corresponding type declarations.
src/features/operations/messenger/ConversationRow.tsx(4,28): error TS2307: Cannot find module '../../common/UserAvatar' or its corresponding type declarations.
src/features/operations/messenger/ConversationRow.tsx(6,26): error TS2307: Cannot find module '../../../context/ThemeContext' or its corresponding type declarations.
src/features/operations/messenger/MessageList.tsx(19,26): error TS2307: Cannot find module '../../../context/ThemeContext' or its corresponding type declarations.
src/features/operations/messenger/MessageList.tsx(23,32): error TS2307: Cannot find module '../../common/FileAttachment' or its corresponding type declarations.
src/features/operations/messenger/MessageList.tsx(24,28): error TS2307: Cannot find module '../../common/ChatBubble' or its corresponding type declarations.
src/features/operations/messenger/MessengerArchived.tsx(4,26): error TS2307: Cannot find module '../../../context/ThemeContext' or its corresponding type declarations.
src/features/operations/messenger/MessengerChatList.tsx(4,24): error TS2307: Cannot find module '../../common/Button' or its corresponding type declarations.
src/features/operations/messenger/MessengerChatList.tsx(5,31): error TS2307: Cannot find module '../../common/SearchToolbar' or its corresponding type declarations.
src/features/operations/messenger/MessengerChatList.tsx(7,26): error TS2307: Cannot find module '../../../context/ThemeContext' or its corresponding type declarations.
src/features/operations/messenger/MessengerChatList.tsx(9,29): error TS2307: Cannot find module '../../common/VirtualList' or its corresponding type declarations.
src/features/operations/messenger/MessengerChatList.tsx(10,27): error TS2307: Cannot find module '../../../context/WindowContext' or its corresponding type declarations.
src/features/operations/messenger/MessengerChatWindow.tsx(23,26): error TS2307: Cannot find module '../../../context/ThemeContext' or its corresponding type declarations.
src/features/operations/messenger/MessengerChatWindow.tsx(25,27): error TS2307: Cannot find module '../../../context/WindowContext' or its corresponding type declarations.
src/features/operations/messenger/MessengerChatWindow.tsx(33,32): error TS2307: Cannot find module '../../common/FileAttachment' or its corresponding type declarations.
src/features/operations/messenger/MessengerContacts.tsx(4,88): error TS2307: Cannot find module '../../common/Table' or its corresponding type declarations.
src/features/operations/messenger/MessengerContacts.tsx(5,28): error TS2307: Cannot find module '../../common/UserAvatar' or its corresponding type declarations.
src/features/operations/messenger/MessengerContacts.tsx(6,23): error TS2307: Cannot find module '../../common/Badge' or its corresponding type declarations.
src/features/operations/messenger/MessengerContacts.tsx(7,24): error TS2307: Cannot find module '../../common/Button' or its corresponding type declarations.
src/features/operations/messenger/MessengerContacts.tsx(8,31): error TS2307: Cannot find module '../../common/SearchToolbar' or its corresponding type declarations.
src/features/operations/messenger/MessengerContacts.tsx(9,26): error TS2307: Cannot find module '../../../context/ThemeContext' or its corresponding type declarations.
src/features/operations/messenger/MessengerFiles.tsx(3,31): error TS2307: Cannot find module '../../common/SearchToolbar' or its corresponding type declarations.
src/features/operations/messenger/MessengerFiles.tsx(4,32): error TS2307: Cannot find module '../../common/FileAttachment' or its corresponding type declarations.
src/features/operations/messenger/MessengerFiles.tsx(6,28): error TS2307: Cannot find module '../../common/EmptyState' or its corresponding type declarations.
src/features/operations/messenger/MessengerFiles.tsx(8,26): error TS2307: Cannot find module '../../../context/ThemeContext' or its corresponding type declarations.
src/features/operations/messenger/MessengerInbox.tsx(24,27): error TS2307: Cannot find module '../../layout/SplitView' or its corresponding type declarations.
src/features/operations/messenger/SecureMessenger.tsx(20,26): error TS2307: Cannot find module '../../../context/ThemeContext' or its corresponding type declarations.
src/features/operations/messenger/SecureMessenger.tsx(28,28): error TS2307: Cannot find module '../../common/PageHeader' or its corresponding type declarations.
src/features/profile/AccessMatrixEditor.tsx(25,88): error TS2307: Cannot find module '../common/Table' or its corresponding type declarations.
src/features/profile/AccessMatrixEditor.tsx(26,24): error TS2307: Cannot find module '../common/Button' or its corresponding type declarations.
src/features/profile/AccessMatrixEditor.tsx(27,23): error TS2307: Cannot find module '../common/Badge' or its corresponding type declarations.
src/features/profile/AccessMatrixEditor.tsx(28,23): error TS2307: Cannot find module '../common/Modal' or its corresponding type declarations.
src/features/profile/AccessMatrixEditor.tsx(29,31): error TS2307: Cannot find module '../common/ConfirmDialog' or its corresponding type declarations.
src/features/profile/AccessMatrixEditor.tsx(30,23): error TS2307: Cannot find module '../common/Inputs' or its corresponding type declarations.
src/features/profile/AccessMatrixEditor.tsx(33,26): error TS2307: Cannot find module '../../context/ThemeContext' or its corresponding type declarations.
src/features/profile/PreferencePane.tsx(25,22): error TS2307: Cannot find module '../common/Card' or its corresponding type declarations.
src/features/profile/PreferencePane.tsx(28,26): error TS2307: Cannot find module '../../context/ThemeContext' or its corresponding type declarations.
src/features/profile/ProfileOverview.tsx(20,26): error TS2307: Cannot find module '../../context/ThemeContext' or its corresponding type declarations.
src/features/profile/ProfileOverview.tsx(23,28): error TS2307: Cannot find module '../common/UserAvatar' or its corresponding type declarations.
src/features/profile/ProfileOverview.tsx(24,22): error TS2307: Cannot find module '../common/Card' or its corresponding type declarations.
src/features/profile/ProfileOverview.tsx(25,23): error TS2307: Cannot find module '../common/Badge' or its corresponding type declarations.
src/features/profile/SecurityPane.tsx(24,22): error TS2307: Cannot find module '../common/Card' or its corresponding type declarations.
src/features/profile/SecurityPane.tsx(25,24): error TS2307: Cannot find module '../common/Button' or its corresponding type declarations.
src/features/profile/SecurityPane.tsx(28,26): error TS2307: Cannot find module '../../context/ThemeContext' or its corresponding type declarations.
src/features/profile/UserProfileManager.tsx(24,34): error TS2307: Cannot find module '../layout/TabbedPageLayout' or its corresponding type declarations.
src/features/profile/UserProfileManager.tsx(29,28): error TS2307: Cannot find module '../common/LazyLoader' or its corresponding type declarations.
src/features/profile/UserProfileManager.tsx(35,26): error TS2307: Cannot find module '../../context/ThemeContext' or its corresponding type declarations.
src/features/visual/GraphOverlay.tsx(20,26): error TS2307: Cannot find module '../../context/ThemeContext' or its corresponding type declarations.
src/features/visual/GraphOverlay.tsx(23,24): error TS2307: Cannot find module '../common/Button' or its corresponding type declarations.
src/features/visual/NexusGraph.tsx(19,26): error TS2307: Cannot find module '../../context/ThemeContext' or its corresponding type declarations.
src/features/visual/NexusGraph.tsx(21,31): error TS2307: Cannot find module '../common/ChartHelpers' or its corresponding type declarations.
src/features/visual/NexusInspector.tsx(20,26): error TS2307: Cannot find module '../../context/ThemeContext' or its corresponding type declarations.
src/features/visual/NexusInspector.tsx(23,24): error TS2307: Cannot find module '../common/Button' or its corresponding type declarations.
src/hooks/useAdaptiveLoading.ts(191,9): error TS2322: Type 'unknown' is not assignable to type 'T'.
  'T' could be instantiated with an arbitrary type which could be unrelated to 'unknown'.
src/hooks/useAppController.ts(27,37): error TS2307: Cannot find module '../services/api' or its corresponding type declarations.
src/hooks/useAppController.ts(31,26): error TS2307: Cannot find module '../context/ToastContext' or its corresponding type declarations.
src/hooks/useAutoSave.ts(69,46): error TS2345: Argument of type '(dataToSave: T) => Promise<void>' is not assignable to parameter of type '(...args: unknown[]) => any'.
  Types of parameters 'dataToSave' and 'args' are incompatible.
    Type 'unknown' is not assignable to type 'T'.
      'T' could be instantiated with an arbitrary type which could be unrelated to 'unknown'.
src/hooks/useBackendHealth.ts(136,55): error TS2345: Argument of type '() => BackendStatus | { available: false; healthy: false; lastChecked: string; latency: null; version: null; error: string; }' is not assignable to parameter of type 'BackendStatus | (() => BackendStatus)'.
  Type '() => BackendStatus | { available: false; healthy: false; lastChecked: string; latency: null; version: null; error: string; }' is not assignable to type '() => BackendStatus'.
    Type 'BackendStatus | { available: false; healthy: false; lastChecked: string; latency: null; version: null; error: string; }' is not assignable to type 'BackendStatus'.
      Type '{ available: false; healthy: false; lastChecked: string; latency: null; version: null; error: string; }' is not assignable to type 'BackendStatus'.
        Types of property 'lastChecked' are incompatible.
          Type 'string' is not assignable to type 'Date'.
src/hooks/useCaseDetail.ts(65,90): error TS2367: This comparison appears to be unintentional because the types 'TaskStatusBackend' and '"Done"' have no overlap.
src/hooks/useCaseDetail.ts(66,90): error TS2367: This comparison appears to be unintentional because the types 'TaskStatusBackend' and '"Done"' have no overlap.
src/hooks/useCaseDetail.ts(177,29): error TS2367: This comparison appears to be unintentional because the types 'TaskStatusBackend' and '"Done"' have no overlap.
src/hooks/useCaseOverview.ts(77,13): error TS2322: Type '"Appeal"' is not assignable to type 'MatterType'.
src/hooks/useDataServiceCleanup.ts(95,42): error TS2345: Argument of type '{ refactoredSingletons: number; refactoredKeys: string[]; legacyRepositories: number; totalRepositories: number; estimatedMemoryKB: number; repositoryCount: number; totalListeners: number; repositories: { ...; }[]; } | { ...; }' is not assignable to parameter of type 'SetStateAction<{ repositoryCount: number; totalListeners: number; refactoredSingletons: number; legacyRepositories: number; totalRepositories: number; estimatedMemoryKB: number; repositories: { name: string; listeners: number; }[]; refactoredKeys: string[]; }>'.
  Type '{ refactoredSingletons: number; refactoredKeys: never[]; legacyRepositories: number; totalListeners: number; totalRepositories: number; estimatedMemoryKB: number; repositories: never[]; }' is not assignable to type 'SetStateAction<{ repositoryCount: number; totalListeners: number; refactoredSingletons: number; legacyRepositories: number; totalRepositories: number; estimatedMemoryKB: number; repositories: { name: string; listeners: number; }[]; refactoredKeys: string[]; }>'.
    Property 'repositoryCount' is missing in type '{ refactoredSingletons: number; refactoredKeys: never[]; legacyRepositories: number; totalListeners: number; totalRepositories: number; estimatedMemoryKB: number; repositories: never[]; }' but required in type '{ repositoryCount: number; totalListeners: number; refactoredSingletons: number; legacyRepositories: number; totalRepositories: number; estimatedMemoryKB: number; repositories: Array<{ name: string; listeners: number; }>; refactoredKeys: string[]; }'.
src/hooks/useDocumentManager.ts(384,59): error TS2345: Argument of type 'LegalDocument[] | ((prev: LegalDocument[]) => LegalDocument[])' is not assignable to parameter of type 'LegalDocument[] | ((old: LegalDocument[] | undefined) => LegalDocument[])'.
  Type '(prev: LegalDocument[]) => LegalDocument[]' is not assignable to type 'LegalDocument[] | ((old: LegalDocument[] | undefined) => LegalDocument[])'.
    Type '(prev: LegalDocument[]) => LegalDocument[]' is not assignable to type '(old: LegalDocument[] | undefined) => LegalDocument[]'.
      Types of parameters 'prev' and 'old' are incompatible.
        Type 'LegalDocument[] | undefined' is not assignable to type 'LegalDocument[]'.
          Type 'undefined' is not assignable to type 'LegalDocument[]'.
src/hooks/useEvidenceVault.ts(391,32): error TS2339: Property 'custodian' does not exist on type 'ChainOfCustodyEvent'.
src/hooks/useEvidenceVault.ts(391,55): error TS2339: Property 'timestamp' does not exist on type 'ChainOfCustodyEvent'.
src/hooks/useEvidenceVault.ts(401,29): error TS2339: Property 'custodian' does not exist on type 'ChainOfCustodyEvent'.
src/hooks/useEvidenceVault.ts(448,13): error TS2339: Property 'evidenceNumber' does not exist on type 'EvidenceItem'.
src/hooks/useEvidenceVault.ts(449,13): error TS2339: Property 'batesNumber' does not exist on type 'EvidenceItem'.
src/hooks/useEvidenceVault.ts(465,13): error TS2339: Property 'currentCustodian' does not exist on type 'EvidenceItem'.
src/hooks/useFormValidation.ts(173,11): error TS2345: Argument of type '(value: T[keyof T]) => Promise<boolean>' is not assignable to parameter of type '(...args: unknown[]) => any'.
  Types of parameters 'value' and 'args' are incompatible.
    Type 'unknown' is not assignable to type 'T[keyof T]'.
      'unknown' is assignable to the constraint of type 'T[keyof T]', but 'T[keyof T]' could be instantiated with a different subtype of constraint 'any'.
src/hooks/useKeyboardShortcuts.ts(84,71): error TS2339: Property 'onUndo' does not exist on type 'KeyboardShortcutHandlers | Record<string, () => void> | ShortcutConfig[]'.
  Property 'onUndo' does not exist on type 'ShortcutConfig[]'.
src/hooks/useKeyboardShortcuts.ts(86,18): error TS2339: Property 'onUndo' does not exist on type 'KeyboardShortcutHandlers | Record<string, () => void> | ShortcutConfig[]'.
  Property 'onUndo' does not exist on type 'ShortcutConfig[]'.
src/hooks/useKeyboardShortcuts.ts(91,71): error TS2339: Property 'onRedo' does not exist on type 'KeyboardShortcutHandlers | Record<string, () => void> | ShortcutConfig[]'.
  Property 'onRedo' does not exist on type 'ShortcutConfig[]'.
src/hooks/useKeyboardShortcuts.ts(93,18): error TS2339: Property 'onRedo' does not exist on type 'KeyboardShortcutHandlers | Record<string, () => void> | ShortcutConfig[]'.
  Property 'onRedo' does not exist on type 'ShortcutConfig[]'.
src/hooks/useKeyboardShortcuts.ts(100,18): error TS2339: Property 'onDelete' does not exist on type 'KeyboardShortcutHandlers | Record<string, () => void> | ShortcutConfig[]'.
  Property 'onDelete' does not exist on type 'ShortcutConfig[]'.
src/hooks/useKeyboardShortcuts.ts(105,18): error TS2339: Property 'onDelete' does not exist on type 'KeyboardShortcutHandlers | Record<string, () => void> | ShortcutConfig[]'.
  Property 'onDelete' does not exist on type 'ShortcutConfig[]'.
src/hooks/useKeyboardShortcuts.ts(110,71): error TS2339: Property 'onCopy' does not exist on type 'KeyboardShortcutHandlers | Record<string, () => void> | ShortcutConfig[]'.
  Property 'onCopy' does not exist on type 'ShortcutConfig[]'.
src/hooks/useKeyboardShortcuts.ts(112,18): error TS2339: Property 'onCopy' does not exist on type 'KeyboardShortcutHandlers | Record<string, () => void> | ShortcutConfig[]'.
  Property 'onCopy' does not exist on type 'ShortcutConfig[]'.
src/hooks/useKeyboardShortcuts.ts(117,72): error TS2339: Property 'onPaste' does not exist on type 'KeyboardShortcutHandlers | Record<string, () => void> | ShortcutConfig[]'.
  Property 'onPaste' does not exist on type 'ShortcutConfig[]'.
src/hooks/useKeyboardShortcuts.ts(119,18): error TS2339: Property 'onPaste' does not exist on type 'KeyboardShortcutHandlers | Record<string, () => void> | ShortcutConfig[]'.
  Property 'onPaste' does not exist on type 'ShortcutConfig[]'.
src/hooks/useKeyboardShortcuts.ts(124,76): error TS2339: Property 'onDuplicate' does not exist on type 'KeyboardShortcutHandlers | Record<string, () => void> | ShortcutConfig[]'.
  Property 'onDuplicate' does not exist on type 'ShortcutConfig[]'.
src/hooks/useKeyboardShortcuts.ts(126,18): error TS2339: Property 'onDuplicate' does not exist on type 'KeyboardShortcutHandlers | Record<string, () => void> | ShortcutConfig[]'.
  Property 'onDuplicate' does not exist on type 'ShortcutConfig[]'.
src/hooks/useKeyboardShortcuts.ts(131,77): error TS2339: Property 'onSelectAll' does not exist on type 'KeyboardShortcutHandlers | Record<string, () => void> | ShortcutConfig[]'.
  Property 'onSelectAll' does not exist on type 'ShortcutConfig[]'.
src/hooks/useKeyboardShortcuts.ts(133,18): error TS2339: Property 'onSelectAll' does not exist on type 'KeyboardShortcutHandlers | Record<string, () => void> | ShortcutConfig[]'.
  Property 'onSelectAll' does not exist on type 'ShortcutConfig[]'.
src/hooks/useKeyboardShortcuts.ts(138,74): error TS2339: Property 'onZoomIn' does not exist on type 'KeyboardShortcutHandlers | Record<string, () => void> | ShortcutConfig[]'.
  Property 'onZoomIn' does not exist on type 'ShortcutConfig[]'.
src/hooks/useKeyboardShortcuts.ts(140,18): error TS2339: Property 'onZoomIn' does not exist on type 'KeyboardShortcutHandlers | Record<string, () => void> | ShortcutConfig[]'.
  Property 'onZoomIn' does not exist on type 'ShortcutConfig[]'.
src/hooks/useKeyboardShortcuts.ts(145,75): error TS2339: Property 'onZoomOut' does not exist on type 'KeyboardShortcutHandlers | Record<string, () => void> | ShortcutConfig[]'.
  Property 'onZoomOut' does not exist on type 'ShortcutConfig[]'.
src/hooks/useKeyboardShortcuts.ts(147,18): error TS2339: Property 'onZoomOut' does not exist on type 'KeyboardShortcutHandlers | Record<string, () => void> | ShortcutConfig[]'.
  Property 'onZoomOut' does not exist on type 'ShortcutConfig[]'.
src/hooks/useKeyboardShortcuts.ts(152,77): error TS2339: Property 'onZoomReset' does not exist on type 'KeyboardShortcutHandlers | Record<string, () => void> | ShortcutConfig[]'.
  Property 'onZoomReset' does not exist on type 'ShortcutConfig[]'.
src/hooks/useKeyboardShortcuts.ts(154,18): error TS2339: Property 'onZoomReset' does not exist on type 'KeyboardShortcutHandlers | Record<string, () => void> | ShortcutConfig[]'.
  Property 'onZoomReset' does not exist on type 'ShortcutConfig[]'.
src/hooks/useKeyboardShortcuts.ts(159,71): error TS2339: Property 'onSave' does not exist on type 'KeyboardShortcutHandlers | Record<string, () => void> | ShortcutConfig[]'.
  Property 'onSave' does not exist on type 'ShortcutConfig[]'.
src/hooks/useKeyboardShortcuts.ts(161,18): error TS2339: Property 'onSave' does not exist on type 'KeyboardShortcutHandlers | Record<string, () => void> | ShortcutConfig[]'.
  Property 'onSave' does not exist on type 'ShortcutConfig[]'.
src/hooks/useListNavigation.ts(295,5): error TS2322: Type '(index: number) => { tabIndex: number; 'data-index': number; 'aria-selected': boolean; onKeyDown: (e: React.KeyboardEvent) => void; } | undefined' is not assignable to type '(index: number) => { tabIndex: number; 'data-index': number; 'aria-selected': boolean; onKeyDown: (e: KeyboardEvent<Element>) => void; }'.
  Type '{ tabIndex: number; 'data-index': number; 'aria-selected': boolean; onKeyDown: (e: KeyboardEvent<Element>) => void; } | undefined' is not assignable to type '{ tabIndex: number; 'data-index': number; 'aria-selected': boolean; onKeyDown: (e: KeyboardEvent<Element>) => void; }'.
    Type 'undefined' is not assignable to type '{ tabIndex: number; 'data-index': number; 'aria-selected': boolean; onKeyDown: (e: KeyboardEvent<Element>) => void; }'.
src/hooks/useLitigationBuilder.ts(34,26): error TS2307: Cannot find module '../data/mockLitigationPlaybooks' or its corresponding type declarations.
src/hooks/useLitigationBuilder.ts(147,27): error TS2304: Cannot find name 'TaskStatusBackend'.
src/hooks/useLitigationBuilder.ts(148,19): error TS2322: Type 'string | number | true | JsonObject | JsonArray' is not assignable to type 'string | undefined'.
  Type 'number' is not assignable to type 'string'.
src/hooks/useLitigationBuilder.ts(149,29): error TS2304: Cannot find name 'TaskPriorityBackend'.
src/hooks/useLitigationBuilder.ts(168,30): error TS7006: Parameter 'stage' implicitly has an 'any' type.
src/hooks/useLitigationBuilder.ts(168,37): error TS7006: Parameter 'idx' implicitly has an 'any' type.
src/hooks/useLitigationBuilder.ts(182,36): error TS7006: Parameter 'task' implicitly has an 'any' type.
src/hooks/useLitigationBuilder.ts(182,42): error TS7006: Parameter 'taskIdx' implicitly has an 'any' type.
src/hooks/useNexusGraph.ts(164,76): error TS2339: Property 'strength' does not exist on type '{ source: string; target: string; }'.
src/hooks/useNotify.ts(20,26): error TS2307: Cannot find module '../context/ToastContext' or its corresponding type declarations.
src/hooks/useSecureMessenger.ts(27,25): error TS2307: Cannot find module '../services/api/messaging-api' or its corresponding type declarations.
src/hooks/useSelection.ts(125,38): error TS2571: Object is of type 'unknown'.
src/hooks/useSelection.ts(201,26): error TS2345: Argument of type 'string | number | symbol' is not assignable to parameter of type 'string | symbol'.
  Type 'number' is not assignable to type 'string | symbol'.
src/hooks/useSLAMonitoring.ts(67,9): error TS18046: 'tasks' is of type 'unknown'.
src/hooks/useSLAMonitoring.ts(68,21): error TS18046: 'tasks' is of type 'unknown'.
src/hooks/useSLAMonitoring.ts(69,43): error TS2367: This comparison appears to be unintentional because the types 'TaskStatusBackend' and '"Done"' have no overlap.
src/hooks/useStrategyCanvas.ts(12,33): error TS2307: Cannot find module '../components/common/ContextMenu' or its corresponding type declarations.
src/hooks/useStrategyCanvas.ts(19,8): error TS2307: Cannot find module '../components/litigation/utils' or its corresponding type declarations.
src/hooks/useStrategyCanvas.ts(341,11): error TS7006: Parameter 'id' implicitly has an 'any' type.
src/hooks/useStrategyCanvas.ts(345,11): error TS7006: Parameter 'id' implicitly has an 'any' type.
src/hooks/useSync.ts(2,46): error TS2307: Cannot find module '../context/SyncContext' or its corresponding type declarations.
src/hooks/useTimeTracker.ts(365,13): error TS2741: Property 'billable' is missing in type '{ id: UUID; caseId: CaseId; userId: UserId; date: string; duration: number; description: string; rate: number; total: number; status: string; }' but required in type 'TimeEntry'.
src/hooks/useTrustAccounts.ts(18,10): error TS2305: Module '"../services/infrastructure/queryClient"' has no exported member 'useQuery'.
src/hooks/useTrustAccounts.ts(18,20): error TS2305: Module '"../services/infrastructure/queryClient"' has no exported member 'useMutation'.
src/hooks/useTrustAccounts.ts(18,33): error TS2724: '"../services/infrastructure/queryClient"' has no exported member named 'useQueryClient'. Did you mean 'queryClient'?
src/hooks/useTrustAccounts.ts(18,54): error TS2305: Module '"../services/infrastructure/queryClient"' has no exported member 'UseQueryResult'.
src/hooks/useTrustAccounts.ts(19,34): error TS2307: Cannot find module '../services/api/trust-accounts-api' or its corresponding type declarations.
src/hooks/useTrustAccounts.ts(127,29): error TS7006: Parameter 'sum' implicitly has an 'any' type.
src/hooks/useTrustAccounts.ts(127,34): error TS7006: Parameter 'account' implicitly has an 'any' type.
src/hooks/useTrustAccounts.ts(131,29): error TS7006: Parameter 'acc' implicitly has an 'any' type.
src/hooks/useTrustAccounts.ts(135,29): error TS7006: Parameter 'acc' implicitly has an 'any' type.
src/hooks/useTrustAccounts.ts(140,29): error TS7006: Parameter 'acc' implicitly has an 'any' type.
src/hooks/useTrustAccounts.ts(154,23): error TS7006: Parameter 'account' implicitly has an 'any' type.
src/hooks/useTrustAccounts.ts(296,16): error TS7006: Parameter 'tx' implicitly has an 'any' type.
src/hooks/useTrustAccounts.ts(297,16): error TS7006: Parameter 'sum' implicitly has an 'any' type.
src/hooks/useTrustAccounts.ts(297,21): error TS7006: Parameter 'tx' implicitly has an 'any' type.
src/hooks/useTrustAccounts.ts(302,16): error TS7006: Parameter 'tx' implicitly has an 'any' type.
src/hooks/useTrustAccounts.ts(303,16): error TS7006: Parameter 'sum' implicitly has an 'any' type.
src/hooks/useTrustAccounts.ts(303,21): error TS7006: Parameter 'tx' implicitly has an 'any' type.
src/hooks/useTrustAccounts.ts(307,33): error TS7006: Parameter 'tx' implicitly has an 'any' type.
src/hooks/useTrustAccounts.ts(311,57): error TS7006: Parameter 'tx' implicitly has an 'any' type.
src/hooks/useTrustAccounts.ts(314,51): error TS7006: Parameter 'latest' implicitly has an 'any' type.
src/hooks/useTrustAccounts.ts(314,59): error TS7006: Parameter 'tx' implicitly has an 'any' type.
src/hooks/useTrustAccounts.ts(353,6): error TS7006: Parameter 'data' implicitly has an 'any' type.
src/hooks/useTrustAccounts.ts(392,8): error TS7031: Binding element 'accountId' implicitly has an 'any' type.
src/hooks/useTrustAccounts.ts(392,19): error TS7031: Binding element 'data' implicitly has an 'any' type.
src/hooks/useTrustAccounts.ts(394,19): error TS7006: Parameter '_' implicitly has an 'any' type.
src/hooks/useTrustAccounts.ts(394,22): error TS7006: Parameter 'variables' implicitly has an 'any' type.
src/hooks/useTrustAccounts.ts(440,8): error TS7031: Binding element 'accountId' implicitly has an 'any' type.
src/hooks/useTrustAccounts.ts(440,19): error TS7031: Binding element 'data' implicitly has an 'any' type.
src/hooks/useTrustAccounts.ts(442,19): error TS7006: Parameter '_' implicitly has an 'any' type.
src/hooks/useTrustAccounts.ts(442,22): error TS7006: Parameter 'variables' implicitly has an 'any' type.
src/hooks/useTrustAccounts.ts(487,8): error TS7031: Binding element 'accountId' implicitly has an 'any' type.
src/hooks/useTrustAccounts.ts(487,19): error TS7031: Binding element 'data' implicitly has an 'any' type.
src/hooks/useTrustAccounts.ts(489,19): error TS7006: Parameter '_' implicitly has an 'any' type.
src/hooks/useTrustAccounts.ts(489,22): error TS7006: Parameter 'variables' implicitly has an 'any' type.
src/index.tsx(5,31): error TS2307: Cannot find module './components/common/ErrorBoundary' or its corresponding type declarations.
src/pages/AppContentRenderer.tsx(23,28): error TS2307: Cannot find module '@/components/common/LazyLoader' or its corresponding type declarations.
src/pages/AppContentRenderer.tsx(109,9): error TS18046: 'dynamicProps' is of type 'unknown'.
src/pages/AppContentRenderer.tsx(113,7): error TS18046: 'dynamicProps' is of type 'unknown'.
src/pages/AppContentRenderer.tsx(114,7): error TS18046: 'dynamicProps' is of type 'unknown'.
src/pages/AppContentRenderer.tsx(116,7): error TS18046: 'dynamicProps' is of type 'unknown'.
src/pages/AppContentRenderer.tsx(117,7): error TS18046: 'dynamicProps' is of type 'unknown'.
src/pages/AppContentRenderer.tsx(121,9): error TS18046: 'dynamicProps' is of type 'unknown'.
src/pages/AppContentRenderer.tsx(125,7): error TS18046: 'dynamicProps' is of type 'unknown'.
src/pages/AppContentRenderer.tsx(129,7): error TS18046: 'dynamicProps' is of type 'unknown'.
src/pages/AppContentRenderer.tsx(130,7): error TS18046: 'dynamicProps' is of type 'unknown'.
src/pages/AppContentRenderer.tsx(137,7): error TS18046: 'dynamicProps' is of type 'unknown'.
src/pages/AppContentRenderer.tsx(138,7): error TS18046: 'dynamicProps' is of type 'unknown'.
src/pages/AppContentRenderer.tsx(144,12): error TS2322: Type '{}' is not assignable to type 'never'.
src/pages/AppContentRenderer.tsx(144,12): error TS2786: 'Component' cannot be used as a JSX component.
  Its type 'LazyExoticComponent<unknown>' is not a valid JSX element type.
    Type 'LazyExoticComponent<unknown>' is not assignable to type '(props: any) => ReactNode | Promise<ReactNode>'.
      Types of parameters 'props' and 'props' are incompatible.
        Type 'any' is not assignable to type 'never'.
src/pages/CaseDetail.tsx(53,20): error TS2307: Cannot find module '@/utils/cn' or its corresponding type declarations.
src/pages/CaseDetail.tsx(54,34): error TS2307: Cannot find module './CaseDetailConfig' or its corresponding type declarations.
src/pages/CaseDetail.tsx(59,48): error TS2307: Cannot find module '../../../types' or its corresponding type declarations.
src/pages/CaseDetail.tsx(117,42): error TS7006: Parameter 'p' implicitly has an 'any' type.
src/pages/CaseDetail.tsx(146,30): error TS2322: Type '{ caseData: Case; evidence: never[]; }' is not assignable to type 'IntrinsicAttributes & CaseStrategyProps'.
  Property 'caseData' does not exist on type 'IntrinsicAttributes & CaseStrategyProps'.
src/pages/CaseDetail.tsx(155,30): error TS2322: Type '{ caseData: Case; evidence: never[]; }' is not assignable to type 'IntrinsicAttributes & CaseStrategyProps'.
  Property 'caseData' does not exist on type 'IntrinsicAttributes & CaseStrategyProps'.
src/pages/CaseDetail.tsx(181,35): error TS2322: Type '{ caseData: Case; }' is not assignable to type 'IntrinsicAttributes & CaseCollaborationProps'.
  Property 'caseData' does not exist on type 'IntrinsicAttributes & CaseCollaborationProps'.
src/pages/CaseDetail.tsx(257,9): error TS2322: Type '(() => void) | undefined' is not assignable to type '() => void'.
  Type 'undefined' is not assignable to type '() => void'.
src/providers/index.ts(17,32): error TS2307: Cannot find module '../theme/tokens' or its corresponding type declarations.
src/providers/ThemeContext.tsx(3,35): error TS2307: Cannot find module '../theme/tokens' or its corresponding type declarations.
src/providers/ThemeContext.tsx(53,14): error TS7006: Parameter 'prevMode' implicitly has an 'any' type.
src/providers/WindowContext.tsx(5,31): error TS2307: Cannot find module '../components/common/ErrorBoundary' or its corresponding type declarations.
src/services/core/RepositoryFactory.ts(52,45): error TS2344: Type 'unknown' does not satisfy the constraint 'BaseEntity'.
src/services/core/RepositoryFactory.ts(62,37): error TS2345: Argument of type 'Repository<T>' is not assignable to parameter of type 'Repository<unknown>'.
  Types of property 'listeners' are incompatible.
    Type 'Set<Listener<T>>' is not assignable to type 'Set<Listener<unknown>>'.
      Type 'Listener<T>' is not assignable to type 'Listener<unknown>'.
        Type 'unknown' is not assignable to type 'T'.
          'T' could be instantiated with an arbitrary type which could be unrelated to 'unknown'.
src/services/core/RepositoryFactory.ts(77,35): error TS2345: Argument of type 'Repository<T>' is not assignable to parameter of type 'Repository<unknown>'.
  Types of property 'listeners' are incompatible.
    Type 'Set<Listener<T>>' is not assignable to type 'Set<Listener<unknown>>'.
      Type 'Listener<T>' is not assignable to type 'Listener<unknown>'.
        Type 'unknown' is not assignable to type 'T'.
          'T' could be instantiated with an arbitrary type which could be unrelated to 'unknown'.
src/services/core/RepositoryFactory.ts(165,27): error TS2344: Type 'unknown' does not satisfy the constraint 'BaseEntity'.
src/services/core/RepositoryFactory.ts(166,51): error TS2344: Type 'unknown' does not satisfy the constraint 'BaseEntity'.
src/services/core/RepositoryFactory.ts(169,33): error TS2345: Argument of type 'Repository<BaseEntity>' is not assignable to parameter of type 'Repository<unknown>'.
  Types of property 'listeners' are incompatible.
    Type 'Set<Listener<BaseEntity>>' is not assignable to type 'Set<Listener<unknown>>'.
      Type 'Listener<BaseEntity>' is not assignable to type 'Listener<unknown>'.
        Type 'unknown' is not assignable to type 'BaseEntity'.
src/services/core/RepositoryFactory.ts(197,33): error TS2344: Type 'unknown' does not satisfy the constraint 'BaseEntity'.
src/services/core/RepositoryFactory.ts(198,53): error TS2344: Type 'unknown' does not satisfy the constraint 'BaseEntity'.
src/services/core/RepositoryFactory.ts(202,7): error TS2322: Type 'Repository<BaseEntity>' is not assignable to type 'Repository<unknown>'.
  Types of property 'listeners' are incompatible.
    Type 'Set<Listener<BaseEntity>>' is not assignable to type 'Set<Listener<unknown>>'.
      Type 'Listener<BaseEntity>' is not assignable to type 'Listener<unknown>'.
        Type 'unknown' is not assignable to type 'BaseEntity'.
src/services/data/dataService.ts(107,42): error TS2307: Cannot find module '../api' or its corresponding type declarations.
src/services/data/dataService.ts(194,29): error TS2307: Cannot find module '../../data/models/judgeProfile' or its corresponding type declarations.
src/services/data/dataService.ts(208,3): error TS2345: Argument of type '(item: Case) => Promise<void>' is not assignable to parameter of type '(item: unknown) => Promise<void>'.
  Types of parameters 'item' and 'item' are incompatible.
    Type 'unknown' is not assignable to type 'Case'.
src/services/data/dataService.ts(213,3): error TS2345: Argument of type '(item: DocketEntry) => Promise<void>' is not assignable to parameter of type '(item: unknown) => Promise<void>'.
  Types of parameters 'item' and 'item' are incompatible.
    Type 'unknown' is not assignable to type 'DocketEntry'.
src/services/data/dataService.ts(218,3): error TS2345: Argument of type '(item: LegalDocument) => Promise<void>' is not assignable to parameter of type '(item: unknown) => Promise<void>'.
  Types of parameters 'item' and 'item' are incompatible.
    Type 'unknown' is not assignable to type 'LegalDocument'.
src/services/data/dataService.ts(314,30): error TS2307: Cannot find module '../api/domains/analytics.api' or its corresponding type declarations.
src/services/data/dataService.ts(693,53): error TS7006: Parameter 'j' implicitly has an 'any' type.
src/services/data/dataService.ts(694,57): error TS7006: Parameter 'j' implicitly has an 'any' type.
src/services/data/db.ts(264,51): error TS18046: 'c' is of type 'unknown'.
src/services/data/db.ts(264,74): error TS18046: 'c' is of type 'unknown'.
src/services/data/db.ts(310,45): error TS18046: 'i' is of type 'unknown'.
src/services/data/db.ts(343,57): error TS2345: Argument of type 'unknown' is not assignable to parameter of type 'IDBValidKey | IDBKeyRange'.
src/services/data/db.ts(354,55): error TS18046: 'i' is of type 'unknown'.
src/services/data/db.ts(389,61): error TS18046: 'i' is of type 'unknown'.
src/services/data/db.ts(446,47): error TS18046: 'i' is of type 'unknown'.
src/services/data/dbSeeder.ts(2,28): error TS2307: Cannot find module '../../data/models/case' or its corresponding type declarations.
src/services/data/dbSeeder.ts(3,28): error TS2307: Cannot find module '../../data/models/workflowTask' or its corresponding type declarations.
src/services/data/dbSeeder.ts(4,31): error TS2307: Cannot find module '../../data/models/evidenceItem' or its corresponding type declarations.
src/services/data/dbSeeder.ts(5,32): error TS2307: Cannot find module '../../data/models/document' or its corresponding type declarations.
src/services/data/dbSeeder.ts(6,37): error TS2307: Cannot find module '../../data/models/docketEntry' or its corresponding type declarations.
src/services/data/dbSeeder.ts(7,30): error TS2307: Cannot find module '../../data/models/motion' or its corresponding type declarations.
src/services/data/dbSeeder.ts(8,30): error TS2307: Cannot find module '../../data/models/client' or its corresponding type declarations.
src/services/data/dbSeeder.ts(9,28): error TS2307: Cannot find module '../../data/models/staffMember' or its corresponding type declarations.
src/services/data/dbSeeder.ts(10,31): error TS2307: Cannot find module '../../data/models/firmExpense' or its corresponding type declarations.
src/services/data/dbSeeder.ts(11,27): error TS2307: Cannot find module '../../data/models/organization' or its corresponding type declarations.
src/services/data/dbSeeder.ts(12,29): error TS2307: Cannot find module '../../data/models/group' or its corresponding type declarations.
src/services/data/dbSeeder.ts(13,34): error TS2307: Cannot find module '../../data/models/legalHold' or its corresponding type declarations.
src/services/data/dbSeeder.ts(14,36): error TS2307: Cannot find module '../../data/models/privilegeLogEntry' or its corresponding type declarations.
src/services/data/dbSeeder.ts(15,36): error TS2307: Cannot find module '../../data/models/firmProcess' or its corresponding type declarations.
src/services/data/dbSeeder.ts(16,30): error TS2307: Cannot find module '../../data/models/clause' or its corresponding type declarations.
src/services/data/dbSeeder.ts(17,34): error TS2307: Cannot find module '../../data/models/workflowTemplates' or its corresponding type declarations.
src/services/data/dbSeeder.ts(18,29): error TS2307: Cannot find module '../../data/models/judgeProfile' or its corresponding type declarations.
src/services/data/dbSeeder.ts(19,30): error TS2307: Cannot find module '../../data/models/opposingCounselProfile' or its corresponding type declarations.
src/services/data/dbSeeder.ts(20,28): error TS2307: Cannot find module '../../data/models/user' or its corresponding type declarations.
src/services/data/dbSeeder.ts(22,33): error TS2307: Cannot find module '../../data/models/conferralSession' or its corresponding type declarations.
src/services/data/dbSeeder.ts(23,34): error TS2307: Cannot find module '../../data/models/jointPlan' or its corresponding type declarations.
src/services/data/dbSeeder.ts(24,35): error TS2307: Cannot find module '../../data/models/stipulationRequest' or its corresponding type declarations.
src/services/data/dbSeeder.ts(25,87): error TS2307: Cannot find module '../../data/models/discoveryExtended' or its corresponding type declarations.
src/services/data/dbSeeder.ts(26,32): error TS2307: Cannot find module '../../data/models/discoveryRequest' or its corresponding type declarations.
src/services/data/dbSeeder.ts(27,32): error TS2307: Cannot find module '../../data/models/conflictCheck' or its corresponding type declarations.
src/services/data/dbSeeder.ts(28,28): error TS2307: Cannot find module '../../data/models/ethicalWall' or its corresponding type declarations.
src/services/data/dbSeeder.ts(29,28): error TS2307: Cannot find module '../../data/models/legalRule' or its corresponding type declarations.
src/services/data/dbSeeder.ts(31,53): error TS2307: Cannot find module '../../data/models/analyticsStats' or its corresponding type declarations.
src/services/data/dbSeeder.ts(32,27): error TS2307: Cannot find module '../../data/models/strategy' or its corresponding type declarations.
src/services/data/dbSeeder.ts(33,36): error TS2307: Cannot find module '../../data/models/security' or its corresponding type declarations.
src/services/data/dbSeeder.ts(34,36): error TS2307: Cannot find module '../../data/models/pleadingTemplate' or its corresponding type declarations.
src/services/data/dbSeeder.ts(35,36): error TS2307: Cannot find module '../../data/models/conversation' or its corresponding type declarations.
src/services/data/dbSeeder.ts(36,68): error TS2307: Cannot find module '../../data/mockKnowledge' or its corresponding type declarations.
src/services/data/dbSeeder.ts(39,35): error TS2307: Cannot find module '../../data/models/cle' or its corresponding type declarations.
src/services/data/dbSeeder.ts(40,39): error TS2307: Cannot find module '../../data/models/vendorContract' or its corresponding type declarations.
src/services/data/dbSeeder.ts(41,27): error TS2307: Cannot find module '../../data/models/rfp' or its corresponding type declarations.
src/services/data/dbSeeder.ts(42,42): error TS2307: Cannot find module '../../data/models/maintenanceTicket' or its corresponding type declarations.
src/services/data/dbSeeder.ts(43,33): error TS2307: Cannot find module '../../data/models/facility' or its corresponding type declarations.
src/services/data/dbSeeder.ts(44,39): error TS2307: Cannot find module '../../data/models/vendorDirectory' or its corresponding type declarations.
src/services/data/dbSeeder.ts(45,32): error TS2307: Cannot find module '../../data/models/reporters' or its corresponding type declarations.
src/services/data/dbSeeder.ts(46,36): error TS2307: Cannot find module '../../data/models/jurisdiction' or its corresponding type declarations.
src/services/data/dbSeeder.ts(47,31): error TS2307: Cannot find module '../../data/models/invoice' or its corresponding type declarations.
src/services/data/dbSeeder.ts(48,48): error TS2307: Cannot find module '../../data/models/crm' or its corresponding type declarations.
src/services/data/dbSeeder.ts(49,63): error TS2307: Cannot find module '../../data/models/billingStats' or its corresponding type declarations.
src/services/data/dbSeeder.ts(50,66): error TS2307: Cannot find module '../../data/models/discoveryCharts' or its corresponding type declarations.
src/services/data/dbSeeder.ts(51,31): error TS2307: Cannot find module '../../data/models/exhibit' or its corresponding type declarations.
src/services/data/dbSeeder.ts(52,31): error TS2307: Cannot find module '../../data/models/advisor' or its corresponding type declarations.
src/services/data/dbSeeder.ts(53,33): error TS2307: Cannot find module '../../data/models/opposition' or its corresponding type declarations.
src/services/data/dbSeeder.ts(111,26): error TS7006: Parameter 'u' implicitly has an 'any' type.
src/services/data/dbSeeder.ts(112,28): error TS7006: Parameter 'c' implicitly has an 'any' type.
src/services/data/dbSeeder.ts(113,26): error TS7006: Parameter 'c' implicitly has an 'any' type.
src/services/data/dbSeeder.ts(113,50): error TS7006: Parameter 'p' implicitly has an 'any' type.
src/services/data/dbSeeder.ts(114,27): error TS7006: Parameter 'j' implicitly has an 'any' type.
src/services/data/dbSeeder.ts(115,28): error TS7006: Parameter 'c' implicitly has an 'any' type.
src/services/data/dbSeeder.ts(119,67): error TS7006: Parameter 'user' implicitly has an 'any' type.
src/services/data/dbSeeder.ts(187,69): error TS7006: Parameter 'stat' implicitly has an 'any' type.
src/services/data/dbSeeder.ts(187,75): error TS7006: Parameter 'i' implicitly has an 'any' type.
src/services/data/dbSeeder.ts(188,71): error TS7006: Parameter 'd' implicitly has an 'any' type.
src/services/data/dbSeeder.ts(188,74): error TS7006: Parameter 'i' implicitly has an 'any' type.
src/services/data/dbSeeder.ts(190,71): error TS7006: Parameter 'sig' implicitly has an 'any' type.
src/services/data/dbSeeder.ts(190,76): error TS7006: Parameter 'i' implicitly has an 'any' type.
src/services/data/integration/IntegrationEventPublisher.ts(78,54): error TS2345: Argument of type 'Record<string, any>' is not assignable to parameter of type '{ caseData: Case; } | { matter: Matter; } | { leadId: string; stage: string; clientName: string; value: string; } | { entry: DocketEntry; caseId: string; } | { task: WorkflowTask; } | ... 12 more ... | { ...; }'.
  Type 'Record<string, any>' is missing the following properties from type '{ leadId: string; stage: string; clientName: string; value: string; }': leadId, stage, clientName, value
src/services/data/integration/IntegrationEventPublisher.ts(103,10): error TS2545: A mixin class must have a constructor with a single rest parameter of type 'any[]'.
src/services/data/repositories/AnalysisRepository.ts(99,15): error TS2339: Property 'title' does not exist on type 'BriefAnalysisSession'.
src/services/data/repositories/AnalysisRepository.ts(100,15): error TS2339: Property 'caseId' does not exist on type 'BriefAnalysisSession'.
src/services/data/repositories/BillingRepository.ts(111,15): error TS2740: Type '{ id: UUID; client: string; matter: string; caseId: any; date: string; dueDate: string; amount: number; status: string; items: string[]; }' is missing the following properties from type 'Invoice': invoiceNumber, clientId, clientName, matterDescription, and 11 more.
src/services/data/repositories/CitationRepository.ts(24,37): error TS2307: Cannot find module '../../api/citations-api' or its corresponding type declarations.
src/services/data/repositories/CitationRepository.ts(138,25): error TS2345: Argument of type 'unknown' is not assignable to parameter of type 'Citation'.
src/services/data/repositories/CitationRepository.ts(173,64): error TS2551: Property 'citationType' does not exist on type 'Citation'. Did you mean 'citation'?
src/services/data/repositories/CitationRepository.ts(177,19): error TS2551: Property 'citationText' does not exist on type 'Citation'. Did you mean 'citation'?
src/services/data/repositories/CitationRepository.ts(178,19): error TS2339: Property 'bluebookFormat' does not exist on type 'Citation'.
src/services/data/repositories/ClauseRepository.ts(24,35): error TS2307: Cannot find module '../../api/clauses-api' or its corresponding type declarations.
src/services/data/repositories/ClauseRepository.ts(33,50): error TS2344: Type 'Clause' does not satisfy the constraint 'BaseEntity'.
  Types of property 'createdBy' are incompatible.
    Type 'string | undefined' is not assignable to type 'UserId | undefined'.
      Type 'string' is not assignable to type 'UserId'.
        Type 'string' is not assignable to type '{ readonly __brand: "UserId"; }'.
src/services/data/repositories/ClauseRepository.ts(125,23): error TS2339: Property 'text' does not exist on type 'Clause'.
src/services/data/repositories/ClauseRepository.ts(139,15): error TS2339: Property 'text' does not exist on type 'Clause'.
src/services/data/repositories/ClientRepository.ts(33,35): error TS2307: Cannot find module '../../api/clients-api' or its corresponding type declarations.
src/services/data/repositories/ClientRepository.ts(370,17): error TS2367: This comparison appears to be unintentional because the types 'ClientStatus.INACTIVE | ClientStatus.PROSPECTIVE | ClientStatus.FORMER | ClientStatus.BLOCKED' and '"Active"' have no overlap.
src/services/data/repositories/ClientRepository.ts(390,17): error TS2367: This comparison appears to be unintentional because the types 'ClientStatus.ACTIVE | ClientStatus.PROSPECTIVE | ClientStatus.FORMER | ClientStatus.BLOCKED' and '"Inactive"' have no overlap.
src/services/data/repositories/ClientRepository.ts(413,24): error TS2339: Property 'type' does not exist on type 'Client'.
src/services/data/repositories/ClientRepository.ts(442,24): error TS2339: Property 'company' does not exist on type 'Client'.
src/services/data/repositories/ClientRepository.ts(444,24): error TS2339: Property 'firstName' does not exist on type 'Client'.
src/services/data/repositories/ClientRepository.ts(445,24): error TS2339: Property 'lastName' does not exist on type 'Client'.
src/services/data/repositories/ClientRepository.ts(504,51): error TS2367: This comparison appears to be unintentional because the types 'ClientStatus.INACTIVE | ClientStatus.PROSPECTIVE | ClientStatus.FORMER | ClientStatus.BLOCKED' and '"Active"' have no overlap.
src/services/data/repositories/ClientRepository.ts(506,60): error TS2367: This comparison appears to be unintentional because the types 'ClientStatus.PROSPECTIVE | ClientStatus.FORMER | ClientStatus.BLOCKED' and '"Inactive"' have no overlap.
src/services/data/repositories/ClientRepository.ts(511,37): error TS2339: Property 'type' does not exist on type 'Client'.
src/services/data/repositories/DiscoveryRepository.ts(37,30): error TS2307: Cannot find module '../../api/domains/discovery.api' or its corresponding type declarations.
src/services/data/repositories/DiscoveryRepository.ts(235,27): error TS2339: Property 'data' does not exist on type '{}'.
src/services/data/repositories/DiscoveryRepository.ts(270,52): error TS18046: 'c' is of type 'unknown'.
src/services/data/repositories/DiscoveryRepository.ts(313,25): error TS2339: Property 'id' does not exist on type '{}'.
src/services/data/repositories/DiscoveryRepository.ts(319,25): error TS2339: Property 'id' does not exist on type '{}'.
src/services/data/repositories/DocumentRepository.ts(37,37): error TS2307: Cannot find module '../../api/documents-api' or its corresponding type declarations.
src/services/data/repositories/DocumentRepository.ts(135,11): error TS2416: Property 'getAll' in type 'DocumentRepository' is not assignable to the same property in base type 'Repository<LegalDocument>'.
  Type '(filters?: { caseId?: string | undefined; type?: string | undefined; status?: string | undefined; } | undefined) => Promise<LegalDocument[]>' is not assignable to type '(options?: { includeDeleted?: boolean | undefined; limit?: number | undefined; cursor?: string | undefined; }) => Promise<LegalDocument[]>'.
    Types of parameters 'filters' and 'options' are incompatible.
      Type '{ includeDeleted?: boolean | undefined; limit?: number | undefined; cursor?: string | undefined; } | undefined' is not assignable to type '{ caseId?: string | undefined; type?: string | undefined; status?: string | undefined; } | undefined'.
        Type '{ includeDeleted?: boolean | undefined; limit?: number | undefined; cursor?: string | undefined; }' has no properties in common with type '{ caseId?: string | undefined; type?: string | undefined; status?: string | undefined; }'.
src/services/data/repositories/EntityRepository.ts(12,41): error TS2307: Cannot find module '../../api/domains/legal-entities.api' or its corresponding type declarations.
src/services/data/repositories/EntityRepository.ts(43,37): error TS7006: Parameter 'e' implicitly has an 'any' type.
src/services/data/repositories/EntityRepository.ts(140,15): error TS2339: Property 'legalName' does not exist on type 'LegalEntity'.
src/services/data/repositories/EvidenceRepository.ts(34,36): error TS2307: Cannot find module '../../api/evidence-api' or its corresponding type declarations.
src/services/data/repositories/EvidenceRepository.ts(327,36): error TS2551: Property 'chainOfCustodyIntact' does not exist on type 'EvidenceItem'. Did you mean 'chainOfCustody'?
src/services/data/repositories/EvidenceRepository.ts(328,38): error TS2339: Property 'currentCustodian' does not exist on type 'EvidenceItem'.
src/services/data/repositories/EvidenceRepository.ts(354,38): error TS2352: Conversion of type '{ admissibility: "pending" | "challenged" | "admissible" | "inadmissible"; }' to type 'Partial<EvidenceItem>' may be a mistake because neither type sufficiently overlaps with the other. If this was intentional, convert the expression to 'unknown' first.
  Types of property 'admissibility' are incompatible.
    Type '"pending" | "challenged" | "admissible" | "inadmissible"' is not comparable to type 'AdmissibilityStatus | undefined'.
      Type '"inadmissible"' is not comparable to type 'AdmissibilityStatus | undefined'.
src/services/data/repositories/EvidenceRepository.ts(447,48): error TS2339: Property 'evidenceType' does not exist on type 'EvidenceItem'.
src/services/data/repositories/EvidenceRepository.ts(455,21): error TS2367: This comparison appears to be unintentional because the types 'AdmissibilityStatus' and '"admissible"' have no overlap.
src/services/data/repositories/EvidenceRepository.ts(455,65): error TS2339: Property 'isAdmitted' does not exist on type 'EvidenceItem'.
src/services/data/repositories/EvidenceRepository.ts(457,28): error TS2367: This comparison appears to be unintentional because the types 'AdmissibilityStatus' and '"pending"' have no overlap.
src/services/data/repositories/EvidenceRepository.ts(501,26): error TS2339: Property 'evidenceNumber' does not exist on type 'EvidenceItem'.
src/services/data/repositories/EvidenceRepository.ts(502,26): error TS2339: Property 'batesNumber' does not exist on type 'EvidenceItem'.
src/services/data/repositories/EvidenceRepository.ts(509,26): error TS2339: Property 'evidenceType' does not exist on type 'EvidenceItem'.
src/services/data/repositories/EvidenceRepository.ts(521,26): error TS2339: Property 'currentCustodian' does not exist on type 'EvidenceItem'.
src/services/data/repositories/MatterRepository.ts(5,28): error TS2307: Cannot find module '../../api/matters-api' or its corresponding type declarations.
src/services/data/repositories/MotionRepository.ts(30,35): error TS2307: Cannot find module '../../api/motions-api' or its corresponding type declarations.
src/services/data/repositories/MotionRepository.ts(152,19): error TS2339: Property 'notes' does not exist on type 'Motion'.
src/services/data/repositories/OrganizationRepository.ts(10,41): error TS2307: Cannot find module '../../api/organizations-api' or its corresponding type declarations.
src/services/data/repositories/PleadingRepository.ts(36,37): error TS2307: Cannot find module '../../api/pleadings-api' or its corresponding type declarations.
src/services/data/repositories/PleadingRepository.ts(472,21): error TS2322: Type '"Standard"' is not assignable to type '"Boxed" | "Underlined" | "Plain"'.
src/services/data/repositories/PleadingRepository.ts(558,53): error TS2339: Property 'type' does not exist on type 'PleadingDocument'.
src/services/data/repositories/RepositoryRegistry.ts(124,5): error TS18046: 'factories' is of type 'unknown'.
src/services/data/repositories/RepositoryRegistry.ts(126,3): error TS2322: Type 'unknown' is not assignable to type '{ [K in keyof TMap]: () => TMap[K]; }'.
src/services/data/repositories/RiskRepository.ts(12,33): error TS2307: Cannot find module '../../api/risks-api' or its corresponding type declarations.
src/services/data/repositories/RuleRepository.ts(77,15): error TS2339: Property 'title' does not exist on type 'LegalRule'.
src/services/data/repositories/RuleRepository.ts(79,15): error TS2339: Property 'ruleNumber' does not exist on type 'LegalRule'.
src/services/data/repositories/TaskRepository.ts(32,33): error TS2307: Cannot find module '../../api/tasks-api' or its corresponding type declarations.
src/services/data/repositories/TaskRepository.ts(59,48): error TS2344: Type 'WorkflowTask' does not satisfy the constraint 'BaseEntity'.
  Types of property 'createdBy' are incompatible.
    Type 'string | undefined' is not assignable to type 'UserId | undefined'.
      Type 'string' is not assignable to type 'UserId'.
        Type 'string' is not assignable to type '{ readonly __brand: "UserId"; }'.
src/services/data/repositories/TaskRepository.ts(176,50): error TS2345: Argument of type 'string' is not assignable to parameter of type 'CaseId'.
  Type 'string' is not assignable to type '{ readonly __brand: "CaseId"; }'.
src/services/data/repositories/TaskRepository.ts(177,82): error TS2367: This comparison appears to be unintentional because the types 'TaskStatusBackend.TODO | TaskStatusBackend.IN_PROGRESS | TaskStatusBackend.BLOCKED | TaskStatusBackend.CANCELLED' and 'TaskStatusBackend.COMPLETED' have no overlap.
src/services/data/repositories/TaskRepository.ts(269,13): error TS2367: This comparison appears to be unintentional because the types 'TaskStatusBackend | undefined' and '"completed"' have no overlap.
src/services/data/repositories/TaskRepository.ts(269,47): error TS2367: This comparison appears to be unintentional because the types 'TaskStatusBackend | undefined' and '"done"' have no overlap.
src/services/data/repositories/TaskRepository.ts(269,126): error TS2367: This comparison appears to be unintentional because the types 'TaskStatusBackend.TODO | TaskStatusBackend.IN_PROGRESS | TaskStatusBackend.BLOCKED | TaskStatusBackend.CANCELLED | undefined' and 'TaskStatusBackend.COMPLETED' have no overlap.
src/services/data/repositories/TaskRepository.ts(369,17): error TS2367: This comparison appears to be unintentional because the types 'TaskStatusBackend' and '"completed"' have no overlap.
src/services/data/repositories/TaskRepository.ts(369,85): error TS2367: This comparison appears to be unintentional because the types 'TaskStatusBackend.TODO | TaskStatusBackend.IN_PROGRESS | TaskStatusBackend.BLOCKED | TaskStatusBackend.CANCELLED' and '"done"' have no overlap.
src/services/data/repositories/TaskRepository.ts(369,106): error TS2367: This comparison appears to be unintentional because the types 'TaskStatusBackend.TODO | TaskStatusBackend.IN_PROGRESS | TaskStatusBackend.BLOCKED | TaskStatusBackend.CANCELLED' and 'TaskStatusBackend.COMPLETED' have no overlap.
src/services/data/repositories/TaskRepository.ts(370,25): error TS2339: Property 'completedAt' does not exist on type 'Partial<WorkflowTask>'.
src/services/data/repositories/TaskRepository.ts(371,25): error TS2339: Property 'progress' does not exist on type 'Partial<WorkflowTask>'.
src/services/data/repositories/TaskRepository.ts(514,85): error TS2367: This comparison appears to be unintentional because the types 'TaskStatusBackend.TODO | TaskStatusBackend.IN_PROGRESS | TaskStatusBackend.BLOCKED | TaskStatusBackend.CANCELLED' and 'TaskStatusBackend.COMPLETED' have no overlap.
src/services/data/repositories/TaskRepository.ts(537,85): error TS2367: This comparison appears to be unintentional because the types 'TaskStatusBackend.TODO | TaskStatusBackend.IN_PROGRESS | TaskStatusBackend.BLOCKED | TaskStatusBackend.CANCELLED' and 'TaskStatusBackend.COMPLETED' have no overlap.
src/services/data/repositories/TaskRepository.ts(671,59): error TS2345: Argument of type 'string' is not assignable to parameter of type 'CaseId'.
  Type 'string' is not assignable to type '{ readonly __brand: "CaseId"; }'.
src/services/data/repositories/TaskRepository.ts(685,68): error TS2367: This comparison appears to be unintentional because the types 'TaskStatusBackend.TODO | TaskStatusBackend.IN_PROGRESS | TaskStatusBackend.BLOCKED | TaskStatusBackend.CANCELLED' and 'TaskStatusBackend.COMPLETED' have no overlap.
src/services/data/repositories/TaskRepository.ts(689,39): error TS2339: Property 'progress' does not exist on type 'WorkflowTask'.
src/services/data/repositories/TemplateRepository.ts(55,15): error TS2339: Property 'name' does not exist on type 'WorkflowTemplateData'.
src/services/data/repositories/TemplateRepository.ts(56,15): error TS2339: Property 'description' does not exist on type 'WorkflowTemplateData'.
src/services/data/repositories/TrialRepository.ts(10,33): error TS2307: Cannot find module '../../api/trial-api' or its corresponding type declarations.
src/services/data/repositories/UserRepository.ts(10,33): error TS2307: Cannot find module '../../api/users-api' or its corresponding type declarations.
src/services/data/repositories/WitnessRepository.ts(23,46): error TS2307: Cannot find module '../../api/witnesses-api' or its corresponding type declarations.
src/services/data/repositories/WitnessRepository.ts(33,51): error TS2344: Type 'unknown' does not satisfy the constraint 'BaseEntity'.
src/services/data/repositories/WitnessRepository.ts(139,39): error TS2345: Argument of type 'unknown' is not assignable to parameter of type 'Partial<unknown>'.
src/services/data/repositories/WorkflowRepository.ts(1,36): error TS2307: Cannot find module '../../../data/models/firmProcess' or its corresponding type declarations.
src/services/data/repositories/WorkflowRepository.ts(3,34): error TS2307: Cannot find module '../../../data/models/workflowTemplates' or its corresponding type declarations.
src/services/data/repositories/WorkflowRepository.ts(43,62): error TS2304: Cannot find name 'TaskStatusBackend'.
src/services/data/repositories/WorkflowRepository.ts(43,106): error TS2304: Cannot find name 'TaskStatusBackend'.
src/services/data/repositories/WorkflowRepository.ts(48,60): error TS2304: Cannot find name 'TaskStatusBackend'.
src/services/data/repositories/WorkflowRepository.ts(48,104): error TS2304: Cannot find name 'TaskStatusBackend'.
src/services/data/repositories/WorkflowRepository.ts(50,34): error TS2304: Cannot find name 'TaskStatusBackend'.
src/services/data/repositories/WorkflowRepository.ts(50,78): error TS2304: Cannot find name 'TaskStatusBackend'.
src/services/data/repositories/WorkflowRepository.ts(103,51): error TS2367: This comparison appears to be unintentional because the types 'TaskStatusBackend' and '"Review"' have no overlap.
src/services/data/repositories/WorkflowRepository.ts(109,25): error TS2304: Cannot find name 'TaskStatusBackend'.
src/services/data/repositories/WorkflowRepository.ts(111,42): error TS2304: Cannot find name 'TaskPriorityBackend'.
src/services/data/repositories/WorkflowRepository.ts(111,73): error TS2304: Cannot find name 'TaskPriorityBackend'.
src/services/data/repositories/WorkflowRepository.ts(111,116): error TS2304: Cannot find name 'TaskPriorityBackend'.
src/services/data/repositories/WorkflowRepository.ts(111,143): error TS2304: Cannot find name 'TaskPriorityBackend'.
src/services/data/repositories/WorkflowRepository.ts(111,170): error TS2304: Cannot find name 'TaskPriorityBackend'.
src/services/data/repositories/WorkflowRepository.ts(122,54): error TS7006: Parameter 't' implicitly has an 'any' type.
src/services/data/repositories/WorkflowRepository.ts(133,30): error TS2304: Cannot find name 'TaskStatusBackend'.
src/services/data/repositories/WorkflowRepository.ts(135,32): error TS2304: Cannot find name 'TaskPriorityBackend'.
src/services/data/repositories/WorkflowRepository.ts(236,59): error TS7006: Parameter 'p' implicitly has an 'any' type.
src/services/data/repositories/WorkflowRepository.ts(266,47): error TS18046: 't' is of type 'unknown'.
src/services/data/repositories/WorkflowRepository.ts(266,60): error TS2304: Cannot find name 'TaskStatusBackend'.
src/services/data/repositories/WorkflowRepository.ts(266,100): error TS18046: 't' is of type 'unknown'.
src/services/data/repositories/WorkflowRepository.ts(293,62): error TS2304: Cannot find name 'TaskStatusBackend'.
src/services/data/routing/DataSourceRouter.ts(12,37): error TS2307: Cannot find module '../../api' or its corresponding type declarations.
src/services/data/routing/DataSourceRouter.ts(13,21): error TS2307: Cannot find module '../../api' or its corresponding type declarations.
src/services/data/routing/DataSourceRouter.ts(119,7): error TS18046: 'descriptors' is of type 'unknown'.
src/services/data/routing/DataSourceRouter.ts(121,5): error TS2322: Type 'unknown' is not assignable to type 'Record<keyof TMap, PropertyDescriptor>'.
src/services/data/syncEngine.ts(129,37): error TS2307: Cannot find module '../api' or its corresponding type declarations.
src/services/data/syncEngine.ts(223,23): error TS2407: The right-hand side of a 'for...in' statement must be of type 'any', an object type or a type parameter, but here has type 'unknown'.
src/services/data/syncEngine.ts(224,28): error TS18046: 'oldData' is of type 'unknown'.
src/services/data/syncEngine.ts(224,61): error TS18046: 'newData' is of type 'unknown'.
src/services/data/syncEngine.ts(225,13): error TS18046: 'patch' is of type 'unknown'.
src/services/data/syncEngine.ts(225,26): error TS18046: 'newData' is of type 'unknown'.
src/services/data/syncEngine.ts(370,17): error TS18046: 'mutation.payload' is of type 'unknown'.
src/services/data/syncEngine.ts(370,40): error TS18046: 'mutation.payload' is of type 'unknown'.
src/services/data/syncEngine.ts(383,33): error TS2339: Property 'message' does not exist on type '{}'.
src/services/data/syncEngine.ts(877,28): error TS18046: 'response' is of type 'unknown'.
src/services/data/syncEngine.ts(906,73): error TS2339: Property 'message' does not exist on type '{}'.
src/services/data/syncEngine.ts(932,74): error TS2339: Property 'message' does not exist on type '{}'.
src/services/data/syncEngine.ts(933,74): error TS2339: Property 'message' does not exist on type '{}'.
src/services/domain/AdminDomain.ts(5,26): error TS2307: Cannot find module '../api/domains/admin.api' or its corresponding type declarations.
src/services/domain/AdminDomain.ts(7,31): error TS2307: Cannot find module '../../data/mockApiSpec' or its corresponding type declarations.
src/services/domain/AdminDomain.ts(194,25): error TS18046: 'conn' is of type 'unknown'.
src/services/domain/AdminDomain.ts(195,27): error TS18046: 'conn' is of type 'unknown'.
src/services/domain/AdminDomain.ts(196,27): error TS18046: 'conn' is of type 'unknown'.
src/services/domain/AdminDomain.ts(197,29): error TS18046: 'conn' is of type 'unknown'.
src/services/domain/AdminDomain.ts(197,68): error TS18046: 'conn' is of type 'unknown'.
src/services/domain/AdminDomain.ts(198,28): error TS18046: 'conn' is of type 'unknown'.
src/services/domain/AdminDomain.ts(199,28): error TS18046: 'conn' is of type 'unknown'.
src/services/domain/AdminDomain.ts(209,69): error TS2322: Type '"Disconnected"' is not assignable to type '"Error" | "Healthy" | "Syncing" | "Degraded"'.
src/services/domain/AdminDomain.ts(210,67): error TS2322: Type '"Disconnected"' is not assignable to type '"Error" | "Healthy" | "Syncing" | "Degraded"'.
src/services/domain/AnalyticsDomain.ts(77,30): error TS2307: Cannot find module '../api/domains/analytics.api' or its corresponding type declarations.
src/services/domain/AssetDomain.ts(7,26): error TS2307: Cannot find module '../api/domains/admin.api' or its corresponding type declarations.
src/services/domain/AssetDomain.ts(40,13): error TS18046: 'item' is of type 'unknown'.
src/services/domain/AssetDomain.ts(81,17): error TS2339: Property 'assignedTo' does not exist on type '{}'.
src/services/domain/AssetDomain.ts(81,37): error TS2339: Property 'assignedTo' does not exist on type '{}'.
src/services/domain/AssetDomain.ts(82,83): error TS2339: Property 'assignedTo' does not exist on type '{}'.
src/services/domain/AssetDomain.ts(121,63): error TS2339: Property 'MAINTENANCE_RECORDS' does not exist on type '{ CASES: string; MATTERS: string; TASKS: string; EVIDENCE: string; DOCUMENTS: string; DOCKET: string; MOTIONS: string; CLIENTS: string; USERS: string; PARTIES: string; STAFF: string; TIME_OFF: string; ... 112 more ...; TRANSACTIONS: string; }'.
src/services/domain/AssetDomain.ts(141,25): error TS2339: Property 'MAINTENANCE_RECORDS' does not exist on type '{ CASES: string; MATTERS: string; TASKS: string; EVIDENCE: string; DOCUMENTS: string; DOCKET: string; MOTIONS: string; CLIENTS: string; USERS: string; PARTIES: string; STAFF: string; TIME_OFF: string; ... 112 more ...; TRANSACTIONS: string; }'.
src/services/domain/BackupDomain.ts(51,35): error TS2307: Cannot find module '../api/backups-api' or its corresponding type declarations.
src/services/domain/BackupDomain.ts(77,62): error TS2322: Type '"Differential"' is not assignable to type 'SnapshotType'.
src/services/domain/BackupDomain.ts(79,37): error TS2345: Argument of type '{}' is not assignable to parameter of type 'SnapshotType'.
src/services/domain/BackupDomain.ts(160,27): error TS7006: Parameter 'backup' implicitly has an 'any' type.
src/services/domain/BackupDomain.ts(163,9): error TS2322: Type '"Incremental" | "Full" | "Differential"' is not assignable to type 'SnapshotType'.
  Type '"Differential"' is not assignable to type 'SnapshotType'.
src/services/domain/BackupDomain.ts(166,9): error TS2322: Type '"In Progress" | "Completed" | "Failed"' is not assignable to type '"Completed" | "Failed" | "Running"'.
  Type '"In Progress"' is not assignable to type '"Completed" | "Failed" | "Running"'.
src/services/domain/BackupDomain.ts(167,17): error TS7006: Parameter 'a' implicitly has an 'any' type.
src/services/domain/BackupDomain.ts(167,20): error TS7006: Parameter 'b' implicitly has an 'any' type.
src/services/domain/BackupDomain.ts(242,9): error TS2322: Type '"In Progress" | "Completed"' is not assignable to type '"Completed" | "Failed" | "Running"'.
  Type '"In Progress"' is not assignable to type '"Completed" | "Failed" | "Running"'.
src/services/domain/BillingDomain.ts(104,35): error TS2307: Cannot find module '../api/billing-api' or its corresponding type declarations.
src/services/domain/BillingDomain.ts(373,26): error TS2339: Property 'hours' does not exist on type 'TimeEntry'.
src/services/domain/BillingDomain.ts(373,54): error TS2339: Property 'hours' does not exist on type 'TimeEntry'.
src/services/domain/BillingDomain.ts(455,27): error TS2339: Property 'data' does not exist on type '{}'.
src/services/domain/BillingDomain.ts(522,19): error TS2740: Type '{ id: UUID; client: string; matter: string; caseId: any; date: string; dueDate: string; amount: number; status: string; items: string[]; }' is missing the following properties from type 'Invoice': invoiceNumber, clientId, clientName, matterDescription, and 11 more.
src/services/domain/BillingDomain.ts(551,71): error TS2339: Property 'INVOICE_GENERATED' does not exist on type 'typeof SystemEventType'.
src/services/domain/CalendarDomain.ts(58,33): error TS2307: Cannot find module '../api/domains/integrations.api' or its corresponding type declarations.
src/services/domain/CalendarDomain.ts(120,36): error TS2345: Argument of type '{}' is not assignable to parameter of type 'string'.
src/services/domain/CaseDomain.ts(118,37): error TS2307: Cannot find module '../api' or its corresponding type declarations.
src/services/domain/CaseDomain.ts(119,33): error TS2307: Cannot find module '../api/cases-api' or its corresponding type declarations.
src/services/domain/CollaborationDomain.ts(7,35): error TS2307: Cannot find module '../api/domains/communications.api' or its corresponding type declarations.
src/services/domain/CollaborationDomain.ts(50,40): error TS2339: Property 'WORKSPACES' does not exist on type '{ CASES: string; MATTERS: string; TASKS: string; EVIDENCE: string; DOCUMENTS: string; DOCKET: string; MOTIONS: string; CLIENTS: string; USERS: string; PARTIES: string; STAFF: string; TIME_OFF: string; ... 112 more ...; TRANSACTIONS: string; }'.
src/services/domain/CollaborationDomain.ts(51,48): error TS2339: Property 'WORKSPACES' does not exist on type '{ CASES: string; MATTERS: string; TASKS: string; EVIDENCE: string; DOCUMENTS: string; DOCKET: string; MOTIONS: string; CLIENTS: string; USERS: string; PARTIES: string; STAFF: string; TIME_OFF: string; ... 112 more ...; TRANSACTIONS: string; }'.
src/services/domain/CollaborationDomain.ts(52,47): error TS2339: Property 'WORKSPACES' does not exist on type '{ CASES: string; MATTERS: string; TASKS: string; EVIDENCE: string; DOCUMENTS: string; DOCKET: string; MOTIONS: string; CLIENTS: string; USERS: string; PARTIES: string; STAFF: string; TIME_OFF: string; ... 112 more ...; TRANSACTIONS: string; }'.
src/services/domain/CollaborationDomain.ts(55,14): error TS18046: 'item' is of type 'unknown'.
src/services/domain/CollaborationDomain.ts(58,42): error TS2339: Property 'WORKSPACES' does not exist on type '{ CASES: string; MATTERS: string; TASKS: string; EVIDENCE: string; DOCUMENTS: string; DOCKET: string; MOTIONS: string; CLIENTS: string; USERS: string; PARTIES: string; STAFF: string; TIME_OFF: string; ... 112 more ...; TRANSACTIONS: string; }'.
src/services/domain/CollaborationDomain.ts(59,26): error TS2339: Property 'WORKSPACES' does not exist on type '{ CASES: string; MATTERS: string; TASKS: string; EVIDENCE: string; DOCUMENTS: string; DOCKET: string; MOTIONS: string; CLIENTS: string; USERS: string; PARTIES: string; STAFF: string; TIME_OFF: string; ... 112 more ...; TRANSACTIONS: string; }'.
src/services/domain/CollaborationDomain.ts(64,50): error TS2339: Property 'WORKSPACES' does not exist on type '{ CASES: string; MATTERS: string; TASKS: string; EVIDENCE: string; DOCUMENTS: string; DOCKET: string; MOTIONS: string; CLIENTS: string; USERS: string; PARTIES: string; STAFF: string; TIME_OFF: string; ... 112 more ...; TRANSACTIONS: string; }'.
src/services/domain/CollaborationDomain.ts(68,58): error TS2339: Property 'WORKSPACES' does not exist on type '{ CASES: string; MATTERS: string; TASKS: string; EVIDENCE: string; DOCUMENTS: string; DOCKET: string; MOTIONS: string; CLIENTS: string; USERS: string; PARTIES: string; STAFF: string; TIME_OFF: string; ... 112 more ...; TRANSACTIONS: string; }'.
src/services/domain/CollaborationDomain.ts(90,25): error TS2339: Property 'WORKSPACES' does not exist on type '{ CASES: string; MATTERS: string; TASKS: string; EVIDENCE: string; DOCUMENTS: string; DOCKET: string; MOTIONS: string; CLIENTS: string; USERS: string; PARTIES: string; STAFF: string; TIME_OFF: string; ... 112 more ...; TRANSACTIONS: string; }'.
src/services/domain/CollaborationDomain.ts(97,45): error TS2339: Property 'WORKSPACES' does not exist on type '{ CASES: string; MATTERS: string; TASKS: string; EVIDENCE: string; DOCUMENTS: string; DOCKET: string; MOTIONS: string; CLIENTS: string; USERS: string; PARTIES: string; STAFF: string; TIME_OFF: string; ... 112 more ...; TRANSACTIONS: string; }'.
src/services/domain/CollaborationDomain.ts(100,22): error TS2339: Property 'members' does not exist on type '{}'.
src/services/domain/CollaborationDomain.ts(101,19): error TS2339: Property 'members' does not exist on type '{}'.
src/services/domain/CollaborationDomain.ts(102,29): error TS2339: Property 'WORKSPACES' does not exist on type '{ CASES: string; MATTERS: string; TASKS: string; EVIDENCE: string; DOCUMENTS: string; DOCKET: string; MOTIONS: string; CLIENTS: string; USERS: string; PARTIES: string; STAFF: string; TIME_OFF: string; ... 112 more ...; TRANSACTIONS: string; }'.
src/services/domain/CollaborationDomain.ts(114,54): error TS2339: Property 'COMMENTS' does not exist on type '{ CASES: string; MATTERS: string; TASKS: string; EVIDENCE: string; DOCUMENTS: string; DOCKET: string; MOTIONS: string; CLIENTS: string; USERS: string; PARTIES: string; STAFF: string; TIME_OFF: string; ... 112 more ...; TRANSACTIONS: string; }'.
src/services/domain/CollaborationDomain.ts(134,25): error TS2339: Property 'COMMENTS' does not exist on type '{ CASES: string; MATTERS: string; TASKS: string; EVIDENCE: string; DOCUMENTS: string; DOCKET: string; MOTIONS: string; CLIENTS: string; USERS: string; PARTIES: string; STAFF: string; TIME_OFF: string; ... 112 more ...; TRANSACTIONS: string; }'.
src/services/domain/CollaborationDomain.ts(155,27): error TS2339: Property 'SHARES' does not exist on type '{ CASES: string; MATTERS: string; TASKS: string; EVIDENCE: string; DOCUMENTS: string; DOCKET: string; MOTIONS: string; CLIENTS: string; USERS: string; PARTIES: string; STAFF: string; TIME_OFF: string; ... 112 more ...; TRANSACTIONS: string; }'.
src/services/domain/CommunicationDomain.ts(5,35): error TS2307: Cannot find module '../api/domains/communications.api' or its corresponding type declarations.
src/services/domain/CommunicationDomain.ts(31,13): error TS2367: This comparison appears to be unintentional because the types '"DRAFT" | "OUT_FOR_SERVICE" | "ATTEMPTED" | "SERVED" | "NON_EST" | "FILED" | "RETURNED" | undefined' and '"Served"' have no overlap.
src/services/domain/ComplianceDomain.ts(78,31): error TS2307: Cannot find module '../api/domains/compliance.api' or its corresponding type declarations.
src/services/domain/ComplianceDomain.ts(79,56): error TS2307: Cannot find module '../api/conflict-checks-api' or its corresponding type declarations.
src/services/domain/ComplianceDomain.ts(80,52): error TS2307: Cannot find module '../api/compliance-api' or its corresponding type declarations.
src/services/domain/ComplianceDomain.ts(188,46): error TS7006: Parameter 'w' implicitly has an 'any' type.
src/services/domain/ComplianceDomain.ts(233,50): error TS7006: Parameter 'c' implicitly has an 'any' type.
src/services/domain/ComplianceDomain.ts(278,55): error TS7006: Parameter 'c' implicitly has an 'any' type.
src/services/domain/ComplianceDomain.ts(291,75): error TS2339: Property 'CONFLICT_DETECTED' does not exist on type 'typeof SystemEventType'.
src/services/domain/ComplianceDomain.ts(406,71): error TS2339: Property 'ETHICAL_WALL_CREATED' does not exist on type 'typeof SystemEventType'.
src/services/domain/CRMDomain.ts(88,26): error TS2307: Cannot find module '../api/domains/admin.api' or its corresponding type declarations.
src/services/domain/CRMDomain.ts(94,35): error TS2307: Cannot find module '../api/clients-api' or its corresponding type declarations.
src/services/domain/CRMDomain.ts(95,33): error TS2307: Cannot find module '../api/cases-api' or its corresponding type declarations.
src/services/domain/CRMDomain.ts(189,46): error TS18046: 'lead' is of type 'unknown'.
src/services/domain/CRMDomain.ts(197,19): error TS18046: 'lead' is of type 'unknown'.
src/services/domain/CRMDomain.ts(214,20): error TS18046: 'lead' is of type 'unknown'.
src/services/domain/CRMDomain.ts(215,21): error TS18046: 'lead' is of type 'unknown'.
src/services/domain/CRMDomain.ts(220,49): error TS18046: 'lead' is of type 'unknown'.
src/services/domain/CRMDomain.ts(240,58): error TS18046: 'lead' is of type 'unknown'.
src/services/domain/DashboardDomain.ts(7,30): error TS2307: Cannot find module '../api/domains/analytics.api' or its corresponding type declarations.
src/services/domain/DashboardDomain.ts(46,23): error TS2339: Property 'widgets' does not exist on type '{}'.
src/services/domain/DashboardDomain.ts(59,33): error TS18046: 'dashboard' is of type 'unknown'.
src/services/domain/DashboardDomain.ts(70,11): error TS18046: 'dashboard' is of type 'unknown'.
src/services/domain/DashboardDomain.ts(71,32): error TS18046: 'dashboard' is of type 'unknown'.
src/services/domain/DashboardDomain.ts(100,49): error TS18046: 'c' is of type 'unknown'.
src/services/domain/DashboardDomain.ts(101,75): error TS18046: 'c' is of type 'unknown'.
src/services/domain/DashboardDomain.ts(103,31): error TS18046: 't' is of type 'unknown'.
src/services/domain/DashboardDomain.ts(107,50): error TS18046: 't' is of type 'unknown'.
src/services/domain/DataCatalogDomain.ts(5,33): error TS2307: Cannot find module '../api/domains/data-platform.api' or its corresponding type declarations.
src/services/domain/DataCatalogDomain.ts(6,38): error TS2307: Cannot find module '../../data/models/dataDictionary' or its corresponding type declarations.
src/services/domain/DataCatalogDomain.ts(17,48): error TS7006: Parameter 'd' implicitly has an 'any' type.
src/services/domain/DataCatalogDomain.ts(44,9): error TS2322: Type '{ name: unknown; x: number; y: number; columns: ({ name: string; type: string; pk: boolean; notNull: boolean; default?: undefined; } | { name: string; type: string; notNull: boolean; pk?: undefined; default?: undefined; } | { ...; } | { ...; })[]; }[]' is not assignable to type 'SchemaTable[]'.
  Type '{ name: unknown; x: number; y: number; columns: ({ name: string; type: string; pk: boolean; notNull: boolean; default?: undefined; } | { name: string; type: string; notNull: boolean; pk?: undefined; default?: undefined; } | { ...; } | { ...; })[]; }' is not assignable to type 'SchemaTable'.
    Types of property 'name' are incompatible.
      Type 'unknown' is not assignable to type 'string'.
src/services/domain/DataCatalogDomain.ts(52,37): error TS18046: 'db' is of type 'unknown'.
src/services/domain/DataCatalogDomain.ts(94,17): error TS18046: 'e' is of type 'unknown'.
src/services/domain/DataCatalogDomain.ts(95,20): error TS18046: 'e' is of type 'unknown'.
src/services/domain/DataCatalogDomain.ts(96,19): error TS18046: 'e' is of type 'unknown'.
src/services/domain/DataCatalogDomain.ts(100,21): error TS18046: 'r' is of type 'unknown'.
src/services/domain/DataCatalogDomain.ts(101,21): error TS18046: 'r' is of type 'unknown'.
src/services/domain/DataCatalogDomain.ts(102,23): error TS18046: 'r' is of type 'unknown'.
src/services/domain/DataQualityDomain.ts(6,33): error TS2307: Cannot find module '../api/domains/data-platform.api' or its corresponding type declarations.
src/services/domain/DataQualityDomain.ts(49,26): error TS18046: 'c' is of type 'unknown'.
src/services/domain/DataQualityDomain.ts(49,52): error TS18046: 'c' is of type 'unknown'.
src/services/domain/DataQualityDomain.ts(52,17): error TS18046: 'c' is of type 'unknown'.
src/services/domain/DataQualityDomain.ts(52,42): error TS18046: 'c' is of type 'unknown'.
src/services/domain/DataQualityDomain.ts(55,34): error TS18046: 'c' is of type 'unknown'.
src/services/domain/DataQualityDomain.ts(56,21): error TS18046: 'c' is of type 'unknown'.
src/services/domain/DataQualityDomain.ts(57,26): error TS18046: 'c' is of type 'unknown'.
src/services/domain/DataQualityDomain.ts(62,17): error TS18046: 'c' is of type 'unknown'.
src/services/domain/DataQualityDomain.ts(63,33): error TS18046: 'c' is of type 'unknown'.
src/services/domain/DataQualityDomain.ts(64,30): error TS18046: 'c' is of type 'unknown'.
src/services/domain/DataSourceDomain.ts(7,33): error TS2307: Cannot find module '../api/domains/data-platform.api' or its corresponding type declarations.
src/services/domain/DataSourceDomain.ts(32,40): error TS2339: Property 'DATA_SOURCES' does not exist on type '{ CASES: string; MATTERS: string; TASKS: string; EVIDENCE: string; DOCUMENTS: string; DOCKET: string; MOTIONS: string; CLIENTS: string; USERS: string; PARTIES: string; STAFF: string; TIME_OFF: string; ... 112 more ...; TRANSACTIONS: string; }'.
src/services/domain/DataSourceDomain.ts(33,48): error TS2339: Property 'DATA_SOURCES' does not exist on type '{ CASES: string; MATTERS: string; TASKS: string; EVIDENCE: string; DOCUMENTS: string; DOCKET: string; MOTIONS: string; CLIENTS: string; USERS: string; PARTIES: string; STAFF: string; TIME_OFF: string; ... 112 more ...; TRANSACTIONS: string; }'.
src/services/domain/DataSourceDomain.ts(34,47): error TS2339: Property 'DATA_SOURCES' does not exist on type '{ CASES: string; MATTERS: string; TASKS: string; EVIDENCE: string; DOCUMENTS: string; DOCKET: string; MOTIONS: string; CLIENTS: string; USERS: string; PARTIES: string; STAFF: string; TIME_OFF: string; ... 112 more ...; TRANSACTIONS: string; }'.
src/services/domain/DataSourceDomain.ts(40,42): error TS2339: Property 'DATA_SOURCES' does not exist on type '{ CASES: string; MATTERS: string; TASKS: string; EVIDENCE: string; DOCUMENTS: string; DOCKET: string; MOTIONS: string; CLIENTS: string; USERS: string; PARTIES: string; STAFF: string; TIME_OFF: string; ... 112 more ...; TRANSACTIONS: string; }'.
src/services/domain/DataSourceDomain.ts(41,26): error TS2339: Property 'DATA_SOURCES' does not exist on type '{ CASES: string; MATTERS: string; TASKS: string; EVIDENCE: string; DOCUMENTS: string; DOCKET: string; MOTIONS: string; CLIENTS: string; USERS: string; PARTIES: string; STAFF: string; TIME_OFF: string; ... 112 more ...; TRANSACTIONS: string; }'.
src/services/domain/DataSourceDomain.ts(46,50): error TS2339: Property 'DATA_SOURCES' does not exist on type '{ CASES: string; MATTERS: string; TASKS: string; EVIDENCE: string; DOCUMENTS: string; DOCKET: string; MOTIONS: string; CLIENTS: string; USERS: string; PARTIES: string; STAFF: string; TIME_OFF: string; ... 112 more ...; TRANSACTIONS: string; }'.
src/services/domain/DataSourceDomain.ts(50,54): error TS2339: Property 'DATA_SOURCES' does not exist on type '{ CASES: string; MATTERS: string; TASKS: string; EVIDENCE: string; DOCUMENTS: string; DOCKET: string; MOTIONS: string; CLIENTS: string; USERS: string; PARTIES: string; STAFF: string; TIME_OFF: string; ... 112 more ...; TRANSACTIONS: string; }'.
src/services/domain/DataSourceDomain.ts(66,42): error TS2339: Property 'DATA_SOURCES' does not exist on type '{ CASES: string; MATTERS: string; TASKS: string; EVIDENCE: string; DOCUMENTS: string; DOCKET: string; MOTIONS: string; CLIENTS: string; USERS: string; PARTIES: string; STAFF: string; TIME_OFF: string; ... 112 more ...; TRANSACTIONS: string; }'.
src/services/domain/DataSourceDomain.ts(70,27): error TS2339: Property 'DATA_SOURCES' does not exist on type '{ CASES: string; MATTERS: string; TASKS: string; EVIDENCE: string; DOCUMENTS: string; DOCKET: string; MOTIONS: string; CLIENTS: string; USERS: string; PARTIES: string; STAFF: string; TIME_OFF: string; ... 112 more ...; TRANSACTIONS: string; }'.
src/services/domain/DataSourceDomain.ts(76,62): error TS2339: Property 'name' does not exist on type '{}'.
src/services/domain/DataSourceDomain.ts(87,42): error TS2339: Property 'DATA_SOURCES' does not exist on type '{ CASES: string; MATTERS: string; TASKS: string; EVIDENCE: string; DOCUMENTS: string; DOCKET: string; MOTIONS: string; CLIENTS: string; USERS: string; PARTIES: string; STAFF: string; TIME_OFF: string; ... 112 more ...; TRANSACTIONS: string; }'.
src/services/domain/DataSourceDomain.ts(90,27): error TS2339: Property 'DATA_SOURCES' does not exist on type '{ CASES: string; MATTERS: string; TASKS: string; EVIDENCE: string; DOCUMENTS: string; DOCKET: string; MOTIONS: string; CLIENTS: string; USERS: string; PARTIES: string; STAFF: string; TIME_OFF: string; ... 112 more ...; TRANSACTIONS: string; }'.
src/services/domain/DataSourceDomain.ts(95,67): error TS2339: Property 'name' does not exist on type '{}'.
src/services/domain/DataSourceDomain.ts(105,42): error TS2339: Property 'DATA_SOURCES' does not exist on type '{ CASES: string; MATTERS: string; TASKS: string; EVIDENCE: string; DOCUMENTS: string; DOCKET: string; MOTIONS: string; CLIENTS: string; USERS: string; PARTIES: string; STAFF: string; TIME_OFF: string; ... 112 more ...; TRANSACTIONS: string; }'.
src/services/domain/DataSourceDomain.ts(106,30): error TS2339: Property 'connected' does not exist on type '{}'.
src/services/domain/DataSourceDomain.ts(111,27): error TS2339: Property 'DATA_SOURCES' does not exist on type '{ CASES: string; MATTERS: string; TASKS: string; EVIDENCE: string; DOCUMENTS: string; DOCKET: string; MOTIONS: string; CLIENTS: string; USERS: string; PARTIES: string; STAFF: string; TIME_OFF: string; ... 112 more ...; TRANSACTIONS: string; }'.
src/services/domain/DataSourceDomain.ts(116,56): error TS2339: Property 'name' does not exist on type '{}'.
src/services/domain/DataSourceDomain.ts(127,42): error TS2339: Property 'DATA_SOURCES' does not exist on type '{ CASES: string; MATTERS: string; TASKS: string; EVIDENCE: string; DOCUMENTS: string; DOCKET: string; MOTIONS: string; CLIENTS: string; USERS: string; PARTIES: string; STAFF: string; TIME_OFF: string; ... 112 more ...; TRANSACTIONS: string; }'.
src/services/domain/DocketDomain.ts(57,37): error TS2307: Cannot find module '../api' or its corresponding type declarations.
src/services/domain/DocketDomain.ts(58,34): error TS2307: Cannot find module '../api/docket-api' or its corresponding type declarations.
src/services/domain/DocketDomain.ts(232,19): error TS2739: Type '{ id: DocketId; sequenceNumber: number; pacerSequenceNumber: number; caseId: CaseId; date: string; type: "Order"; title: string; description: string; filedBy: string; isSealed: false; }' is missing the following properties from type 'DocketEntry': dateFiled, entryDate
src/services/domain/JurisdictionDomain.ts(5,33): error TS2307: Cannot find module '../api/jurisdiction-api' or its corresponding type declarations.
src/services/domain/KnowledgeDomain.ts(35,30): error TS2307: Cannot find module '../api/domains/analytics.api' or its corresponding type declarations.
src/services/domain/KnowledgeDomain.ts(207,71): error TS2339: Property 'WIKI_ARTICLE_CREATED' does not exist on type 'typeof SystemEventType'.
src/services/domain/KnowledgeDomain.ts(338,23): error TS2339: Property 'summary' does not exist on type 'Precedent'.
src/services/domain/KnowledgeDomain.ts(339,23): error TS2339: Property 'citation' does not exist on type 'Precedent'.
src/services/domain/KnowledgeDomain.ts(345,23): error TS2339: Property 'jurisdiction' does not exist on type 'Precedent'.
src/services/domain/KnowledgeDomain.ts(351,23): error TS2339: Property 'year' does not exist on type 'Precedent'.
src/services/domain/KnowledgeDomain.ts(357,23): error TS2339: Property 'court' does not exist on type 'Precedent'.
src/services/domain/KnowledgeDomain.ts(417,22): error TS2339: Property 'tags' does not exist on type 'QAItem'.
src/services/domain/MarketingDomain.ts(4,30): error TS2307: Cannot find module '../../data/models/marketingMetric' or its corresponding type declarations.
src/services/domain/MessengerDomain.ts(6,21): error TS2307: Cannot find module '../api' or its corresponding type declarations.
src/services/domain/NotificationDomain.ts(8,35): error TS2307: Cannot find module '../api/domains/communications.api' or its corresponding type declarations.
src/services/domain/NotificationDomain.ts(30,18): error TS18046: 'item' is of type 'unknown'.
src/services/domain/OperationsDomain.ts(4,21): error TS2307: Cannot find module '../api' or its corresponding type declarations.
src/services/domain/OrganizationDomain.ts(8,26): error TS2307: Cannot find module '../api/domains/admin.api' or its corresponding type declarations.
src/services/domain/OrganizationDomain.ts(74,53): error TS2339: Property 'ORGANIZATIONS' does not exist on type '{ CASES: string; MATTERS: string; TASKS: string; EVIDENCE: string; DOCUMENTS: string; DOCKET: string; MOTIONS: string; CLIENTS: string; USERS: string; PARTIES: string; STAFF: string; TIME_OFF: string; ... 112 more ...; TRANSACTIONS: string; }'.
src/services/domain/OrganizationDomain.ts(85,60): error TS2339: Property 'DEPARTMENTS' does not exist on type '{ CASES: string; MATTERS: string; TASKS: string; EVIDENCE: string; DOCUMENTS: string; DOCKET: string; MOTIONS: string; CLIENTS: string; USERS: string; PARTIES: string; STAFF: string; TIME_OFF: string; ... 112 more ...; TRANSACTIONS: string; }'.
src/services/domain/OrganizationDomain.ts(91,50): error TS2339: Property 'MEMBERS' does not exist on type '{ CASES: string; MATTERS: string; TASKS: string; EVIDENCE: string; DOCUMENTS: string; DOCKET: string; MOTIONS: string; CLIENTS: string; USERS: string; PARTIES: string; STAFF: string; TIME_OFF: string; ... 112 more ...; TRANSACTIONS: string; }'.
src/services/domain/OrganizationDomain.ts(104,37): error TS2339: Property 'ORGANIZATIONS' does not exist on type '{ CASES: string; MATTERS: string; TASKS: string; EVIDENCE: string; DOCUMENTS: string; DOCKET: string; MOTIONS: string; CLIENTS: string; USERS: string; PARTIES: string; STAFF: string; TIME_OFF: string; ... 112 more ...; TRANSACTIONS: string; }'.
src/services/domain/OrganizationDomain.ts(107,38): error TS2339: Property 'settings' does not exist on type '{}'.
src/services/domain/OrganizationDomain.ts(109,25): error TS2339: Property 'ORGANIZATIONS' does not exist on type '{ CASES: string; MATTERS: string; TASKS: string; EVIDENCE: string; DOCUMENTS: string; DOCKET: string; MOTIONS: string; CLIENTS: string; USERS: string; PARTIES: string; STAFF: string; TIME_OFF: string; ... 112 more ...; TRANSACTIONS: string; }'.
src/services/domain/OrganizationDomain.ts(128,25): error TS2339: Property 'DEPARTMENTS' does not exist on type '{ CASES: string; MATTERS: string; TASKS: string; EVIDENCE: string; DOCUMENTS: string; DOCKET: string; MOTIONS: string; CLIENTS: string; USERS: string; PARTIES: string; STAFF: string; TIME_OFF: string; ... 112 more ...; TRANSACTIONS: string; }'.
src/services/domain/OrganizationDomain.ts(143,25): error TS2339: Property 'MEMBERS' does not exist on type '{ CASES: string; MATTERS: string; TASKS: string; EVIDENCE: string; DOCUMENTS: string; DOCKET: string; MOTIONS: string; CLIENTS: string; USERS: string; PARTIES: string; STAFF: string; TIME_OFF: string; ... 112 more ...; TRANSACTIONS: string; }'.
src/services/domain/ProfileDomain.ts(6,25): error TS2307: Cannot find module '../api/domains/auth.api' or its corresponding type declarations.
src/services/domain/ProfileDomain.ts(128,44): error TS18046: 'b' is of type 'unknown'.
src/services/domain/ProfileDomain.ts(128,78): error TS18046: 'a' is of type 'unknown'.
src/services/domain/ResearchDomain.ts(18,30): error TS2307: Cannot find module '../api/domains/analytics.api' or its corresponding type declarations.
src/services/domain/ResearchDomain.ts(20,37): error TS2307: Cannot find module '../api' or its corresponding type declarations.
src/services/domain/SearchDomain.ts(18,30): error TS2307: Cannot find module '../api/domains/analytics.api' or its corresponding type declarations.
src/services/domain/SearchDomain.ts(20,37): error TS2307: Cannot find module '../api' or its corresponding type declarations.
src/services/domain/SearchDomain.ts(53,29): error TS18046: 'params' is of type 'unknown'.
src/services/domain/SearchDomain.ts(54,30): error TS18046: 'params' is of type 'unknown'.
src/services/domain/SearchDomain.ts(56,63): error TS2345: Argument of type 'unknown' is not assignable to parameter of type 'Record<string, any> | undefined'.
src/services/domain/SecurityDomain.ts(32,26): error TS2307: Cannot find module '../api/domains/admin.api' or its corresponding type declarations.
src/services/domain/SecurityDomain.ts(184,75): error TS2339: Property 'SECURITY_THREAT_DETECTED' does not exist on type 'typeof SystemEventType'.
src/services/domain/StrategyDomain.ts(18,31): error TS2307: Cannot find module '../api/domains/litigation.api' or its corresponding type declarations.
src/services/domain/StrategyDomain.ts(20,37): error TS2307: Cannot find module '../api' or its corresponding type declarations.
src/services/domain/TransactionDomain.ts(7,21): error TS2307: Cannot find module '../api' or its corresponding type declarations.
src/services/domain/TransactionDomain.ts(40,15): error TS18046: 'item' is of type 'unknown'.
src/services/domain/WarRoomDomain.ts(6,21): error TS2307: Cannot find module '../api' or its corresponding type declarations.
src/services/features/bluebook/bluebookFormatter.ts(169,19): error TS18046: 'citation' is of type 'unknown'.
src/services/features/bluebook/bluebookFormatter.ts(170,18): error TS18046: 'citation' is of type 'unknown'.
src/services/features/bluebook/bluebookFormatter.ts(171,21): error TS18046: 'citation' is of type 'unknown'.
src/services/features/bluebook/bluebookFormatter.ts(172,24): error TS18046: 'citation' is of type 'unknown'.
src/services/features/bluebook/bluebookFormatter.ts(180,9): error TS18046: 'citation' is of type 'unknown'.
src/services/features/bluebook/bluebookFormatter.ts(181,25): error TS18046: 'citation' is of type 'unknown'.
src/services/features/bluebook/bluebookFormatter.ts(195,58): error TS2339: Property 'author' does not exist on type 'BluebookCitation'.
src/services/features/bluebook/bluebookFormatter.ts(195,83): error TS2339: Property 'author' does not exist on type 'BluebookCitation'.
src/services/features/bluebook/bluebookFormatter.ts(196,44): error TS2339: Property 'title' does not exist on type 'BluebookCitation'.
src/services/features/bluebook/bluebookFormatter.ts(196,64): error TS2339: Property 'title' does not exist on type 'BluebookCitation'.
src/services/features/bluebook/bluebookFormatter.ts(197,29): error TS2339: Property 'volume' does not exist on type 'BluebookCitation'.
src/services/features/bluebook/bluebookFormatter.ts(198,30): error TS2339: Property 'journalName' does not exist on type 'BluebookCitation'.
src/services/features/bluebook/bluebookFormatter.ts(198,54): error TS2339: Property 'publicationTitle' does not exist on type 'BluebookCitation'.
src/services/features/bluebook/bluebookFormatter.ts(199,27): error TS2339: Property 'page' does not exist on type 'BluebookCitation'.
src/services/features/bluebook/bluebookFormatter.ts(200,27): error TS2339: Property 'year' does not exist on type 'BluebookCitation'.
src/services/features/bluebook/bluebookFormatter.ts(202,9): error TS2367: This comparison appears to be unintentional because the types 'BluebookCitationType' and '"journal"' have no overlap.
src/services/features/bluebook/bluebookFormatter.ts(244,29): error TS2339: Property 'page' does not exist on type 'BluebookCitation'.
src/services/features/bluebook/bluebookFormatter.ts(244,54): error TS2339: Property 'page' does not exist on type 'BluebookCitation'.
src/services/features/bluebook/bluebookFormatter.ts(247,14): error TS2678: Type '"case"' is not comparable to type 'BluebookCitationType'.
src/services/features/bluebook/bluebookFormatter.ts(258,14): error TS2678: Type '"statute"' is not comparable to type 'BluebookCitationType'.
src/services/features/bluebook/bluebookFormatter.ts(259,14): error TS2678: Type '"regulation"' is not comparable to type 'BluebookCitationType'.
src/services/features/bluebook/bluebookFormatter.ts(307,9): error TS2367: This comparison appears to be unintentional because the types 'BluebookCitationType' and '"case"' have no overlap.
src/services/features/bluebook/bluebookFormatter.ts(308,21): error TS2339: Property 'caseName' does not exist on type 'BluebookCitation'.
src/services/features/bluebook/bluebookFormatter.ts(309,21): error TS2339: Property 'reporters' does not exist on type 'BluebookCitation'.
src/services/features/bluebook/bluebookFormatter.ts(309,43): error TS2339: Property 'reporters' does not exist on type 'BluebookCitation'.
src/services/features/bluebook/bluebookFormatter.ts(312,21): error TS2339: Property 'year' does not exist on type 'BluebookCitation'.
src/services/features/bluebook/bluebookFormatter.ts(315,9): error TS2367: This comparison appears to be unintentional because the types 'BluebookCitationType' and '"statute"' have no overlap.
src/services/features/bluebook/bluebookParser.ts(21,8): error TS6137: Cannot import type declaration files. Consider importing 'bluebook' instead of '@types/bluebook'.
src/services/features/bluebook/bluebookParser.ts(220,9): error TS2322: Type 'unknown[]' is not assignable to type 'Author[]'.
  Type 'unknown' is not assignable to type 'Author'.
src/services/features/bluebook/bluebookParser.ts(249,9): error TS2322: Type 'unknown[]' is not assignable to type 'Author[]'.
  Type 'unknown' is not assignable to type 'Author'.
src/services/features/bluebook/index.ts(9,29): error TS2307: Cannot find module '../../api/bluebook-api' or its corresponding type declarations.
src/services/features/deadlines/deadlineEngine.ts(163,38): error TS2339: Property 'filingDate' does not exist on type 'DocketEntry'.
src/services/features/deadlines/deadlineEngine.ts(163,58): error TS2339: Property 'eventDate' does not exist on type 'DocketEntry'.
src/services/features/discovery/discoveryService.ts(125,21): error TS2307: Cannot find module '../../api' or its corresponding type declarations.
src/services/features/discovery/fallbackDocketParser.ts(152,3): error TS2820: Type '"Litigation"' is not assignable to type 'MatterType | undefined'. Did you mean 'MatterType.LITIGATION'?
src/services/features/discovery/fallbackDocketParser.ts(172,22): error TS2345: Argument of type '{ id: PartyId; name: string; role: string; type: "Individual" | "Corporation"; contact: string; }' is not assignable to parameter of type 'Party'.
  Property 'caseId' is missing in type '{ id: PartyId; name: string; role: string; type: "Individual" | "Corporation"; contact: string; }' but required in type 'Party'.
src/services/features/discovery/fallbackDocketParser.ts(190,22): error TS2345: Argument of type '{ id: PartyId; name: string; role: string; type: "Individual" | "Corporation"; contact: string; }' is not assignable to parameter of type 'Party'.
  Property 'caseId' is missing in type '{ id: PartyId; name: string; role: string; type: "Individual" | "Corporation"; contact: string; }' but required in type 'Party'.
src/services/features/discovery/fallbackDocketParser.ts(225,20): error TS2345: Argument of type '{ id: DocketId; sequenceNumber: number; caseId: CaseId; date: string; type: DocketEntryType; title: string; description: string; filedBy: string; isSealed: false; }' is not assignable to parameter of type 'DocketEntry'.
  Type '{ id: DocketId; sequenceNumber: number; caseId: CaseId; date: string; type: DocketEntryType; title: string; description: string; filedBy: string; isSealed: false; }' is missing the following properties from type 'DocketEntry': dateFiled, entryDate
src/services/features/discovery/fallbackDocketParser.ts(243,22): error TS2345: Argument of type '{ id: DocketId; sequenceNumber: number; caseId: CaseId; date: string; type: DocketEntryType; title: string; description: string; filedBy: string; isSealed: false; }' is not assignable to parameter of type 'DocketEntry'.
  Type '{ id: DocketId; sequenceNumber: number; caseId: CaseId; date: string; type: DocketEntryType; title: string; description: string; filedBy: string; isSealed: false; }' is missing the following properties from type 'DocketEntry': dateFiled, entryDate
src/services/features/documents/xmlDocketParser.ts(82,9): error TS2322: Type '"Appeal" | "Litigation"' is not assignable to type 'MatterType | undefined'.
  Type '"Appeal"' is not assignable to type 'MatterType | undefined'.
src/services/features/documents/xmlDocketParser.ts(97,9): error TS2820: Type '"Litigation"' is not assignable to type 'MatterType | undefined'. Did you mean 'MatterType.LITIGATION'?
src/services/features/documents/xmlDocketParser.ts(132,13): error TS2322: Type 'PacerParty' is not assignable to type 'JsonValue | undefined'.
  Type 'PacerParty' is not assignable to type 'JsonObject'.
    Index signature for type 'string' is missing in type 'PacerParty'.
src/services/features/legal/ruleService.ts(34,21): error TS2307: Cannot find module '../../api' or its corresponding type declarations.
src/services/features/legal/ruleService.ts(40,66): error TS2307: Cannot find module '../../api/jurisdiction-api' or its corresponding type declarations.
src/services/features/research/geminiService.ts(296,43): error TS2322: Type 'string | undefined' is not assignable to type 'string'.
  Type 'undefined' is not assignable to type 'string'.
src/services/features/research/geminiService.ts(510,71): error TS2345: Argument of type 'null' is not assignable to parameter of type 'ShepardizeResult'.
src/services/features/rules/ruleService.ts(15,3): error TS2741: Property 'type' is missing in type '{ id: string; code: string; name: string; jurisdiction: string; category: string; }' but required in type 'LegalRule'.
src/services/features/rules/ruleService.ts(16,3): error TS2741: Property 'type' is missing in type '{ id: string; code: string; name: string; jurisdiction: string; category: string; }' but required in type 'LegalRule'.
src/services/features/rules/ruleService.ts(17,3): error TS2741: Property 'type' is missing in type '{ id: string; code: string; name: string; jurisdiction: string; category: string; }' but required in type 'LegalRule'.
src/services/features/rules/ruleService.ts(18,3): error TS2741: Property 'type' is missing in type '{ id: string; code: string; name: string; jurisdiction: string; category: string; }' but required in type 'LegalRule'.
src/services/features/rules/ruleService.ts(19,3): error TS2741: Property 'type' is missing in type '{ id: string; code: string; name: string; jurisdiction: string; category: string; }' but required in type 'LegalRule'.
src/services/features/rules/ruleService.ts(20,3): error TS2741: Property 'type' is missing in type '{ id: string; code: string; name: string; jurisdiction: string; category: string; }' but required in type 'LegalRule'.
src/services/features/rules/ruleService.ts(21,3): error TS2741: Property 'type' is missing in type '{ id: string; code: string; name: string; jurisdiction: string; category: string; }' but required in type 'LegalRule'.
src/services/features/rules/ruleService.ts(22,3): error TS2741: Property 'type' is missing in type '{ id: string; code: string; name: string; jurisdiction: string; category: string; }' but required in type 'LegalRule'.
src/services/features/rules/ruleService.ts(23,3): error TS2741: Property 'type' is missing in type '{ id: string; code: string; name: string; jurisdiction: string; category: string; }' but required in type 'LegalRule'.
src/services/features/rules/ruleService.ts(26,3): error TS2741: Property 'type' is missing in type '{ id: string; code: string; name: string; jurisdiction: string; category: string; }' but required in type 'LegalRule'.
src/services/features/rules/ruleService.ts(27,3): error TS2741: Property 'type' is missing in type '{ id: string; code: string; name: string; jurisdiction: string; category: string; }' but required in type 'LegalRule'.
src/services/features/rules/ruleService.ts(28,3): error TS2741: Property 'type' is missing in type '{ id: string; code: string; name: string; jurisdiction: string; category: string; }' but required in type 'LegalRule'.
src/services/features/rules/ruleService.ts(29,3): error TS2741: Property 'type' is missing in type '{ id: string; code: string; name: string; jurisdiction: string; category: string; }' but required in type 'LegalRule'.
src/services/features/rules/ruleService.ts(30,3): error TS2741: Property 'type' is missing in type '{ id: string; code: string; name: string; jurisdiction: string; category: string; }' but required in type 'LegalRule'.
src/services/features/rules/ruleService.ts(33,3): error TS2741: Property 'type' is missing in type '{ id: string; code: string; name: string; jurisdiction: string; category: string; }' but required in type 'LegalRule'.
src/services/features/rules/ruleService.ts(34,3): error TS2741: Property 'type' is missing in type '{ id: string; code: string; name: string; jurisdiction: string; category: string; }' but required in type 'LegalRule'.
src/services/features/rules/ruleService.ts(52,12): error TS2339: Property 'title' does not exist on type 'LegalRule'.
src/services/index.ts(66,21): error TS2307: Cannot find module './api' or its corresponding type declarations.
src/services/infrastructure/aiValidationService.ts(122,33): error TS2339: Property 'nodes' does not exist on type 'object'.
src/services/infrastructure/aiValidationService.ts(125,40): error TS2339: Property 'nodes' does not exist on type 'object'.
src/services/infrastructure/aiValidationService.ts(129,33): error TS2339: Property 'connections' does not exist on type 'object'.
src/services/infrastructure/aiValidationService.ts(132,46): error TS2339: Property 'connections' does not exist on type 'object'.
src/services/infrastructure/aiValidationService.ts(132,68): error TS2339: Property 'nodes' does not exist on type 'object'.
src/services/infrastructure/aiValidationService.ts(167,38): error TS18046: 'n' is of type 'unknown'.
src/services/infrastructure/aiValidationService.ts(168,36): error TS18046: 'n' is of type 'unknown'.
src/services/infrastructure/aiValidationService.ts(191,44): error TS18046: 'n' is of type 'unknown'.
src/services/infrastructure/aiValidationService.ts(202,24): error TS18046: 'conn' is of type 'unknown'.
src/services/infrastructure/aiValidationService.ts(202,51): error TS18046: 'conn' is of type 'unknown'.
src/services/infrastructure/aiValidationService.ts(212,5): error TS2322: Type 'unknown' is not assignable to type 'boolean'.
src/services/infrastructure/aiValidationService.ts(215,19): error TS2339: Property 'id' does not exist on type 'object'.
src/services/infrastructure/aiValidationService.ts(216,19): error TS2339: Property 'type' does not exist on type 'object'.
src/services/infrastructure/aiValidationService.ts(217,19): error TS2339: Property 'label' does not exist on type 'object'.
src/services/infrastructure/aiValidationService.ts(218,19): error TS2339: Property 'x' does not exist on type 'object'.
src/services/infrastructure/aiValidationService.ts(219,19): error TS2339: Property 'y' does not exist on type 'object'.
src/services/infrastructure/aiValidationService.ts(220,19): error TS2339: Property 'config' does not exist on type 'object'.
src/services/infrastructure/aiValidationService.ts(228,5): error TS2322: Type 'unknown' is not assignable to type 'boolean'.
src/services/infrastructure/aiValidationService.ts(231,19): error TS2339: Property 'id' does not exist on type 'object'.
src/services/infrastructure/aiValidationService.ts(232,19): error TS2339: Property 'from' does not exist on type 'object'.
src/services/infrastructure/aiValidationService.ts(233,19): error TS2339: Property 'to' does not exist on type 'object'.
src/services/infrastructure/aiValidationService.ts(242,14): error TS18046: 'response' is of type 'unknown'.
src/services/infrastructure/aiValidationService.ts(244,33): error TS18046: 'node' is of type 'unknown'.
src/services/infrastructure/aiValidationService.ts(245,36): error TS18046: 'node' is of type 'unknown'.
src/services/infrastructure/aiValidationService.ts(246,35): error TS18046: 'node' is of type 'unknown'.
src/services/infrastructure/aiValidationService.ts(247,23): error TS18046: 'node' is of type 'unknown'.
src/services/infrastructure/aiValidationService.ts(248,23): error TS18046: 'node' is of type 'unknown'.
src/services/infrastructure/aiValidationService.ts(249,37): error TS18046: 'node' is of type 'unknown'.
src/services/infrastructure/aiValidationService.ts(251,20): error TS18046: 'response' is of type 'unknown'.
src/services/infrastructure/aiValidationService.ts(253,33): error TS18046: 'conn' is of type 'unknown'.
src/services/infrastructure/aiValidationService.ts(254,35): error TS18046: 'conn' is of type 'unknown'.
src/services/infrastructure/aiValidationService.ts(255,33): error TS18046: 'conn' is of type 'unknown'.
src/services/infrastructure/aiValidationService.ts(256,16): error TS18046: 'conn' is of type 'unknown'.
src/services/infrastructure/aiValidationService.ts(256,49): error TS18046: 'conn' is of type 'unknown'.
src/services/infrastructure/aiValidationService.ts(277,21): error TS7053: Element implicitly has an 'any' type because expression of type 'string' can't be used to index type '{}'.
  No index signature with a parameter of type 'string' was found on type '{}'.
src/services/infrastructure/aiValidationService.ts(279,9): error TS18046: 'sanitized' is of type 'unknown'.
src/services/infrastructure/aiValidationService.ts(281,9): error TS18046: 'sanitized' is of type 'unknown'.
src/services/infrastructure/aiValidationService.ts(283,9): error TS18046: 'sanitized' is of type 'unknown'.
src/services/infrastructure/apiClient.ts(622,16): error TS18046: 'error' is of type 'unknown'.
src/services/infrastructure/collaborationService.ts(226,15): error TS2339: Property 'type' does not exist on type 'Partial<CollaborativeEdit>'.
src/services/infrastructure/collaborationService.ts(226,70): error TS2339: Property 'type' does not exist on type 'Partial<CollaborativeEdit>'.
src/services/integration/handlers/CitationSavedHandler.ts(25,31): error TS2365: Operator '>=' cannot be applied to types 'string' and 'number'.
src/services/integration/handlers/CitationSavedHandler.ts(43,27): error TS2339: Property 'authority' does not exist on type 'Citation'.
src/services/integration/handlers/DocketIngestedHandler.ts(55,7): error TS2322: Type 'string | undefined' is not assignable to type 'string'.
  Type 'undefined' is not assignable to type 'string'.
src/services/integration/handlers/DocketIngestedHandler.ts(56,7): error TS2322: Type 'string | undefined' is not assignable to type 'string'.
  Type 'undefined' is not assignable to type 'string'.
src/services/integration/handlers/DocumentUploadedHandler.ts(47,7): error TS2322: Type 'string | number | undefined' is not assignable to type 'string | undefined'.
  Type 'number' is not assignable to type 'string'.
src/services/integration/handlers/InvoiceStatusChangedHandler.ts(63,61): error TS18046: 'err' is of type 'unknown'.
src/services/integration/handlers/ServiceCompletedHandler.ts(21,9): error TS2367: This comparison appears to be unintentional because the types '"DRAFT" | "OUT_FOR_SERVICE" | "ATTEMPTED" | "SERVED" | "NON_EST" | "FILED" | "RETURNED"' and '"Served"' have no overlap.
src/services/integration/handlers/ServiceCompletedHandler.ts(27,11): error TS2739: Type '{ id: DocketId; sequenceNumber: number; caseId: CaseId; date: string; type: "Filing"; title: string; description: string; filedBy: string; isSealed: false; }' is missing the following properties from type 'DocketEntry': dateFiled, entryDate
src/services/integration/handlers/TaskCompletedHandler.ts(28,11): error TS2741: Property 'billable' is missing in type '{ id: UUID; caseId: CaseId; userId: UserId; date: string; duration: number; description: string; rate: number; total: number; status: string; }' but required in type 'TimeEntry'.
src/services/integration/handlers/TaskCompletedHandler.ts(50,37): error TS2339: Property 'category' does not exist on type 'WorkflowTask'.
src/services/integration/handlers/TaskCompletedHandler.ts(50,107): error TS2339: Property 'category' does not exist on type 'WorkflowTask'.
src/services/utils/queryUtils.ts(200,19): error TS7053: Element implicitly has an 'any' type because expression of type 'string' can't be used to index type '{}'.
  No index signature with a parameter of type 'string' was found on type '{}'.
src/services/validation/discoverySchemas.ts(93,39): error TS2345: Argument of type '{}' is not assignable to parameter of type 'string'.
src/services/validation/discoverySchemas.ts(98,36): error TS2345: Argument of type '{}' is not assignable to parameter of type 'string'.
src/services/validation/discoverySchemas.ts(145,33): error TS2345: Argument of type '{}' is not assignable to parameter of type 'string'.
src/services/validation/discoverySchemas.ts(170,21): error TS2339: Property 'desc' does not exist on type 'object'.
src/services/validation/discoverySchemas.ts(170,48): error TS2339: Property 'desc' does not exist on type 'object'.
src/services/validation/discoverySchemas.ts(201,8): error TS18046: 'data' is of type 'unknown'.
src/services/validation/discoverySchemas.ts(201,26): error TS18046: 'data' is of type 'unknown'.
src/services/validation/discoverySchemas.ts(205,21): error TS18046: 'data' is of type 'unknown'.
src/services/validation/discoverySchemas.ts(205,53): error TS18046: 'data' is of type 'unknown'.
src/services/validation/discoverySchemas.ts(212,16): error TS18046: 'data' is of type 'unknown'.
src/services/validation/discoverySchemas.ts(212,43): error TS18046: 'data' is of type 'unknown'.
src/services/validation/discoverySchemas.ts(217,8): error TS18046: 'data' is of type 'unknown'.
src/services/validation/discoverySchemas.ts(217,36): error TS18046: 'data' is of type 'unknown'.
src/services/validation/discoverySchemas.ts(221,35): error TS18046: 'data' is of type 'unknown'.
src/services/validation/discoverySchemas.ts(309,33): error TS2339: Property 'type' does not exist on type 'object'.
src/services/validation/discoverySchemas.ts(313,44): error TS2339: Property 'status' does not exist on type 'object'.
src/services/validation/discoverySchemas.ts(317,26): error TS2339: Property 'custodian' does not exist on type 'object'.
src/services/validation/discoverySchemas.ts(317,58): error TS2339: Property 'custodian' does not exist on type 'object'.
src/services/validation/discoverySchemas.ts(343,7): error TS18046: 'data' is of type 'unknown'.
src/services/validation/discoverySchemas.ts(343,29): error TS18046: 'data' is of type 'unknown'.
src/services/validation/discoverySchemas.ts(344,35): error TS18046: 'data' is of type 'unknown'.
src/services/validation/discoverySchemas.ts(350,7): error TS18046: 'data' is of type 'unknown'.
src/services/validation/discoverySchemas.ts(350,37): error TS18046: 'data' is of type 'unknown'.
src/services/validation/discoverySchemas.ts(350,55): error TS18046: 'data' is of type 'unknown'.
src/services/validation/discoverySchemas.ts(354,7): error TS18046: 'data' is of type 'unknown'.
src/services/validation/discoverySchemas.ts(354,35): error TS18046: 'data' is of type 'unknown'.
src/services/validation/discoverySchemas.ts(354,51): error TS18046: 'data' is of type 'unknown'.
src/services/validation/discoverySchemas.ts(362,27): error TS2322: Type 'unknown' is not assignable to type 'DiscoveryFilters'.
src/services/validation/evidenceSchemas.ts(177,8): error TS18046: 'data' is of type 'unknown'.
src/services/validation/evidenceSchemas.ts(177,26): error TS18046: 'data' is of type 'unknown'.
src/services/validation/evidenceSchemas.ts(181,8): error TS18046: 'data' is of type 'unknown'.
src/services/validation/evidenceSchemas.ts(181,42): error TS18046: 'data' is of type 'unknown'.
src/services/validation/evidenceSchemas.ts(185,8): error TS18046: 'data' is of type 'unknown'.
src/services/validation/evidenceSchemas.ts(185,30): error TS18046: 'data' is of type 'unknown'.
src/services/validation/evidenceSchemas.ts(189,17): error TS18046: 'data' is of type 'unknown'.
src/services/validation/evidenceSchemas.ts(189,45): error TS18046: 'data' is of type 'unknown'.
src/services/validation/evidenceSchemas.ts(196,31): error TS18046: 'data' is of type 'unknown'.
src/services/validation/evidenceSchemas.ts(200,23): error TS18046: 'data' is of type 'unknown'.
src/services/validation/evidenceSchemas.ts(200,57): error TS18046: 'data' is of type 'unknown'.
src/services/validation/evidenceSchemas.ts(205,8): error TS18046: 'data' is of type 'unknown'.
src/services/validation/evidenceSchemas.ts(205,44): error TS18046: 'data' is of type 'unknown'.
src/services/validation/evidenceSchemas.ts(209,23): error TS18046: 'data' is of type 'unknown'.
src/services/validation/evidenceSchemas.ts(209,57): error TS18046: 'data' is of type 'unknown'.
src/services/validation/evidenceSchemas.ts(216,21): error TS18046: 'data' is of type 'unknown'.
src/services/validation/evidenceSchemas.ts(216,53): error TS18046: 'data' is of type 'unknown'.
src/services/validation/evidenceSchemas.ts(223,20): error TS18046: 'data' is of type 'unknown'.
src/services/validation/evidenceSchemas.ts(223,51): error TS18046: 'data' is of type 'unknown'.
src/services/validation/evidenceSchemas.ts(228,39): error TS18046: 'data' is of type 'unknown'.
src/services/validation/evidenceSchemas.ts(232,7): error TS18046: 'data' is of type 'unknown'.
src/services/validation/evidenceSchemas.ts(232,36): error TS18046: 'data' is of type 'unknown'.
src/services/validation/evidenceSchemas.ts(232,50): error TS18046: 'data' is of type 'unknown'.
src/services/validation/evidenceSchemas.ts(236,7): error TS18046: 'data' is of type 'unknown'.
src/services/validation/evidenceSchemas.ts(236,43): error TS18046: 'data' is of type 'unknown'.
src/services/validation/evidenceSchemas.ts(264,8): error TS18046: 'data' is of type 'unknown'.
src/services/validation/evidenceSchemas.ts(264,26): error TS18046: 'data' is of type 'unknown'.
src/services/validation/evidenceSchemas.ts(269,8): error TS18046: 'data' is of type 'unknown'.
src/services/validation/evidenceSchemas.ts(269,37): error TS18046: 'data' is of type 'unknown'.
src/services/validation/evidenceSchemas.ts(273,32): error TS18046: 'data' is of type 'unknown'.
src/services/validation/evidenceSchemas.ts(277,17): error TS18046: 'data' is of type 'unknown'.
src/services/validation/evidenceSchemas.ts(277,45): error TS18046: 'data' is of type 'unknown'.
src/services/validation/evidenceSchemas.ts(284,17): error TS18046: 'data' is of type 'unknown'.
src/services/validation/evidenceSchemas.ts(284,45): error TS18046: 'data' is of type 'unknown'.
src/services/validation/evidenceSchemas.ts(295,5): error TS2739: Type '{ actor: string; notes: string | undefined; }' is missing the following properties from type 'ChainOfCustodyEvent': id, date, action
src/services/validation/sanitizers/input-sanitizer.ts(108,7): error TS18046: 'sanitized' is of type 'unknown'.
src/services/validation/sanitizers/input-sanitizer.ts(110,7): error TS18046: 'sanitized' is of type 'unknown'.
src/services/workflow/WorkflowExecutionEngine.ts(347,23): error TS2345: Argument of type 'string | number | true | JsonObject | JsonArray' is not assignable to parameter of type 'number'.
  Type 'string' is not assignable to type 'number'.
src/services/workflow/WorkflowExecutionEngine.ts(431,23): error TS2345: Argument of type 'string | number | true | JsonObject | JsonArray' is not assignable to parameter of type 'number'.
  Type 'string' is not assignable to type 'number'.
src/services/workflow/WorkflowExecutionEngine.ts(637,7): error TS2322: Type 'string' is not assignable to type 'UserId'.
  Type 'string' is not assignable to type '{ readonly __brand: "UserId"; }'.
src/types.ts(11,1): error TS2308: Module './types/models' has already exported a member named 'ApprovalChain'. Consider explicitly re-exporting to resolve the ambiguity.
src/types.ts(11,1): error TS2308: Module './types/models' has already exported a member named 'SLAConfig'. Consider explicitly re-exporting to resolve the ambiguity.
src/types.ts(11,1): error TS2308: Module './types/models' has already exported a member named 'WebhookConfig'. Consider explicitly re-exporting to resolve the ambiguity.
src/types.ts(11,1): error TS2308: Module './types/models' has already exported a member named 'WorkflowAnalytics'. Consider explicitly re-exporting to resolve the ambiguity.
src/types.ts(22,1): error TS2308: Module './types/enums' has already exported a member named 'TrustAccountStatus'. Consider explicitly re-exporting to resolve the ambiguity.
src/types.ts(22,1): error TS2308: Module './types/models' has already exported a member named 'TrustSubLedger'. Consider explicitly re-exporting to resolve the ambiguity.
src/types.ts(22,1): error TS2308: Module './types/models' has already exported a member named 'TrustTransaction'. Consider explicitly re-exporting to resolve the ambiguity.
src/types/ai.ts(3,15): error TS2459: Module '"./legal-research"' declares 'SearchResult' locally, but it is not exported.
src/types/case.ts(39,3): error TS2300: Duplicate identifier 'magistrateJudge'.
src/types/case.ts(43,3): error TS2300: Duplicate identifier 'dateTerminated'.
src/types/case.ts(68,3): error TS2300: Duplicate identifier 'magistrateJudge'.
src/types/case.ts(74,3): error TS2300: Duplicate identifier 'dateTerminated'.
src/types/legal-research.ts(16,30): error TS2307: Cannot find module '@/services/api/search/search-api' or its corresponding type declarations.
src/types/misc.ts(257,34): error TS2344: Type 'unknown' does not satisfy the constraint 'ComponentType<any>'.
src/types/type-mappings.ts(43,3): error TS1117: An object literal cannot have multiple properties with the same name.
src/types/type-mappings.ts(79,3): error TS2322: Type '"General" | MatterType' is not assignable to type 'MatterType'.
  Type '"General"' is not assignable to type 'MatterType'.
src/types/type-mappings.ts(93,37): error TS2820: Type '"Litigation"' is not assignable to type 'MatterType'. Did you mean 'MatterType.LITIGATION'?
src/types/type-mappings.ts(93,51): error TS2322: Type '"M&A"' is not assignable to type 'MatterType'.
src/types/type-mappings.ts(93,58): error TS2322: Type '"IP"' is not assignable to type 'MatterType'.
src/types/type-mappings.ts(93,64): error TS2820: Type '"Real Estate"' is not assignable to type 'MatterType'. Did you mean 'MatterType.REAL_ESTATE'?
src/types/type-mappings.ts(93,79): error TS2322: Type '"General"' is not assignable to type 'MatterType'.
src/types/type-mappings.ts(93,90): error TS2322: Type '"Appeal"' is not assignable to type 'MatterType'.
src/types/workflow.ts(198,18): error TS2430: Interface 'TemplateDocument' incorrectly extends interface 'BaseEntity'.
  Types of property 'version' are incompatible.
    Type 'string | undefined' is not assignable to type 'number | undefined'.
      Type 'string' is not assignable to type 'number'.
src/utils/async.ts(124,19): error TS2345: Argument of type '(value: ReturnType<T> | PromiseLike<ReturnType<T>>) => void' is not assignable to parameter of type '(value: unknown) => void | PromiseLike<void>'.
  Types of parameters 'value' and 'value' are incompatible.
    Type 'unknown' is not assignable to type 'ReturnType<T> | PromiseLike<ReturnType<T>>'.
src/utils/async.ts(162,5): error TS2322: Type 'Promise<unknown>' is not assignable to type 'Promise<ReturnType<T>>'.
  Type 'unknown' is not assignable to type 'ReturnType<T>'.
src/utils/docketValidation.ts(103,13): error TS2339: Property 'actionType' does not exist on type 'object'.
src/utils/docketValidation.ts(103,39): error TS2339: Property 'actionType' does not exist on type 'object'.
src/utils/docketValidation.ts(109,20): error TS2339: Property 'actionType' does not exist on type 'object'.
src/utils/docketValidation.ts(118,13): error TS2339: Property 'actionVerb' does not exist on type 'object'.
src/utils/docketValidation.ts(118,39): error TS2339: Property 'actionVerb' does not exist on type 'object'.
src/utils/docketValidation.ts(124,20): error TS2339: Property 'actionVerb' does not exist on type 'object'.
src/utils/docketValidation.ts(133,12): error TS2339: Property 'documentTitle' does not exist on type 'object'.
src/utils/docketValidation.ts(133,55): error TS2339: Property 'documentTitle' does not exist on type 'object'.
src/utils/docketValidation.ts(141,12): error TS2339: Property 'filer' does not exist on type 'object'.
src/utils/docketValidation.ts(141,47): error TS2339: Property 'filer' does not exist on type 'object'.
src/utils/docketValidation.ts(149,12): error TS2339: Property 'additionalText' does not exist on type 'object'.
src/utils/docketValidation.ts(149,56): error TS2339: Property 'additionalText' does not exist on type 'object'.
src/utils/docketValidation.ts(158,13): error TS2339: Property 'filer' does not exist on type 'object'.
src/utils/EventEmitter.ts(114,36): error TS2345: Argument of type '(data: TEvents[K]) => void' is not assignable to parameter of type '(data: unknown) => void'.
  Types of parameters 'data' and 'data' are incompatible.
    Type 'unknown' is not assignable to type 'TEvents[K]'.
      'unknown' is assignable to the constraint of type 'TEvents[K]', but 'TEvents[K]' could be instantiated with a different subtype of constraint 'any'.
src/utils/EventEmitter.ts(119,31): error TS2345: Argument of type '(data: TEvents[K]) => void' is not assignable to parameter of type '(data: unknown) => void'.
  Types of parameters 'data' and 'data' are incompatible.
    Type 'unknown' is not assignable to type 'TEvents[K]'.
      'unknown' is assignable to the constraint of type 'TEvents[K]', but 'TEvents[K]' could be instantiated with a different subtype of constraint 'any'.
